BL51 BANKED LINKER/LOCATER V5.03                                                        01/30/2013  19:55:46  PAGE 1


BL51 BANKED LINKER/LOCATER V5.03, INVOKED BY:
C:\KEIL\C51\BIN\BL51.EXE BANK1 {.\obj\main.obj}, BANK1 {.\obj\patch_info.obj}, BANK1 {.\obj\ee_process.obj}, BANK0 {.\ob
>> j\firmware_rev.obj}, COMMON {.\obj\L51_BANK.obj}, COMMON {.\obj\STARTUP.obj}, BANK1 {.\obj\ee_default.obj}, BANK1 {.\
>> obj\dma.obj}, BANK1 {.\obj\eeprom.obj}, BANK1 {.\obj\serial.obj}, BANK1 {.\obj\MACdriver.obj}, BANK1 {.\obj\timer.obj
>> }, BANK1 {.\obj\uart.obj}, BANK1 {.\obj\MDC_MDIO.obj}, BANK1 {.\obj\os_cbk.obj}, BANK1 {.\obj\vtag.obj}, BANK1 {.\obj
>> \fs16.obj}, BANK0 {.\obj\htmfiles0.obj}, BANK1 {.\obj\htmfiles1.obj}, BANK2 {.\obj\htmfiles2.obj}, BANK3 {.\obj\htmfi
>> les3.obj}, BANK4 {.\obj\htmfiles4.obj}, BANK5 {.\obj\htmfiles5.obj}, BANK6 {.\obj\htmfiles6.obj}, BANK7 {.\obj\htmfil
>> es7.obj}, BANK8 {.\obj\htmfiles8.obj}, BANK9 {.\obj\htmfiles9.obj}, BANK10 {.\obj\htmfiles10.obj}, BANK11 {.\obj\htmf
>> iles11.obj}, BANK12 {.\obj\htmfiles12.obj}, BANK13 {.\obj\htmfiles13.obj}, BANK14 {.\obj\htmfiles14.obj}, BANK15 {.\o
>> bj\htmfiles15.obj}, BANK1 {.\obj\uip.obj}, BANK6 {.\obj\uip_arp.obj}, BANK1 {.\obj\muip.obj}, BANK1 {.\obj\cgi.obj}, 
>> BANK1 {.\obj\cgiutil.obj}, BANK1 {.\obj\challenge.obj}, BANK1 {.\obj\cookie.obj}, BANK1 {.\obj\httpd.obj}, BANK1 {.\o
>> bj\application.obj}, BANK1 {.\obj\httpd_app.obj}, BANK5 {.\obj\checksum.obj}, BANK1 {.\obj\loginCbk.obj}, BANK1 {.\ob
>> j\errormsgCbk.obj}, BANK2 {.\obj\uartCbk.obj}, BANK2 {.\obj\telnetCbk.obj}, BANK5 {.\obj\setDefCbk.obj}, BANK1 {.\obj
>> \setIPCbk.obj}, BANK1 {.\obj\setPASSCbk.obj}, BANK1 {.\obj\statusCbk.obj}, BANK1 {.\obj\smtpCbk.obj}, BANK1 {.\obj\fw
>> _upCbk.obj}, BANK5 {.\obj\adcCbk.obj}, BANK5 {.\obj\udp_telCbk.obj}, BANK1 {.\obj\didoCbk.obj}, BANK6 {.\obj\CommandL
>> ine.obj}, BANK1 {.\obj\utility.obj}, BANK2 {.\obj\udp.obj}, BANK2 {.\obj\dhcpc.obj}, BANK2 {.\obj\gpio.obj}, BANK2 {.
>> \obj\dns.obj}, BANK2 {.\obj\wdg.obj}, BANK2 {.\obj\netuart_ctrl.obj}, BANK5 {.\obj\dido.obj}, BANK2 {F:\122_WorkingOn
>> _090619\130128a_三旺_fullsource\3Onedata_Net-UART144.3\Project\WebCtrl_flash_1M\LIB\NETUART.LIB}, BANK2 {F:\122_Worki
>> ngOn_090619\130128a_三旺_fullsource\3Onedata_Net-UART144.3\Project\WebCtrl_flash_1M\LIB\TELNET.LIB}, BANK2 {F:\122_Wo
>> rkingOn_090619\130128a_三旺_fullsource\3Onedata_Net-UART144.3\Project\WebCtrl_flash_1M\LIB\UDP_TEL.LIB}, BANK5 {.\obj
>> \net_cmd.obj}, BANK2 {.\obj\smtp.obj}, BANK2 {.\obj\base64.obj}, BANK2 {.\obj\cram_md5.obj}, BANK2 {.\obj\snmp_trap.o
>> bj} TO .\obj\NetUART BANKAREA (0X5000, 0XFF00) PRINT (.\NetUART.m51) RAMSIZE (256) NOOVERLAY, BANK0 (?CO?HTMFILES0 (0
>> X5000), ?CO?FIRMWARE_REV (0X6000)) BANK1 (?CO?HTMFILES1 (0X5000)) BANK2 (?CO?HTMFILES2 (0X5000)) BANK3 (?CO?HTMFILES3
>>  (0X5000)) BANK4 (?CO?HTMFILES4 (0X5000)) BANK5 (?CO?HTMFILES5 (0X5000)) BANK6 (?CO?HTMFILES6 (0X5000)) BANK7 (?CO?HT
>> MFILES7 (0X5000)) BANK8 (?CO?HTMFILES8 (0X5000)) BANK9 (?CO?HTMFILES9 (0X5000)) BANK10 (?CO?HTMFILES10 (0X5000)) BANK
>> 11 (?CO?HTMFILES11 (0X5000)) BANK12 (?CO?HTMFILES12 (0X5000)) BANK13 (?CO?HTMFILES13 (0X5000)) BANK14 (?CO?HTMFILES14
>>  (0X5000)) BANK15 (?CO?HTMFILES15 (0X5000)) CODE (0X0000-0X4FFF) XDATA (0X0000-0X3AFF)


MEMORY MODEL: LARGE


INPUT MODULES INCLUDED:
  .\obj\main.obj (MAIN)
  .\obj\patch_info.obj (PATCH_INFO)
  .\obj\ee_process.obj (EE_PROCESS)
  .\obj\firmware_rev.obj (FIRMWARE_REV)
  .\obj\L51_BANK.obj (?BANK?SWITCHING)
  .\obj\STARTUP.obj (?C_STARTUP)
  .\obj\ee_default.obj (EE_DEFAULT)
  .\obj\dma.obj (DMA)
  .\obj\eeprom.obj (EEPROM)
  .\obj\serial.obj (SERIAL)
  .\obj\MACdriver.obj (MACDRIVER)
  .\obj\timer.obj (TIMER)
  .\obj\uart.obj (UART)
  .\obj\MDC_MDIO.obj (MDC_MDIO)
  .\obj\os_cbk.obj (OS_CBK)
  .\obj\vtag.obj (VTAG)
  .\obj\fs16.obj (FS16)
  .\obj\htmfiles0.obj (HTMFILES0)
  .\obj\htmfiles1.obj (HTMFILES1)
  .\obj\htmfiles2.obj (HTMFILES2)
  .\obj\htmfiles3.obj (HTMFILES3)
  .\obj\htmfiles4.obj (HTMFILES4)
  .\obj\htmfiles5.obj (HTMFILES5)
  .\obj\htmfiles6.obj (HTMFILES6)
  .\obj\htmfiles7.obj (HTMFILES7)
BL51 BANKED LINKER/LOCATER V5.03                                                      01/30/2013  19:55:46  PAGE 2


  .\obj\htmfiles8.obj (HTMFILES8)
  .\obj\htmfiles9.obj (HTMFILES9)
  .\obj\htmfiles10.obj (HTMFILES10)
  .\obj\htmfiles11.obj (HTMFILES11)
  .\obj\htmfiles12.obj (HTMFILES12)
  .\obj\htmfiles13.obj (HTMFILES13)
  .\obj\htmfiles14.obj (HTMFILES14)
  .\obj\htmfiles15.obj (HTMFILES15)
  .\obj\uip.obj (UIP)
  .\obj\uip_arp.obj (UIP_ARP)
  .\obj\muip.obj (MUIP)
  .\obj\cgi.obj (CGI)
  .\obj\cgiutil.obj (CGIUTIL)
  .\obj\challenge.obj (CHALLENGE)
  .\obj\cookie.obj (COOKIE)
  .\obj\httpd.obj (HTTPD)
  .\obj\application.obj (APPLICATION)
  .\obj\httpd_app.obj (HTTPD_APP)
  .\obj\checksum.obj (CHECKSUM)
  .\obj\loginCbk.obj (LOGINCBK)
  .\obj\errormsgCbk.obj (ERRORMSGCBK)
  .\obj\uartCbk.obj (UARTCBK)
  .\obj\telnetCbk.obj (TELNETCBK)
  .\obj\setDefCbk.obj (SETDEFCBK)
  .\obj\setIPCbk.obj (SETIPCBK)
  .\obj\setPASSCbk.obj (SETPASSCBK)
  .\obj\statusCbk.obj (STATUSCBK)
  .\obj\smtpCbk.obj (SMTPCBK)
  .\obj\fw_upCbk.obj (FW_UPCBK)
  .\obj\adcCbk.obj (ADCCBK)
  .\obj\udp_telCbk.obj (UDP_TELCBK)
  .\obj\didoCbk.obj (DIDOCBK)
  .\obj\CommandLine.obj (COMMANDLINE)
  .\obj\utility.obj (UTILITY)
  .\obj\udp.obj (UDP)
  .\obj\dhcpc.obj (DHCPC)
  .\obj\gpio.obj (GPIO)
  .\obj\dns.obj (DNS)
  .\obj\wdg.obj (WDG)
  .\obj\netuart_ctrl.obj (NETUART_CTRL)
  .\obj\dido.obj (DIDO)
  F:\122_WorkingOn_090619\130128a_三旺_fullsource\3Onedata_Net-UART144.3\Project\WebCtrl_flash_1M\LIB\NETUART.LIB (NET_U
>> ART)
  F:\122_WorkingOn_090619\130128a_三旺_fullsource\3Onedata_Net-UART144.3\Project\WebCtrl_flash_1M\LIB\TELNET.LIB (TELNET
>> )
  F:\122_WorkingOn_090619\130128a_三旺_fullsource\3Onedata_Net-UART144.3\Project\WebCtrl_flash_1M\LIB\UDP_TEL.LIB (UDP_T
>> EL)
  .\obj\net_cmd.obj (NET_CMD)
  .\obj\smtp.obj (SMTP)
  .\obj\base64.obj (BASE64)
  .\obj\cram_md5.obj (CRAM_MD5)
  .\obj\snmp_trap.obj (SNMP_TRAP)
  C:\KEIL\C51\LIB\C51L.LIB (?C_INIT)
  C:\KEIL\C51\LIB\C51L.LIB (?C?COPY)
  C:\KEIL\C51\LIB\C51L.LIB (?C?CLDPTR)
  C:\KEIL\C51\LIB\C51L.LIB (?C?CLDOPTR)
  C:\KEIL\C51\LIB\C51L.LIB (?C?CLDIOPTR)
BL51 BANKED LINKER/LOCATER V5.03                                                      01/30/2013  19:55:46  PAGE 3


  C:\KEIL\C51\LIB\C51L.LIB (?C?CILDPTR)
  C:\KEIL\C51\LIB\C51L.LIB (?C?CILDOPTR)
  C:\KEIL\C51\LIB\C51L.LIB (?C?CSTPTR)
  C:\KEIL\C51\LIB\C51L.LIB (?C?CSTOPTR)
  C:\KEIL\C51\LIB\C51L.LIB (?C?IMUL)
  C:\KEIL\C51\LIB\C51L.LIB (?C?UIDIV)
  C:\KEIL\C51\LIB\C51L.LIB (?C?SIDIV)
  C:\KEIL\C51\LIB\C51L.LIB (?C?IILDX)
  C:\KEIL\C51\LIB\C51L.LIB (?C?ILDIX)
  C:\KEIL\C51\LIB\C51L.LIB (?C?ILDPTR)
  C:\KEIL\C51\LIB\C51L.LIB (?C?ILDOPTR)
  C:\KEIL\C51\LIB\C51L.LIB (?C?IILDPTR)
  C:\KEIL\C51\LIB\C51L.LIB (?C?IILDOPTR)
  C:\KEIL\C51\LIB\C51L.LIB (?C?ISTPTR)
  C:\KEIL\C51\LIB\C51L.LIB (?C?ISTOPTR)
  C:\KEIL\C51\LIB\C51L.LIB (?C?LMUL)
  C:\KEIL\C51\LIB\C51L.LIB (?C?ULDIV)
  C:\KEIL\C51\LIB\C51L.LIB (?C?LNOT)
  C:\KEIL\C51\LIB\C51L.LIB (?C?SLCMP)
  C:\KEIL\C51\LIB\C51L.LIB (?C?ULCMP)
  C:\KEIL\C51\LIB\C51L.LIB (?C?ULSHR)
  C:\KEIL\C51\LIB\C51L.LIB (?C?LSHL)
  C:\KEIL\C51\LIB\C51L.LIB (?C?LLDPTR)
  C:\KEIL\C51\LIB\C51L.LIB (?C?LLDOPTR)
  C:\KEIL\C51\LIB\C51L.LIB (?C?LSTPTR)
  C:\KEIL\C51\LIB\C51L.LIB (?C?LSTOPTR)
  C:\KEIL\C51\LIB\C51L.LIB (?C?LLDPTR0)
  C:\KEIL\C51\LIB\C51L.LIB (?C?LLDIXDATA)
  C:\KEIL\C51\LIB\C51L.LIB (?C?LSTXDATA)
  C:\KEIL\C51\LIB\C51L.LIB (?C?LSTKXDATA)
  C:\KEIL\C51\LIB\C51L.LIB (?C?LSTKOPTR)
  C:\KEIL\C51\LIB\C51L.LIB (?C?OFFX256)
  C:\KEIL\C51\LIB\C51L.LIB (?C?OFFXADD)
  C:\KEIL\C51\LIB\C51L.LIB (?C?PLDPTR)
  C:\KEIL\C51\LIB\C51L.LIB (?C?PSTPTR)
  C:\KEIL\C51\LIB\C51L.LIB (?C?PLDOPTR)
  C:\KEIL\C51\LIB\C51L.LIB (?C?PSTOPTR)
  C:\KEIL\C51\LIB\C51L.LIB (?C?CCASE)
  C:\KEIL\C51\LIB\C51L.LIB (?C?ICASE)
  C:\KEIL\C51\LIB\C51L.LIB (?C?ICALL)
  C:\KEIL\C51\LIB\C51L.LIB (PRINTF)
  C:\KEIL\C51\LIB\C51L.LIB (RAND)
  C:\KEIL\C51\LIB\C51L.LIB (SCANF)
  C:\KEIL\C51\LIB\C51L.LIB (STRCAT)
  C:\KEIL\C51\LIB\C51L.LIB (?C?STRCMP)
  C:\KEIL\C51\LIB\C51L.LIB (STRNCMP)
  C:\KEIL\C51\LIB\C51L.LIB (?C?STRCPY)
  C:\KEIL\C51\LIB\C51L.LIB (STRLEN)
  C:\KEIL\C51\LIB\C51L.LIB (STRCHR)
  C:\KEIL\C51\LIB\C51L.LIB (STRCSPN)
  C:\KEIL\C51\LIB\C51L.LIB (ATOL)
  C:\KEIL\C51\LIB\C51L.LIB (ATOI)
  C:\KEIL\C51\LIB\C51L.LIB (?C?MEMCMP)
  C:\KEIL\C51\LIB\C51L.LIB (?C?MEMSET)
  C:\KEIL\C51\LIB\C51L.LIB (?C?LNEG)
  C:\KEIL\C51\LIB\C51L.LIB (?C?LLDIDATA)
  C:\KEIL\C51\LIB\C51L.LIB (?C?LLDXDATA)
BL51 BANKED LINKER/LOCATER V5.03                                                      01/30/2013  19:55:46  PAGE 4


  C:\KEIL\C51\LIB\C51L.LIB (?C?LLDPDATA)
  C:\KEIL\C51\LIB\C51L.LIB (?C?LLDCODE)
  C:\KEIL\C51\LIB\C51L.LIB (?C?LLDIDATA0)
  C:\KEIL\C51\LIB\C51L.LIB (?C?LLDXDATA0)
  C:\KEIL\C51\LIB\C51L.LIB (?C?LLDPDATA0)
  C:\KEIL\C51\LIB\C51L.LIB (?C?LLDCODE0)
  C:\KEIL\C51\LIB\C51L.LIB (?C?LSTIDATA)
  C:\KEIL\C51\LIB\C51L.LIB (?C?LSTPDATA)
  C:\KEIL\C51\LIB\C51L.LIB (?C?LSTKIDATA)
  C:\KEIL\C51\LIB\C51L.LIB (?C?LSTKPDATA)
  C:\KEIL\C51\LIB\C51L.LIB (?C?PLDIDATA)
  C:\KEIL\C51\LIB\C51L.LIB (?C?PSTIDATA)
  C:\KEIL\C51\LIB\C51L.LIB (?C?PLDXDATA)
  C:\KEIL\C51\LIB\C51L.LIB (?C?PLDIXDATA)
  C:\KEIL\C51\LIB\C51L.LIB (?C?PILDXDATA)
  C:\KEIL\C51\LIB\C51L.LIB (?C?PSTXDATA)
  C:\KEIL\C51\LIB\C51L.LIB (?C?PLDPDATA)
  C:\KEIL\C51\LIB\C51L.LIB (?C?PSTPDATA)
  C:\KEIL\C51\LIB\C51L.LIB (?C?PLDCODE)
  C:\KEIL\C51\LIB\C51L.LIB (PUTCHAR)
  C:\KEIL\C51\LIB\C51L.LIB (GETCHAR)
  C:\KEIL\C51\LIB\C51L.LIB (UNGETC)
  C:\KEIL\C51\LIB\C51L.LIB (ISDIGIT)
  C:\KEIL\C51\LIB\C51L.LIB (ISSPACE)
  C:\KEIL\C51\LIB\C51L.LIB (_GETKEY)


LINK MAP OF MODULE:  .\obj\NetUART (MAIN)


            TYPE    BASE      LENGTH    RELOCATION   SEGMENT NAME
            -----------------------------------------------------

            * * * * * * *   D A T A   M E M O R Y   * * * * * * *
            REG     0000H     0008H     ABSOLUTE     "REG BANK 0"
            DATA    0008H     0018H     ABSOLUTE     
            BIT     0020H.0   0005H.0   ABSOLUTE     
            BIT     0025H.0   0001H.1   UNIT         ?BI?PRINTF?PRINTF
            BIT     0026H.1   0000H.6   UNIT         ?BI?SCANF?SCANF
            BIT     0026H.7   0000H.1   UNIT         ?BI?_ATOL?ATOL
            BIT     0027H.0   0000H.1   UNIT         ?BI?_ATOI?ATOI
            BIT     0027H.1   0000H.1   UNIT         ?BI?GETCHAR
                    0027H.2   0000H.6                *** GAP ***
            DATA    0028H     0005H     UNIT         ?DT?PRINTF?PRINTF
            DATA    002DH     0001H     UNIT         ?BANK?DATA
                    002EH     0002H                  *** GAP ***
            DATA    0030H     0030H     ABSOLUTE     
            DATA    0060H     0005H     UNIT         ?DT?SCANF?SCANF
            IDATA   0065H     0001H     UNIT         ?STACK

            * * * * * * *  X D A T A   M E M O R Y  * * * * * * *
            XDATA   0000H     0D7FH     UNIT         ?XD?HTTPD
            XDATA   0D7FH     0A7FH     UNIT         ?XD?UIP
            XDATA   17FEH     0720H     UNIT         ?XD?EE_PROCESS
            XDATA   1F1EH     0608H     UNIT         ?XD?MUIP
            XDATA   2526H     01FBH     UNIT         ?XD?HTMFILES3
            XDATA   2721H     0188H     UNIT         ?XD?BASE64
BL51 BANKED LINKER/LOCATER V5.03                                                      01/30/2013  19:55:46  PAGE 5


            XDATA   28A9H     0155H     UNIT         ?XD?SMTP
            XDATA   29FEH     0100H     UNIT         ?XD?UIP_ARP
            XDATA   2AFEH     00D7H     UNIT         ?XD?NET_CMD
            XDATA   2BD5H     00A8H     UNIT         ?XD?TELNET
            XDATA   2C7DH     00A5H     UNIT         ?XD?UART
            XDATA   2D22H     0098H     UNIT         ?XD?FS16
            XDATA   2DBAH     0092H     UNIT         ?XD?NET_UART
            XDATA   2E4CH     007DH     UNIT         ?XD?COM_PORT_OPTION?NET_UART
            XDATA   2EC9H     0073H     UNIT         ?XD?_CGI_SMTP?SMTPCBK
            XDATA   2F3CH     0073H     UNIT         ?XD?CRAM_MD5
            XDATA   2FAFH     0067H     UNIT         ?XD?_SSI_SMTP?SMTPCBK
            XDATA   3016H     0067H     UNIT         ?XD?_SMTP_SEND_AUTH_ID_PW?SMTP
            XDATA   307DH     005CH     UNIT         ?XD?SMTP_SEND_MAILBODY?SMTP
            XDATA   30D9H     005AH     UNIT         ?XD?UDP_TEL
            XDATA   3133H     004BH     UNIT         ?XD?COMMAND_SETTING?COMMANDLINE
            XDATA   317EH     0049H     UNIT         ?XD?COMMANDLINE
            XDATA   31C7H     003DH     UNIT         ?XD?NETCMD?NET_CMD
            XDATA   3204H     0033H     UNIT         ?XD?_CGI_LOGIN?LOGINCBK
            XDATA   3237H     0030H     UNIT         ?XD?DIDO_DATA_CONFIG?DIDO
            XDATA   3267H     002EH     UNIT         ?XD?SCANF?SCANF
            XDATA   3295H     0029H     UNIT         ?XD?APPLICATION
            XDATA   32BEH     0029H     UNIT         ?XD?_SSI_UDP_TEL?UDP_TELCBK
            XDATA   32E7H     0029H     UNIT         ?XD?DHCPC
            XDATA   3310H     0028H     UNIT         ?XD?PRINTF?PRINTF
            XDATA   3338H     0024H     UNIT         ?XD?_SSI_SETPASS?SETPASSCBK
            XDATA   335CH     0024H     UNIT         ?XD?_DNS_QUERY?DNS
            XDATA   3380H     001DH     UNIT         ?XD?DHCPCSENDDISCOVER?DHCPC
            XDATA   339DH     001BH     UNIT         ?XD?_DHCPCSENDREQUEST?DHCPC
            XDATA   33B8H     001AH     UNIT         ?XD?COMMAND_INFO?COMMANDLINE
            XDATA   33D2H     001AH     UNIT         ?XD?ONLOGINACCOUNT?NET_CMD
            XDATA   33ECH     0019H     UNIT         ?XD?UDP
            XDATA   3405H     0017H     UNIT         ?XD?DIDO
            XDATA   341CH     0016H     UNIT         ?XD?_VLAN_TAG_PKT?VTAG
            XDATA   3432H     0016H     UNIT         ?XD?_SSI_STATUS?STATUSCBK
            XDATA   3448H     0012H     UNIT         ?XD?COMMAND_TYPE?COMMANDLINE
            XDATA   345AH     0011H     UNIT         ?XD?HTTP_SERVER?HTTPD
            XDATA   346BH     0010H     UNIT         ?XD?_ETHERNETSEND?MACDRIVER
            XDATA   347BH     0010H     UNIT         ?XD?LOGINCBK
            XDATA   348BH     0010H     UNIT         ?XD?NUC_PROCESS_CMD?NETUART_CTRL
            XDATA   349BH     000FH     UNIT         ?XD?KBHIT_EE_LOAD_DEFAULT?MAIN
            XDATA   34AAH     000FH     UNIT         ?XD?_CGISTRCPY?SMTPCBK
            XDATA   34B9H     000FH     UNIT         ?XD?_NUC_SEND?NETUART_CTRL
            XDATA   34C8H     000EH     UNIT         ?XD?UARTCBK
            XDATA   34D6H     000EH     UNIT         ?XD?_CGI_UDP_TEL?UDP_TELCBK
            XDATA   34E4H     000EH     UNIT         ?XD?_CGI_DIDO?DIDOCBK
            XDATA   34F2H     000EH     UNIT         ?XD?_HEX_2_ASC?COMMANDLINE
            XDATA   3500H     000EH     UNIT         ?XD?DIDO_TCP_RX_FUN?DIDO
            XDATA   350EH     000DH     UNIT         ?XD?_ETHERNETRECEIVE?MACDRIVER
            XDATA   351BH     000DH     UNIT         ?XD?_STRFIND?HTTPD_APP
            XDATA   3528H     000DH     UNIT         ?XD?_CRC?NET_CMD
            XDATA   3535H     000CH     UNIT         ?XD?_SAVEMODULEINFO2EEPROM?EE_PROCESS
            XDATA   3541H     000CH     UNIT         ?XD?HTTPD_HEADER_INIT?HTTPD_APP
            XDATA   354DH     000CH     UNIT         ?XD?RE_RORN?COMMANDLINE
            XDATA   3559H     000CH     UNIT         ?XD?CRC_OPERATION?NET_CMD
            XDATA   3565H     000CH     UNIT         ?XD?MPPROCESS?NET_CMD
            XDATA   3571H     000CH     UNIT         ?XD?_B64DEC?BASE64
            XDATA   357DH     000CH     UNIT         ?XD?_CRAM_MD5?CRAM_MD5
BL51 BANKED LINKER/LOCATER V5.03                                                      01/30/2013  19:55:46  PAGE 6


            XDATA   3589H     000BH     UNIT         ?XD?MACDRIVER
            XDATA   3594H     000BH     UNIT         ?XD?_UIP_CONNECT?UIP
            XDATA   359FH     000BH     UNIT         ?XD?_CGI_SETIP?SETIPCBK
            XDATA   35AAH     000BH     UNIT         ?XD?_SSI_DIDO?DIDOCBK
            XDATA   35B5H     000BH     UNIT         ?XD?DNS_UDP_RECEIVE?DNS
            XDATA   35C0H     000BH     UNIT         ?XD?_SENDUARTRX2ETH?TELNET
            XDATA   35CBH     000AH     UNIT         ?XD?WITH_TAG_PAGE?CGIUTIL
            XDATA   35D5H     000AH     UNIT         ?XD?_SSI_SETIP?SETIPCBK
            XDATA   35DFH     000AH     UNIT         ?XD?_CGI_ADC?ADCCBK
            XDATA   35E9H     000AH     UNIT         ?XD?_B64ENC?BASE64
            XDATA   35F3H     0009H     UNIT         ?XD?_IP210_DMA?DMA
            XDATA   35FCH     0009H     UNIT         ?XD?OS_CBK
            XDATA   3605H     0009H     UNIT         ?XD?_FS_OPEN?FS16
            XDATA   360EH     0009H     UNIT         ?XD?_UIP_ARP_UPDATE?UIP_ARP
            XDATA   3617H     0009H     UNIT         ?XD?_STOUI?CGIUTIL
            XDATA   3620H     0009H     UNIT         ?XD?CHALLENGE
            XDATA   3629H     0009H     UNIT         ?XD?COOKIE
            XDATA   3632H     0009H     UNIT         ?XD?_REPLACEDOUBLEQUOTES?SMTPCBK
            XDATA   363BH     0009H     UNIT         ?XD?_UDP_INIT?UDP
            XDATA   3644H     0009H     UNIT         ?XD?DNS
            XDATA   364DH     0009H     UNIT         ?XD?RESENDUARTRX2ETH?TELNET
            XDATA   3656H     0009H     UNIT         ?XD?_SET_BIT?UDP_TEL
            XDATA   365FH     0009H     UNIT         ?XD?_STRCAT?STRCAT
            XDATA   3668H     0009H     UNIT         ?XD?_STRCSPN?STRCSPN
            XDATA   3671H     0008H     UNIT         ?XD?EEPROMLOADDEFAULT?EE_PROCESS
            XDATA   3679H     0008H     UNIT         ?XD?TIMER
            XDATA   3681H     0008H     UNIT         ?XD?FU_CHECK?HTMFILES0
            XDATA   3689H     0008H     UNIT         ?XD?_UITOS?CGIUTIL
            XDATA   3691H     0008H     UNIT         ?XD?HTTPD_PARSE_COOKIE?COOKIE
            XDATA   3699H     0008H     UNIT         ?XD?_CGI_RESET?ERRORMSGCBK
            XDATA   36A1H     0008H     UNIT         ?XD?_CGI_UART?UARTCBK
            XDATA   36A9H     0008H     UNIT         ?XD?_CGI_TELNET?TELNETCBK
            XDATA   36B1H     0008H     UNIT         ?XD?TELNETD?TELNET
            XDATA   36B9H     0008H     UNIT         ?XD?CLEARUARTRXBUF?TELNET
            XDATA   36C1H     0008H     UNIT         ?XD?CLEARUARTRXBUF_PARITYERROR?TELNET
            XDATA   36C9H     0008H     UNIT         ?XD?GENCONNID?NET_CMD
            XDATA   36D1H     0008H     UNIT         ?XD?_SENDLOGINRESULT?NET_CMD
            XDATA   36D9H     0008H     UNIT         ?XD?_STRCAT_MAIL_TO?SMTP
            XDATA   36E1H     0008H     UNIT         ?XD?_B64ENCODE?BASE64
            XDATA   36E9H     0008H     UNIT         ?XD?_B64DECODE?BASE64
            XDATA   36F1H     0008H     UNIT         ?XD?_STRNCMP?STRNCMP
            XDATA   36F9H     0007H     UNIT         ?XD?_CATNETWORKCONFIGMSG?MAIN
            XDATA   3700H     0007H     UNIT         ?XD?_CHECK_PACKET_TYPE?MACDRIVER
            XDATA   3707H     0007H     UNIT         ?XD?_ETHERNETRECEIVELOOKAHEAD?MACDRIVER
            XDATA   370EH     0007H     UNIT         ?XD?APPLICATION?APPLICATION
            XDATA   3715H     0007H     UNIT         ?XD?_CGI_SETPASS?SETPASSCBK
            XDATA   371CH     0007H     UNIT         ?XD?_ASC_TO_HEX?UTILITY
            XDATA   3723H     0007H     UNIT         ?XD?CHECK_RFC2217_SIGNAL?NET_UART
            XDATA   372AH     0007H     UNIT         ?XD?_UDP_TEL_GETIP?UDP_TEL
            XDATA   3731H     0007H     UNIT         ?XD?_MODIFYMAIL?SMTP
            XDATA   3738H     0007H     UNIT         ?XD?_ATOL?ATOL
            XDATA   373FH     0006H     UNIT         ?XD?_FS_OPEN00?HTMFILES0
            XDATA   3745H     0006H     UNIT         ?XD?_FS_OPEN01?HTMFILES1
            XDATA   374BH     0006H     UNIT         ?XD?_FS_OPEN02?HTMFILES2
            XDATA   3751H     0006H     UNIT         ?XD?_FS_OPEN03?HTMFILES3
            XDATA   3757H     0006H     UNIT         ?XD?_FS_OPEN04?HTMFILES4
            XDATA   375DH     0006H     UNIT         ?XD?_FS_OPEN05?HTMFILES5
BL51 BANKED LINKER/LOCATER V5.03                                                      01/30/2013  19:55:46  PAGE 7


            XDATA   3763H     0006H     UNIT         ?XD?_FS_OPEN06?HTMFILES6
            XDATA   3769H     0006H     UNIT         ?XD?_FS_OPEN07?HTMFILES7
            XDATA   376FH     0006H     UNIT         ?XD?_FS_OPEN08?HTMFILES8
            XDATA   3775H     0006H     UNIT         ?XD?_FS_OPEN09?HTMFILES9
            XDATA   377BH     0006H     UNIT         ?XD?_FS_OPEN10?HTMFILES10
            XDATA   3781H     0006H     UNIT         ?XD?_FS_OPEN11?HTMFILES11
            XDATA   3787H     0006H     UNIT         ?XD?_FS_OPEN12?HTMFILES12
            XDATA   378DH     0006H     UNIT         ?XD?_FS_OPEN13?HTMFILES13
            XDATA   3793H     0006H     UNIT         ?XD?_FS_OPEN14?HTMFILES14
            XDATA   3799H     0006H     UNIT         ?XD?_FS_OPEN15?HTMFILES15
            XDATA   379FH     0006H     UNIT         ?XD?MUIP_SEND?MUIP
            XDATA   37A5H     0006H     UNIT         ?XD?CGIUTIL
            XDATA   37ABH     0006H     UNIT         ?XD?_FINDCOOKIE?HTTPD_APP
            XDATA   37B1H     0006H     UNIT         ?XD?_SSI_LOGIN?LOGINCBK
            XDATA   37B7H     0006H     UNIT         ?XD?_CGI_STATUS?STATUSCBK
            XDATA   37BDH     0006H     UNIT         ?XD?DHCPCCHECKINFO?DHCPC
            XDATA   37C3H     0006H     UNIT         ?XD?UDP_TEL_UPDATA_IP_AVAL?UDP_TEL
            XDATA   37C9H     0006H     UNIT         ?XD?UDP_TEL_RX?UDP_TEL
            XDATA   37CFH     0006H     UNIT         ?XD?SEARCHEMPTYCONNTABLE?NET_CMD
            XDATA   37D5H     0006H     UNIT         ?XD?EEP_READ_REQ?NET_CMD
            XDATA   37DBH     0006H     UNIT         ?XD?EEP_WRITE_REQ?NET_CMD
            XDATA   37E1H     0006H     UNIT         ?XD?UDP_NET_CMD?NET_CMD
            XDATA   37E7H     0006H     UNIT         ?XD?_CRAM_MD5_ENCODE?CRAM_MD5
            XDATA   37EDH     0006H     UNIT         ?XD?_CRAM_MD5_DECODE?CRAM_MD5
            XDATA   37F3H     0005H     UNIT         ?XD?LOADEEPROM2MODULEINFO?EE_PROCESS
            XDATA   37F8H     0005H     UNIT         ?XD?LOADEEPROM2EECONFIG?EE_PROCESS
            XDATA   37FDH     0005H     UNIT         ?XD?_UART_TRANSMIT_MULTI?UART
            XDATA   3802H     0005H     UNIT         ?XD?VTAG
            XDATA   3807H     0005H     UNIT         ?XD?NETUART_CTRL
            XDATA   380CH     0005H     UNIT         ?XD?TELNET_CONNECT?TELNET
            XDATA   3811H     0005H     UNIT         ?XD?UDP_TEL_SEND_ONE_PKT?UDP_TEL
            XDATA   3816H     0005H     UNIT         ?XD?UDP_GET_DNS?UDP_TEL
            XDATA   381BH     0005H     UNIT         ?XD?_ATOI?ATOI
            XDATA   3820H     0004H     UNIT         ?XD?_UIP_PROCESS?UIP
            XDATA   3824H     0004H     UNIT         ?XD?FIBER_COVER2?APPLICATION
            XDATA   3828H     0004H     UNIT         ?XD?UIP_UDPCHKSUM?CHECKSUM
            XDATA   382CH     0004H     UNIT         ?XD?UIP_TCPCHKSUM?CHECKSUM
            XDATA   3830H     0004H     UNIT         ?XD?_SSI_UART?UARTCBK
            XDATA   3834H     0004H     UNIT         ?XD?_CGI_SETDEF?SETDEFCBK
            XDATA   3838H     0004H     UNIT         ?XD?_CGI_FW_UP?FW_UPCBK
            XDATA   383CH     0004H     UNIT         ?XD?_CGI_FU_UP?FW_UPCBK
            XDATA   3840H     0004H     UNIT         ?XD?_DHCPCFOUNDTAG?DHCPC
            XDATA   3844H     0004H     UNIT         ?XD?_DNS_RESULT?DNS
            XDATA   3848H     0004H     UNIT         ?XD?WRITEETHRX2UART?TELNET
            XDATA   384CH     0004H     UNIT         ?XD?RESENDUARTRX2UART?TELNET
            XDATA   3850H     0004H     UNIT         ?XD?ONCHANNELREQUEST?NET_CMD
            XDATA   3854H     0004H     UNIT         ?XD?SMTP?SMTP
            XDATA   3858H     0004H     UNIT         ?XD?RAND?RAND
            XDATA   385CH     0003H     UNIT         ?XD?MAIN
            XDATA   385FH     0003H     UNIT         ?XD?_SETUP_BLUPGRADE?EE_PROCESS
            XDATA   3862H     0003H     UNIT         ?XD?_EEPROM_READ_BYTE?EEPROM
            XDATA   3865H     0003H     UNIT         ?XD?_ETHERNETSEND2?MACDRIVER
            XDATA   3868H     0003H     UNIT         ?XD?_UART_RECEIVE_MULTI?UART
            XDATA   386BH     0003H     UNIT         ?XD?_DATACPY00?HTMFILES0
            XDATA   386EH     0003H     UNIT         ?XD?_DATACPY01?HTMFILES1
            XDATA   3871H     0003H     UNIT         ?XD?_DATACPY02?HTMFILES2
            XDATA   3874H     0003H     UNIT         ?XD?_DATACPY03?HTMFILES3
BL51 BANKED LINKER/LOCATER V5.03                                                      01/30/2013  19:55:46  PAGE 8


            XDATA   3877H     0003H     UNIT         ?XD?_DATACPY04?HTMFILES4
            XDATA   387AH     0003H     UNIT         ?XD?_DATACPY05?HTMFILES5
            XDATA   387DH     0003H     UNIT         ?XD?_DATACPY06?HTMFILES6
            XDATA   3880H     0003H     UNIT         ?XD?_DATACPY07?HTMFILES7
            XDATA   3883H     0003H     UNIT         ?XD?_DATACPY08?HTMFILES8
            XDATA   3886H     0003H     UNIT         ?XD?_DATACPY09?HTMFILES9
            XDATA   3889H     0003H     UNIT         ?XD?_DATACPY10?HTMFILES10
            XDATA   388CH     0003H     UNIT         ?XD?_DATACPY11?HTMFILES11
            XDATA   388FH     0003H     UNIT         ?XD?_DATACPY12?HTMFILES12
            XDATA   3892H     0003H     UNIT         ?XD?_DATACPY13?HTMFILES13
            XDATA   3895H     0003H     UNIT         ?XD?_DATACPY14?HTMFILES14
            XDATA   3898H     0003H     UNIT         ?XD?_DATACPY15?HTMFILES15
            XDATA   389BH     0003H     UNIT         ?XD?_UIP_LOG?UIP
            XDATA   389EH     0003H     UNIT         ?XD?UIP_ARP_OUT?UIP_ARP
            XDATA   38A1H     0003H     UNIT         ?XD?_HTTPD_CHECK_COOKIE?HTTPD
            XDATA   38A4H     0003H     UNIT         ?XD?_HTTPD_INIT_FILE?HTTPD_APP
            XDATA   38A7H     0003H     UNIT         ?XD?_SSI_ERRORMSG?ERRORMSGCBK
            XDATA   38AAH     0003H     UNIT         ?XD?_SSI_TELNET?TELNETCBK
            XDATA   38ADH     0003H     UNIT         ?XD?_SSI_ADC?ADCCBK
            XDATA   38B0H     0003H     UNIT         ?XD?_UP2LWR?COMMANDLINE
            XDATA   38B3H     0003H     UNIT         ?XD?_UDP_SET_BUF?UDP
            XDATA   38B6H     0003H     UNIT         ?XD?DHCPCCLTPKTINIT?DHCPC
            XDATA   38B9H     0003H     UNIT         ?XD?DHCPC_UDP_RECEIVE?DHCPC
            XDATA   38BCH     0003H     UNIT         ?XD?_NUC_CHK_PW?NETUART_CTRL
            XDATA   38BFH     0003H     UNIT         ?XD?TELNET_RFC?NET_UART
            XDATA   38C2H     0003H     UNIT         ?XD?TELNET_CONNECTED_INIT?TELNET
            XDATA   38C5H     0003H     UNIT         ?XD?NEW_BLOCK_INIT?UDP_TEL
            XDATA   38C8H     0003H     UNIT         ?XD?_FINDSA?NET_CMD
            XDATA   38CBH     0003H     UNIT         ?XD?_SENDLOGINMD5KEY?NET_CMD
            XDATA   38CEH     0003H     UNIT         ?XD?_B64ENCODE_ALLOC?BASE64
            XDATA   38D1H     0003H     UNIT         ?XD?_B64DECODE_ALLOC?BASE64
            XDATA   38D4H     0002H     UNIT         ?XD?EEPROMCHECKDATAAVAILABLE?EE_PROCESS
            XDATA   38D6H     0002H     UNIT         ?XD?_FILL_DMA_SETTING?DMA
            XDATA   38D8H     0002H     UNIT         ?XD?ETHERNETRECEIVESKIP?MACDRIVER
            XDATA   38DAH     0002H     UNIT         ?XD?_UIP_ADD32?MACDRIVER
            XDATA   38DCH     0002H     UNIT         ?XD?MDC_MDIO
            XDATA   38DEH     0002H     UNIT         ?XD?HTTPD_SET_COOKIE?COOKIE
            XDATA   38E0H     0002H     UNIT         ?XD?QUERYSTR_FUNC?HTTPD_APP
            XDATA   38E2H     0002H     UNIT         ?XD?_HTTPD_COPY_DATA?HTTPD_APP
            XDATA   38E4H     0002H     UNIT         ?XD?_UIP_CHKSUM?CHECKSUM
            XDATA   38E6H     0002H     UNIT         ?XD?ADC_CONVERT?ADCCBK
            XDATA   38E8H     0002H     UNIT         ?XD?ADCCBK
            XDATA   38EAH     0002H     UNIT         ?XD?_UDP_SEND?UDP
            XDATA   38ECH     0002H     UNIT         ?XD?WDG
            XDATA   38EEH     0002H     UNIT         ?XD?READETH2UARTTXBUF?TELNET
            XDATA   38F0H     0002H     UNIT         ?XD?UART_AUTO_SEND?TELNET
            XDATA   38F2H     0002H     UNIT         ?XD?LOCALCMD?NET_CMD
            XDATA   38F4H     0002H     UNIT         ?XD?ONLOGINREQUEST?NET_CMD
            XDATA   38F6H     0002H     UNIT         ?XD?ONGPIOREQUEST?NET_CMD
            XDATA   38F8H     0002H     UNIT         ?XD?SMTP_CHK_MAILTOTOTAL?SMTP
            XDATA   38FAH     0001H     UNIT         ?XD?MAIN?MAIN
            XDATA   38FBH     0001H     UNIT         ?XD?UART_EMPTY_RX_FIFO?UART
            XDATA   38FCH     0001H     UNIT         ?XD?_WRITE_MDC?MDC_MDIO
            XDATA   38FDH     0001H     UNIT         ?XD?CHECK_SPEED?OS_CBK
            XDATA   38FEH     0001H     UNIT         ?XD?CHECKSUM
            XDATA   38FFH     0001H     UNIT         ?XD?ERRORMSGCBK
            XDATA   3900H     0001H     UNIT         ?XD?SETIPCBK
BL51 BANKED LINKER/LOCATER V5.03                                                      01/30/2013  19:55:46  PAGE 9


            XDATA   3901H     0001H     UNIT         ?XD?NUC_ON_TCP_RX?NETUART_CTRL
            XDATA   3902H     0001H     UNIT         ?XD?DIDO_INIT?DIDO
            XDATA   3903H     0001H     UNIT         ?XD?_IP210_ISR_CTRL?TELNET
            XDATA   3904H     0001H     UNIT         ?XD?_GET_BIT?UDP_TEL
            XDATA   3905H     0001H     UNIT         ?XD?UDP_TEL_INIT?UDP_TEL
            XDATA   3906H     0001H     UNIT         ?XD?CHECKCONNID?NET_CMD
            XDATA   3907H     0001H     UNIT         ?XD?LOCALCMDTXPREFIX?NET_CMD
            XDATA   3908H     0001H     UNIT         ?XD?AGINGNETCMDCONNTABLE?NET_CMD
            XDATA   3909H     0001H     UNIT         ?XD?GETCHAR

            * * * * * * *   C O D E   M E M O R Y   * * * * * * *
            CODE    0000H     0003H     ABSOLUTE     
            CODE    0003H     0003H     ABSOLUTE     
            CODE    0006H     0002H     UNIT         ?CO?CGIUTIL
            CODE    0008H     0001H     UNIT         ?CO?CRAM_MD5
                    0009H     0002H                  *** GAP ***
            CODE    000BH     0003H     ABSOLUTE     
            CODE    000EH     0041H     UNIT         ?PR?RAND?RAND
                    004FH     0001H                  *** GAP ***
            CODE    0050H     0068H     ABSOLUTE     
            CODE    00B8H     0DB8H     UNIT         ?C?LIB_CODE
            CODE    0E70H     0781H     UNIT         ?CO?EE_DEFAULT
            CODE    15F1H     06B6H     UNIT         ?C_INITSEG
            CODE    1CA7H     0322H     UNIT         ?PR?SCANF?SCANF
            CODE    1FC9H     0037H     UNIT         ?CO?LOGINCBK
            CODE    2000H     068EH     PAGE         ?BANK?SWITCH
            CODE    268EH     03DBH     UNIT         ?CO?COMMANDLINE
            CODE    2A69H     0365H     UNIT         ?PR?PRINTF?PRINTF
            CODE    2DCEH     017BH     UNIT         ?CO?MAIN
            CODE    2F49H     0118H     UNIT         ?CO?HTTPD_APP
            CODE    3061H     0115H     UNIT         ?CO?SMTP
            CODE    3176H     0113H     UNIT         ?C_C51STARTUP
            CODE    3289H     010CH     UNIT         ?PR?_ATOL?ATOL
            CODE    3395H     00E2H     UNIT         ?CO?ERRORMSGCBK
            CODE    3477H     00DBH     UNIT         ?PR?_ATOI?ATOI
            CODE    3552H     00BDH     UNIT         ?CO?HTTPD
            CODE    360FH     00BCH     UNIT         ?CO?DIDO
            CODE    36CBH     00B8H     UNIT         ?CO?UARTCBK
            CODE    3783H     00B8H     UNIT         ?CO?TELNETCBK
            CODE    383BH     00B1H     UNIT         ?CO?SMTPCBK
            CODE    38ECH     0087H     UNIT         ?CO?UDP_TELCBK
            CODE    3973H     0081H     UNIT         ?PR?_STRCSPN?STRCSPN
            CODE    39F4H     0076H     UNIT         ?PR?_STRNCMP?STRNCMP
            CODE    3A6AH     006EH     UNIT         ?CO?SETIPCBK
            CODE    3AD8H     006BH     UNIT         ?PR?_STRCAT?STRCAT
            CODE    3B43H     0052H     UNIT         ?CO?DIDOCBK
            CODE    3B95H     004AH     UNIT         ?CO?NET_CMD
            CODE    3BDFH     0046H     UNIT         ?CO?APPLICATION
            CODE    3C25H     003FH     UNIT         ?CO?DHCPC
            CODE    3C64H     0033H     UNIT         ?CO?STATUSCBK
            CODE    3C97H     002BH     UNIT         ?CO?OS_CBK
            CODE    3CC2H     0029H     UNIT         ?BANK?SELECT
            CODE    3CEBH     0027H     UNIT         ?PR?PUTCHAR?PUTCHAR
            CODE    3D12H     0026H     UNIT         ?CO?MACDRIVER
            CODE    3D38H     0026H     UNIT         ?CO?SETPASSCBK
            CODE    3D5EH     0026H     UNIT         ?CO?TELNET
            CODE    3D84H     001CH     UNIT         ?PR?_STRCHR?STRCHR
BL51 BANKED LINKER/LOCATER V5.03                                                      01/30/2013  19:55:46  PAGE 10


            CODE    3DA0H     0019H     UNIT         ?CO?ADCCBK
            CODE    3DB9H     0018H     UNIT         ?CO?NET_UART
            CODE    3DD1H     0015H     UNIT         ?PR?_STRLEN?STRLEN
            CODE    3DE6H     0014H     UNIT         ?CO?EE_PROCESS
            CODE    3DFAH     0014H     UNIT         ?PR?GETCHAR?GETCHAR
            CODE    3E0EH     0014H     UNIT         ?PR?_ISSPACE?ISSPACE
            CODE    3E22H     0013H     UNIT         ?CO?SETDEFCBK
            CODE    3E35H     0010H     UNIT         ?CO?VTAG
            CODE    3E45H     0010H     UNIT         ?CO?DNS
            CODE    3E55H     000FH     UNIT         ?CO?FW_UPCBK
            CODE    3E64H     000FH     UNIT         ?PR?_ISDIGIT?ISDIGIT
            CODE    3E73H     000DH     UNIT         ?CO?COOKIE
            CODE    3E80H     000AH     UNIT         ?CO?NETUART_CTRL
            CODE    3E8AH     000AH     UNIT         ?PR?_GETKEY?_GETKEY
            CODE    3E94H     0008H     UNIT         ?CO?UDP_TEL
            CODE    3E9CH     0008H     UNIT         ?PR?GETCHAR?UNGETCHAR
                    3EA4H     C13CH                  *** GAP ***
            CODE    FFE0H     001BH     ABSOLUTE     
                    FFFBH     0002H                  *** GAP ***
            CODE    FFFDH     0003H     ABSOLUTE     

            * * * * * * *   C O D E   B A N K   0   * * * * * * *
                    0000H     5000H                  *** GAP ***
            BANK0   5000H     0077H     UNIT         ?CO?HTMFILES0
            BANK0   5077H     0178H     UNIT         ?PR?_FS_OPEN00?HTMFILES0
            BANK0   51EFH     00FBH     UNIT         ?PR?FU_CHECK?HTMFILES0
            BANK0   52EAH     0048H     UNIT         ?PR?_DATACPY00?HTMFILES0
            BANK0   5332H     0022H     UNIT         ?PR?_GET_TAG00?HTMFILES0
                    5354H     0CACH                  *** GAP ***
            BANK0   6000H     7FE0H     UNIT         ?CO?FIRMWARE_REV

            * * * * * * *   C O D E   B A N K   1   * * * * * * *
                    0000H     5000H                  *** GAP ***
            BANK1   5000H     000FH     UNIT         ?CO?HTMFILES1
            BANK1   500FH     1A90H     UNIT         ?PR?_UIP_PROCESS?UIP
            BANK1   6A9FH     0D4DH     UNIT         ?PR?HTTP_SERVER?HTTPD
            BANK1   77ECH     0737H     UNIT         ?PR?WITH_TAG_PAGE?CGIUTIL
            BANK1   7F23H     03CEH     UNIT         ?PR?_CGI_DIDO?DIDOCBK
            BANK1   82F1H     0375H     UNIT         ?PR?APPLICATION?APPLICATION
            BANK1   8666H     0374H     UNIT         ?PR?_ETHERNETSEND?MACDRIVER
            BANK1   89DAH     036EH     UNIT         ?PR?_CGI_SETIP?SETIPCBK
            BANK1   8D48H     0361H     UNIT         ?PR?_CATNETWORKCONFIGMSG?MAIN
            BANK1   90A9H     0317H     UNIT         ?PR?_CGI_SETPASS?SETPASSCBK
            BANK1   93C0H     0307H     UNIT         ?PR?_CGI_LOGIN?LOGINCBK
            BANK1   96C7H     02A1H     UNIT         ?PR?MUIP_SEND?MUIP
            BANK1   9968H     027DH     UNIT         ?PR?_SSI_ERRORMSG?ERRORMSGCBK
            BANK1   9BE5H     0249H     UNIT         ?PR?_CGI_SMTP?SMTPCBK
            BANK1   9E2EH     0242H     UNIT         ?PR?_SSI_SETIP?SETIPCBK
            BANK1   A070H     0241H     UNIT         ?PR?MUIP_PROCESS?MUIP
            BANK1   A2B1H     0232H     UNIT         ?PR?_SSI_DIDO?DIDOCBK
            BANK1   A4E3H     0228H     UNIT         ?PR?_UIP_CONNECT?UIP
            BANK1   A70BH     0211H     UNIT         ?PR?_ETHERNETRECEIVE?MACDRIVER
            BANK1   A91CH     020BH     UNIT         ?PR?HTTPD_HEADER_INIT?HTTPD_APP
            BANK1   AB27H     01FEH     UNIT         ?PR?_SSI_SMTP?SMTPCBK
            BANK1   AD25H     01DEH     UNIT         ?PR?_FINDCOOKIE?HTTPD_APP
            BANK1   AF03H     01A3H     UNIT         ?PR?HTTPD_DATA_PROCESSING?CGI
            BANK1   B0A6H     019BH     UNIT         ?PR?_CGISTRCPY?SMTPCBK
BL51 BANKED LINKER/LOCATER V5.03                                                      01/30/2013  19:55:46  PAGE 11


            BANK1   B241H     0178H     UNIT         ?PR?_FS_OPEN01?HTMFILES1
            BANK1   B3B9H     0177H     UNIT         ?PR?QUERYSTR_FUNC?HTTPD_APP
            BANK1   B530H     015BH     UNIT         ?PR?LAST_TAG_PAGE?CGIUTIL
            BANK1   B68BH     0144H     UNIT         ?PR?_HTTPD_INIT_FILE?HTTPD_APP
            BANK1   B7CFH     0143H     UNIT         ?PR?HTTPD_PARSE_COOKIE?COOKIE
            BANK1   B912H     012EH     UNIT         ?PR?_CHECK_PACKET_TYPE?MACDRIVER
            BANK1   BA40H     0123H     UNIT         ?PR?_REPLACEDOUBLEQUOTES?SMTPCBK
            BANK1   BB63H     0112H     UNIT         ?PR?_STRFIND?HTTPD_APP
            BANK1   BC75H     010BH     UNIT         ?PR?_ASC_TO_HEX?UTILITY
            BANK1   BD80H     00F8H     UNIT         ?PR?NETWORKCONFIG?MAIN
            BANK1   BE78H     00F8H     UNIT         ?PR?NO_TAG_PAGE?CGIUTIL
            BANK1   BF70H     00F4H     UNIT         ?PR?_SSI_STATUS?STATUSCBK
            BANK1   C064H     00F2H     UNIT         ?PR?_UITOS?CGIUTIL
            BANK1   C156H     00F1H     UNIT         ?PR?_CGI_RESET?ERRORMSGCBK
            BANK1   C247H     00EBH     UNIT         ?PR?_CGI_STATUS?STATUSCBK
            BANK1   C332H     00E6H     UNIT         ?PR?EEPROMLOADDEFAULT?EE_PROCESS
            BANK1   C418H     00E6H     UNIT         ?PR?_CGI_FW_UP?FW_UPCBK
            BANK1   C4FEH     00E6H     UNIT         ?PR?_CGI_FU_UP?FW_UPCBK
            BANK1   C5E4H     00E4H     UNIT         ?PR?_FS_OPEN?FS16
            BANK1   C6C8H     00DEH     UNIT         ?PR?KBHIT_EE_LOAD_DEFAULT?MAIN
            BANK1   C7A6H     00CCH     UNIT         ?PR?_SSI_SETPASS?SETPASSCBK
            BANK1   C872H     00C6H     UNIT         ?PR?_IP210_DMA?DMA
            BANK1   C938H     00C6H     UNIT         ?PR?TAG_ADDRESS_BIGGER_MSS?CGIUTIL
            BANK1   C9FEH     00BCH     UNIT         ?PR?ETHERNETRECEIVESKIP?MACDRIVER
            BANK1   CABAH     00B4H     UNIT         ?PR?_ETHERNETRECEIVELOOKAHEAD?MACDRIVER
            BANK1   CB6EH     00B0H     UNIT         ?PR?RE_INIT?VTAG
            BANK1   CC1EH     00AFH     UNIT         ?PR?_HTTPD_CHECK_COOKIE?HTTPD
            BANK1   CCCDH     00ACH     UNIT         ?PR?_VLAN_TAG_PKT?VTAG
            BANK1   CD79H     00AAH     UNIT         ?PR?_SSI_LOGIN?LOGINCBK
            BANK1   CE23H     00A7H     UNIT         ?PR?CHECKPKTSEND?APPLICATION
            BANK1   CECAH     009BH     UNIT         ?PR?_ETHERNETSEND2?MACDRIVER
            BANK1   CF65H     0095H     UNIT         ?PR?UART_SET_PROPERTY?UART
            BANK1   CFFAH     0094H     UNIT         ?PR?_SAVEMODULEINFO2EEPROM?EE_PROCESS
            BANK1   D08EH     008DH     UNIT         ?PR?HTTPD_SET_COOKIE?COOKIE
            BANK1   D11BH     0089H     UNIT         ?PR?_STOUI?CGIUTIL
            BANK1   D1A4H     0085H     UNIT         ?PR?HTTPD_FILE_NOT_FOUND?HTTPD_APP
            BANK1   D229H     0083H     UNIT         ?PR?_UIP_ADD32?MACDRIVER
            BANK1   D2ACH     0075H     UNIT         ?PR?EEPROMINIT?EE_PROCESS
            BANK1   D321H     0075H     UNIT         ?PR?LOADDEFAULT?OS_CBK
            BANK1   D396H     0071H     UNIT         ?PR?CHECK_VLAN_TAG?VTAG
            BANK1   D407H     0065H     UNIT         ?PR?MAIN?MAIN
            BANK1   D46CH     0064H     UNIT         ?PR?_SETUP_BLUPGRADE?EE_PROCESS
            BANK1   D4D0H     005FH     UNIT         ?PR?HTTPD_COPYDATA?HTTPD
            BANK1   D52FH     005EH     UNIT         ?PR?_EEPROM_READ_BYTE?EEPROM
            BANK1   D58DH     005CH     UNIT         ?PR?HTTPD_CHALLENGEERROR?HTTPD_APP
            BANK1   D5E9H     005BH     UNIT         ?PR?_UIP_ADD_RCV_NXT?UIP
            BANK1   D644H     005BH     UNIT         ?PR?_HTTPD_COPY_DATA?HTTPD_APP
            BANK1   D69FH     0059H     UNIT         ?PR?CHECK_SPEED?OS_CBK
            BANK1   D6F8H     0059H     UNIT         ?PR?UIP_INIT?UIP
            BANK1   D751H     0058H     UNIT         ?PR?LOADEEPROM2MODULEINFO?EE_PROCESS
            BANK1   D7A9H     0058H     UNIT         ?PR?LOADEEPROM2EECONFIG?EE_PROCESS
            BANK1   D801H     0058H     UNIT         ?PR?FIBER_COVER2?APPLICATION
            BANK1   D859H     0056H     UNIT         ?PR?EEPROMCHECKDATAAVAILABLE?EE_PROCESS
            BANK1   D8AFH     0056H     UNIT         ?PR?IP210_WRITE_TIMER_COUNTER?TIMER
            BANK1   D905H     004FH     UNIT         ?PR?ETHERNETRECEIVEFREESPACE?MACDRIVER
            BANK1   D954H     004BH     UNIT         ?PR?CHECK_MAC_STATUS?MACDRIVER
            BANK1   D99FH     004AH     UNIT         ?PR?EEPROMERR?ERRORMSGCBK
BL51 BANKED LINKER/LOCATER V5.03                                                      01/30/2013  19:55:46  PAGE 12


            BANK1   D9E9H     0049H     UNIT         ?PR?HTTPD_LOGIN_FAIL?HTTPD_APP
            BANK1   DA32H     0048H     UNIT         ?PR?_DATACPY01?HTMFILES1
            BANK1   DA7AH     0045H     UNIT         ?PR?_WRITE_MDC?MDC_MDIO
            BANK1   DABFH     0043H     UNIT         ?PR?_UIP_UNLISTEN?UIP
            BANK1   DB02H     0041H     UNIT         ?PR?_READ_MDC?MDC_MDIO
            BANK1   DB43H     0041H     UNIT         ?PR?HTTPD_LOGIN_PASS?HTTPD_APP
            BANK1   DB84H     0040H     UNIT         ?PR?_EEPROM_WRITE_BYTE?EEPROM
            BANK1   DBC4H     0040H     UNIT         ?PR?_UART_TRANSMIT_MULTI?UART
            BANK1   DC04H     0040H     UNIT         ?PR?_UIP_LISTEN?UIP
            BANK1   DC44H     003DH     UNIT         ?PR?CHECK_FIRMWAREUPDATE?OS_CBK
            BANK1   DC81H     0036H     UNIT         ?PR?ON_TCP_RX?APPLICATION
            BANK1   DCB7H     0030H     UNIT         ?PR?_HEX_TO_ASC?UTILITY
            BANK1   DCE7H     002FH     UNIT         ?PR?_UART_RECEIVE_MULTI?UART
            BANK1   DD16H     002DH     UNIT         ?PR?_FILL_DMA_SETTING?DMA
            BANK1   DD43H     002AH     UNIT         ?PR?MAC_INIT?MACDRIVER
            BANK1   DD6DH     002AH     UNIT         ?PR?FIBER_COVER?APPLICATION
            BANK1   DD97H     0029H     UNIT         ?PR?ENVLANCHECK?VTAG
            BANK1   DDC0H     0028H     UNIT         ?PR?RESTORE_UIP_BUF?UIP
            BANK1   DDE8H     0028H     UNIT         ?PR?HTTPD_INIT?HTTPD
            BANK1   DE10H     0025H     UNIT         ?PR?TFD_INDEX?MACDRIVER
            BANK1   DE35H     0024H     UNIT         ?PR?GATEWAY_TIMER?OS_CBK
            BANK1   DE59H     0023H     UNIT         ?PR?OS_LOOP_100MS?OS_CBK
            BANK1   DE7CH     0022H     UNIT         ?PR?_GET_TAG01?HTMFILES1
            BANK1   DE9EH     0021H     UNIT         ?PR?MAC_ADDRESS_FILL?MACDRIVER
            BANK1   DEBFH     0021H     UNIT         ?PR?IP_ADDRESS_FILL?MACDRIVER
            BANK1   DEE0H     001FH     UNIT         ?PR?TIMER_COUNTER_OVERFLOW?TIMER
            BANK1   DEFFH     001DH     UNIT         ?PR?_RESIZE_RX_BUF?MACDRIVER
            BANK1   DF1CH     001DH     UNIT         ?PR?_CHG_UIP_BUF?UIP
            BANK1   DF39H     001BH     UNIT         ?PR?WAIT_PACKET_SENT?MACDRIVER
            BANK1   DF54H     001BH     UNIT         ?PR?UART_EMPTY_RX_FIFO?UART
            BANK1   DF6FH     001AH     UNIT         ?PR?TIMERCOUNTER_INIT?TIMER
            BANK1   DF89H     0018H     UNIT         ?PR?IP210_DMA_SET_IDLE?DMA
            BANK1   DFA1H     0018H     UNIT         ?PR?_UART_SET_DIVISOR?UART
            BANK1   DFB9H     0018H     UNIT         ?PR?_GET_SYSTEM_PARAMETER?APPLICATION
            BANK1   DFD1H     0017H     UNIT         ?PR?GETDEVICEID?EE_PROCESS
            BANK1   DFE8H     0016H     UNIT         ?PR?_DELAY0?MAIN
            BANK1   DFFEH     0015H     UNIT         ?PR?UDP_RECEIVE?APPLICATION
            BANK1   E013H     0014H     UNIT         ?PR?SERIAL_INIT?SERIAL
            BANK1   E027H     0013H     UNIT         ?PR?_UART_RECEIVE_BYTE?UART
            BANK1   E03AH     0013H     UNIT         ?PR?_DELAY?UTILITY
            BANK1   E04DH     0012H     UNIT         ?PR?IP210_DMA_IDLE_RESTORE?DMA
            BANK1   E05FH     0012H     UNIT         ?PR?_SERIAL_CHECK_RX?SERIAL
            BANK1   E071H     000FH     UNIT         ?PR?OS_LOOP?OS_CBK
            BANK1   E080H     000FH     UNIT         ?PR?MUIP_INIT?MUIP
            BANK1   E08FH     000FH     UNIT         ?PR?IP210_SWRESET?UTILITY
            BANK1   E09EH     000EH     UNIT         ?PR?TIMER2_INIT?TIMER
            BANK1   E0ACH     000CH     UNIT         ?PR?TIMER0_INIT?TIMER
            BANK1   E0B8H     000CH     UNIT         ?PR?_UIP_LOG?UIP
            BANK1   E0C4H     000BH     UNIT         ?PR?SERIAL_POLLING_RX?SERIAL
            BANK1   E0CFH     000BH     UNIT         ?PR?OS_INITIAL?OS_CBK
            BANK1   E0DAH     000AH     UNIT         ?PR?IP210_WAIT_DMA_COMPLETE?DMA
            BANK1   E0E4H     0008H     UNIT         ?PR?GETCH2?MAIN
            BANK1   E0ECH     0008H     UNIT         ?PR?EEPROM_ENABLE?EEPROM
            BANK1   E0F4H     0008H     UNIT         ?PR?UART_SET_RTS?UART
            BANK1   E0FCH     0008H     UNIT         ?PR?UART_CLEAR_RTS?UART
            BANK1   E104H     0008H     UNIT         ?PR?CPUINIT?UTILITY
            BANK1   E10CH     0006H     UNIT         ?PR?UART_TX_FIFO_STATUS?UART
BL51 BANKED LINKER/LOCATER V5.03                                                      01/30/2013  19:55:46  PAGE 13


            BANK1   E112H     0006H     UNIT         ?PR?UART_RX_FIFO_STATUS?UART
            BANK1   E118H     0006H     UNIT         ?PR?_UART_TRANSMIT_BYTE?UART
            BANK1   E11EH     0003H     UNIT         ?PR?TIMERCOUNTER0_INIT?TIMER
            BANK1   E121H     0001H     UNIT         ?PR?FLASHLED?MAIN
            BANK1   E122H     0001H     UNIT         ?PR?UDP_XMIT?UIP

            * * * * * * *   C O D E   B A N K   2   * * * * * * *
                    0000H     5000H                  *** GAP ***
            BANK2   5000H     000FH     UNIT         ?CO?HTMFILES2
            BANK2   500FH     096FH     UNIT         ?PR?COM_PORT_OPTION?NET_UART
            BANK2   597EH     081CH     UNIT         ?PR?CLEARUARTRXBUF?TELNET
            BANK2   619AH     064CH     UNIT         ?PR?_CGI_TELNET?TELNETCBK
            BANK2   67E6H     059FH     UNIT         ?PR?TELNETD?TELNET
            BANK2   6D85H     055CH     UNIT         ?PR?_CGI_UART?UARTCBK
            BANK2   72E1H     04DBH     UNIT         ?PR?RESENDUARTRX2ETH?TELNET
            BANK2   77BCH     04C6H     UNIT         ?PR?_SSI_UART?UARTCBK
            BANK2   7C82H     0449H     UNIT         ?PR?_SSI_TELNET?TELNETCBK
            BANK2   80CBH     03B5H     UNIT         ?PR?SMTP_SEND_MAILBODY?SMTP
            BANK2   8480H     0393H     UNIT         ?PR?_SENDUARTRX2ETH?TELNET
            BANK2   8813H     0347H     UNIT         ?PR?UDP_TEL_SEND_ONE_PKT?UDP_TEL
            BANK2   8B5AH     033CH     UNIT         ?PR?_DNS_QUERY?DNS
            BANK2   8E96H     0336H     UNIT         ?PR?READETH2UARTTXBUF?TELNET
            BANK2   91CCH     0304H     UNIT         ?PR?TELNET_RFC?NET_UART
            BANK2   94D0H     02D0H     UNIT         ?PR?CLEARUARTRXBUF_PARITYERROR?TELNET
            BANK2   97A0H     02BCH     UNIT         ?PR?RESENDUARTRX2UART?TELNET
            BANK2   9A5CH     02A7H     UNIT         ?PR?UDP_TEL_INIT?UDP_TEL
            BANK2   9D03H     0284H     UNIT         ?PR?UDP_GET_DNS?UDP_TEL
            BANK2   9F87H     025BH     UNIT         ?PR?WRITEETHRX2UART?TELNET
            BANK2   A1E2H     0252H     UNIT         ?PR?NUC_PROCESS_CMD?NETUART_CTRL
            BANK2   A434H     0250H     UNIT         ?PR?SMTP?SMTP
            BANK2   A684H     021DH     UNIT         ?PR?UDP_TEL_RX?UDP_TEL
            BANK2   A8A1H     01F0H     UNIT         ?PR?_UDP_SEND?UDP
            BANK2   AA91H     01EDH     UNIT         ?PR?_NUC_SEND?NETUART_CTRL
            BANK2   AC7EH     01E9H     UNIT         ?PR?UDP_TEL_CHK_SEND?UDP_TEL
            BANK2   AE67H     01DAH     UNIT         ?PR?TELNET_INIT_COM?TELNET
            BANK2   B041H     0178H     UNIT         ?PR?_FS_OPEN02?HTMFILES2
            BANK2   B1B9H     014FH     UNIT         ?PR?_UDP_TEL_GETIP?UDP_TEL
            BANK2   B308H     014CH     UNIT         ?PR?_B64ENC?BASE64
            BANK2   B454H     014AH     UNIT         ?PR?DHCPCCHECKINFO?DHCPC
            BANK2   B59EH     0148H     UNIT         ?PR?_DHCPCSENDREQUEST?DHCPC
            BANK2   B6E6H     0135H     UNIT         ?PR?DHCPCCLTPKTINIT?DHCPC
            BANK2   B81BH     0134H     UNIT         ?PR?DNS_UDP_RECEIVE?DNS
            BANK2   B94FH     012CH     UNIT         ?PR?_B64DEC?BASE64
            BANK2   BA7BH     0112H     UNIT         ?PR?_CRAM_MD5?CRAM_MD5
            BANK2   BB8DH     0109H     UNIT         ?PR?TELNET_CONNECT?TELNET
            BANK2   BC96H     0103H     UNIT         ?PR?UDP_TEL_UPDATA_IP_AVAL?UDP_TEL
            BANK2   BD99H     00FDH     UNIT         ?PR?REVERSE_TELNET_ON_TCP_RX?TELNET
            BANK2   BE96H     00D3H     UNIT         ?PR?CHECK_RFC2217_SIGNAL?NET_UART
            BANK2   BF69H     00D1H     UNIT         ?PR?NETUARTONTCPRX?NET_UART
            BANK2   C03AH     00C9H     UNIT         ?PR?DHCPCTIMER?DHCPC
            BANK2   C103H     00C9H     UNIT         ?PR?SMTP_TIMER?SMTP
            BANK2   C1CCH     00C1H     UNIT         ?PR?NEW_BLOCK_INIT?UDP_TEL
            BANK2   C28DH     00B4H     UNIT         ?PR?SMTP_CHK_MAILTOTOTAL?SMTP
            BANK2   C341H     00B1H     UNIT         ?PR?_DHCPCFOUNDTAG?DHCPC
            BANK2   C3F2H     00B1H     UNIT         ?PR?DHCPCSENDDISCOVER?DHCPC
            BANK2   C4A3H     00ADH     UNIT         ?PR?UDP_LEARN_IP?UDP_TEL
            BANK2   C550H     00AAH     UNIT         ?PR?NUC_ON_TCP_RX?NETUART_CTRL
BL51 BANKED LINKER/LOCATER V5.03                                                      01/30/2013  19:55:46  PAGE 14


            BANK2   C5FAH     00A9H     UNIT         ?PR?UART_AUTO_SEND?TELNET
            BANK2   C6A3H     00A9H     UNIT         ?PR?_SMTP_SEND_AUTH_ID_PW?SMTP
            BANK2   C74CH     00A7H     UNIT         ?PR?_STRCAT_MAIL_TO?SMTP
            BANK2   C7F3H     00A3H     UNIT         ?PR?SMTP_SEND_CMD_MAIL?SMTP
            BANK2   C896H     00A0H     UNIT         ?PR?DHCPC_UDP_RECEIVE?DHCPC
            BANK2   C936H     009FH     UNIT         ?PR?_SET_BIT?UDP_TEL
            BANK2   C9D5H     009EH     UNIT         ?PR?SMTP_SEND_CMD_HELO?SMTP
            BANK2   CA73H     009DH     UNIT         ?PR?RFC_LOOP?NET_UART
            BANK2   CB10H     0093H     UNIT         ?PR?TELNET_SERVER_TIMEOUT?TELNET
            BANK2   CBA3H     008FH     UNIT         ?PR?TELNET_CONNECTED_INIT?TELNET
            BANK2   CC32H     008CH     UNIT         ?PR?SMTP_SEND_CMD_RCPT?SMTP
            BANK2   CCBEH     007BH     UNIT         ?PR?NETUARTTIMER?NET_UART
            BANK2   CD39H     007AH     UNIT         ?PR?_DNS_RESULT?DNS
            BANK2   CDB3H     0079H     UNIT         ?PR?SMTP_SEND_MAILBODY_END?SMTP
            BANK2   CE2CH     0073H     UNIT         ?PR?SMTP_INIT?SMTP
            BANK2   CE9FH     0072H     UNIT         ?PR?SMTP_SEND_PACKET?SMTP
            BANK2   CF11H     0071H     UNIT         ?PR?DHCPCAPPLYIP?DHCPC
            BANK2   CF82H     0070H     UNIT         ?PR?_B64ENCODE?BASE64
            BANK2   CFF2H     0070H     UNIT         ?PR?_B64DECODE?BASE64
            BANK2   D062H     0065H     UNIT         ?PR?_B64ENCODE_ALLOC?BASE64
            BANK2   D0C7H     0064H     UNIT         ?PR?DHCPCRECEIVEACK?DHCPC
            BANK2   D12BH     005DH     UNIT         ?PR?_MODIFYMAIL?SMTP
            BANK2   D188H     005DH     UNIT         ?PR?SMTP_SEND_STARTTLS?SMTP
            BANK2   D1E5H     005DH     UNIT         ?PR?SMTP_SEND_CMD_DATA?SMTP
            BANK2   D242H     005DH     UNIT         ?PR?SMTP_SEND_CMD_QUIT?SMTP
            BANK2   D29FH     005DH     UNIT         ?PR?SMTP_SEND_CMD_AUTH?SMTP
            BANK2   D2FCH     0057H     UNIT         ?PR?UDP_PROCESS?UDP
            BANK2   D353H     0055H     UNIT         ?PR?_CRAM_MD5_DECODE?CRAM_MD5
            BANK2   D3A8H     004FH     UNIT         ?PR?_B64DECODE_ALLOC?BASE64
            BANK2   D3F7H     004EH     UNIT         ?PR?_UDP_INIT?UDP
            BANK2   D445H     004EH     UNIT         ?PR?SMTP_CHECK_MAIL?SMTP
            BANK2   D493H     0048H     UNIT         ?PR?_DATACPY02?HTMFILES2
            BANK2   D4DBH     0042H     UNIT         ?PR?UDP_TEL_TIMER?UDP_TEL
            BANK2   D51DH     0041H     UNIT         ?PR?_UDP_SET_BUF?UDP
            BANK2   D55EH     0041H     UNIT         ?PR?NETUARTINIT?NET_UART
            BANK2   D59FH     003EH     UNIT         ?PR?_CRAM_MD5_ENCODE?CRAM_MD5
            BANK2   D5DDH     0036H     UNIT         ?PR?SMTPONTCPRX?SMTP
            BANK2   D613H     0031H     UNIT         ?PR?NUC_ON_LOOP?NETUART_CTRL
            BANK2   D644H     002EH     UNIT         ?PR?DHCPCINIT?DHCPC
            BANK2   D672H     002EH     UNIT         ?PR?_SMTP_SEND_MAIL?SMTP
            BANK2   D6A0H     002CH     UNIT         ?PR?_NUC_CHK_PW?NETUART_CTRL
            BANK2   D6CCH     002BH     UNIT         ?PR?DHCPCRECEIVEOFFER?DHCPC
            BANK2   D6F7H     002AH     UNIT         ?PR?TELNETD_LISTEN?TELNET
            BANK2   D721H     0028H     UNIT         ?PR?TELNETD_CLOSE?TELNET
            BANK2   D749H     0022H     UNIT         ?PR?_GET_TAG02?HTMFILES2
            BANK2   D76BH     0021H     UNIT         ?PR?NETUARTTELNETCLOSE?NET_UART
            BANK2   D78CH     001EH     UNIT         ?PR?CHECK_SIGNAL_CHANGE_OP?NETUART_CTRL
            BANK2   D7AAH     001DH     UNIT         ?PR?NETUARTLOOP?NET_UART
            BANK2   D7C7H     001DH     UNIT         ?PR?SMTP_CONNECT?SMTP
            BANK2   D7E4H     001DH     UNIT         ?PR?_B64ENCODE_LEN?BASE64
            BANK2   D801H     0019H     UNIT         ?PR?_B64DECODE_LEN?BASE64
            BANK2   D81AH     0017H     UNIT         ?PR?NUC_INIT?NETUART_CTRL
            BANK2   D831H     0016H     UNIT         ?PR?CHECK_RS485?TELNET
            BANK2   D847H     0016H     UNIT         ?PR?_GET_BIT?UDP_TEL
            BANK2   D85DH     0011H     UNIT         ?PR?TELNET_CLOSE?TELNET
            BANK2   D86EH     0010H     UNIT         ?PR?TELNET_INIT?TELNET
            BANK2   D87EH     000DH     UNIT         ?PR?WATCHDOGTIMERENABLE?WDG
BL51 BANKED LINKER/LOCATER V5.03                                                      01/30/2013  19:55:46  PAGE 15


            BANK2   D88BH     000AH     UNIT         ?PR?CHECK_210?NET_UART
            BANK2   D895H     000AH     UNIT         ?PR?UART_RS485_UPDATE_TXCONTROL?TELNET
            BANK2   D89FH     0007H     UNIT         ?PR?DHCPCRECEIVENACK?DHCPC
            BANK2   D8A6H     0007H     UNIT         ?PR?WATCHDOGTIMERRESET?WDG
            BANK2   D8ADH     0007H     UNIT         ?PR?WATCHDOGTIMERINIT?WDG
            BANK2   D8B4H     0006H     UNIT         ?PR?_IP210_ISR_CTRL?TELNET
            BANK2   D8BAH     0003H     UNIT         ?PR?WATCHDOGTIMERDISABLE?WDG
            BANK2   D8BDH     0003H     UNIT         ?PR?TELNETD_INIT?TELNET
            BANK2   D8C0H     0003H     UNIT         ?PR?TELNET?TELNET
            BANK2   D8C3H     0001H     UNIT         ?PR?IP210_UART_ISR_PROCESS?TELNET

            * * * * * * *   C O D E   B A N K   3   * * * * * * *
                    0000H     5000H                  *** GAP ***
            BANK3   5000H     7512H     UNIT         ?CO?HTMFILES3
            BANK3   C512H     0178H     UNIT         ?PR?_FS_OPEN03?HTMFILES3
            BANK3   C68AH     0048H     UNIT         ?PR?_DATACPY03?HTMFILES3
            BANK3   C6D2H     0022H     UNIT         ?PR?_GET_TAG03?HTMFILES3

            * * * * * * *   C O D E   B A N K   4   * * * * * * *
                    0000H     5000H                  *** GAP ***
            BANK4   5000H     0283H     UNIT         ?CO?HTMFILES4
            BANK4   5283H     0178H     UNIT         ?PR?_FS_OPEN04?HTMFILES4
            BANK4   53FBH     0048H     UNIT         ?PR?_DATACPY04?HTMFILES4
            BANK4   5443H     0022H     UNIT         ?PR?_GET_TAG04?HTMFILES4
            BANK4   5465H     0003H     UNIT         ?PR?FUU_RUN?HTMFILES4

            * * * * * * *   C O D E   B A N K   5   * * * * * * *
                    0000H     5000H                  *** GAP ***
            BANK5   5000H     000FH     UNIT         ?CO?HTMFILES5
            BANK5   500FH     09F6H     UNIT         ?PR?NETCMD?NET_CMD
            BANK5   5A05H     06DBH     UNIT         ?PR?DIDO_DATA_CONFIG?DIDO
            BANK5   60E0H     04B7H     UNIT         ?PR?_CGI_UDP_TEL?UDP_TELCBK
            BANK5   6597H     042AH     UNIT         ?PR?_SSI_UDP_TEL?UDP_TELCBK
            BANK5   69C1H     02C1H     UNIT         ?PR?UIP_TCPCHKSUM?CHECKSUM
            BANK5   6C82H     0281H     UNIT         ?PR?DIDO_TCP_RX_FUN?DIDO
            BANK5   6F03H     0213H     UNIT         ?PR?MPPROCESS?NET_CMD
            BANK5   7116H     01F2H     UNIT         ?PR?ONLOGINACCOUNT?NET_CMD
            BANK5   7308H     01B9H     UNIT         ?PR?UIP_UDPCHKSUM?CHECKSUM
            BANK5   74C1H     0178H     UNIT         ?PR?_FS_OPEN05?HTMFILES5
            BANK5   7639H     0146H     UNIT         ?PR?ONLOGINREQUEST?NET_CMD
            BANK5   777FH     0134H     UNIT         ?PR?UDP_NET_CMD?NET_CMD
            BANK5   78B3H     011FH     UNIT         ?PR?EEP_READ_REQ?NET_CMD
            BANK5   79D2H     0115H     UNIT         ?PR?EEP_WRITE_REQ?NET_CMD
            BANK5   7AE7H     0104H     UNIT         ?PR?_CGI_ADC?ADCCBK
            BANK5   7BEBH     00F2H     UNIT         ?PR?_CRC?NET_CMD
            BANK5   7CDDH     00E0H     UNIT         ?PR?CRC_OPERATION?NET_CMD
            BANK5   7DBDH     00AAH     UNIT         ?PR?ADC_CONVERT?ADCCBK
            BANK5   7E67H     009FH     UNIT         ?PR?LOCALCMDTXPREFIX?NET_CMD
            BANK5   7F06H     0096H     UNIT         ?PR?ONGPIOREQUEST?NET_CMD
            BANK5   7F9CH     0094H     UNIT         ?PR?GENCONNID?NET_CMD
            BANK5   8030H     008AH     UNIT         ?PR?AGINGNETCMDCONNTABLE?NET_CMD
            BANK5   80BAH     0083H     UNIT         ?PR?EN_LOOPBACK?NET_CMD
            BANK5   813DH     0080H     UNIT         ?PR?NETCMDSEND?NET_CMD
            BANK5   81BDH     0080H     UNIT         ?PR?DIS_LOOPBACK?NET_CMD
            BANK5   823DH     007DH     UNIT         ?PR?CRC_INFO?NET_CMD
            BANK5   82BAH     007BH     UNIT         ?PR?CHECKCONNID?NET_CMD
            BANK5   8335H     0071H     UNIT         ?PR?_UIP_CHKSUM?CHECKSUM
BL51 BANKED LINKER/LOCATER V5.03                                                      01/30/2013  19:55:46  PAGE 16


            BANK5   83A6H     0070H     UNIT         ?PR?_CGI_SETDEF?SETDEFCBK
            BANK5   8416H     006AH     UNIT         ?PR?_SENDLOGINRESULT?NET_CMD
            BANK5   8480H     0065H     UNIT         ?PR?LOCALCMD?NET_CMD
            BANK5   84E5H     0064H     UNIT         ?PR?_DIDO_READ?DIDO
            BANK5   8549H     005BH     UNIT         ?PR?_SENDLOGINMD5KEY?NET_CMD
            BANK5   85A4H     005AH     UNIT         ?PR?ONCHANNELREQUEST?NET_CMD
            BANK5   85FEH     0055H     UNIT         ?PR?_DIDO_WRITE?DIDO
            BANK5   8653H     0055H     UNIT         ?PR?_FINDSA?NET_CMD
            BANK5   86A8H     0055H     UNIT         ?PR?RESET_DEVICE_REQ?NET_CMD
            BANK5   86FDH     0052H     UNIT         ?PR?NETCMDONTCPRX?NET_CMD
            BANK5   874FH     004FH     UNIT         ?PR?_SSI_ADC?ADCCBK
            BANK5   879EH     004DH     UNIT         ?PR?DIDO_INIT?DIDO
            BANK5   87EBH     0048H     UNIT         ?PR?_DATACPY05?HTMFILES5
            BANK5   8833H     0038H     UNIT         ?PR?_ONCHANNELREQUESTACK?NET_CMD
            BANK5   886BH     002BH     UNIT         ?PR?NETCMDINIT?NET_CMD
            BANK5   8896H     0027H     UNIT         ?PR?_ONGPIOREQUESTACK?NET_CMD
            BANK5   88BDH     0026H     UNIT         ?PR?UIP_IPCHKSUM?CHECKSUM
            BANK5   88E3H     0022H     UNIT         ?PR?_GET_TAG05?HTMFILES5
            BANK5   8905H     001BH     UNIT         ?PR?SEARCHEMPTYCONNTABLE?NET_CMD
            BANK5   8920H     0007H     UNIT         ?PR?DIDO_SEND?DIDO
            BANK5   8927H     0003H     UNIT         ?PR?NETCMDTIMER?NET_CMD
            BANK5   892AH     0001H     UNIT         ?PR?SENDACCESSGPIOACK?NET_CMD
            BANK5   892BH     0001H     UNIT         ?PR?ONACCESSGPIOREQ?NET_CMD

            * * * * * * *   C O D E   B A N K   6   * * * * * * *
                    0000H     5000H                  *** GAP ***
            BANK6   5000H     000FH     UNIT         ?CO?HTMFILES6
            BANK6   500FH     305BH     UNIT         ?PR?COMMAND_SETTING?COMMANDLINE
            BANK6   806AH     0964H     UNIT         ?PR?COMMAND_TYPE?COMMANDLINE
            BANK6   89CEH     02ECH     UNIT         ?PR?UIP_ARP_OUT?UIP_ARP
            BANK6   8CBAH     029FH     UNIT         ?PR?COMMAND_INFO?COMMANDLINE
            BANK6   8F59H     022CH     UNIT         ?PR?CLI_TIMER?COMMANDLINE
            BANK6   9185H     01E6H     UNIT         ?PR?UIP_ARP_ARPIN?UIP_ARP
            BANK6   936BH     01CEH     UNIT         ?PR?_UIP_ARP_UPDATE?UIP_ARP
            BANK6   9539H     0178H     UNIT         ?PR?_FS_OPEN06?HTMFILES6
            BANK6   96B1H     013CH     UNIT         ?PR?ATD_LOOP?COMMANDLINE
            BANK6   97EDH     013AH     UNIT         ?PR?GATEWAY_MAC_REQ?UIP_ARP
            BANK6   9927H     013AH     UNIT         ?PR?_HEX_2_ASC?COMMANDLINE
            BANK6   9A61H     00AAH     UNIT         ?PR?RE_RORN?COMMANDLINE
            BANK6   9B0BH     00A9H     UNIT         ?PR?UIP_ARP_IPIN?UIP_ARP
            BANK6   9BB4H     0072H     UNIT         ?PR?UIP_ARP_TIMER?UIP_ARP
            BANK6   9C26H     0051H     UNIT         ?PR?CLI_INIT?COMMANDLINE
            BANK6   9C77H     004EH     UNIT         ?PR?_UP2LWR?COMMANDLINE
            BANK6   9CC5H     0048H     UNIT         ?PR?_DATACPY06?HTMFILES6
            BANK6   9D0DH     0037H     UNIT         ?PR?UIP_ARP_INIT?UIP_ARP
            BANK6   9D44H     0022H     UNIT         ?PR?_GET_TAG06?HTMFILES6
            BANK6   9D66H     0001H     UNIT         ?PR?HELP?COMMANDLINE

            * * * * * * *   C O D E   B A N K   7   * * * * * * *
                    0000H     5000H                  *** GAP ***
            BANK7   5000H     000FH     UNIT         ?CO?HTMFILES7
            BANK7   500FH     0178H     UNIT         ?PR?_FS_OPEN07?HTMFILES7
            BANK7   5187H     0048H     UNIT         ?PR?_DATACPY07?HTMFILES7
            BANK7   51CFH     0022H     UNIT         ?PR?_GET_TAG07?HTMFILES7

            * * * * * * *   C O D E   B A N K   8   * * * * * * *
                    0000H     5000H                  *** GAP ***
BL51 BANKED LINKER/LOCATER V5.03                                                      01/30/2013  19:55:46  PAGE 17


            BANK8   5000H     000FH     UNIT         ?CO?HTMFILES8
            BANK8   500FH     0178H     UNIT         ?PR?_FS_OPEN08?HTMFILES8
            BANK8   5187H     0048H     UNIT         ?PR?_DATACPY08?HTMFILES8
            BANK8   51CFH     0022H     UNIT         ?PR?_GET_TAG08?HTMFILES8

            * * * * * * *   C O D E   B A N K   9   * * * * * * *
                    0000H     5000H                  *** GAP ***
            BANK9   5000H     000FH     UNIT         ?CO?HTMFILES9
            BANK9   500FH     0178H     UNIT         ?PR?_FS_OPEN09?HTMFILES9
            BANK9   5187H     0048H     UNIT         ?PR?_DATACPY09?HTMFILES9
            BANK9   51CFH     0022H     UNIT         ?PR?_GET_TAG09?HTMFILES9

            * * * * * * *  C O D E   B A N K   1 0  * * * * * * *
                    0000H     5000H                  *** GAP ***
            BANK10  5000H     000FH     UNIT         ?CO?HTMFILES10
            BANK10  500FH     0178H     UNIT         ?PR?_FS_OPEN10?HTMFILES10
            BANK10  5187H     0048H     UNIT         ?PR?_DATACPY10?HTMFILES10
            BANK10  51CFH     0022H     UNIT         ?PR?_GET_TAG10?HTMFILES10

            * * * * * * *  C O D E   B A N K   1 1  * * * * * * *
                    0000H     5000H                  *** GAP ***
            BANK11  5000H     000FH     UNIT         ?CO?HTMFILES11
            BANK11  500FH     0178H     UNIT         ?PR?_FS_OPEN11?HTMFILES11
            BANK11  5187H     0048H     UNIT         ?PR?_DATACPY11?HTMFILES11
            BANK11  51CFH     0022H     UNIT         ?PR?_GET_TAG11?HTMFILES11

            * * * * * * *  C O D E   B A N K   1 2  * * * * * * *
                    0000H     5000H                  *** GAP ***
            BANK12  5000H     000FH     UNIT         ?CO?HTMFILES12
            BANK12  500FH     0178H     UNIT         ?PR?_FS_OPEN12?HTMFILES12
            BANK12  5187H     0048H     UNIT         ?PR?_DATACPY12?HTMFILES12
            BANK12  51CFH     0022H     UNIT         ?PR?_GET_TAG12?HTMFILES12

            * * * * * * *  C O D E   B A N K   1 3  * * * * * * *
                    0000H     5000H                  *** GAP ***
            BANK13  5000H     000FH     UNIT         ?CO?HTMFILES13
            BANK13  500FH     0178H     UNIT         ?PR?_FS_OPEN13?HTMFILES13
            BANK13  5187H     0048H     UNIT         ?PR?_DATACPY13?HTMFILES13
            BANK13  51CFH     0022H     UNIT         ?PR?_GET_TAG13?HTMFILES13

            * * * * * * *  C O D E   B A N K   1 4  * * * * * * *
                    0000H     5000H                  *** GAP ***
            BANK14  5000H     000FH     UNIT         ?CO?HTMFILES14
            BANK14  500FH     0178H     UNIT         ?PR?_FS_OPEN14?HTMFILES14
            BANK14  5187H     0048H     UNIT         ?PR?_DATACPY14?HTMFILES14
            BANK14  51CFH     0022H     UNIT         ?PR?_GET_TAG14?HTMFILES14

            * * * * * * *  C O D E   B A N K   1 5  * * * * * * *
                    0000H     5000H                  *** GAP ***
            BANK15  5000H     000FH     UNIT         ?CO?HTMFILES15
            BANK15  500FH     0178H     UNIT         ?PR?_FS_OPEN15?HTMFILES15
            BANK15  5187H     0048H     UNIT         ?PR?_DATACPY15?HTMFILES15
            BANK15  51CFH     0022H     UNIT         ?PR?_GET_TAG15?HTMFILES15



INTRABANK CALL TABLE OF MODULE:  .\obj\NetUART (MAIN)
BL51 BANKED LINKER/LOCATER V5.03                                                      01/30/2013  19:55:46  PAGE 18



ADDRESS    FUNCTION NAME
------------------------
 235EH     NETUARTLOOP
 2363H     WATCHDOGTIMERRESET
 2368H     FU_CHECK
 236DH     IP210_UART_ISR_PROCESS
 2372H     FUU_RUN
 2377H     GATEWAY_MAC_REQ
 237CH     CHECK_RS485
 2381H     CLI_TIMER
 2386H     UDP_TEL_TIMER
 238BH     TELNET_SERVER_TIMEOUT
 2390H     NUC_ON_LOOP
 2395H     RFC_LOOP
 239AH     WRITEETHRX2UART
 239FH     _UDP_INIT
 23A4H     _FS_OPEN00
 23A9H     _DATACPY00
 23AEH     _GET_TAG00
 23B3H     _FS_OPEN01
 23B8H     _DATACPY01
 23BDH     _GET_TAG01
 23C2H     _FS_OPEN02
 23C7H     _DATACPY02
 23CCH     _GET_TAG02
 23D1H     _FS_OPEN03
 23D6H     _DATACPY03
 23DBH     _GET_TAG03
 23E0H     _FS_OPEN04
 23E5H     _DATACPY04
 23EAH     _GET_TAG04
 23EFH     _FS_OPEN05
 23F4H     _DATACPY05
 23F9H     _GET_TAG05
 23FEH     _FS_OPEN06
 2403H     _DATACPY06
 2408H     _GET_TAG06
 240DH     _FS_OPEN07
 2412H     _DATACPY07
 2417H     _GET_TAG07
 241CH     _FS_OPEN08
 2421H     _DATACPY08
 2426H     _GET_TAG08
 242BH     _FS_OPEN09
 2430H     _DATACPY09
 2435H     _GET_TAG09
 243AH     _FS_OPEN10
 243FH     _DATACPY10
 2444H     _GET_TAG10
 2449H     _FS_OPEN11
 244EH     _DATACPY11
 2453H     _GET_TAG11
 2458H     _FS_OPEN12
 245DH     _DATACPY12
 2462H     _GET_TAG12
 2467H     _FS_OPEN13
BL51 BANKED LINKER/LOCATER V5.03                                                      01/30/2013  19:55:46  PAGE 19


 246CH     _DATACPY13
 2471H     _GET_TAG13
 2476H     _FS_OPEN14
 247BH     _DATACPY14
 2480H     _GET_TAG14
 2485H     _FS_OPEN15
 248AH     _DATACPY15
 248FH     _GET_TAG15
 2494H     _SSI_LOGIN
 2499H     _SSI_ERRORMSG
 249EH     _SSI_STATUS
 24A3H     _SSI_SETIP
 24A8H     _SSI_SETPASS
 24ADH     _SSI_UART
 24B2H     _SSI_TELNET
 24B7H     _SSI_SMTP
 24BCH     _SSI_ADC
 24C1H     _SSI_UDP_TEL
 24C6H     _SSI_DIDO
 24CBH     _CGI_LOGIN
 24D0H     _CGI_STATUS
 24D5H     _CGI_RESET
 24DAH     _CGI_SETDEF
 24DFH     _CGI_SETIP
 24E4H     _CGI_SETPASS
 24E9H     _CGI_UART
 24EEH     _CGI_TELNET
 24F3H     _CGI_SMTP
 24F8H     _CGI_ADC
 24FDH     _CGI_UDP_TEL
 2502H     _CGI_DIDO
 2507H     _CGI_FW_UP
 250CH     _CGI_FU_UP
 2511H     UIP_TCPCHKSUM
 2516H     UIP_IPCHKSUM
 251BH     CLEARUARTRXBUF
 2520H     NETUARTINIT
 2525H     CHECK_210
 252AH     UIP_ARP_OUT
 252FH     DNS_UDP_RECEIVE
 2534H     DHCPC_UDP_RECEIVE
 2539H     UDP_TEL_RX
 253EH     UDP_NET_CMD
 2543H     NETUARTONTCPRX
 2548H     NETCMDONTCPRX
 254DH     SMTPONTCPRX
 2552H     NUC_ON_TCP_RX
 2557H     DIDO_TCP_RX_FUN
 255CH     UIP_ARP_INIT
 2561H     DIDO_INIT
 2566H     DHCPCINIT
 256BH     SMTP_INIT
 2570H     NETCMDINIT
 2575H     NUC_INIT
 257AH     CLI_INIT
 257FH     UART_AUTO_SEND
 2584H     LOCALCMD
BL51 BANKED LINKER/LOCATER V5.03                                                      01/30/2013  19:55:46  PAGE 20


 2589H     UIP_ARP_IPIN
 258EH     UIP_ARP_ARPIN
 2593H     UDP_PROCESS
 2598H     NETUARTTIMER
 259DH     NETCMDTIMER
 25A2H     SMTP_CHECK_MAIL
 25A7H     SMTP_TIMER
 25ACH     DHCPCTIMER
 25B1H     UIP_ARP_TIMER
 25B6H     _HEX_TO_ASC
 25BBH     _ASC_TO_HEX
 25C0H     UART_SET_PROPERTY
 25C5H     UART_CLEAR_RTS
 25CAH     _SAVEMODULEINFO2EEPROM
 25CFH     _FS_OPEN
 25D4H     _HTTPD_INIT_FILE
 25D9H     EEPROMLOADDEFAULT
 25DEH     EEPROMERR
 25E3H     _EEPROM_READ_BYTE
 25E8H     NETUARTTELNETCLOSE
 25EDH     _DIDO_READ
 25F2H     _DIDO_WRITE
 25F7H     _UART_TRANSMIT_MULTI
 25FCH     _IP210_ISR_CTRL
 2601H     UDP_GET_DNS
 2606H     _EEPROM_WRITE_BYTE
 260BH     WATCHDOGTIMERINIT
 2610H     WATCHDOGTIMERENABLE
 2615H     UDP_RECEIVE
 261AH     UIP_UDPCHKSUM
 261FH     _CATNETWORKCONFIGMSG
 2624H     _STOUI
 2629H     _UIP_LISTEN
 262EH     _UP2LWR
 2633H     _UIP_UNLISTEN
 2638H     _UIP_CONNECT
 263DH     UART_RX_FIFO_STATUS
 2642H     UART_SET_RTS
 2647H     _UART_RECEIVE_MULTI
 264CH     RE_RORN
 2651H     UART_TX_FIFO_STATUS
 2656H     COMMAND_TYPE
 265BH     _IP210_DMA
 2660H     _UIP_PROCESS
 2665H     CHECKPKTSEND
 266AH     MUIP_SEND
 266FH     _CHG_UIP_BUF
 2674H     _ETHERNETSEND
 2679H     RESTORE_UIP_BUF
 267EH     _UDP_SEND
 2683H     GETDEVICEID
 2688H     MAIN



SYMBOL TABLE OF MODULE:  .\obj\NetUART (MAIN)

BL51 BANKED LINKER/LOCATER V5.03                                                      01/30/2013  19:55:46  PAGE 21


  VALUE           TYPE          NAME
  ----------------------------------

  -------         MODULE        MAIN
  C:0000H         SYMBOL        _ICE_DUMMY_
  D:0080H         PUBLIC        P0
  D:0090H         PUBLIC        P1
 C1:DFE8H         PUBLIC        _Delay0
  D:00A0H         PUBLIC        P2
  D:00B0H         PUBLIC        P3
  D:00E8H         PUBLIC        P4
  B:00D8H.1       PUBLIC        WDTEN
  B:00A8H.7       PUBLIC        EA
  D:00DAH         PUBLIC        OUTPUTEN
  D:00A8H         PUBLIC        IE
  D:00B8H         PUBLIC        IP
  B:0098H.0       PUBLIC        RI
  B:0098H.1       PUBLIC        TI
 C1:D407H         PUBLIC        main
 C1:E121H         PUBLIC        flashLed
  B:00D8H.3       PUBLIC        WDT_DIS
  D:0099H         PUBLIC        SBUF
  D:0098H         PUBLIC        SCON
  D:0089H         PUBLIC        TMOD
  D:0088H         PUBLIC        TCON
  X:385CH         PUBLIC        led_status
 C1:E0E4H         PUBLIC        getch2
  C:2F3BH         SYMBOL        _?ix1000
  C:2F42H         SYMBOL        _?ix1001
 C1:BD80H         PUBLIC        NetworkConfig
  X:385EH         PUBLIC        MODE_TYPE
  D:008CH         PUBLIC        TH0
  D:008AH         PUBLIC        TL0
  D:00D8H         PUBLIC        WDTCON
  B:0088H.4       PUBLIC        TR0
  D:00C8H         PUBLIC        T2CON
 C1:C6C8H         PUBLIC        Kbhit_EE_Load_Default
 C1:8D48H         PUBLIC        _CatNetworkConfigMsg
  D:00D0H         PUBLIC        PSW

  -------         PROC BANK=1   _CATNETWORKCONFIGMSG
  X:36F9H         SYMBOL        Msg
  X:36FCH         SYMBOL        endl
  -------         DO            
  X:36FFH         SYMBOL        i
  -------         ENDDO         
 C1:8D48H         LINE#         60
 C1:8D53H         LINE#         61
 C1:8D53H         LINE#         64
 C1:8D9FH         LINE#         65
 C1:8DEAH         LINE#         66
 C1:8DEFH         LINE#         67
 C1:8DEFH         LINE#         68
 C1:8E34H         LINE#         69
 C1:8E40H         LINE#         71
 C1:8E43H         LINE#         88
 C1:8EC6H         LINE#         89
BL51 BANKED LINKER/LOCATER V5.03                                                      01/30/2013  19:55:46  PAGE 22


 C1:8F49H         LINE#         90
 C1:8FCCH         LINE#         92
 C1:8FCFH         LINE#         97
 C1:9052H         LINE#         98
  -------         ENDPROC       _CATNETWORKCONFIGMSG

  -------         PROC BANK=1   NETWORKCONFIG
  -------         DO            
  D:0006H         SYMBOL        i
  -------         ENDDO         
 C1:BD80H         LINE#         102
 C1:BD80H         LINE#         103
 C1:BD80H         LINE#         106
 C1:BD83H         LINE#         107
 C1:BD83H         LINE#         108
 C1:BD9BH         LINE#         109
 C1:BDA6H         LINE#         110
 C1:BDB8H         LINE#         111
 C1:BDCAH         LINE#         112
 C1:BDDCH         LINE#         113
 C1:BDEEH         LINE#         114
 C1:BE00H         LINE#         115
 C1:BE12H         LINE#         116
 C1:BE24H         LINE#         117
 C1:BE36H         LINE#         119
 C1:BE4EH         LINE#         120
 C1:BE6AH         LINE#         121
  -------         ENDPROC       NETWORKCONFIG

  -------         PROC BANK=1   _DELAY0
  D:0006H         SYMBOL        H
 C1:DFE8H         LINE#         125
 C1:DFE8H         LINE#         126
 C1:DFE8H         LINE#         127
 C1:DFF7H         LINE#         128
 C1:DFF7H         LINE#         129
 C1:DFFAH         LINE#         130
 C1:DFFAH         LINE#         131
 C1:DFFBH         LINE#         132
 C1:DFFDH         LINE#         133
  -------         ENDPROC       _DELAY0

  -------         PROC BANK=1   GETCH2
  -------         DO            
  D:0007H         SYMBOL        a
  -------         ENDDO         
 C1:E0E4H         LINE#         134
 C1:E0E4H         LINE#         135
 C1:E0E4H         LINE#         136
 C1:E0E7H         LINE#         137
 C1:E0E9H         LINE#         138
 C1:E0EBH         LINE#         139
 C1:E0EBH         LINE#         140
  -------         ENDPROC       GETCH2

  -------         PROC BANK=1   KBHIT_EE_LOAD_DEFAULT
  -------         DO            
BL51 BANKED LINKER/LOCATER V5.03                                                      01/30/2013  19:55:46  PAGE 23


  X:349BH         SYMBOL        keyword
  X:34A2H         SYMBOL        cur_type
  X:34A9H         SYMBOL        i
  -------         ENDDO         
 C1:C6C8H         LINE#         142
 C1:C6C8H         LINE#         143
 C1:C6C8H         LINE#         144
 C1:C6CFH         LINE#         145
 C1:C6D5H         LINE#         146
 C1:C6D5H         LINE#         147
 C1:C6E4H         LINE#         148
 C1:C6E4H         LINE#         149
 C1:C6E4H         LINE#         150
 C1:C6EDH         LINE#         151
 C1:C6F0H         LINE#         152
 C1:C6F3H         LINE#         153
 C1:C6F3H         LINE#         154
 C1:C6F3H         LINE#         155
 C1:C6F3H         LINE#         156
 C1:C706H         LINE#         157
 C1:C719H         LINE#         158
 C1:C71FH         LINE#         159
 C1:C734H         LINE#         160
 C1:C734H         LINE#         161
 C1:C734H         LINE#         162
 C1:C749H         LINE#         163
 C1:C749H         LINE#         164
 C1:C758H         LINE#         165
 C1:C75EH         LINE#         166
 C1:C75EH         LINE#         167
 C1:C76DH         LINE#         168
 C1:C783H         LINE#         169
 C1:C793H         LINE#         170
 C1:C793H         LINE#         171
 C1:C793H         LINE#         172
 C1:C79CH         LINE#         173
 C1:C7A5H         LINE#         174
 C1:C7A5H         LINE#         175
 C1:C7A5H         LINE#         176
 C1:C7A5H         LINE#         177
  -------         ENDPROC       KBHIT_EE_LOAD_DEFAULT

  -------         PROC BANK=1   FLASHLED
 C1:E121H         LINE#         186
 C1:E121H         LINE#         187
 C1:E121H         LINE#         203
  -------         ENDPROC       FLASHLED

  -------         PROC BANK=1   MAIN
  -------         DO            
  X:38FAH         SYMBOL        RXFIFO_START
  -------         ENDDO         
 C1:D407H         LINE#         225
 C1:D407H         LINE#         226
 C1:D407H         LINE#         227
 C1:D40DH         LINE#         229
 C1:D40FH         LINE#         230
BL51 BANKED LINKER/LOCATER V5.03                                                      01/30/2013  19:55:46  PAGE 24


 C1:D412H         LINE#         231
 C1:D415H         LINE#         232
 C1:D418H         LINE#         234
 C1:D41AH         LINE#         235
 C1:D41CH         LINE#         240
 C1:D41FH         LINE#         241
 C1:D41FH         LINE#         242
 C1:D422H         LINE#         243
 C1:D425H         LINE#         245
 C1:D427H         LINE#         246
 C1:D429H         LINE#         249
 C1:D42CH         LINE#         250
 C1:D42FH         LINE#         252
 C1:D432H         LINE#         256
 C1:D435H         LINE#         257
 C1:D438H         LINE#         258
 C1:D441H         LINE#         260
 C1:D444H         LINE#         262
 C1:D447H         LINE#         269
 C1:D454H         LINE#         273
 C1:D454H         LINE#         274
 C1:D45BH         LINE#         275
 C1:D45BH         LINE#         278
 C1:D463H         LINE#         280
 C1:D466H         LINE#         289
 C1:D469H         LINE#         293
  -------         ENDPROC       MAIN
  -------         ENDMOD        MAIN

  -------         MODULE        PATCH_INFO
  N:0100H         SYMBOL        EE_LENGTH
  N:0002H         SYMBOL        SIZE_EEAPP_ID
  N:0002H         SYMBOL        SIZE_EECHIP_ID
  C:FFE0H         SYMBOL        _PATCH_INFO
  -------         ENDMOD        PATCH_INFO

  -------         MODULE        EE_PROCESS
  C:0000H         SYMBOL        _ICE_DUMMY_
  D:0090H         PUBLIC        P1
  D:00B0H         PUBLIC        P3
[...]


 C2:B40DH         LINE#         58
 C2:B41EH         LINE#         59
 C2:B430H         LINE#         61
 C2:B430H         LINE#         62
 C2:B453H         LINE#         63
  -------         ENDPROC       _B64ENC

  -------         PROC BANK=2   _B64DEC
  D:0001H         SYMBOL        in
  D:0004H         SYMBOL        inlen
  X:3576H         SYMBOL        out
  -------         DO            
  X:3579H         SYMBOL        t0
  X:357AH         SYMBOL        t1
  X:357BH         SYMBOL        t2
  X:357CH         SYMBOL        t3
  -------         ENDDO         
 C2:B94FH         LINE#         65
 C2:B94FH         LINE#         66
 C2:B94FH         LINE#         67
 C2:B973H         LINE#         68
 C2:B99AH         LINE#         69
 C2:B9C1H         LINE#         70
 C2:B9E8H         LINE#         72
 C2:B9F6H         LINE#         73
 C2:BA15H         LINE#         74
 C2:BA20H         LINE#         75
 C2:BA30H         LINE#         77
 C2:BA30H         LINE#         78
 C2:BA56H         LINE#         79
 C2:BA61H         LINE#         80
 C2:BA67H         LINE#         82
 C2:BA67H         LINE#         83
 C2:BA7AH         LINE#         84
  -------         ENDPROC       _B64DEC

  -------         PROC BANK=2   _B64ENCODE_LEN
  D:0001H         SYMBOL        in
  -------         DO            
  D:0006H         SYMBOL        l
  -------         ENDDO         
 C2:D7E4H         LINE#         86
 C2:D7E4H         LINE#         87
 C2:D7E4H         LINE#         88
 C2:D7E7H         LINE#         89
 C2:D800H         LINE#         90
  -------         ENDPROC       _B64ENCODE_LEN

  -------         PROC BANK=2   _B64DECODE_LEN
  D:0001H         SYMBOL        in
  -------         DO            
  D:0006H         SYMBOL        l
  -------         ENDDO         
 C2:D801H         LINE#         92
 C2:D801H         LINE#         93
 C2:D801H         LINE#         94
 C2:D804H         LINE#         95
BL51 BANKED LINKER/LOCATER V5.03                                                      01/30/2013  19:55:46  PAGE 284


 C2:D819H         LINE#         96
  -------         ENDPROC       _B64DECODE_LEN

  -------         PROC BANK=2   _B64ENCODE_ALLOC
  D:0001H         SYMBOL        in
  -------         DO            
  D:0006H         SYMBOL        l
  X:38CEH         SYMBOL        n
  -------         ENDDO         
 C2:D062H         LINE#         98
 C2:D062H         LINE#         99
 C2:D062H         LINE#         100
 C2:D065H         LINE#         101
 C2:D073H         LINE#         102
 C2:D081H         LINE#         103
 C2:D096H         LINE#         104
 C2:D09EH         LINE#         105
 C2:D0B9H         LINE#         106
 C2:D0BBH         LINE#         107
 C2:D0BBH         LINE#         108
 C2:D0C6H         LINE#         109
  -------         ENDPROC       _B64ENCODE_ALLOC

  -------         PROC BANK=2   _B64ENCODE
  X:36E1H         SYMBOL        in
  X:36E4H         SYMBOL        out
  -------         DO            
  X:36E7H         SYMBOL        inlen
  -------         ENDDO         
 C2:CF82H         LINE#         111
 C2:CF8DH         LINE#         112
 C2:CF8DH         LINE#         113
 C2:CF98H         LINE#         114
 C2:CFAAH         LINE#         115
 C2:CFCDH         LINE#         116
 C2:CFDBH         LINE#         117
 C2:CFE5H         LINE#         118
 C2:CFEFH         LINE#         119
 C2:CFF1H         LINE#         120
  -------         ENDPROC       _B64ENCODE

  -------         PROC BANK=2   _B64DECODE_ALLOC
  D:0001H         SYMBOL        in
  -------         DO            
  D:0006H         SYMBOL        l
  X:38D1H         SYMBOL        n
  -------         ENDDO         
 C2:D3A8H         LINE#         122
 C2:D3A8H         LINE#         123
 C2:D3A8H         LINE#         124
 C2:D3ABH         LINE#         125
 C2:D3B9H         LINE#         126
 C2:D3C7H         LINE#         127
 C2:D3CFH         LINE#         128
 C2:D3E9H         LINE#         129
 C2:D3EBH         LINE#         130
 C2:D3EBH         LINE#         131
BL51 BANKED LINKER/LOCATER V5.03                                                      01/30/2013  19:55:46  PAGE 285


 C2:D3F6H         LINE#         132
  -------         ENDPROC       _B64DECODE_ALLOC

  -------         PROC BANK=2   _B64DECODE
  X:36E9H         SYMBOL        in
  X:36ECH         SYMBOL        out
  -------         DO            
  X:36EFH         SYMBOL        inlen
  -------         ENDDO         
 C2:CFF2H         LINE#         134
 C2:CFFDH         LINE#         135
 C2:D008H         LINE#         136
 C2:D01AH         LINE#         137
 C2:D03DH         LINE#         138
 C2:D04BH         LINE#         139
 C2:D055H         LINE#         140
 C2:D05FH         LINE#         141
 C2:D061H         LINE#         142
  -------         ENDPROC       _B64DECODE
  -------         ENDMOD        BASE64

  -------         MODULE        CRAM_MD5
  C:0000H         SYMBOL        _ICE_DUMMY_
  X:2F3CH         PUBLIC        buf_md5
 C2:D353H         PUBLIC        _cram_md5_decode
 C2:D59FH         PUBLIC        _cram_md5_encode
  X:2FA0H         PUBLIC        _cram_md5_param
 C2:BA86H         PUBLIC        _cram_md5
  -------         PROC          L?0004
  -------         ENDPROC       L?0004

  -------         PROC BANK=2   _CRAM_MD5
  X:357DH         SYMBOL        cram_md5_param
  -------         DO            
  X:3580H         SYMBOL        challenge
  X:3583H         SYMBOL        decoded
  X:3586H         SYMBOL        encoded
  -------         ENDDO         
 C2:BA86H         LINE#         20
 C2:BA91H         LINE#         21
 C2:BA91H         LINE#         26
 C2:BAA5H         LINE#         27
 C2:BAD6H         LINE#         29
 C2:BAF8H         LINE#         31
 C2:BB06H         LINE#         33
 C2:BB2EH         LINE#         35
 C2:BB47H         LINE#         36
 C2:BB6AH         LINE#         37
 C2:BB8CH         LINE#         38
  -------         ENDPROC       _CRAM_MD5

  -------         PROC BANK=2   _CRAM_MD5_ENCODE
  D:0001H         SYMBOL        in
  X:37EAH         SYMBOL        out
 C2:D59FH         LINE#         39
 C2:D59FH         LINE#         40
 C2:D59FH         LINE#         41
BL51 BANKED LINKER/LOCATER V5.03                                                      01/30/2013  19:55:46  PAGE 286


 C2:D5AAH         LINE#         42
 C2:D5B6H         LINE#         43
 C2:D5BDH         LINE#         44
 C2:D5C0H         LINE#         45
  -------         ENDPROC       _CRAM_MD5_ENCODE

  -------         PROC BANK=2   _CRAM_MD5_DECODE
  X:37EDH         SYMBOL        in
  X:37F0H         SYMBOL        out
 C2:D353H         LINE#         48
 C2:D35EH         LINE#         49
 C2:D35EH         LINE#         50
 C2:D36CH         LINE#         51
 C2:D378H         LINE#         52
 C2:D388H         LINE#         53
 C2:D38BH         LINE#         54
  -------         ENDPROC       _CRAM_MD5_DECODE
  -------         ENDMOD        CRAM_MD5

  -------         MODULE        SNMP_TRAP
  C:0000H         SYMBOL        _ICE_DUMMY_
  -------         ENDMOD        SNMP_TRAP

  -------         MODULE        ?C?COPY
  C:0188H         PUBLIC        ?C?COPY
  -------         ENDMOD        ?C?COPY

  -------         MODULE        ?C?CLDPTR
  C:01AEH         PUBLIC        ?C?CLDPTR
  -------         ENDMOD        ?C?CLDPTR

  -------         MODULE        ?C?CLDOPTR
  C:01C7H         PUBLIC        ?C?CLDOPTR
  -------         ENDMOD        ?C?CLDOPTR

  -------         MODULE        ?C?CLDIOPTR
  C:01F4H         PUBLIC        ?C?CLDIOPTR
  -------         ENDMOD        ?C?CLDIOPTR

  -------         MODULE        ?C?CILDPTR
  C:022BH         PUBLIC        ?C?CILDPTR
  -------         ENDMOD        ?C?CILDPTR

  -------         MODULE        ?C?CILDOPTR
  C:024DH         PUBLIC        ?C?CILDOPTR
  -------         ENDMOD        ?C?CILDOPTR

  -------         MODULE        ?C?CSTPTR
  C:0280H         PUBLIC        ?C?CSTPTR
  -------         ENDMOD        ?C?CSTPTR

  -------         MODULE        ?C?CSTOPTR
  C:0292H         PUBLIC        ?C?CSTOPTR
  -------         ENDMOD        ?C?CSTOPTR

  -------         MODULE        ?C?IMUL
  C:02B4H         PUBLIC        ?C?IMUL
BL51 BANKED LINKER/LOCATER V5.03                                                      01/30/2013  19:55:46  PAGE 287


  -------         ENDMOD        ?C?IMUL

  -------         MODULE        ?C?UIDIV
  C:02C6H         PUBLIC        ?C?UIDIV
  -------         ENDMOD        ?C?UIDIV

  -------         MODULE        ?C?SIDIV
  C:031BH         PUBLIC        ?C?SIDIV
  -------         ENDMOD        ?C?SIDIV

  -------         MODULE        ?C?IILDX
  C:0351H         PUBLIC        ?C?IILDX
  -------         ENDMOD        ?C?IILDX

  -------         MODULE        ?C?ILDIX
  C:0367H         PUBLIC        ?C?ILDIX
  -------         ENDMOD        ?C?ILDIX

  -------         MODULE        ?C?ILDPTR
  C:037DH         PUBLIC        ?C?ILDPTR
  -------         ENDMOD        ?C?ILDPTR

  -------         MODULE        ?C?ILDOPTR
  C:03A8H         PUBLIC        ?C?ILDOPTR
  -------         ENDMOD        ?C?ILDOPTR

  -------         MODULE        ?C?IILDPTR
  C:03E0H         PUBLIC        ?C?IILDPTR
  -------         ENDMOD        ?C?IILDPTR

  -------         MODULE        ?C?IILDOPTR
  C:0418H         PUBLIC        ?C?IILDOPTR
  -------         ENDMOD        ?C?IILDOPTR

  -------         MODULE        ?C?ISTPTR
  C:0465H         PUBLIC        ?C?ISTPTR
  -------         ENDMOD        ?C?ISTPTR

  -------         MODULE        ?C?ISTOPTR
  C:0484H         PUBLIC        ?C?ISTOPTR
  -------         ENDMOD        ?C?ISTOPTR

  -------         MODULE        ?C?LMUL
  C:04B1H         PUBLIC        ?C?LMUL
  -------         ENDMOD        ?C?LMUL

  -------         MODULE        ?C?ULDIV
  C:053CH         PUBLIC        ?C?ULDIV
  -------         ENDMOD        ?C?ULDIV

  -------         MODULE        ?C?LNOT
  C:05CEH         PUBLIC        ?C?LNOT
  -------         ENDMOD        ?C?LNOT

  -------         MODULE        ?C?SLCMP
  C:05DBH         PUBLIC        ?C?SLCMP
  -------         ENDMOD        ?C?SLCMP
BL51 BANKED LINKER/LOCATER V5.03                                                      01/30/2013  19:55:46  PAGE 288



  -------         MODULE        ?C?ULCMP
  C:05F1H         PUBLIC        ?C?ULCMP
  -------         ENDMOD        ?C?ULCMP

  -------         MODULE        ?C?ULSHR
  C:0602H         PUBLIC        ?C?ULSHR
  -------         ENDMOD        ?C?ULSHR

  -------         MODULE        ?C?LSHL
  C:0615H         PUBLIC        ?C?LSHL
  -------         ENDMOD        ?C?LSHL

  -------         MODULE        ?C?LLDPTR
  C:0628H         PUBLIC        ?C?LLDPTR
  -------         ENDMOD        ?C?LLDPTR

  -------         MODULE        ?C?LLDOPTR
  C:0648H         PUBLIC        ?C?LLDOPTR
  -------         ENDMOD        ?C?LLDOPTR

  -------         MODULE        ?C?LSTPTR
  C:0678H         PUBLIC        ?C?LSTPTR
  -------         ENDMOD        ?C?LSTPTR

  -------         MODULE        ?C?LSTOPTR
  C:0692H         PUBLIC        ?C?LSTOPTR
  -------         ENDMOD        ?C?LSTOPTR

  -------         MODULE        ?C?LLDPTR0
  C:06B6H         PUBLIC        ?C?LLDPTR0
  -------         ENDMOD        ?C?LLDPTR0

  -------         MODULE        ?C?LLDIXDATA
  C:06DFH         PUBLIC        ?C?LLDIXDATA
  C:06D6H         PUBLIC        ?C?LLDIXDATA1
  C:06D8H         PUBLIC        ?C?LLDIXDATA8
  -------         ENDMOD        ?C?LLDIXDATA

  -------         MODULE        ?C?LSTXDATA
  C:070BH         PUBLIC        ?C?LSTXDATA
  -------         ENDMOD        ?C?LSTXDATA

  -------         MODULE        ?C?LSTKXDATA
  C:0717H         PUBLIC        ?C?LSTKXDATA
  -------         ENDMOD        ?C?LSTKXDATA

  -------         MODULE        ?C?LSTKOPTR
  C:0748H         PUBLIC        ?C?LSTKOPTR
  -------         ENDMOD        ?C?LSTKOPTR

  -------         MODULE        ?C?OFFX256
  C:076CH         PUBLIC        ?C?OFFX256
  -------         ENDMOD        ?C?OFFX256

  -------         MODULE        ?C?OFFXADD
  C:077DH         PUBLIC        ?C?OFFXADD
BL51 BANKED LINKER/LOCATER V5.03                                                      01/30/2013  19:55:46  PAGE 289


  -------         ENDMOD        ?C?OFFXADD

  -------         MODULE        ?C?PLDPTR
  C:0789H         PUBLIC        ?C?PLDPTR
  -------         ENDMOD        ?C?PLDPTR

  -------         MODULE        ?C?PSTPTR
  C:07A9H         PUBLIC        ?C?PSTPTR
  -------         ENDMOD        ?C?PSTPTR

  -------         MODULE        ?C?PLDOPTR
  C:07F8H         PUBLIC        ?C?PLDOPTR
  -------         ENDMOD        ?C?PLDOPTR

  -------         MODULE        ?C?PSTOPTR
  C:0828H         PUBLIC        ?C?PSTOPTR
  -------         ENDMOD        ?C?PSTOPTR

  -------         MODULE        ?C?CCASE
  C:0881H         PUBLIC        ?C?CCASE
  -------         ENDMOD        ?C?CCASE

  -------         MODULE        ?C?ICASE
  C:08A7H         PUBLIC        ?C?ICASE
  -------         ENDMOD        ?C?ICASE

  -------         MODULE        ?C?ICALL
  C:08D4H         PUBLIC        ?C?ICALL
  C:08D8H         PUBLIC        ?C?ICALL2
  -------         ENDMOD        ?C?ICALL

  -------         MODULE        PRINTF
  X:3310H         PUBLIC        ?_PRINTF517?BYTE
  X:3310H         PUBLIC        ?_PRINTF?BYTE
  X:3310H         PUBLIC        ?_SPRINTF517?BYTE
  X:3310H         PUBLIC        ?_SPRINTF?BYTE
  C:2AD4H         PUBLIC        _PRINTF
  C:2AD4H         PUBLIC        _PRINTF517
  C:2ACEH         PUBLIC        _SPRINTF
  C:2ACEH         PUBLIC        _SPRINTF517
  -------         ENDMOD        PRINTF

  -------         MODULE        RAND
  X:3858H         PUBLIC        ?SRAND?BYTE
  C:000EH         PUBLIC        RAND
  C:0041H         PUBLIC        _SRAND
  -------         ENDMOD        RAND

  -------         MODULE        SCANF
  X:3267H         PUBLIC        ?_SCANF517?BYTE
  X:3267H         PUBLIC        ?_SCANF?BYTE
  X:3267H         PUBLIC        ?_SSCANF517?BYTE
  X:3267H         PUBLIC        ?_SSCANF?BYTE
  C:1D34H         PUBLIC        _SCANF
  C:1D34H         PUBLIC        _SCANF517
  C:1D30H         PUBLIC        _SSCANF
  C:1D30H         PUBLIC        _SSCANF517
BL51 BANKED LINKER/LOCATER V5.03                                                      01/30/2013  19:55:46  PAGE 290


  -------         ENDMOD        SCANF

  -------         MODULE        STRCAT
  X:365FH         PUBLIC        ?_strcat?BYTE
  C:3AD8H         PUBLIC        _strcat
  -------         ENDMOD        STRCAT

  -------         MODULE        ?C?STRCMP
  C:0A62H         PUBLIC        ?C?STRCMP
  -------         ENDMOD        ?C?STRCMP

  -------         MODULE        STRNCMP
  X:36F1H         PUBLIC        ?_strncmp?BYTE
  C:39F4H         PUBLIC        _strncmp
  -------         ENDMOD        STRNCMP

  -------         MODULE        ?C?STRCPY
  C:0B4BH         PUBLIC        ?C?STRCPY
  -------         ENDMOD        ?C?STRCPY

  -------         MODULE        STRLEN
  C:3DD1H         PUBLIC        _STRLEN
  -------         ENDMOD        STRLEN

  -------         MODULE        STRCHR
  C:3D84H         PUBLIC        _STRCHR
  -------         ENDMOD        STRCHR

  -------         MODULE        STRCSPN
  X:3668H         PUBLIC        ?_strcspn?BYTE
  C:3973H         PUBLIC        _strcspn
  -------         ENDMOD        STRCSPN

  -------         MODULE        ATOL
  C:3289H         PUBLIC        _atol
  -------         ENDMOD        ATOL

  -------         MODULE        ATOI
  C:3477H         PUBLIC        _atoi
  -------         ENDMOD        ATOI

  -------         MODULE        ?C?MEMCMP
  C:0CEEH         PUBLIC        ?C?MEMCMP
  -------         ENDMOD        ?C?MEMCMP

  -------         MODULE        ?C?MEMSET
  C:0D12H         PUBLIC        ?C?MEMSET
  -------         ENDMOD        ?C?MEMSET

  -------         MODULE        ?C?LNEG
  C:0D3EH         PUBLIC        ?C?LNEG
  -------         ENDMOD        ?C?LNEG

  -------         MODULE        ?C?LLDIDATA
  C:0D4CH         PUBLIC        ?C?LLDIDATA
  -------         ENDMOD        ?C?LLDIDATA

BL51 BANKED LINKER/LOCATER V5.03                                                      01/30/2013  19:55:46  PAGE 291


  -------         MODULE        ?C?LLDXDATA
  C:0D58H         PUBLIC        ?C?LLDXDATA
  -------         ENDMOD        ?C?LLDXDATA

  -------         MODULE        ?C?LLDPDATA
  C:0D64H         PUBLIC        ?C?LLDPDATA
  -------         ENDMOD        ?C?LLDPDATA

  -------         MODULE        ?C?LLDCODE
  C:0D70H         PUBLIC        ?C?LLDCODE
  -------         ENDMOD        ?C?LLDCODE

  -------         MODULE        ?C?LLDIDATA0
  C:0D80H         PUBLIC        ?C?LLDIDATA0
  -------         ENDMOD        ?C?LLDIDATA0

  -------         MODULE        ?C?LLDXDATA0
  C:0D8DH         PUBLIC        ?C?LLDXDATA0
  -------         ENDMOD        ?C?LLDXDATA0

  -------         MODULE        ?C?LLDPDATA0
  C:0D99H         PUBLIC        ?C?LLDPDATA0
  -------         ENDMOD        ?C?LLDPDATA0

  -------         MODULE        ?C?LLDCODE0
  C:0DA6H         PUBLIC        ?C?LLDCODE0
  -------         ENDMOD        ?C?LLDCODE0

  -------         MODULE        ?C?LSTIDATA
  C:0DB6H         PUBLIC        ?C?LSTIDATA
  -------         ENDMOD        ?C?LSTIDATA

  -------         MODULE        ?C?LSTPDATA
  C:0DC2H         PUBLIC        ?C?LSTPDATA
  -------         ENDMOD        ?C?LSTPDATA

  -------         MODULE        ?C?LSTKIDATA
  C:0DCEH         PUBLIC        ?C?LSTKIDATA
  -------         ENDMOD        ?C?LSTKIDATA

  -------         MODULE        ?C?LSTKPDATA
  C:0DE7H         PUBLIC        ?C?LSTKPDATA
  -------         ENDMOD        ?C?LSTKPDATA

  -------         MODULE        ?C?PLDIDATA
  C:0E00H         PUBLIC        ?C?PLDIDATA
  -------         ENDMOD        ?C?PLDIDATA

  -------         MODULE        ?C?PSTIDATA
  C:0E09H         PUBLIC        ?C?PSTIDATA
  -------         ENDMOD        ?C?PSTIDATA

  -------         MODULE        ?C?PLDXDATA
  C:0E12H         PUBLIC        ?C?PLDXDATA
  -------         ENDMOD        ?C?PLDXDATA

  -------         MODULE        ?C?PLDIXDATA
BL51 BANKED LINKER/LOCATER V5.03                                                      01/30/2013  19:55:46  PAGE 292


  C:0E1BH         PUBLIC        ?C?PLDIXDATA
  -------         ENDMOD        ?C?PLDIXDATA

  -------         MODULE        ?C?PILDXDATA
  C:0E32H         PUBLIC        ?C?PILDXDATA
  -------         ENDMOD        ?C?PILDXDATA

  -------         MODULE        ?C?PSTXDATA
  C:0E49H         PUBLIC        ?C?PSTXDATA
  -------         ENDMOD        ?C?PSTXDATA

  -------         MODULE        ?C?PLDPDATA
  C:0E52H         PUBLIC        ?C?PLDPDATA
  -------         ENDMOD        ?C?PLDPDATA

  -------         MODULE        ?C?PSTPDATA
  C:0E5BH         PUBLIC        ?C?PSTPDATA
  -------         ENDMOD        ?C?PSTPDATA

  -------         MODULE        ?C?PLDCODE
  C:0E64H         PUBLIC        ?C?PLDCODE
  -------         ENDMOD        ?C?PLDCODE

  -------         MODULE        PUTCHAR
  C:3CEBH         PUBLIC        _PUTCHAR
  -------         ENDMOD        PUTCHAR

  -------         MODULE        GETCHAR
  B:0027H.1       PUBLIC        ?C?CHARLOADED
  X:3909H         PUBLIC        ?_UNGETCHAR?BYTE
  C:3DFAH         PUBLIC        GETCHAR
  -------         ENDMOD        GETCHAR

  -------         MODULE        UNGETC
  C:3E9CH         PUBLIC        _UNGETCHAR
  -------         ENDMOD        UNGETC

  -------         MODULE        ISDIGIT
  C:3E64H         PUBLIC        _isdigit
  -------         ENDMOD        ISDIGIT

  -------         MODULE        ISSPACE
  C:3E0EH         PUBLIC        _isspace
  -------         ENDMOD        ISSPACE

  -------         MODULE        _GETKEY
  C:3E8AH         PUBLIC        _GETKEY
  -------         ENDMOD        _GETKEY

Program Size: data=99.2 xdata=14602 code=192322
LINK/LOCATE RUN COMPLETE.  0 WARNING(S),  0 ERROR(S)
