BL51 BANKED LINKER/LOCATER V6.00                                                        12/23/2015  16:04:37  PAGE 1


BL51 BANKED LINKER/LOCATER V6.00, INVOKED BY:
C:\KEIL\C51\BIN\BL51.EXE BANK1 {.\obj\main.obj}, BANK1 {.\obj\patch_info.obj}, BANK1 {.\obj\ee_process.obj}, BANK0 {.\ob
>> j\firmware_rev.obj}, COMMON {.\obj\L51_BANK.obj}, COMMON {.\obj\STARTUP.obj}, BANK1 {.\obj\ee_default.obj}, BANK1 {.\
>> obj\dma.obj}, BANK1 {.\obj\eeprom.obj}, BANK1 {.\obj\serial.obj}, BANK1 {.\obj\MACdriver.obj}, BANK1 {.\obj\timer.obj
>> }, BANK1 {.\obj\uart.obj}, BANK1 {.\obj\MDC_MDIO.obj}, BANK1 {.\obj\os_cbk.obj}, BANK1 {.\obj\vtag.obj}, BANK1 {.\obj
>> \fs.obj}, BANK0 {.\obj\htmfiles0.obj}, BANK1 {.\obj\htmfiles1.obj}, BANK2 {.\obj\htmfiles2.obj}, BANK3 {.\obj\htmfile
>> s3.obj}, BANK4 {.\obj\htmfiles4.obj}, BANK5 {.\obj\htmfiles5.obj}, BANK6 {.\obj\htmfiles6.obj}, BANK7 {.\obj\htmfiles
>> 7.obj}, BANK1 {.\obj\uip.obj}, BANK6 {.\obj\uip_arp.obj}, BANK1 {.\obj\muip.obj}, BANK1 {.\obj\cgi.obj}, BANK1 {.\obj
>> \cgiutil.obj}, BANK1 {.\obj\challenge.obj}, BANK1 {.\obj\cookie.obj}, BANK1 {.\obj\httpd.obj}, BANK1 {.\obj\applicati
>> on.obj}, BANK1 {.\obj\httpd_app.obj}, BANK5 {.\obj\checksum.obj}, BANK1 {.\obj\loginCbk.obj}, BANK1 {.\obj\errormsgCb
>> k.obj}, BANK2 {.\obj\uartCbk.obj}, BANK2 {.\obj\telnetCbk.obj}, BANK5 {.\obj\setDefCbk.obj}, BANK1 {.\obj\setIPCbk.ob
>> j}, BANK1 {.\obj\setPASSCbk.obj}, BANK1 {.\obj\statusCbk.obj}, BANK1 {.\obj\smtpCbk.obj}, BANK1 {.\obj\fw_upCbk.obj},
>>  BANK5 {.\obj\adcCbk.obj}, BANK5 {.\obj\udp_telCbk.obj}, BANK1 {.\obj\didoCbk.obj}, BANK6 {.\obj\CommandLine.obj}, BA
>> NK1 {.\obj\utility.obj}, BANK2 {.\obj\telnet.obj}, BANK2 {.\obj\udp.obj}, BANK2 {.\obj\dhcpc.obj}, BANK2 {.\obj\net_u
>> art.obj}, BANK2 {.\obj\gpio.obj}, BANK2 {.\obj\dns.obj}, BANK2 {.\obj\wdg.obj}, BANK2 {.\obj\udp_tel.obj}, BANK2 {.\o
>> bj\netuart_ctrl.obj}, BANK5 {.\obj\dido.obj}, BANK5 {.\obj\net_cmd.obj}, BANK2 {.\obj\smtp.obj}, BANK2 {.\obj\base64.
>> obj}, BANK2 {.\obj\cram_md5.obj}, BANK2 {.\obj\snmp_trap.obj} TO .\obj\NetUART BANKAREA (0X5000, 0XFF00) PRINT (.\Net
>> UART.m51) RAMSIZE (256) NOOVERLAY, BANK0 (?CO?HTMFILES0 (0X5000), ?CO?FIRMWARE_REV (0X6000)) BANK1 (?CO?HTMFILES1 (0X
>> 5000)) BANK2 (?CO?HTMFILES2 (0X5000)) BANK3 (?CO?HTMFILES3 (0X5000)) BANK4 (?CO?HTMFILES4 (0X5000)) BANK5 (?CO?HTMFIL
>> ES5 (0X5000)) BANK6 (?CO?HTMFILES6 (0X5000)) BANK7 (?CO?HTMFILES7 (0X5000)) CODE (0X0000-0X4FFF) XDATA (0X0000-0X3AFF
>> )


MEMORY MODEL: LARGE


INPUT MODULES INCLUDED:
  .\obj\main.obj (MAIN)
  .\obj\patch_info.obj (PATCH_INFO)
  .\obj\ee_process.obj (EE_PROCESS)
  .\obj\firmware_rev.obj (FIRMWARE_REV)
  .\obj\L51_BANK.obj (?BANK?SWITCHING)
  .\obj\STARTUP.obj (?C_STARTUP)
  .\obj\ee_default.obj (EE_DEFAULT)
  .\obj\dma.obj (DMA)
  .\obj\eeprom.obj (EEPROM)
  .\obj\serial.obj (SERIAL)
  .\obj\MACdriver.obj (MACDRIVER)
  .\obj\timer.obj (TIMER)
  .\obj\uart.obj (UART)
  .\obj\MDC_MDIO.obj (MDC_MDIO)
  .\obj\os_cbk.obj (OS_CBK)
  .\obj\vtag.obj (VTAG)
  .\obj\fs.obj (FS)
  .\obj\htmfiles0.obj (HTMFILES0)
  .\obj\htmfiles1.obj (HTMFILES1)
  .\obj\htmfiles2.obj (HTMFILES2)
  .\obj\htmfiles3.obj (HTMFILES3)
  .\obj\htmfiles4.obj (HTMFILES4)
  .\obj\htmfiles5.obj (HTMFILES5)
  .\obj\htmfiles6.obj (HTMFILES6)
  .\obj\htmfiles7.obj (HTMFILES7)
  .\obj\uip.obj (UIP)
  .\obj\uip_arp.obj (UIP_ARP)
  .\obj\muip.obj (MUIP)
  .\obj\cgi.obj (CGI)
  .\obj\cgiutil.obj (CGIUTIL)
  .\obj\challenge.obj (CHALLENGE)
BL51 BANKED LINKER/LOCATER V6.00                                                      12/23/2015  16:04:37  PAGE 2


  .\obj\cookie.obj (COOKIE)
  .\obj\httpd.obj (HTTPD)
  .\obj\application.obj (APPLICATION)
  .\obj\httpd_app.obj (HTTPD_APP)
  .\obj\checksum.obj (CHECKSUM)
  .\obj\loginCbk.obj (LOGINCBK)
  .\obj\errormsgCbk.obj (ERRORMSGCBK)
  .\obj\uartCbk.obj (UARTCBK)
  .\obj\telnetCbk.obj (TELNETCBK)
  .\obj\setDefCbk.obj (SETDEFCBK)
  .\obj\setIPCbk.obj (SETIPCBK)
  .\obj\setPASSCbk.obj (SETPASSCBK)
  .\obj\statusCbk.obj (STATUSCBK)
  .\obj\smtpCbk.obj (SMTPCBK)
  .\obj\fw_upCbk.obj (FW_UPCBK)
  .\obj\adcCbk.obj (ADCCBK)
  .\obj\udp_telCbk.obj (UDP_TELCBK)
  .\obj\didoCbk.obj (DIDOCBK)
  .\obj\CommandLine.obj (COMMANDLINE)
  .\obj\utility.obj (UTILITY)
  .\obj\telnet.obj (TELNET)
  .\obj\udp.obj (UDP)
  .\obj\dhcpc.obj (DHCPC)
  .\obj\net_uart.obj (NET_UART)
  .\obj\gpio.obj (GPIO)
  .\obj\dns.obj (DNS)
  .\obj\wdg.obj (WDG)
  .\obj\udp_tel.obj (UDP_TEL)
  .\obj\netuart_ctrl.obj (NETUART_CTRL)
  .\obj\dido.obj (DIDO)
  .\obj\net_cmd.obj (NET_CMD)
  .\obj\smtp.obj (SMTP)
  .\obj\base64.obj (BASE64)
  .\obj\cram_md5.obj (CRAM_MD5)
  .\obj\snmp_trap.obj (SNMP_TRAP)
  C:\KEIL\C51\LIB\C51L.LIB (?C_INIT)
  C:\KEIL\C51\LIB\C51L.LIB (?C?COPY)
  C:\KEIL\C51\LIB\C51L.LIB (?C?CLDPTR)
  C:\KEIL\C51\LIB\C51L.LIB (?C?CLDOPTR)
  C:\KEIL\C51\LIB\C51L.LIB (?C?CLDIOPTR)
  C:\KEIL\C51\LIB\C51L.LIB (?C?CILDPTR)
  C:\KEIL\C51\LIB\C51L.LIB (?C?CILDOPTR)
  C:\KEIL\C51\LIB\C51L.LIB (?C?CSTPTR)
  C:\KEIL\C51\LIB\C51L.LIB (?C?CSTOPTR)
  C:\KEIL\C51\LIB\C51L.LIB (?C?IMUL)
  C:\KEIL\C51\LIB\C51L.LIB (?C?UIDIV)
  C:\KEIL\C51\LIB\C51L.LIB (?C?SIDIV)
  C:\KEIL\C51\LIB\C51L.LIB (?C?IILDX)
  C:\KEIL\C51\LIB\C51L.LIB (?C?ILDIX)
  C:\KEIL\C51\LIB\C51L.LIB (?C?ILDPTR)
  C:\KEIL\C51\LIB\C51L.LIB (?C?ILDOPTR)
  C:\KEIL\C51\LIB\C51L.LIB (?C?IILDPTR)
  C:\KEIL\C51\LIB\C51L.LIB (?C?IILDOPTR)
  C:\KEIL\C51\LIB\C51L.LIB (?C?ISTPTR)
  C:\KEIL\C51\LIB\C51L.LIB (?C?ISTOPTR)
  C:\KEIL\C51\LIB\C51L.LIB (?C?LMUL)
  C:\KEIL\C51\LIB\C51L.LIB (?C?ULDIV)
BL51 BANKED LINKER/LOCATER V6.00                                                      12/23/2015  16:04:37  PAGE 3


  C:\KEIL\C51\LIB\C51L.LIB (?C?LNOT)
  C:\KEIL\C51\LIB\C51L.LIB (?C?SLCMP)
  C:\KEIL\C51\LIB\C51L.LIB (?C?ULCMP)
  C:\KEIL\C51\LIB\C51L.LIB (?C?ULSHR)
  C:\KEIL\C51\LIB\C51L.LIB (?C?LSHL)
  C:\KEIL\C51\LIB\C51L.LIB (?C?LLDPTR)
  C:\KEIL\C51\LIB\C51L.LIB (?C?LLDOPTR)
  C:\KEIL\C51\LIB\C51L.LIB (?C?LSTPTR)
  C:\KEIL\C51\LIB\C51L.LIB (?C?LSTOPTR)
  C:\KEIL\C51\LIB\C51L.LIB (?C?LLDPTR0)
  C:\KEIL\C51\LIB\C51L.LIB (?C?LLDIXDATA)
  C:\KEIL\C51\LIB\C51L.LIB (?C?LSTXDATA)
  C:\KEIL\C51\LIB\C51L.LIB (?C?LSTKXDATA)
  C:\KEIL\C51\LIB\C51L.LIB (?C?LSTKOPTR)
  C:\KEIL\C51\LIB\C51L.LIB (?C?OFFXADD)
  C:\KEIL\C51\LIB\C51L.LIB (?C?PLDPTR)
  C:\KEIL\C51\LIB\C51L.LIB (?C?PSTPTR)
  C:\KEIL\C51\LIB\C51L.LIB (?C?PLDOPTR)
  C:\KEIL\C51\LIB\C51L.LIB (?C?PSTOPTR)
  C:\KEIL\C51\LIB\C51L.LIB (?C?CCASE)
  C:\KEIL\C51\LIB\C51L.LIB (?C?ICASE)
  C:\KEIL\C51\LIB\C51L.LIB (?C?ICALL)
  C:\KEIL\C51\LIB\C51L.LIB (PRINTF)
  C:\KEIL\C51\LIB\C51L.LIB (RAND)
  C:\KEIL\C51\LIB\C51L.LIB (SCANF)
  C:\KEIL\C51\LIB\C51L.LIB (STRCAT)
  C:\KEIL\C51\LIB\C51L.LIB (?C?STRCMP)
  C:\KEIL\C51\LIB\C51L.LIB (STRNCMP)
  C:\KEIL\C51\LIB\C51L.LIB (?C?STRCPY)
  C:\KEIL\C51\LIB\C51L.LIB (STRLEN)
  C:\KEIL\C51\LIB\C51L.LIB (STRCHR)
  C:\KEIL\C51\LIB\C51L.LIB (STRCSPN)
  C:\KEIL\C51\LIB\C51L.LIB (ATOL)
  C:\KEIL\C51\LIB\C51L.LIB (ATOI)
  C:\KEIL\C51\LIB\C51L.LIB (?C?MEMCMP)
  C:\KEIL\C51\LIB\C51L.LIB (?C?MEMSET)
  C:\KEIL\C51\LIB\C51L.LIB (?C?LNEG)
  C:\KEIL\C51\LIB\C51L.LIB (?C?LLDIDATA)
  C:\KEIL\C51\LIB\C51L.LIB (?C?LLDXDATA)
  C:\KEIL\C51\LIB\C51L.LIB (?C?LLDPDATA)
  C:\KEIL\C51\LIB\C51L.LIB (?C?LLDCODE)
  C:\KEIL\C51\LIB\C51L.LIB (?C?LLDIDATA0)
  C:\KEIL\C51\LIB\C51L.LIB (?C?LLDXDATA0)
  C:\KEIL\C51\LIB\C51L.LIB (?C?LLDPDATA0)
  C:\KEIL\C51\LIB\C51L.LIB (?C?LLDCODE0)
  C:\KEIL\C51\LIB\C51L.LIB (?C?LSTIDATA)
  C:\KEIL\C51\LIB\C51L.LIB (?C?LSTPDATA)
  C:\KEIL\C51\LIB\C51L.LIB (?C?LSTKIDATA)
  C:\KEIL\C51\LIB\C51L.LIB (?C?LSTKPDATA)
  C:\KEIL\C51\LIB\C51L.LIB (?C?PLDIDATA)
  C:\KEIL\C51\LIB\C51L.LIB (?C?PSTIDATA)
  C:\KEIL\C51\LIB\C51L.LIB (?C?PLDXDATA)
  C:\KEIL\C51\LIB\C51L.LIB (?C?PLDIXDATA)
  C:\KEIL\C51\LIB\C51L.LIB (?C?PILDXDATA)
  C:\KEIL\C51\LIB\C51L.LIB (?C?PSTXDATA)
  C:\KEIL\C51\LIB\C51L.LIB (?C?PLDPDATA)
  C:\KEIL\C51\LIB\C51L.LIB (?C?PSTPDATA)
BL51 BANKED LINKER/LOCATER V6.00                                                      12/23/2015  16:04:37  PAGE 4


  C:\KEIL\C51\LIB\C51L.LIB (?C?PLDCODE)
  C:\KEIL\C51\LIB\C51L.LIB (PUTCHAR)
  C:\KEIL\C51\LIB\C51L.LIB (GETCHAR)
  C:\KEIL\C51\LIB\C51L.LIB (UNGETC)
  C:\KEIL\C51\LIB\C51L.LIB (ISDIGIT)
  C:\KEIL\C51\LIB\C51L.LIB (ISSPACE)
  C:\KEIL\C51\LIB\C51L.LIB (_GETKEY)


LINK MAP OF MODULE:  .\obj\NetUART (MAIN)


            TYPE    BASE      LENGTH    RELOCATION   SEGMENT NAME
            -----------------------------------------------------

            * * * * * * *   D A T A   M E M O R Y   * * * * * * *
            REG     0000H     0008H     ABSOLUTE     "REG BANK 0"
            DATA    0008H     0018H     ABSOLUTE     
            BIT     0020H.0   0005H.0   ABSOLUTE     
            BIT     0025H.0   0001H.1   UNIT         ?BI?PRINTF?PRINTF
            BIT     0026H.1   0000H.6   UNIT         ?BI?SCANF?SCANF
            BIT     0026H.7   0000H.1   UNIT         ?BI?_ATOL?ATOL
            BIT     0027H.0   0000H.1   UNIT         ?BI?_ATOI?ATOI
            BIT     0027H.1   0000H.1   UNIT         ?BI?GETCHAR
                    0027H.2   0000H.6                *** GAP ***
            DATA    0028H     0005H     UNIT         ?DT?PRINTF?PRINTF
            DATA    002DH     0001H     UNIT         ?BANK?DATA
                    002EH     0002H                  *** GAP ***
            DATA    0030H     0030H     ABSOLUTE     
            DATA    0060H     0005H     UNIT         ?DT?SCANF?SCANF
            IDATA   0065H     0001H     UNIT         ?STACK

            * * * * * * *  X D A T A   M E M O R Y  * * * * * * *
            XDATA   0000H     0D7FH     UNIT         ?XD?HTTPD
            XDATA   0D7FH     0A7FH     UNIT         ?XD?UIP
            XDATA   17FEH     0720H     UNIT         ?XD?EE_PROCESS
            XDATA   1F1EH     0608H     UNIT         ?XD?MUIP
            XDATA   2526H     01E3H     UNIT         ?XD?HTMFILES3
            XDATA   2709H     0188H     UNIT         ?XD?BASE64
            XDATA   2891H     0155H     UNIT         ?XD?SMTP
            XDATA   29E6H     0100H     UNIT         ?XD?UIP_ARP
            XDATA   2AE6H     00D7H     UNIT         ?XD?NET_CMD
            XDATA   2BBDH     00A8H     UNIT         ?XD?TELNET
            XDATA   2C65H     00A5H     UNIT         ?XD?UART
            XDATA   2D0AH     0092H     UNIT         ?XD?NET_UART
            XDATA   2D9CH     007DH     UNIT         ?XD?COM_PORT_OPTION?NET_UART
            XDATA   2E19H     0073H     UNIT         ?XD?_CGI_SMTP?SMTPCBK
            XDATA   2E8CH     0073H     UNIT         ?XD?CRAM_MD5
            XDATA   2EFFH     0067H     UNIT         ?XD?_SSI_SMTP?SMTPCBK
            XDATA   2F66H     0067H     UNIT         ?XD?_SMTP_SEND_AUTH_ID_PW?SMTP
            XDATA   2FCDH     005CH     UNIT         ?XD?SMTP_SEND_MAILBODY?SMTP
            XDATA   3029H     005AH     UNIT         ?XD?UDP_TEL
            XDATA   3083H     0050H     UNIT         ?XD?FS
            XDATA   30D3H     004BH     UNIT         ?XD?COMMAND_SETTING?COMMANDLINE
            XDATA   311EH     0049H     UNIT         ?XD?COMMANDLINE
            XDATA   3167H     003DH     UNIT         ?XD?NETCMD?NET_CMD
            XDATA   31A4H     0033H     UNIT         ?XD?_CGI_LOGIN?LOGINCBK
BL51 BANKED LINKER/LOCATER V6.00                                                      12/23/2015  16:04:37  PAGE 5


            XDATA   31D7H     002EH     UNIT         ?XD?SCANF?SCANF
            XDATA   3205H     0029H     UNIT         ?XD?APPLICATION
            XDATA   322EH     0029H     UNIT         ?XD?_SSI_UDP_TEL?UDP_TELCBK
            XDATA   3257H     0029H     UNIT         ?XD?DHCPC
            XDATA   3280H     0028H     UNIT         ?XD?PRINTF?PRINTF
            XDATA   32A8H     0024H     UNIT         ?XD?_SSI_SETPASS?SETPASSCBK
            XDATA   32CCH     0024H     UNIT         ?XD?_DNS_QUERY?DNS
            XDATA   32F0H     001DH     UNIT         ?XD?DHCPCSENDDISCOVER?DHCPC
            XDATA   330DH     001BH     UNIT         ?XD?_DHCPCSENDREQUEST?DHCPC
            XDATA   3328H     001AH     UNIT         ?XD?COMMAND_INFO?COMMANDLINE
            XDATA   3342H     001AH     UNIT         ?XD?ONLOGINACCOUNT?NET_CMD
            XDATA   335CH     0019H     UNIT         ?XD?UDP
            XDATA   3375H     0016H     UNIT         ?XD?_VLAN_TAG_PKT?VTAG
            XDATA   338BH     0016H     UNIT         ?XD?_SSI_STATUS?STATUSCBK
            XDATA   33A1H     0012H     UNIT         ?XD?COMMAND_TYPE?COMMANDLINE
            XDATA   33B3H     0011H     UNIT         ?XD?HTTP_SERVER?HTTPD
            XDATA   33C4H     0010H     UNIT         ?XD?_ETHERNETSEND?MACDRIVER
            XDATA   33D4H     0010H     UNIT         ?XD?LOGINCBK
            XDATA   33E4H     000FH     UNIT         ?XD?KBHIT_EE_LOAD_DEFAULT?MAIN
            XDATA   33F3H     000FH     UNIT         ?XD?_CGISTRCPY?SMTPCBK
            XDATA   3402H     000EH     UNIT         ?XD?UARTCBK
            XDATA   3410H     000EH     UNIT         ?XD?_CGI_UDP_TEL?UDP_TELCBK
            XDATA   341EH     000EH     UNIT         ?XD?_HEX_2_ASC?COMMANDLINE
            XDATA   342CH     000DH     UNIT         ?XD?_ETHERNETRECEIVE?MACDRIVER
            XDATA   3439H     000DH     UNIT         ?XD?_STRFIND?HTTPD_APP
            XDATA   3446H     000DH     UNIT         ?XD?_CRC?NET_CMD
            XDATA   3453H     000CH     UNIT         ?XD?_SAVEMODULEINFO2EEPROM?EE_PROCESS
            XDATA   345FH     000CH     UNIT         ?XD?HTTPD_HEADER_INIT?HTTPD_APP
            XDATA   346BH     000CH     UNIT         ?XD?RE_RORN?COMMANDLINE
            XDATA   3477H     000CH     UNIT         ?XD?CRC_OPERATION?NET_CMD
            XDATA   3483H     000CH     UNIT         ?XD?MPPROCESS?NET_CMD
            XDATA   348FH     000CH     UNIT         ?XD?_B64DEC?BASE64
            XDATA   349BH     000CH     UNIT         ?XD?_CRAM_MD5?CRAM_MD5
            XDATA   34A7H     000BH     UNIT         ?XD?MACDRIVER
            XDATA   34B2H     000BH     UNIT         ?XD?_UIP_CONNECT?UIP
            XDATA   34BDH     000BH     UNIT         ?XD?_CGI_SETIP?SETIPCBK
            XDATA   34C8H     000BH     UNIT         ?XD?_SENDUARTRX2ETH?TELNET
            XDATA   34D3H     000BH     UNIT         ?XD?DNS_UDP_RECEIVE?DNS
            XDATA   34DEH     000AH     UNIT         ?XD?WITH_TAG_PAGE?CGIUTIL
            XDATA   34E8H     000AH     UNIT         ?XD?_SSI_SETIP?SETIPCBK
            XDATA   34F2H     000AH     UNIT         ?XD?_CGI_ADC?ADCCBK
            XDATA   34FCH     000AH     UNIT         ?XD?_B64ENC?BASE64
            XDATA   3506H     0009H     UNIT         ?XD?_IP210_DMA?DMA
            XDATA   350FH     0009H     UNIT         ?XD?OS_CBK
            XDATA   3518H     0009H     UNIT         ?XD?_FS_OPEN?FS
            XDATA   3521H     0009H     UNIT         ?XD?_UIP_ARP_UPDATE?UIP_ARP
            XDATA   352AH     0009H     UNIT         ?XD?_STOUI?CGIUTIL
            XDATA   3533H     0009H     UNIT         ?XD?CHALLENGE
            XDATA   353CH     0009H     UNIT         ?XD?COOKIE
            XDATA   3545H     0009H     UNIT         ?XD?_REPLACEDOUBLEQUOTES?SMTPCBK
            XDATA   354EH     0009H     UNIT         ?XD?RESENDUARTRX2ETH?TELNET
            XDATA   3557H     0009H     UNIT         ?XD?_UDP_INIT?UDP
            XDATA   3560H     0009H     UNIT         ?XD?DNS
            XDATA   3569H     0009H     UNIT         ?XD?_SET_BIT?UDP_TEL
            XDATA   3572H     0009H     UNIT         ?XD?NETUART_CTRL
            XDATA   357BH     0009H     UNIT         ?XD?_STRCAT?STRCAT
            XDATA   3584H     0009H     UNIT         ?XD?_STRCSPN?STRCSPN
BL51 BANKED LINKER/LOCATER V6.00                                                      12/23/2015  16:04:37  PAGE 6


            XDATA   358DH     0008H     UNIT         ?XD?EEPROMLOADDEFAULT?EE_PROCESS
            XDATA   3595H     0008H     UNIT         ?XD?TIMER
            XDATA   359DH     0008H     UNIT         ?XD?FU_CHECK?HTMFILES0
            XDATA   35A5H     0008H     UNIT         ?XD?_UITOS?CGIUTIL
            XDATA   35ADH     0008H     UNIT         ?XD?HTTPD_PARSE_COOKIE?COOKIE
            XDATA   35B5H     0008H     UNIT         ?XD?_CGI_RESET?ERRORMSGCBK
            XDATA   35BDH     0008H     UNIT         ?XD?_CGI_UART?UARTCBK
            XDATA   35C5H     0008H     UNIT         ?XD?_CGI_TELNET?TELNETCBK
            XDATA   35CDH     0008H     UNIT         ?XD?TELNETD?TELNET
            XDATA   35D5H     0008H     UNIT         ?XD?CLEARUARTRXBUF?TELNET
            XDATA   35DDH     0008H     UNIT         ?XD?CLEARUARTRXBUF_PARITYERROR?TELNET
            XDATA   35E5H     0008H     UNIT         ?XD?GENCONNID?NET_CMD
            XDATA   35EDH     0008H     UNIT         ?XD?_SENDLOGINRESULT?NET_CMD
            XDATA   35F5H     0008H     UNIT         ?XD?_STRCAT_MAIL_TO?SMTP
            XDATA   35FDH     0008H     UNIT         ?XD?_B64ENCODE?BASE64
            XDATA   3605H     0008H     UNIT         ?XD?_B64DECODE?BASE64
            XDATA   360DH     0008H     UNIT         ?XD?_STRNCMP?STRNCMP
            XDATA   3615H     0007H     UNIT         ?XD?_CATNETWORKCONFIGMSG?MAIN
            XDATA   361CH     0007H     UNIT         ?XD?_CHECK_PACKET_TYPE?MACDRIVER
            XDATA   3623H     0007H     UNIT         ?XD?_ETHERNETRECEIVELOOKAHEAD?MACDRIVER
            XDATA   362AH     0007H     UNIT         ?XD?APPLICATION?APPLICATION
            XDATA   3631H     0007H     UNIT         ?XD?_CGI_SETPASS?SETPASSCBK
            XDATA   3638H     0007H     UNIT         ?XD?_ASC_TO_HEX?UTILITY
            XDATA   363FH     0007H     UNIT         ?XD?CHECK_RFC2217_SIGNAL?NET_UART
            XDATA   3646H     0007H     UNIT         ?XD?_UDP_TEL_GETIP?UDP_TEL
            XDATA   364DH     0007H     UNIT         ?XD?_MODIFYMAIL?SMTP
            XDATA   3654H     0007H     UNIT         ?XD?_ATOL?ATOL
            XDATA   365BH     0006H     UNIT         ?XD?_FS_OPEN00?HTMFILES0
            XDATA   3661H     0006H     UNIT         ?XD?_FS_OPEN01?HTMFILES1
            XDATA   3667H     0006H     UNIT         ?XD?_FS_OPEN02?HTMFILES2
            XDATA   366DH     0006H     UNIT         ?XD?_FS_OPEN03?HTMFILES3
            XDATA   3673H     0006H     UNIT         ?XD?_FS_OPEN04?HTMFILES4
            XDATA   3679H     0006H     UNIT         ?XD?_FS_OPEN05?HTMFILES5
            XDATA   367FH     0006H     UNIT         ?XD?_FS_OPEN06?HTMFILES6
            XDATA   3685H     0006H     UNIT         ?XD?_FS_OPEN07?HTMFILES7
            XDATA   368BH     0006H     UNIT         ?XD?MUIP_SEND?MUIP
            XDATA   3691H     0006H     UNIT         ?XD?CGIUTIL
            XDATA   3697H     0006H     UNIT         ?XD?_FINDCOOKIE?HTTPD_APP
            XDATA   369DH     0006H     UNIT         ?XD?_SSI_LOGIN?LOGINCBK
            XDATA   36A3H     0006H     UNIT         ?XD?_CGI_STATUS?STATUSCBK
            XDATA   36A9H     0006H     UNIT         ?XD?DHCPCCHECKINFO?DHCPC
            XDATA   36AFH     0006H     UNIT         ?XD?UDP_TEL_UPDATA_IP_AVAL?UDP_TEL
            XDATA   36B5H     0006H     UNIT         ?XD?UDP_TEL_RX?UDP_TEL
            XDATA   36BBH     0006H     UNIT         ?XD?SEARCHEMPTYCONNTABLE?NET_CMD
            XDATA   36C1H     0006H     UNIT         ?XD?EEP_READ_REQ?NET_CMD
            XDATA   36C7H     0006H     UNIT         ?XD?EEP_WRITE_REQ?NET_CMD
            XDATA   36CDH     0006H     UNIT         ?XD?UDP_NET_CMD?NET_CMD
            XDATA   36D3H     0006H     UNIT         ?XD?_CRAM_MD5_ENCODE?CRAM_MD5
            XDATA   36D9H     0006H     UNIT         ?XD?_CRAM_MD5_DECODE?CRAM_MD5
            XDATA   36DFH     0005H     UNIT         ?XD?LOADEEPROM2MODULEINFO?EE_PROCESS
            XDATA   36E4H     0005H     UNIT         ?XD?LOADEEPROM2EECONFIG?EE_PROCESS
            XDATA   36E9H     0005H     UNIT         ?XD?_UART_TRANSMIT_MULTI?UART
            XDATA   36EEH     0005H     UNIT         ?XD?VTAG
            XDATA   36F3H     0005H     UNIT         ?XD?TELNET_CONNECT?TELNET
            XDATA   36F8H     0005H     UNIT         ?XD?UDP_TEL_SEND_ONE_PKT?UDP_TEL
            XDATA   36FDH     0005H     UNIT         ?XD?UDP_GET_DNS?UDP_TEL
            XDATA   3702H     0005H     UNIT         ?XD?_ATOI?ATOI
BL51 BANKED LINKER/LOCATER V6.00                                                      12/23/2015  16:04:37  PAGE 7


            XDATA   3707H     0004H     UNIT         ?XD?_UIP_PROCESS?UIP
            XDATA   370BH     0004H     UNIT         ?XD?FIBER_COVER2?APPLICATION
            XDATA   370FH     0004H     UNIT         ?XD?UIP_UDPCHKSUM?CHECKSUM
            XDATA   3713H     0004H     UNIT         ?XD?UIP_TCPCHKSUM?CHECKSUM
            XDATA   3717H     0004H     UNIT         ?XD?_SSI_UART?UARTCBK
            XDATA   371BH     0004H     UNIT         ?XD?_CGI_SETDEF?SETDEFCBK
            XDATA   371FH     0004H     UNIT         ?XD?_CGI_FW_UP?FW_UPCBK
            XDATA   3723H     0004H     UNIT         ?XD?_CGI_FU_UP?FW_UPCBK
            XDATA   3727H     0004H     UNIT         ?XD?WRITEETHRX2UART?TELNET
            XDATA   372BH     0004H     UNIT         ?XD?RESENDUARTRX2UART?TELNET
            XDATA   372FH     0004H     UNIT         ?XD?_DHCPCFOUNDTAG?DHCPC
            XDATA   3733H     0004H     UNIT         ?XD?_DNS_RESULT?DNS
            XDATA   3737H     0004H     UNIT         ?XD?NUC_ON_LOOP?NETUART_CTRL
            XDATA   373BH     0004H     UNIT         ?XD?ONCHANNELREQUEST?NET_CMD
            XDATA   373FH     0004H     UNIT         ?XD?SMTP?SMTP
            XDATA   3743H     0004H     UNIT         ?XD?RAND?RAND
            XDATA   3747H     0003H     UNIT         ?XD?MAIN
            XDATA   374AH     0003H     UNIT         ?XD?_SETUP_BLUPGRADE?EE_PROCESS
            XDATA   374DH     0003H     UNIT         ?XD?_EEPROM_READ_BYTE?EEPROM
            XDATA   3750H     0003H     UNIT         ?XD?_ETHERNETSEND2?MACDRIVER
            XDATA   3753H     0003H     UNIT         ?XD?_UART_RECEIVE_MULTI?UART
            XDATA   3756H     0003H     UNIT         ?XD?_DATACPY00?HTMFILES0
            XDATA   3759H     0003H     UNIT         ?XD?_DATACPY01?HTMFILES1
            XDATA   375CH     0003H     UNIT         ?XD?_DATACPY02?HTMFILES2
            XDATA   375FH     0003H     UNIT         ?XD?_DATACPY03?HTMFILES3
            XDATA   3762H     0003H     UNIT         ?XD?_DATACPY04?HTMFILES4
            XDATA   3765H     0003H     UNIT         ?XD?_DATACPY05?HTMFILES5
            XDATA   3768H     0003H     UNIT         ?XD?_DATACPY06?HTMFILES6
            XDATA   376BH     0003H     UNIT         ?XD?_DATACPY07?HTMFILES7
            XDATA   376EH     0003H     UNIT         ?XD?_UIP_LOG?UIP
            XDATA   3771H     0003H     UNIT         ?XD?UIP_ARP_OUT?UIP_ARP
            XDATA   3774H     0003H     UNIT         ?XD?_HTTPD_CHECK_COOKIE?HTTPD
            XDATA   3777H     0003H     UNIT         ?XD?_HTTPD_INIT_FILE?HTTPD_APP
            XDATA   377AH     0003H     UNIT         ?XD?_SSI_ERRORMSG?ERRORMSGCBK
            XDATA   377DH     0003H     UNIT         ?XD?_SSI_TELNET?TELNETCBK
            XDATA   3780H     0003H     UNIT         ?XD?_SSI_ADC?ADCCBK
            XDATA   3783H     0003H     UNIT         ?XD?_UP2LWR?COMMANDLINE
            XDATA   3786H     0003H     UNIT         ?XD?TELNET_CONNECTED_INIT?TELNET
            XDATA   3789H     0003H     UNIT         ?XD?_UDP_SET_BUF?UDP
            XDATA   378CH     0003H     UNIT         ?XD?DHCPCCLTPKTINIT?DHCPC
            XDATA   378FH     0003H     UNIT         ?XD?DHCPC_UDP_RECEIVE?DHCPC
            XDATA   3792H     0003H     UNIT         ?XD?TELNET_RFC?NET_UART
            XDATA   3795H     0003H     UNIT         ?XD?NEW_BLOCK_INIT?UDP_TEL
            XDATA   3798H     0003H     UNIT         ?XD?NUC_PROCESS?NETUART_CTRL
            XDATA   379BH     0003H     UNIT         ?XD?_FINDSA?NET_CMD
            XDATA   379EH     0003H     UNIT         ?XD?_SENDLOGINMD5KEY?NET_CMD
            XDATA   37A1H     0003H     UNIT         ?XD?_B64ENCODE_ALLOC?BASE64
            XDATA   37A4H     0003H     UNIT         ?XD?_B64DECODE_ALLOC?BASE64
            XDATA   37A7H     0002H     UNIT         ?XD?EEPROMCHECKDATAAVAILABLE?EE_PROCESS
            XDATA   37A9H     0002H     UNIT         ?XD?_FILL_DMA_SETTING?DMA
            XDATA   37ABH     0002H     UNIT         ?XD?ETHERNETRECEIVESKIP?MACDRIVER
            XDATA   37ADH     0002H     UNIT         ?XD?_UIP_ADD32?MACDRIVER
            XDATA   37AFH     0002H     UNIT         ?XD?MDC_MDIO
            XDATA   37B1H     0002H     UNIT         ?XD?HTTPD_SET_COOKIE?COOKIE
            XDATA   37B3H     0002H     UNIT         ?XD?QUERYSTR_FUNC?HTTPD_APP
            XDATA   37B5H     0002H     UNIT         ?XD?_HTTPD_COPY_DATA?HTTPD_APP
            XDATA   37B7H     0002H     UNIT         ?XD?_UIP_CHKSUM?CHECKSUM
BL51 BANKED LINKER/LOCATER V6.00                                                      12/23/2015  16:04:37  PAGE 8


            XDATA   37B9H     0002H     UNIT         ?XD?ADC_CONVERT?ADCCBK
            XDATA   37BBH     0002H     UNIT         ?XD?ADCCBK
            XDATA   37BDH     0002H     UNIT         ?XD?READETH2UARTTXBUF?TELNET
            XDATA   37BFH     0002H     UNIT         ?XD?UART_AUTO_SEND?TELNET
            XDATA   37C1H     0002H     UNIT         ?XD?_UDP_SEND?UDP
            XDATA   37C3H     0002H     UNIT         ?XD?WDG
            XDATA   37C5H     0002H     UNIT         ?XD?LOCALCMD?NET_CMD
            XDATA   37C7H     0002H     UNIT         ?XD?ONLOGINREQUEST?NET_CMD
            XDATA   37C9H     0002H     UNIT         ?XD?ONGPIOREQUEST?NET_CMD
            XDATA   37CBH     0002H     UNIT         ?XD?SMTP_CHK_MAILTOTOTAL?SMTP
            XDATA   37CDH     0001H     UNIT         ?XD?MAIN?MAIN
            XDATA   37CEH     0001H     UNIT         ?XD?UART_EMPTY_RX_FIFO?UART
            XDATA   37CFH     0001H     UNIT         ?XD?_WRITE_MDC?MDC_MDIO
            XDATA   37D0H     0001H     UNIT         ?XD?CHECK_SPEED?OS_CBK
            XDATA   37D1H     0001H     UNIT         ?XD?CHECKSUM
            XDATA   37D2H     0001H     UNIT         ?XD?ERRORMSGCBK
            XDATA   37D3H     0001H     UNIT         ?XD?SETIPCBK
            XDATA   37D4H     0001H     UNIT         ?XD?_IP210_ISR_CTRL?TELNET
            XDATA   37D5H     0001H     UNIT         ?XD?_GET_BIT?UDP_TEL
            XDATA   37D6H     0001H     UNIT         ?XD?UDP_TEL_INIT?UDP_TEL
            XDATA   37D7H     0001H     UNIT         ?XD?CHECKCONNID?NET_CMD
            XDATA   37D8H     0001H     UNIT         ?XD?LOCALCMDTXPREFIX?NET_CMD
            XDATA   37D9H     0001H     UNIT         ?XD?AGINGNETCMDCONNTABLE?NET_CMD
            XDATA   37DAH     0001H     UNIT         ?XD?GETCHAR

            * * * * * * *   C O D E   M E M O R Y   * * * * * * *
            CODE    0000H     0003H     ABSOLUTE     
            CODE    0003H     0003H     ABSOLUTE     
            CODE    0006H     0004H     UNIT         ?CO?NETUART_CTRL
            CODE    000AH     0001H     UNIT         ?CO?CRAM_MD5
            CODE    000BH     0003H     ABSOLUTE     
            CODE    000EH     003FH     UNIT         ?CO?DHCPC
            CODE    004DH     0002H     UNIT         ?CO?CGIUTIL
                    004FH     0001H                  *** GAP ***
            CODE    0050H     0065H     ABSOLUTE     
            CODE    00B5H     0DA7H     UNIT         ?C?LIB_CODE
            CODE    0E5CH     0781H     UNIT         ?CO?EE_DEFAULT
            CODE    15DDH     0642H     UNIT         ?C_INITSEG
            CODE    1C1FH     03DBH     UNIT         ?CO?COMMANDLINE
                    1FFAH     0006H                  *** GAP ***
            CODE    2000H     05F3H     PAGE         ?BANK?SWITCH
            CODE    25F3H     0365H     UNIT         ?PR?PRINTF?PRINTF
            CODE    2958H     0322H     UNIT         ?PR?SCANF?SCANF
            CODE    2C7AH     017BH     UNIT         ?CO?MAIN
            CODE    2DF5H     0118H     UNIT         ?CO?HTTPD_APP
            CODE    2F0DH     0115H     UNIT         ?CO?SMTP
            CODE    3022H     0113H     UNIT         ?C_C51STARTUP
            CODE    3135H     010CH     UNIT         ?PR?_ATOL?ATOL
            CODE    3241H     00E2H     UNIT         ?CO?ERRORMSGCBK
            CODE    3323H     00DBH     UNIT         ?PR?_ATOI?ATOI
            CODE    33FEH     00CBH     UNIT         ?CO?UARTCBK
            CODE    34C9H     00BDH     UNIT         ?CO?HTTPD
            CODE    3586H     00B8H     UNIT         ?CO?TELNETCBK
            CODE    363EH     00B1H     UNIT         ?CO?SMTPCBK
            CODE    36EFH     0087H     UNIT         ?CO?UDP_TELCBK
            CODE    3776H     0081H     UNIT         ?PR?_STRCSPN?STRCSPN
            CODE    37F7H     0076H     UNIT         ?PR?_STRNCMP?STRNCMP
BL51 BANKED LINKER/LOCATER V6.00                                                      12/23/2015  16:04:37  PAGE 9


            CODE    386DH     006EH     UNIT         ?CO?SETIPCBK
            CODE    38DBH     006BH     UNIT         ?PR?_STRCAT?STRCAT
            CODE    3946H     004DH     UNIT         ?PR?RAND?RAND
            CODE    3993H     004AH     UNIT         ?CO?NET_CMD
            CODE    39DDH     0046H     UNIT         ?CO?APPLICATION
            CODE    3A23H     0037H     UNIT         ?CO?LOGINCBK
            CODE    3A5AH     0033H     UNIT         ?CO?STATUSCBK
            CODE    3A8DH     002BH     UNIT         ?CO?OS_CBK
            CODE    3AB8H     0029H     UNIT         ?BANK?SELECT
            CODE    3AE1H     0027H     UNIT         ?PR?PUTCHAR?PUTCHAR
            CODE    3B08H     0026H     UNIT         ?CO?MACDRIVER
            CODE    3B2EH     0026H     UNIT         ?CO?SETPASSCBK
            CODE    3B54H     0026H     UNIT         ?CO?TELNET
            CODE    3B7AH     001CH     UNIT         ?PR?_STRCHR?STRCHR
            CODE    3B96H     0019H     UNIT         ?CO?ADCCBK
            CODE    3BAFH     0018H     UNIT         ?CO?NET_UART
            CODE    3BC7H     0015H     UNIT         ?PR?_STRLEN?STRLEN
            CODE    3BDCH     0014H     UNIT         ?CO?EE_PROCESS
            CODE    3BF0H     0014H     UNIT         ?PR?GETCHAR?GETCHAR
            CODE    3C04H     0014H     UNIT         ?PR?_ISSPACE?ISSPACE
            CODE    3C18H     0013H     UNIT         ?CO?SETDEFCBK
            CODE    3C2BH     0010H     UNIT         ?CO?VTAG
            CODE    3C3BH     0010H     UNIT         ?CO?DNS
            CODE    3C4BH     000FH     UNIT         ?CO?FW_UPCBK
            CODE    3C5AH     000FH     UNIT         ?PR?_ISDIGIT?ISDIGIT
            CODE    3C69H     000DH     UNIT         ?CO?COOKIE
            CODE    3C76H     000AH     UNIT         ?PR?_GETKEY?_GETKEY
            CODE    3C80H     0008H     UNIT         ?CO?UDP_TEL
            CODE    3C88H     0008H     UNIT         ?PR?GETCHAR?UNGETCHAR
                    3C90H     C350H                  *** GAP ***
            CODE    FFE0H     001BH     ABSOLUTE     
                    FFFBH     0002H                  *** GAP ***
            CODE    FFFDH     0003H     ABSOLUTE     

            * * * * * * *   C O D E   B A N K   0   * * * * * * *
                    0000H     5000H                  *** GAP ***
            BANK0   5000H     0077H     UNIT         ?CO?HTMFILES0
            BANK0   5077H     0178H     UNIT         ?PR?_FS_OPEN00?HTMFILES0
            BANK0   51EFH     00FCH     UNIT         ?PR?FU_CHECK?HTMFILES0
            BANK0   52EBH     0048H     UNIT         ?PR?_DATACPY00?HTMFILES0
            BANK0   5333H     0022H     UNIT         ?PR?_GET_TAG00?HTMFILES0
                    5355H     0CABH                  *** GAP ***
            BANK0   6000H     7FE0H     UNIT         ?CO?FIRMWARE_REV

            * * * * * * *   C O D E   B A N K   1   * * * * * * *
                    0000H     5000H                  *** GAP ***
            BANK1   5000H     000FH     UNIT         ?CO?HTMFILES1
            BANK1   500FH     1A5FH     UNIT         ?PR?_UIP_PROCESS?UIP
            BANK1   6A6EH     0D4DH     UNIT         ?PR?HTTP_SERVER?HTTPD
            BANK1   77BBH     0737H     UNIT         ?PR?WITH_TAG_PAGE?CGIUTIL
            BANK1   7EF2H     0375H     UNIT         ?PR?_ETHERNETSEND?MACDRIVER
            BANK1   8267H     0372H     UNIT         ?PR?APPLICATION?APPLICATION
            BANK1   85D9H     036EH     UNIT         ?PR?_CGI_SETIP?SETIPCBK
            BANK1   8947H     0361H     UNIT         ?PR?_CATNETWORKCONFIGMSG?MAIN
            BANK1   8CA8H     0317H     UNIT         ?PR?_CGI_SETPASS?SETPASSCBK
            BANK1   8FBFH     0307H     UNIT         ?PR?_CGI_LOGIN?LOGINCBK
            BANK1   92C6H     02A5H     UNIT         ?PR?MUIP_SEND?MUIP
BL51 BANKED LINKER/LOCATER V6.00                                                      12/23/2015  16:04:37  PAGE 10


            BANK1   956BH     027DH     UNIT         ?PR?_SSI_ERRORMSG?ERRORMSGCBK
            BANK1   97E8H     0249H     UNIT         ?PR?_CGI_SMTP?SMTPCBK
            BANK1   9A31H     0242H     UNIT         ?PR?_SSI_SETIP?SETIPCBK
            BANK1   9C73H     0241H     UNIT         ?PR?MUIP_PROCESS?MUIP
            BANK1   9EB4H     0228H     UNIT         ?PR?_UIP_CONNECT?UIP
            BANK1   A0DCH     020DH     UNIT         ?PR?_ETHERNETRECEIVE?MACDRIVER
            BANK1   A2E9H     020DH     UNIT         ?PR?HTTPD_HEADER_INIT?HTTPD_APP
            BANK1   A4F6H     01FEH     UNIT         ?PR?_SSI_SMTP?SMTPCBK
            BANK1   A6F4H     01DEH     UNIT         ?PR?_FINDCOOKIE?HTTPD_APP
            BANK1   A8D2H     01A3H     UNIT         ?PR?HTTPD_DATA_PROCESSING?CGI
            BANK1   AA75H     019BH     UNIT         ?PR?_CGISTRCPY?SMTPCBK
            BANK1   AC10H     0178H     UNIT         ?PR?_FS_OPEN01?HTMFILES1
            BANK1   AD88H     0178H     UNIT         ?PR?QUERYSTR_FUNC?HTTPD_APP
            BANK1   AF00H     015BH     UNIT         ?PR?LAST_TAG_PAGE?CGIUTIL
            BANK1   B05BH     0144H     UNIT         ?PR?_HTTPD_INIT_FILE?HTTPD_APP
            BANK1   B19FH     0143H     UNIT         ?PR?HTTPD_PARSE_COOKIE?COOKIE
            BANK1   B2E2H     012EH     UNIT         ?PR?_CHECK_PACKET_TYPE?MACDRIVER
            BANK1   B410H     0123H     UNIT         ?PR?_REPLACEDOUBLEQUOTES?SMTPCBK
            BANK1   B533H     0112H     UNIT         ?PR?_STRFIND?HTTPD_APP
            BANK1   B645H     010BH     UNIT         ?PR?_ASC_TO_HEX?UTILITY
            BANK1   B750H     00F8H     UNIT         ?PR?NETWORKCONFIG?MAIN
            BANK1   B848H     00F8H     UNIT         ?PR?NO_TAG_PAGE?CGIUTIL
            BANK1   B940H     00F7H     UNIT         ?PR?_UITOS?CGIUTIL
            BANK1   BA37H     00F4H     UNIT         ?PR?_SSI_STATUS?STATUSCBK
            BANK1   BB2BH     00F1H     UNIT         ?PR?_CGI_RESET?ERRORMSGCBK
            BANK1   BC1CH     00EBH     UNIT         ?PR?_CGI_STATUS?STATUSCBK
            BANK1   BD07H     00E6H     UNIT         ?PR?EEPROMLOADDEFAULT?EE_PROCESS
            BANK1   BDEDH     00E6H     UNIT         ?PR?_CGI_FW_UP?FW_UPCBK
            BANK1   BED3H     00E6H     UNIT         ?PR?_CGI_FU_UP?FW_UPCBK
            BANK1   BFB9H     00E4H     UNIT         ?PR?_FS_OPEN?FS
            BANK1   C09DH     00DEH     UNIT         ?PR?KBHIT_EE_LOAD_DEFAULT?MAIN
            BANK1   C17BH     00CCH     UNIT         ?PR?_SSI_SETPASS?SETPASSCBK
            BANK1   C247H     00C6H     UNIT         ?PR?_IP210_DMA?DMA
            BANK1   C30DH     00C6H     UNIT         ?PR?TAG_ADDRESS_BIGGER_MSS?CGIUTIL
            BANK1   C3D3H     00BCH     UNIT         ?PR?ETHERNETRECEIVESKIP?MACDRIVER
            BANK1   C48FH     00B4H     UNIT         ?PR?_ETHERNETRECEIVELOOKAHEAD?MACDRIVER
            BANK1   C543H     00B0H     UNIT         ?PR?RE_INIT?VTAG
            BANK1   C5F3H     00AFH     UNIT         ?PR?_HTTPD_CHECK_COOKIE?HTTPD
            BANK1   C6A2H     00ACH     UNIT         ?PR?_VLAN_TAG_PKT?VTAG
            BANK1   C74EH     00AAH     UNIT         ?PR?_SSI_LOGIN?LOGINCBK
            BANK1   C7F8H     00A7H     UNIT         ?PR?CHECKPKTSEND?APPLICATION
            BANK1   C89FH     009CH     UNIT         ?PR?_ETHERNETSEND2?MACDRIVER
            BANK1   C93BH     0095H     UNIT         ?PR?_SAVEMODULEINFO2EEPROM?EE_PROCESS
            BANK1   C9D0H     0095H     UNIT         ?PR?UART_SET_PROPERTY?UART
            BANK1   CA65H     008FH     UNIT         ?PR?HTTPD_SET_COOKIE?COOKIE
            BANK1   CAF4H     0089H     UNIT         ?PR?_STOUI?CGIUTIL
            BANK1   CB7DH     0085H     UNIT         ?PR?HTTPD_FILE_NOT_FOUND?HTTPD_APP
            BANK1   CC02H     007EH     UNIT         ?PR?_UIP_ADD32?MACDRIVER
            BANK1   CC80H     0075H     UNIT         ?PR?EEPROMINIT?EE_PROCESS
            BANK1   CCF5H     0075H     UNIT         ?PR?LOADDEFAULT?OS_CBK
            BANK1   CD6AH     0071H     UNIT         ?PR?CHECK_VLAN_TAG?VTAG
            BANK1   CDDBH     0065H     UNIT         ?PR?MAIN?MAIN
            BANK1   CE40H     0064H     UNIT         ?PR?_SETUP_BLUPGRADE?EE_PROCESS
            BANK1   CEA4H     005FH     UNIT         ?PR?HTTPD_COPYDATA?HTTPD
            BANK1   CF03H     005EH     UNIT         ?PR?_EEPROM_READ_BYTE?EEPROM
            BANK1   CF61H     005CH     UNIT         ?PR?HTTPD_CHALLENGEERROR?HTTPD_APP
            BANK1   CFBDH     005BH     UNIT         ?PR?_UIP_ADD_RCV_NXT?UIP
BL51 BANKED LINKER/LOCATER V6.00                                                      12/23/2015  16:04:37  PAGE 11


            BANK1   D018H     005BH     UNIT         ?PR?_HTTPD_COPY_DATA?HTTPD_APP
            BANK1   D073H     0059H     UNIT         ?PR?CHECK_SPEED?OS_CBK
            BANK1   D0CCH     0059H     UNIT         ?PR?UIP_INIT?UIP
            BANK1   D125H     0058H     UNIT         ?PR?LOADEEPROM2MODULEINFO?EE_PROCESS
            BANK1   D17DH     0058H     UNIT         ?PR?LOADEEPROM2EECONFIG?EE_PROCESS
            BANK1   D1D5H     0058H     UNIT         ?PR?FIBER_COVER2?APPLICATION
            BANK1   D22DH     0056H     UNIT         ?PR?EEPROMCHECKDATAAVAILABLE?EE_PROCESS
            BANK1   D283H     0056H     UNIT         ?PR?IP210_WRITE_TIMER_COUNTER?TIMER
            BANK1   D2D9H     004FH     UNIT         ?PR?ETHERNETRECEIVEFREESPACE?MACDRIVER
            BANK1   D328H     004BH     UNIT         ?PR?CHECK_MAC_STATUS?MACDRIVER
            BANK1   D373H     004AH     UNIT         ?PR?EEPROMERR?ERRORMSGCBK
            BANK1   D3BDH     0049H     UNIT         ?PR?HTTPD_LOGIN_FAIL?HTTPD_APP
            BANK1   D406H     0048H     UNIT         ?PR?_DATACPY01?HTMFILES1
            BANK1   D44EH     0045H     UNIT         ?PR?_WRITE_MDC?MDC_MDIO
            BANK1   D493H     0043H     UNIT         ?PR?_UIP_UNLISTEN?UIP
            BANK1   D4D6H     0041H     UNIT         ?PR?_READ_MDC?MDC_MDIO
            BANK1   D517H     0041H     UNIT         ?PR?HTTPD_LOGIN_PASS?HTTPD_APP
            BANK1   D558H     0040H     UNIT         ?PR?_EEPROM_WRITE_BYTE?EEPROM
            BANK1   D598H     0040H     UNIT         ?PR?_UART_TRANSMIT_MULTI?UART
            BANK1   D5D8H     0040H     UNIT         ?PR?_UIP_LISTEN?UIP
            BANK1   D618H     003DH     UNIT         ?PR?CHECK_FIRMWAREUPDATE?OS_CBK
            BANK1   D655H     0030H     UNIT         ?PR?_HEX_TO_ASC?UTILITY
            BANK1   D685H     002FH     UNIT         ?PR?_UART_RECEIVE_MULTI?UART
            BANK1   D6B4H     002EH     UNIT         ?PR?_FILL_DMA_SETTING?DMA
            BANK1   D6E2H     002DH     UNIT         ?PR?ON_TCP_RX?APPLICATION
            BANK1   D70FH     002AH     UNIT         ?PR?MAC_INIT?MACDRIVER
            BANK1   D739H     002AH     UNIT         ?PR?FIBER_COVER?APPLICATION
            BANK1   D763H     0029H     UNIT         ?PR?ENVLANCHECK?VTAG
            BANK1   D78CH     0028H     UNIT         ?PR?RESTORE_UIP_BUF?UIP
            BANK1   D7B4H     0028H     UNIT         ?PR?HTTPD_INIT?HTTPD
            BANK1   D7DCH     0025H     UNIT         ?PR?TFD_INDEX?MACDRIVER
            BANK1   D801H     0024H     UNIT         ?PR?GATEWAY_TIMER?OS_CBK
            BANK1   D825H     0023H     UNIT         ?PR?OS_LOOP_100MS?OS_CBK
            BANK1   D848H     0022H     UNIT         ?PR?_GET_TAG01?HTMFILES1
            BANK1   D86AH     0021H     UNIT         ?PR?MAC_ADDRESS_FILL?MACDRIVER
            BANK1   D88BH     0021H     UNIT         ?PR?IP_ADDRESS_FILL?MACDRIVER
            BANK1   D8ACH     001FH     UNIT         ?PR?TIMER_COUNTER_OVERFLOW?TIMER
            BANK1   D8CBH     001DH     UNIT         ?PR?_RESIZE_RX_BUF?MACDRIVER
            BANK1   D8E8H     001DH     UNIT         ?PR?_CHG_UIP_BUF?UIP
            BANK1   D905H     001BH     UNIT         ?PR?WAIT_PACKET_SENT?MACDRIVER
            BANK1   D920H     001BH     UNIT         ?PR?UART_EMPTY_RX_FIFO?UART
            BANK1   D93BH     001AH     UNIT         ?PR?TIMERCOUNTER_INIT?TIMER
            BANK1   D955H     0018H     UNIT         ?PR?IP210_DMA_SET_IDLE?DMA
            BANK1   D96DH     0018H     UNIT         ?PR?_UART_SET_DIVISOR?UART
            BANK1   D985H     0018H     UNIT         ?PR?_GET_SYSTEM_PARAMETER?APPLICATION
            BANK1   D99DH     0017H     UNIT         ?PR?GETDEVICEID?EE_PROCESS
            BANK1   D9B4H     0016H     UNIT         ?PR?_DELAY0?MAIN
            BANK1   D9CAH     0015H     UNIT         ?PR?UDP_RECEIVE?APPLICATION
            BANK1   D9DFH     0014H     UNIT         ?PR?SERIAL_INIT?SERIAL
            BANK1   D9F3H     0013H     UNIT         ?PR?_UART_RECEIVE_BYTE?UART
            BANK1   DA06H     0013H     UNIT         ?PR?_DELAY?UTILITY
            BANK1   DA19H     0012H     UNIT         ?PR?IP210_DMA_IDLE_RESTORE?DMA
            BANK1   DA2BH     0012H     UNIT         ?PR?_SERIAL_CHECK_RX?SERIAL
            BANK1   DA3DH     000FH     UNIT         ?PR?OS_LOOP?OS_CBK
            BANK1   DA4CH     000FH     UNIT         ?PR?MUIP_INIT?MUIP
            BANK1   DA5BH     000FH     UNIT         ?PR?IP210_SWRESET?UTILITY
            BANK1   DA6AH     000EH     UNIT         ?PR?TIMER2_INIT?TIMER
BL51 BANKED LINKER/LOCATER V6.00                                                      12/23/2015  16:04:37  PAGE 12


            BANK1   DA78H     000CH     UNIT         ?PR?TIMER0_INIT?TIMER
            BANK1   DA84H     000CH     UNIT         ?PR?_UIP_LOG?UIP
            BANK1   DA90H     000BH     UNIT         ?PR?SERIAL_POLLING_RX?SERIAL
            BANK1   DA9BH     000BH     UNIT         ?PR?OS_INITIAL?OS_CBK
            BANK1   DAA6H     000AH     UNIT         ?PR?IP210_WAIT_DMA_COMPLETE?DMA
            BANK1   DAB0H     0008H     UNIT         ?PR?GETCH2?MAIN
            BANK1   DAB8H     0008H     UNIT         ?PR?EEPROM_ENABLE?EEPROM
            BANK1   DAC0H     0008H     UNIT         ?PR?UART_SET_RTS?UART
            BANK1   DAC8H     0008H     UNIT         ?PR?UART_CLEAR_RTS?UART
            BANK1   DAD0H     0008H     UNIT         ?PR?CPUINIT?UTILITY
            BANK1   DAD8H     0006H     UNIT         ?PR?UART_TX_FIFO_STATUS?UART
            BANK1   DADEH     0006H     UNIT         ?PR?UART_RX_FIFO_STATUS?UART
            BANK1   DAE4H     0006H     UNIT         ?PR?_UART_TRANSMIT_BYTE?UART
            BANK1   DAEAH     0003H     UNIT         ?PR?TIMERCOUNTER0_INIT?TIMER
            BANK1   DAEDH     0001H     UNIT         ?PR?FLASHLED?MAIN
            BANK1   DAEEH     0001H     UNIT         ?PR?UDP_XMIT?UIP

            * * * * * * *   C O D E   B A N K   2   * * * * * * *
                    0000H     5000H                  *** GAP ***
            BANK2   5000H     000FH     UNIT         ?CO?HTMFILES2
            BANK2   500FH     093FH     UNIT         ?PR?COM_PORT_OPTION?NET_UART
            BANK2   594EH     0822H     UNIT         ?PR?CLEARUARTRXBUF?TELNET
            BANK2   6170H     064CH     UNIT         ?PR?_CGI_TELNET?TELNETCBK
            BANK2   67BCH     05E8H     UNIT         ?PR?_CGI_UART?UARTCBK
            BANK2   6DA4H     05D7H     UNIT         ?PR?TELNETD?TELNET
            BANK2   737BH     050CH     UNIT         ?PR?_SSI_UART?UARTCBK
            BANK2   7887H     04DBH     UNIT         ?PR?RESENDUARTRX2ETH?TELNET
            BANK2   7D62H     0449H     UNIT         ?PR?_SSI_TELNET?TELNETCBK
            BANK2   81ABH     03B6H     UNIT         ?PR?SMTP_SEND_MAILBODY?SMTP
            BANK2   8561H     0395H     UNIT         ?PR?_SENDUARTRX2ETH?TELNET
            BANK2   88F6H     0347H     UNIT         ?PR?UDP_TEL_SEND_ONE_PKT?UDP_TEL
            BANK2   8C3DH     033CH     UNIT         ?PR?_DNS_QUERY?DNS
            BANK2   8F79H     0336H     UNIT         ?PR?READETH2UARTTXBUF?TELNET
            BANK2   92AFH     0304H     UNIT         ?PR?TELNET_RFC?NET_UART
            BANK2   95B3H     02D0H     UNIT         ?PR?CLEARUARTRXBUF_PARITYERROR?TELNET
            BANK2   9883H     02BCH     UNIT         ?PR?RESENDUARTRX2UART?TELNET
            BANK2   9B3FH     02A7H     UNIT         ?PR?UDP_TEL_INIT?UDP_TEL
            BANK2   9DE6H     0284H     UNIT         ?PR?UDP_GET_DNS?UDP_TEL
            BANK2   A06AH     025BH     UNIT         ?PR?WRITEETHRX2UART?TELNET
            BANK2   A2C5H     0250H     UNIT         ?PR?SMTP?SMTP
            BANK2   A515H     021DH     UNIT         ?PR?UDP_TEL_RX?UDP_TEL
            BANK2   A732H     01F0H     UNIT         ?PR?_UDP_SEND?UDP
            BANK2   A922H     01E9H     UNIT         ?PR?UDP_TEL_CHK_SEND?UDP_TEL
            BANK2   AB0BH     01DEH     UNIT         ?PR?TELNET_INIT_COM?TELNET
            BANK2   ACE9H     0178H     UNIT         ?PR?_FS_OPEN02?HTMFILES2
            BANK2   AE61H     014FH     UNIT         ?PR?_UDP_TEL_GETIP?UDP_TEL
            BANK2   AFB0H     014CH     UNIT         ?PR?_B64ENC?BASE64
            BANK2   B0FCH     014AH     UNIT         ?PR?DHCPCCHECKINFO?DHCPC
            BANK2   B246H     0148H     UNIT         ?PR?_DHCPCSENDREQUEST?DHCPC
            BANK2   B38EH     0135H     UNIT         ?PR?DHCPCCLTPKTINIT?DHCPC
            BANK2   B4C3H     0134H     UNIT         ?PR?DNS_UDP_RECEIVE?DNS
            BANK2   B5F7H     012CH     UNIT         ?PR?_B64DEC?BASE64
            BANK2   B723H     0112H     UNIT         ?PR?_CRAM_MD5?CRAM_MD5
            BANK2   B835H     0109H     UNIT         ?PR?TELNET_CONNECT?TELNET
            BANK2   B93EH     0103H     UNIT         ?PR?UDP_TEL_UPDATA_IP_AVAL?UDP_TEL
            BANK2   BA41H     00FDH     UNIT         ?PR?REVERSE_TELNET_ON_TCP_RX?TELNET
            BANK2   BB3EH     00E3H     UNIT         ?PR?NUC_ON_TCP_RX?NETUART_CTRL
BL51 BANKED LINKER/LOCATER V6.00                                                      12/23/2015  16:04:37  PAGE 13


            BANK2   BC21H     00D3H     UNIT         ?PR?CHECK_RFC2217_SIGNAL?NET_UART
            BANK2   BCF4H     00D1H     UNIT         ?PR?NETUARTONTCPRX?NET_UART
            BANK2   BDC5H     00CBH     UNIT         ?PR?NUC_ON_LOOP?NETUART_CTRL
            BANK2   BE90H     00C9H     UNIT         ?PR?DHCPCTIMER?DHCPC
            BANK2   BF59H     00C9H     UNIT         ?PR?SMTP_TIMER?SMTP
            BANK2   C022H     00C1H     UNIT         ?PR?NEW_BLOCK_INIT?UDP_TEL
            BANK2   C0E3H     00B6H     UNIT         ?PR?SMTP_CHK_MAILTOTOTAL?SMTP
            BANK2   C199H     00B1H     UNIT         ?PR?_DHCPCFOUNDTAG?DHCPC
            BANK2   C24AH     00B1H     UNIT         ?PR?DHCPCSENDDISCOVER?DHCPC
            BANK2   C2FBH     00ADH     UNIT         ?PR?UDP_LEARN_IP?UDP_TEL
            BANK2   C3A8H     00A9H     UNIT         ?PR?UART_AUTO_SEND?TELNET
            BANK2   C451H     00A9H     UNIT         ?PR?_SMTP_SEND_AUTH_ID_PW?SMTP
            BANK2   C4FAH     00A7H     UNIT         ?PR?_STRCAT_MAIL_TO?SMTP
            BANK2   C5A1H     00A3H     UNIT         ?PR?SMTP_SEND_CMD_MAIL?SMTP
            BANK2   C644H     00A0H     UNIT         ?PR?DHCPC_UDP_RECEIVE?DHCPC
            BANK2   C6E4H     009FH     UNIT         ?PR?_SET_BIT?UDP_TEL
            BANK2   C783H     009EH     UNIT         ?PR?SMTP_SEND_CMD_HELO?SMTP
            BANK2   C821H     009DH     UNIT         ?PR?RFC_LOOP?NET_UART
            BANK2   C8BEH     0093H     UNIT         ?PR?TELNET_SERVER_TIMEOUT?TELNET
            BANK2   C951H     008FH     UNIT         ?PR?TELNET_CONNECTED_INIT?TELNET
            BANK2   C9E0H     008CH     UNIT         ?PR?SMTP_SEND_CMD_RCPT?SMTP
            BANK2   CA6CH     008AH     UNIT         ?PR?CHECK_SIGNAL_CHANGE?NETUART_CTRL
            BANK2   CAF6H     0080H     UNIT         ?PR?NUC_PROCESS?NETUART_CTRL
            BANK2   CB76H     007BH     UNIT         ?PR?NETUARTTIMER?NET_UART
            BANK2   CBF1H     007AH     UNIT         ?PR?_DNS_RESULT?DNS
            BANK2   CC6BH     0079H     UNIT         ?PR?SMTP_SEND_MAILBODY_END?SMTP
            BANK2   CCE4H     0073H     UNIT         ?PR?SMTP_INIT?SMTP
            BANK2   CD57H     0072H     UNIT         ?PR?SMTP_SEND_PACKET?SMTP
            BANK2   CDC9H     0071H     UNIT         ?PR?DHCPCAPPLYIP?DHCPC
            BANK2   CE3AH     0070H     UNIT         ?PR?_B64ENCODE?BASE64
            BANK2   CEAAH     0070H     UNIT         ?PR?_B64DECODE?BASE64
            BANK2   CF1AH     0065H     UNIT         ?PR?_B64ENCODE_ALLOC?BASE64
            BANK2   CF7FH     0064H     UNIT         ?PR?DHCPCRECEIVEACK?DHCPC
            BANK2   CFE3H     0060H     UNIT         ?PR?NUC_INIT?NETUART_CTRL
            BANK2   D043H     005DH     UNIT         ?PR?_MODIFYMAIL?SMTP
            BANK2   D0A0H     005DH     UNIT         ?PR?SMTP_SEND_STARTTLS?SMTP
            BANK2   D0FDH     005DH     UNIT         ?PR?SMTP_SEND_CMD_DATA?SMTP
            BANK2   D15AH     005DH     UNIT         ?PR?SMTP_SEND_CMD_QUIT?SMTP
            BANK2   D1B7H     005DH     UNIT         ?PR?SMTP_SEND_CMD_AUTH?SMTP
            BANK2   D214H     0057H     UNIT         ?PR?UDP_PROCESS?UDP
            BANK2   D26BH     0055H     UNIT         ?PR?_CRAM_MD5_DECODE?CRAM_MD5
            BANK2   D2C0H     004FH     UNIT         ?PR?NUC_SEND?NETUART_CTRL
            BANK2   D30FH     004FH     UNIT         ?PR?_B64DECODE_ALLOC?BASE64
            BANK2   D35EH     004EH     UNIT         ?PR?_UDP_INIT?UDP
            BANK2   D3ACH     004EH     UNIT         ?PR?SMTP_CHECK_MAIL?SMTP
            BANK2   D3FAH     0048H     UNIT         ?PR?_DATACPY02?HTMFILES2
            BANK2   D442H     0042H     UNIT         ?PR?UDP_TEL_TIMER?UDP_TEL
            BANK2   D484H     0041H     UNIT         ?PR?_UDP_SET_BUF?UDP
            BANK2   D4C5H     0041H     UNIT         ?PR?NETUARTINIT?NET_UART
            BANK2   D506H     003EH     UNIT         ?PR?_CRAM_MD5_ENCODE?CRAM_MD5
            BANK2   D544H     0036H     UNIT         ?PR?SMTPONTCPRX?SMTP
            BANK2   D57AH     002EH     UNIT         ?PR?DHCPCINIT?DHCPC
            BANK2   D5A8H     002EH     UNIT         ?PR?_SMTP_SEND_MAIL?SMTP
            BANK2   D5D6H     002BH     UNIT         ?PR?DHCPCRECEIVEOFFER?DHCPC
            BANK2   D601H     002AH     UNIT         ?PR?TELNETD_LISTEN?TELNET
            BANK2   D62BH     0028H     UNIT         ?PR?TELNETD_CLOSE?TELNET
            BANK2   D653H     0022H     UNIT         ?PR?_GET_TAG02?HTMFILES2
BL51 BANKED LINKER/LOCATER V6.00                                                      12/23/2015  16:04:37  PAGE 14


            BANK2   D675H     0021H     UNIT         ?PR?NETUARTTELNETCLOSE?NET_UART
            BANK2   D696H     001DH     UNIT         ?PR?NETUARTLOOP?NET_UART
            BANK2   D6B3H     001DH     UNIT         ?PR?SMTP_CONNECT?SMTP
            BANK2   D6D0H     001DH     UNIT         ?PR?_B64ENCODE_LEN?BASE64
            BANK2   D6EDH     0019H     UNIT         ?PR?_B64DECODE_LEN?BASE64
            BANK2   D706H     0016H     UNIT         ?PR?CHECK_RS485?TELNET
            BANK2   D71CH     0016H     UNIT         ?PR?_GET_BIT?UDP_TEL
            BANK2   D732H     0011H     UNIT         ?PR?TELNET_CLOSE?TELNET
            BANK2   D743H     0010H     UNIT         ?PR?TELNET_INIT?TELNET
            BANK2   D753H     000DH     UNIT         ?PR?WATCHDOGTIMERENABLE?WDG
            BANK2   D760H     000AH     UNIT         ?PR?UART_RS485_UPDATE_TXCONTROL?TELNET
            BANK2   D76AH     000AH     UNIT         ?PR?CHECK_210?NET_UART
            BANK2   D774H     0007H     UNIT         ?PR?DHCPCRECEIVENACK?DHCPC
            BANK2   D77BH     0007H     UNIT         ?PR?WATCHDOGTIMERRESET?WDG
            BANK2   D782H     0007H     UNIT         ?PR?WATCHDOGTIMERINIT?WDG
            BANK2   D789H     0006H     UNIT         ?PR?_IP210_ISR_CTRL?TELNET
            BANK2   D78FH     0003H     UNIT         ?PR?TELNETD_INIT?TELNET
            BANK2   D792H     0003H     UNIT         ?PR?TELNET?TELNET
            BANK2   D795H     0003H     UNIT         ?PR?WATCHDOGTIMERDISABLE?WDG
            BANK2   D798H     0001H     UNIT         ?PR?IP210_UART_ISR_PROCESS?TELNET

            * * * * * * *   C O D E   B A N K   3   * * * * * * *
                    0000H     5000H                  *** GAP ***
            BANK3   5000H     6F8CH     UNIT         ?CO?HTMFILES3
            BANK3   BF8CH     0178H     UNIT         ?PR?_FS_OPEN03?HTMFILES3
            BANK3   C104H     0048H     UNIT         ?PR?_DATACPY03?HTMFILES3
            BANK3   C14CH     0022H     UNIT         ?PR?_GET_TAG03?HTMFILES3

            * * * * * * *   C O D E   B A N K   4   * * * * * * *
                    0000H     5000H                  *** GAP ***
            BANK4   5000H     0283H     UNIT         ?CO?HTMFILES4
            BANK4   5283H     0178H     UNIT         ?PR?_FS_OPEN04?HTMFILES4
            BANK4   53FBH     0048H     UNIT         ?PR?_DATACPY04?HTMFILES4
            BANK4   5443H     0022H     UNIT         ?PR?_GET_TAG04?HTMFILES4
            BANK4   5465H     0003H     UNIT         ?PR?FUU_RUN?HTMFILES4

            * * * * * * *   C O D E   B A N K   5   * * * * * * *
                    0000H     5000H                  *** GAP ***
            BANK5   5000H     000FH     UNIT         ?CO?HTMFILES5
            BANK5   500FH     09F6H     UNIT         ?PR?NETCMD?NET_CMD
            BANK5   5A05H     04B7H     UNIT         ?PR?_CGI_UDP_TEL?UDP_TELCBK
            BANK5   5EBCH     042AH     UNIT         ?PR?_SSI_UDP_TEL?UDP_TELCBK
            BANK5   62E6H     02C1H     UNIT         ?PR?UIP_TCPCHKSUM?CHECKSUM
            BANK5   65A7H     021CH     UNIT         ?PR?MPPROCESS?NET_CMD
            BANK5   67C3H     01F2H     UNIT         ?PR?ONLOGINACCOUNT?NET_CMD
            BANK5   69B5H     01B9H     UNIT         ?PR?UIP_UDPCHKSUM?CHECKSUM
            BANK5   6B6EH     0178H     UNIT         ?PR?_FS_OPEN05?HTMFILES5
            BANK5   6CE6H     0146H     UNIT         ?PR?ONLOGINREQUEST?NET_CMD
            BANK5   6E2CH     0134H     UNIT         ?PR?UDP_NET_CMD?NET_CMD
            BANK5   6F60H     011FH     UNIT         ?PR?EEP_READ_REQ?NET_CMD
            BANK5   707FH     0115H     UNIT         ?PR?EEP_WRITE_REQ?NET_CMD
            BANK5   7194H     0104H     UNIT         ?PR?_CGI_ADC?ADCCBK
            BANK5   7298H     00F2H     UNIT         ?PR?_CRC?NET_CMD
            BANK5   738AH     00E0H     UNIT         ?PR?CRC_OPERATION?NET_CMD
            BANK5   746AH     00AAH     UNIT         ?PR?ADC_CONVERT?ADCCBK
            BANK5   7514H     009FH     UNIT         ?PR?LOCALCMDTXPREFIX?NET_CMD
            BANK5   75B3H     0096H     UNIT         ?PR?ONGPIOREQUEST?NET_CMD
BL51 BANKED LINKER/LOCATER V6.00                                                      12/23/2015  16:04:37  PAGE 15


            BANK5   7649H     0094H     UNIT         ?PR?GENCONNID?NET_CMD
            BANK5   76DDH     008AH     UNIT         ?PR?AGINGNETCMDCONNTABLE?NET_CMD
            BANK5   7767H     0083H     UNIT         ?PR?EN_LOOPBACK?NET_CMD
            BANK5   77EAH     0080H     UNIT         ?PR?NETCMDSEND?NET_CMD
            BANK5   786AH     0080H     UNIT         ?PR?DIS_LOOPBACK?NET_CMD
            BANK5   78EAH     007DH     UNIT         ?PR?CRC_INFO?NET_CMD
            BANK5   7967H     007BH     UNIT         ?PR?CHECKCONNID?NET_CMD
            BANK5   79E2H     0071H     UNIT         ?PR?_UIP_CHKSUM?CHECKSUM
            BANK5   7A53H     0070H     UNIT         ?PR?_CGI_SETDEF?SETDEFCBK
            BANK5   7AC3H     006AH     UNIT         ?PR?_SENDLOGINRESULT?NET_CMD
            BANK5   7B2DH     0065H     UNIT         ?PR?LOCALCMD?NET_CMD
            BANK5   7B92H     005BH     UNIT         ?PR?_SENDLOGINMD5KEY?NET_CMD
            BANK5   7BEDH     005AH     UNIT         ?PR?ONCHANNELREQUEST?NET_CMD
            BANK5   7C47H     0055H     UNIT         ?PR?_FINDSA?NET_CMD
            BANK5   7C9CH     0055H     UNIT         ?PR?RESET_DEVICE_REQ?NET_CMD
            BANK5   7CF1H     0052H     UNIT         ?PR?NETCMDONTCPRX?NET_CMD
            BANK5   7D43H     004FH     UNIT         ?PR?_SSI_ADC?ADCCBK
            BANK5   7D92H     0048H     UNIT         ?PR?_DATACPY05?HTMFILES5
            BANK5   7DDAH     0038H     UNIT         ?PR?_ONCHANNELREQUESTACK?NET_CMD
            BANK5   7E12H     002BH     UNIT         ?PR?NETCMDINIT?NET_CMD
            BANK5   7E3DH     0027H     UNIT         ?PR?_ONGPIOREQUESTACK?NET_CMD
            BANK5   7E64H     0026H     UNIT         ?PR?UIP_IPCHKSUM?CHECKSUM
            BANK5   7E8AH     0022H     UNIT         ?PR?_GET_TAG05?HTMFILES5
            BANK5   7EACH     001BH     UNIT         ?PR?SEARCHEMPTYCONNTABLE?NET_CMD
            BANK5   7EC7H     0003H     UNIT         ?PR?NETCMDTIMER?NET_CMD
            BANK5   7ECAH     0001H     UNIT         ?PR?SENDACCESSGPIOACK?NET_CMD
            BANK5   7ECBH     0001H     UNIT         ?PR?ONACCESSGPIOREQ?NET_CMD

            * * * * * * *   C O D E   B A N K   6   * * * * * * *
                    0000H     5000H                  *** GAP ***
            BANK6   5000H     000FH     UNIT         ?CO?HTMFILES6
            BANK6   500FH     305BH     UNIT         ?PR?COMMAND_SETTING?COMMANDLINE
            BANK6   806AH     0964H     UNIT         ?PR?COMMAND_TYPE?COMMANDLINE
            BANK6   89CEH     02ECH     UNIT         ?PR?UIP_ARP_OUT?UIP_ARP
            BANK6   8CBAH     029FH     UNIT         ?PR?COMMAND_INFO?COMMANDLINE
            BANK6   8F59H     022CH     UNIT         ?PR?CLI_TIMER?COMMANDLINE
            BANK6   9185H     01E6H     UNIT         ?PR?UIP_ARP_ARPIN?UIP_ARP
            BANK6   936BH     01CEH     UNIT         ?PR?_UIP_ARP_UPDATE?UIP_ARP
            BANK6   9539H     0178H     UNIT         ?PR?_FS_OPEN06?HTMFILES6
            BANK6   96B1H     013CH     UNIT         ?PR?ATD_LOOP?COMMANDLINE
            BANK6   97EDH     013AH     UNIT         ?PR?GATEWAY_MAC_REQ?UIP_ARP
            BANK6   9927H     013AH     UNIT         ?PR?_HEX_2_ASC?COMMANDLINE
            BANK6   9A61H     00AAH     UNIT         ?PR?RE_RORN?COMMANDLINE
            BANK6   9B0BH     00A9H     UNIT         ?PR?UIP_ARP_IPIN?UIP_ARP
            BANK6   9BB4H     0072H     UNIT         ?PR?UIP_ARP_TIMER?UIP_ARP
            BANK6   9C26H     0051H     UNIT         ?PR?CLI_INIT?COMMANDLINE
            BANK6   9C77H     004EH     UNIT         ?PR?_UP2LWR?COMMANDLINE
            BANK6   9CC5H     0048H     UNIT         ?PR?_DATACPY06?HTMFILES6
            BANK6   9D0DH     0037H     UNIT         ?PR?UIP_ARP_INIT?UIP_ARP
            BANK6   9D44H     0022H     UNIT         ?PR?_GET_TAG06?HTMFILES6
            BANK6   9D66H     0001H     UNIT         ?PR?HELP?COMMANDLINE

            * * * * * * *   C O D E   B A N K   7   * * * * * * *
                    0000H     5000H                  *** GAP ***
            BANK7   5000H     000FH     UNIT         ?CO?HTMFILES7
            BANK7   500FH     0178H     UNIT         ?PR?_FS_OPEN07?HTMFILES7
            BANK7   5187H     0048H     UNIT         ?PR?_DATACPY07?HTMFILES7
BL51 BANKED LINKER/LOCATER V6.00                                                      12/23/2015  16:04:37  PAGE 16


            BANK7   51CFH     0022H     UNIT         ?PR?_GET_TAG07?HTMFILES7



INTERBANK CALL TABLE OF MODULE:  .\obj\NetUART (MAIN)

ADDRESS    FUNCTION NAME
------------------------
 235EH     NETUARTLOOP
 2363H     WATCHDOGTIMERRESET
 2368H     FU_CHECK
 236DH     IP210_UART_ISR_PROCESS
 2372H     FUU_RUN
 2377H     GATEWAY_MAC_REQ
 237CH     CHECK_RS485
 2381H     CLI_TIMER
 2386H     UDP_TEL_TIMER
 238BH     TELNET_SERVER_TIMEOUT
 2390H     NUC_ON_LOOP
 2395H     RFC_LOOP
 239AH     WRITEETHRX2UART
 239FH     _UDP_INIT
 23A4H     _FS_OPEN00
 23A9H     _DATACPY00
 23AEH     _GET_TAG00
 23B3H     _FS_OPEN01
 23B8H     _DATACPY01
 23BDH     _GET_TAG01
 23C2H     _FS_OPEN02
 23C7H     _DATACPY02
 23CCH     _GET_TAG02
 23D1H     _FS_OPEN03
 23D6H     _DATACPY03
 23DBH     _GET_TAG03
 23E0H     _FS_OPEN04
 23E5H     _DATACPY04
 23EAH     _GET_TAG04
 23EFH     _FS_OPEN05
 23F4H     _DATACPY05
 23F9H     _GET_TAG05
 23FEH     _FS_OPEN06
 2403H     _DATACPY06
 2408H     _GET_TAG06
 240DH     _FS_OPEN07
 2412H     _DATACPY07
 2417H     _GET_TAG07
 241CH     _SSI_LOGIN
 2421H     _SSI_ERRORMSG
 2426H     _SSI_STATUS
 242BH     _SSI_SETIP
 2430H     _SSI_SETPASS
 2435H     _SSI_UART
 243AH     _SSI_TELNET
 243FH     _SSI_SMTP
 2444H     _SSI_ADC
 2449H     _SSI_UDP_TEL
 244EH     _CGI_LOGIN
BL51 BANKED LINKER/LOCATER V6.00                                                      12/23/2015  16:04:37  PAGE 17


 2453H     _CGI_STATUS
 2458H     _CGI_RESET
 245DH     _CGI_SETDEF
 2462H     _CGI_SETIP
 2467H     _CGI_SETPASS
 246CH     _CGI_UART
 2471H     _CGI_TELNET
 2476H     _CGI_SMTP
 247BH     _CGI_ADC
 2480H     _CGI_UDP_TEL
 2485H     _CGI_FW_UP
 248AH     _CGI_FU_UP
 248FH     UIP_TCPCHKSUM
 2494H     UIP_IPCHKSUM
 2499H     CLEARUARTRXBUF
 249EH     NETUARTINIT
 24A3H     CHECK_210
 24A8H     UIP_ARP_OUT
 24ADH     DNS_UDP_RECEIVE
 24B2H     DHCPC_UDP_RECEIVE
 24B7H     UDP_TEL_RX
 24BCH     UDP_NET_CMD
 24C1H     NETUARTONTCPRX
 24C6H     NETCMDONTCPRX
 24CBH     SMTPONTCPRX
 24D0H     NUC_ON_TCP_RX
 24D5H     UIP_ARP_INIT
 24DAH     DHCPCINIT
 24DFH     SMTP_INIT
 24E4H     NETCMDINIT
 24E9H     NUC_INIT
 24EEH     CLI_INIT
 24F3H     UART_AUTO_SEND
 24F8H     LOCALCMD
 24FDH     UIP_ARP_IPIN
 2502H     UIP_ARP_ARPIN
 2507H     UDP_PROCESS
 250CH     NETUARTTIMER
 2511H     NETCMDTIMER
 2516H     SMTP_CHECK_MAIL
 251BH     SMTP_TIMER
 2520H     DHCPCTIMER
 2525H     UIP_ARP_TIMER
 252AH     _HEX_TO_ASC
 252FH     _ASC_TO_HEX
 2534H     UART_SET_PROPERTY
 2539H     UART_CLEAR_RTS
 253EH     _SAVEMODULEINFO2EEPROM
 2543H     _FS_OPEN
 2548H     _HTTPD_INIT_FILE
 254DH     EEPROMLOADDEFAULT
 2552H     EEPROMERR
 2557H     _EEPROM_READ_BYTE
 255CH     NETUARTTELNETCLOSE
 2561H     _UART_TRANSMIT_MULTI
 2566H     _IP210_ISR_CTRL
 256BH     UDP_GET_DNS
BL51 BANKED LINKER/LOCATER V6.00                                                      12/23/2015  16:04:37  PAGE 18


 2570H     _EEPROM_WRITE_BYTE
 2575H     WATCHDOGTIMERINIT
 257AH     WATCHDOGTIMERENABLE
 257FH     _UIP_UNLISTEN
 2584H     _UIP_LISTEN
 2589H     _UIP_CONNECT
 258EH     UART_RX_FIFO_STATUS
 2593H     UART_SET_RTS
 2598H     _UART_RECEIVE_MULTI
 259DH     RE_RORN
 25A2H     UART_TX_FIFO_STATUS
 25A7H     COMMAND_TYPE
 25ACH     _IP210_DMA
 25B1H     _UIP_PROCESS
 25B6H     CHECKPKTSEND
 25BBH     MUIP_SEND
 25C0H     UDP_RECEIVE
 25C5H     UIP_UDPCHKSUM
 25CAH     _CATNETWORKCONFIGMSG
 25CFH     _STOUI
 25D4H     _CHG_UIP_BUF
 25D9H     _ETHERNETSEND
 25DEH     RESTORE_UIP_BUF
 25E3H     _UDP_SEND
 25E8H     GETDEVICEID
 25EDH     MAIN



SYMBOL TABLE OF MODULE:  .\obj\NetUART (MAIN)

  VALUE           TYPE          NAME
  ----------------------------------

  -------         MODULE        MAIN
  C:0000H         SYMBOL        _ICE_DUMMY_
  D:0080H         PUBLIC        P0
  D:0090H         PUBLIC        P1
 C1:D9B4H         PUBLIC        _Delay0
  D:00A0H         PUBLIC        P2
  D:00B0H         PUBLIC        P3
  D:00E8H         PUBLIC        P4
  B:00D8H.1       PUBLIC        WDTEN
  B:00A8H.7       PUBLIC        EA
  D:00DAH         PUBLIC        OUTPUTEN
  D:00A8H         PUBLIC        IE
  D:00B8H         PUBLIC        IP
  B:0098H.0       PUBLIC        RI
  B:0098H.1       PUBLIC        TI
 C1:CDDBH         PUBLIC        main
 C1:DAEDH         PUBLIC        flashLed
  B:00D8H.3       PUBLIC        WDT_DIS
  D:0099H         PUBLIC        SBUF
  D:0098H         PUBLIC        SCON
  D:0089H         PUBLIC        TMOD
  D:0088H         PUBLIC        TCON
  X:3747H         PUBLIC        led_status
BL51 BANKED LINKER/LOCATER V6.00                                                      12/23/2015  16:04:37  PAGE 19


 C1:DAB0H         PUBLIC        getch2
  C:2DE7H         SYMBOL        _?ix1000
  C:2DEEH         SYMBOL        _?ix1001
 C1:B750H         PUBLIC        NetworkConfig
  X:3749H         PUBLIC        MODE_TYPE
  D:008CH         PUBLIC        TH0
  D:008AH         PUBLIC        TL0
  D:00D8H         PUBLIC        WDTCON
  B:0088H.4       PUBLIC        TR0
  D:00C8H         PUBLIC        T2CON
 C1:C09DH         PUBLIC        Kbhit_EE_Load_Default
 C1:8947H         PUBLIC        _CatNetworkConfigMsg
  D:00D0H         PUBLIC        PSW

  -------         PROC BANK=1   _CATNETWORKCONFIGMSG
  X:3615H         SYMBOL        Msg
  X:3618H         SYMBOL        endl
  -------         DO            
  X:361BH         SYMBOL        i
  -------         ENDDO         
 C1:8947H         LINE#         60
 C1:8952H         LINE#         61
 C1:8952H         LINE#         64
 C1:899EH         LINE#         65
 C1:89E9H         LINE#         66
 C1:89EEH         LINE#         67
 C1:89EEH         LINE#         68
 C1:8A33H         LINE#         69
 C1:8A3FH         LINE#         71
 C1:8A42H         LINE#         88
 C1:8AC5H         LINE#         89
 C1:8B48H         LINE#         90
 C1:8BCBH         LINE#         92
 C1:8BCEH         LINE#         97
 C1:8C51H         LINE#         98
  -------         ENDPROC       _CATNETWORKCONFIGMSG

  -------         PROC BANK=1   NETWORKCONFIG
  -------         DO            
  D:0006H         SYMBOL        i
  -------         ENDDO         
 C1:B750H         LINE#         102
 C1:B750H         LINE#         103
 C1:B750H         LINE#         106
 C1:B753H         LINE#         107
 C1:B753H         LINE#         108
 C1:B76BH         LINE#         109
 C1:B776H         LINE#         110
 C1:B788H         LINE#         111
 C1:B79AH         LINE#         112
 C1:B7ACH         LINE#         113
 C1:B7BEH         LINE#         114
 C1:B7D0H         LINE#         115
 C1:B7E2H         LINE#         116
 C1:B7F4H         LINE#         117
 C1:B806H         LINE#         119
 C1:B81EH         LINE#         120
BL51 BANKED LINKER/LOCATER V6.00                                                      12/23/2015  16:04:37  PAGE 20


 C1:B83AH         LINE#         121
  -------         ENDPROC       NETWORKCONFIG

  -------         PROC BANK=1   _DELAY0
  D:0006H         SYMBOL        H
 C1:D9B4H         LINE#         125
 C1:D9B4H         LINE#         126
 C1:D9B4H         LINE#         127
 C1:D9C3H         LINE#         128
 C1:D9C3H         LINE#         129
 C1:D9C6H         LINE#         130
 C1:D9C6H         LINE#         131
 C1:D9C7H         LINE#         132
 C1:D9C9H         LINE#         133
  -------         ENDPROC       _DELAY0

  -------         PROC BANK=1   GETCH2
  -------         DO            
  D:0007H         SYMBOL        a
  -------         ENDDO         
 C1:DAB0H         LINE#         134
 C1:DAB0H         LINE#         135
 C1:DAB0H         LINE#         136
 C1:DAB3H         LINE#         137
 C1:DAB5H         LINE#         138
 C1:DAB7H         LINE#         139
 C1:DAB7H         LINE#         140
  -------         ENDPROC       GETCH2

  -------         PROC BANK=1   KBHIT_EE_LOAD_DEFAULT
  -------         DO            
  X:33E4H         SYMBOL        keyword
  X:33EBH         SYMBOL        cur_type
  X:33F2H         SYMBOL        i
  -------         ENDDO         
 C1:C09DH         LINE#         142
 C1:C09DH         LINE#         143
 C1:C09DH         LINE#         144
 C1:C0A4H         LINE#         145
 C1:C0AAH         LINE#         146
 C1:C0AAH         LINE#         147
 C1:C0B9H         LINE#         148
 C1:C0B9H         LINE#         149
 C1:C0B9H         LINE#         150
 C1:C0C2H         LINE#         151
 C1:C0C5H         LINE#         152
 C1:C0C8H         LINE#         153
 C1:C0C8H         LINE#         154
 C1:C0C8H         LINE#         155
 C1:C0C8H         LINE#         156
 C1:C0DBH         LINE#         157
 C1:C0EEH         LINE#         158
 C1:C0F4H         LINE#         159
 C1:C109H         LINE#         160
 C1:C109H         LINE#         161
 C1:C109H         LINE#         162
 C1:C11EH         LINE#         163
BL51 BANKED LINKER/LOCATER V6.00                                                      12/23/2015  16:04:37  PAGE 21


 C1:C11EH         LINE#         164
 C1:C12DH         LINE#         165
 C1:C133H         LINE#         166
 C1:C133H         LINE#         167
 C1:C142H         LINE#         168
 C1:C158H         LINE#         169
 C1:C168H         LINE#         170
 C1:C168H         LINE#         171
 C1:C168H         LINE#         172
 C1:C171H         LINE#         173
 C1:C17AH         LINE#         174
 C1:C17AH         LINE#         175
 C1:C17AH         LINE#         176
 C1:C17AH         LINE#         177
  -------         ENDPROC       KBHIT_EE_LOAD_DEFAULT

  -------         PROC BANK=1   FLASHLED
 C1:DAEDH         LINE#         186
 C1:DAEDH         LINE#         187
 C1:DAEDH         LINE#         203
  -------         ENDPROC       FLASHLED

  -------         PROC BANK=1   MAIN
  -------         DO            
  X:37CDH         SYMBOL        RXFIFO_START
  -------         ENDDO         
 C1:CDDBH         LINE#         225
 C1:CDDBH         LINE#         226
 C1:CDDBH         LINE#         227
 C1:CDE1H         LINE#         229
 C1:CDE3H         LINE#         230
 C1:CDE6H         LINE#         231
 C1:CDE9H         LINE#         232
 C1:CDECH         LINE#         234
 C1:CDEEH         LINE#         235
 C1:CDF0H         LINE#         240
 C1:CDF3H         LINE#         241
 C1:CDF3H         LINE#         242
 C1:CDF6H         LINE#         243
 C1:CDF9H         LINE#         245
 C1:CDFBH         LINE#         246
 C1:CDFDH         LINE#         249
 C1:CE00H         LINE#         250
 C1:CE03H         LINE#         252
 C1:CE06H         LINE#         256
 C1:CE09H         LINE#         257
 C1:CE0CH         LINE#         258
 C1:CE15H         LINE#         260
 C1:CE18H         LINE#         262
 C1:CE1BH         LINE#         269
 C1:CE28H         LINE#         273
 C1:CE28H         LINE#         274
 C1:CE2FH         LINE#         275
 C1:CE2FH         LINE#         278
 C1:CE37H         LINE#         280
 C1:CE3AH         LINE#         289
 C1:CE3DH         LINE#         293
BL51 BANKED LINKER/LOCATER V6.00                                                      12/23/2015  16:04:37  PAGE 22


  -------         ENDPROC       MAIN
  -------         ENDMOD        MAIN

  -------         MODULE        PATCH_INFO
  N:0100H         SYMBOL        EE_LENGTH
  N:0002H         SYMBOL        SIZE_EEAPP_ID
  N:0002H         SYMBOL        SIZE_EECHIP_ID
  C:FFE0H         SYMBOL        _PATCH_INFO
  -------         ENDMOD        PATCH_INFO

  -------         MODULE        EE_PROCESS
  C:0000H         SYMBOL        _ICE_DUMMY_
  D:0090H         PUBLIC        P1
  D:00B0H         PUBLIC        P3
 C1:D99DH         PUBLIC        GetDeviceID
  D:00A8H         PUBLIC        IE
 C1:BD07H         PUBLIC        EEPROMLoadDefault
  D:00B8H         PUBLIC        IP
 C1:CE40H         PUBLIC        _Setup_BLUpgrade
 C1:D22DH         PUBLIC        EEPROMCheckDataAvailable
  D:0098H         PUBLIC        SCON
  D:0088H         PUBLIC        TCON
  X:17FEH         PUBLIC        EE_Reserved_0
  X:1806H         PUBLIC        web_def
  D:00D8H         PUBLIC        WDTCON
 C1:CC80H         PUBLIC        EEPROMInit
 C1:D17DH         SYMBOL        LoadEEPROM2EEConfig
  D:00C8H         PUBLIC        T2CON
 C1:C93BH         PUBLIC        _SaveModuleInfo2EEPROM
  X:1807H         PUBLIC        need_load_default
  X:1808H         PUBLIC        EE_Result
  X:1809H         PUBLIC        EEConfigInfo
  X:184CH         PUBLIC        ModuleInfo
 C1:D125H         SYMBOL        LoadEEPROM2ModuleInfo
  D:00D0H         PUBLIC        PSW

  -------         PROC BANK=1   GETDEVICEID
 C1:D99DH         LINE#         71
 C1:D99DH         LINE#         72
 C1:D99DH         LINE#         73
 C1:D9B3H         LINE#         74
  -------         ENDPROC       GETDEVICEID

  -------         PROC BANK=1   LOADEEPROM2MODULEINFO
  -------         DO            
  X:36DFH         SYMBOL        i
  X:36E1H         SYMBOL        p
  -------         ENDDO         
 C1:D125H         LINE#         90
 C1:D125H         LINE#         91
 C1:D125H         LINE#         96
 C1:D133H         LINE#         98
 C1:D13AH         LINE#         99
 C1:D13AH         LINE#         100
 C1:D15BH         LINE#         101
 C1:D15BH         LINE#         103
 C1:D15DH         LINE#         104
BL51 BANKED LINKER/LOCATER V6.00                                                      12/23/2015  16:04:37  PAGE 23


 C1:D15DH         LINE#         105
 C1:D17AH         LINE#         117
 C1:D17CH         LINE#         118
  -------         ENDPROC       LOADEEPROM2MODULEINFO

  -------         PROC BANK=1   _SAVEMODULEINFO2EEPROM
  X:3453H         SYMBOL        pSubModule
  X:3456H         SYMBOL        size
  -------         DO            
  X:3458H         SYMBOL        i
  X:345AH         SYMBOL        pu8SubMoudle
  X:345DH         SYMBOL        loc_EESubMoudle
  -------         ENDDO         
 C1:C93BH         LINE#         135
 C1:C94EH         LINE#         136
 C1:C94EH         LINE#         138
 C1:C959H         LINE#         139
 C1:C976H         LINE#         140
 C1:C991H         LINE#         141
 C1:C9CDH         LINE#         142
 C1:C9CFH         LINE#         143
  -------         ENDPROC       _SAVEMODULEINFO2EEPROM

  -------         PROC BANK=1   _SETUP_BLUPGRADE
  X:374AH         SYMBOL        uip_hostaddr
 C1:CE40H         LINE#         146
 C1:CE4BH         LINE#         147
 C1:CE4BH         LINE#         148
 C1:CE56H         LINE#         149
 C1:CE6FH         LINE#         150
 C1:CE88H         LINE#         151
 C1:CEA1H         LINE#         153
 C1:CEA3H         LINE#         154
  -------         ENDPROC       _SETUP_BLUPGRADE

  -------         PROC BANK=1   LOADEEPROM2EECONFIG
  -------         DO            
  X:36E4H         SYMBOL        i
  X:36E6H         SYMBOL        p
  -------         ENDDO         
 C1:D17DH         LINE#         173
 C1:D17DH         LINE#         174
 C1:D17DH         LINE#         178
 C1:D18BH         LINE#         180
 C1:D192H         LINE#         181
 C1:D192H         LINE#         182
 C1:D1B3H         LINE#         183
 C1:D1B3H         LINE#         185
 C1:D1B5H         LINE#         186
 C1:D1B5H         LINE#         187
 C1:D1D2H         LINE#         249
 C1:D1D4H         LINE#         250
  -------         ENDPROC       LOADEEPROM2EECONFIG

  -------         PROC BANK=1   EEPROMCHECKDATAAVAILABLE
  -------         DO            
  X:37A7H         SYMBOL        eebyte
BL51 BANKED LINKER/LOCATER V6.00                                                      12/23/2015  16:04:37  PAGE 24


  X:37A8H         SYMBOL        i
  -------         ENDDO         
 C1:D22DH         LINE#         273
 C1:D22DH         LINE#         274
 C1:D22DH         LINE#         280
 C1:D233H         LINE#         307
 C1:D242H         LINE#         308
 C1:D242H         LINE#         309
 C1:D250H         LINE#         310
 C1:D250H         LINE#         312
 C1:D254H         LINE#         313
 C1:D256H         LINE#         314
 C1:D256H         LINE#         316
 C1:D26CH         LINE#         317
 C1:D26CH         LINE#         318
 C1:D275H         LINE#         319
 C1:D278H         LINE#         320
 C1:D278H         LINE#         321
 C1:D280H         LINE#         324
 C1:D282H         LINE#         326
  -------         ENDPROC       EEPROMCHECKDATAAVAILABLE

  -------         PROC BANK=1   EEPROMLOADDEFAULT
  -------         DO            
  X:358DH         SYMBOL        i
  X:358FH         SYMBOL        p
  X:3592H         SYMBOL        pEE_Reserved_0
  -------         ENDDO         
 C1:BD07H         LINE#         344
 C1:BD07H         LINE#         345
 C1:BD07H         LINE#         351
 C1:BD15H         LINE#         352
 C1:BD23H         LINE#         353
 C1:BD3DH         LINE#         354
 C1:BD3DH         LINE#         355
 C1:BD43H         LINE#         356
 C1:BD5CH         LINE#         358
 C1:BD74H         LINE#         359
 C1:BD83H         LINE#         360
 C1:BD83H         LINE#         361
 C1:BD86H         LINE#         362
 C1:BDA9H         LINE#         363
 C1:BDA9H         LINE#         365
 C1:BDACH         LINE#         366
 C1:BDACH         LINE#         367
 C1:BDACH         LINE#         368
 C1:BDACH         LINE#         369
 C1:BDAFH         LINE#         370
 C1:BDD0H         LINE#         371
 C1:BDD0H         LINE#         373
 C1:BDD3H         LINE#         374
 C1:BDD3H         LINE#         375
 C1:BDD3H         LINE#         376
 C1:BDD6H         LINE#         377
 C1:BDEAH         LINE#         380
 C1:BDECH         LINE#         381
  -------         ENDPROC       EEPROMLOADDEFAULT
BL51 BANKED LINKER/LOCATER V6.00                                                      12/23/2015  16:04:37  PAGE 25



  -------         PROC BANK=1   EEPROMINIT
 C1:CC80H         LINE#         402
 C1:CC80H         LINE#         403
 C1:CC80H         LINE#         406
 C1:CC83H         LINE#         408
 C1:CC89H         LINE#         409
 C1:CC89H         LINE#         410
 C1:CC8FH         LINE#         411
 C1:CC8FH         LINE#         412
 C1:CC93H         LINE#         414
 C1:CCA5H         LINE#         415
 C1:CCA5H         LINE#         417
 C1:CCABH         LINE#         418
 C1:CCABH         LINE#         419
 C1:CCAFH         LINE#         421
 C1:CCC2H         LINE#         422
 C1:CCC2H         LINE#         424
 C1:CCC2H         LINE#         425
 C1:CCC2H         LINE#         428
 C1:CCD5H         LINE#         430
 C1:CCE8H         LINE#         431
 C1:CCEEH         LINE#         432
 C1:CCEEH         LINE#         436
 C1:CCF4H         LINE#         441
 C1:CCF4H         LINE#         442
 C1:CCF4H         LINE#         444
  -------         ENDPROC       EEPROMINIT
  -------         ENDMOD        EE_PROCESS

  -------         MODULE        FIRMWARE_REV
  C:0000H         SYMBOL        _ICE_DUMMY_
 C0:6000H         PUBLIC        FWARE_REV
  -------         ENDMOD        FIRMWARE_REV

  -------         MODULE        ?BANK?SWITCHING
  C:3AB8H         SEGMENT       ?BANK?SELECT
  D:002DH         SEGMENT       ?BANK?DATA
  C:2000H         SEGMENT       ?BANK?SWITCH
  C:205EH         PUBLIC        ?B_BANK0
  C:2076H         PUBLIC        ?B_BANK1
  C:214EH         PUBLIC        ?B_BANK10
  C:2166H         PUBLIC        ?B_BANK11
  C:217EH         PUBLIC        ?B_BANK12
  C:2196H         PUBLIC        ?B_BANK13
  C:21AEH         PUBLIC        ?B_BANK14
  C:21C6H         PUBLIC        ?B_BANK15
  C:21DEH         PUBLIC        ?B_BANK16
  C:21F6H         PUBLIC        ?B_BANK17
  C:220EH         PUBLIC        ?B_BANK18
  C:2226H         PUBLIC        ?B_BANK19
  C:208EH         PUBLIC        ?B_BANK2
  C:223EH         PUBLIC        ?B_BANK20
  C:2256H         PUBLIC        ?B_BANK21
  C:226EH         PUBLIC        ?B_BANK22
  C:2286H         PUBLIC        ?B_BANK23
  C:229EH         PUBLIC        ?B_BANK24
BL51 BANKED LINKER/LOCATER V6.00                                                      12/23/2015  16:04:37  PAGE 26


  C:22B6H         PUBLIC        ?B_BANK25
  C:22CEH         PUBLIC        ?B_BANK26
[...]
 C2:B08EH         LINE#         56
 C2:B0B5H         LINE#         58
 C2:B0C6H         LINE#         59
 C2:B0D8H         LINE#         61
 C2:B0D8H         LINE#         62
 C2:B0FBH         LINE#         63
  -------         ENDPROC       _B64ENC

  -------         PROC BANK=2   _B64DEC
  D:0001H         SYMBOL        in
  D:0004H         SYMBOL        inlen
  X:3494H         SYMBOL        out
  -------         DO            
  X:3497H         SYMBOL        t0
  X:3498H         SYMBOL        t1
  X:3499H         SYMBOL        t2
  X:349AH         SYMBOL        t3
  -------         ENDDO         
 C2:B5F7H         LINE#         65
 C2:B5F7H         LINE#         66
 C2:B5F7H         LINE#         67
 C2:B61BH         LINE#         68
 C2:B642H         LINE#         69
 C2:B669H         LINE#         70
 C2:B690H         LINE#         72
 C2:B69EH         LINE#         73
 C2:B6BDH         LINE#         74
 C2:B6C8H         LINE#         75
 C2:B6D8H         LINE#         77
 C2:B6D8H         LINE#         78
 C2:B6FEH         LINE#         79
 C2:B709H         LINE#         80
 C2:B70FH         LINE#         82
 C2:B70FH         LINE#         83
 C2:B722H         LINE#         84
  -------         ENDPROC       _B64DEC

  -------         PROC BANK=2   _B64ENCODE_LEN
  D:0001H         SYMBOL        in
  -------         DO            
  D:0006H         SYMBOL        l
  -------         ENDDO         
 C2:D6D0H         LINE#         86
BL51 BANKED LINKER/LOCATER V6.00                                                      12/23/2015  16:04:37  PAGE 263


 C2:D6D0H         LINE#         87
 C2:D6D0H         LINE#         88
 C2:D6D3H         LINE#         89
 C2:D6ECH         LINE#         90
  -------         ENDPROC       _B64ENCODE_LEN

  -------         PROC BANK=2   _B64DECODE_LEN
  D:0001H         SYMBOL        in
  -------         DO            
  D:0006H         SYMBOL        l
  -------         ENDDO         
 C2:D6EDH         LINE#         92
 C2:D6EDH         LINE#         93
 C2:D6EDH         LINE#         94
 C2:D6F0H         LINE#         95
 C2:D705H         LINE#         96
  -------         ENDPROC       _B64DECODE_LEN

  -------         PROC BANK=2   _B64ENCODE_ALLOC
  D:0001H         SYMBOL        in
  -------         DO            
  D:0006H         SYMBOL        l
  X:37A1H         SYMBOL        n
  -------         ENDDO         
 C2:CF1AH         LINE#         98
 C2:CF1AH         LINE#         99
 C2:CF1AH         LINE#         100
 C2:CF1DH         LINE#         101
 C2:CF2BH         LINE#         102
 C2:CF39H         LINE#         103
 C2:CF4EH         LINE#         104
 C2:CF56H         LINE#         105
 C2:CF71H         LINE#         106
 C2:CF73H         LINE#         107
 C2:CF73H         LINE#         108
 C2:CF7EH         LINE#         109
  -------         ENDPROC       _B64ENCODE_ALLOC

  -------         PROC BANK=2   _B64ENCODE
  X:35FDH         SYMBOL        in
  X:3600H         SYMBOL        out
  -------         DO            
  X:3603H         SYMBOL        inlen
  -------         ENDDO         
 C2:CE3AH         LINE#         111
 C2:CE45H         LINE#         112
 C2:CE45H         LINE#         113
 C2:CE50H         LINE#         114
 C2:CE62H         LINE#         115
 C2:CE85H         LINE#         116
 C2:CE93H         LINE#         117
 C2:CE9DH         LINE#         118
 C2:CEA7H         LINE#         119
 C2:CEA9H         LINE#         120
  -------         ENDPROC       _B64ENCODE

  -------         PROC BANK=2   _B64DECODE_ALLOC
BL51 BANKED LINKER/LOCATER V6.00                                                      12/23/2015  16:04:37  PAGE 264


  D:0001H         SYMBOL        in
  -------         DO            
  D:0006H         SYMBOL        l
  X:37A4H         SYMBOL        n
  -------         ENDDO         
 C2:D30FH         LINE#         122
 C2:D30FH         LINE#         123
 C2:D30FH         LINE#         124
 C2:D312H         LINE#         125
 C2:D320H         LINE#         126
 C2:D32EH         LINE#         127
 C2:D336H         LINE#         128
 C2:D350H         LINE#         129
 C2:D352H         LINE#         130
 C2:D352H         LINE#         131
 C2:D35DH         LINE#         132
  -------         ENDPROC       _B64DECODE_ALLOC

  -------         PROC BANK=2   _B64DECODE
  X:3605H         SYMBOL        in
  X:3608H         SYMBOL        out
  -------         DO            
  X:360BH         SYMBOL        inlen
  -------         ENDDO         
 C2:CEAAH         LINE#         134
 C2:CEB5H         LINE#         135
 C2:CEC0H         LINE#         136
 C2:CED2H         LINE#         137
 C2:CEF5H         LINE#         138
 C2:CF03H         LINE#         139
 C2:CF0DH         LINE#         140
 C2:CF17H         LINE#         141
 C2:CF19H         LINE#         142
  -------         ENDPROC       _B64DECODE
  -------         ENDMOD        BASE64

  -------         MODULE        CRAM_MD5
  C:0000H         SYMBOL        _ICE_DUMMY_
  X:2E8CH         PUBLIC        buf_md5
 C2:D26BH         PUBLIC        _cram_md5_decode
 C2:D506H         PUBLIC        _cram_md5_encode
  X:2EF0H         PUBLIC        _cram_md5_param
 C2:B72EH         PUBLIC        _cram_md5
  -------         PROC          L?0004
  -------         ENDPROC       L?0004

  -------         PROC BANK=2   _CRAM_MD5
  X:349BH         SYMBOL        cram_md5_param
  -------         DO            
  X:349EH         SYMBOL        challenge
  X:34A1H         SYMBOL        decoded
  X:34A4H         SYMBOL        encoded
  -------         ENDDO         
 C2:B72EH         LINE#         20
 C2:B739H         LINE#         21
 C2:B739H         LINE#         26
 C2:B74DH         LINE#         27
BL51 BANKED LINKER/LOCATER V6.00                                                      12/23/2015  16:04:37  PAGE 265


 C2:B77EH         LINE#         29
 C2:B7A0H         LINE#         31
 C2:B7AEH         LINE#         33
 C2:B7D6H         LINE#         35
 C2:B7EFH         LINE#         36
 C2:B812H         LINE#         37
 C2:B834H         LINE#         38
  -------         ENDPROC       _CRAM_MD5

  -------         PROC BANK=2   _CRAM_MD5_ENCODE
  D:0001H         SYMBOL        in
  X:36D6H         SYMBOL        out
 C2:D506H         LINE#         39
 C2:D506H         LINE#         40
 C2:D506H         LINE#         41
 C2:D511H         LINE#         42
 C2:D51DH         LINE#         43
 C2:D524H         LINE#         44
 C2:D527H         LINE#         45
  -------         ENDPROC       _CRAM_MD5_ENCODE

  -------         PROC BANK=2   _CRAM_MD5_DECODE
  X:36D9H         SYMBOL        in
  X:36DCH         SYMBOL        out
 C2:D26BH         LINE#         48
 C2:D276H         LINE#         49
 C2:D276H         LINE#         50
 C2:D284H         LINE#         51
 C2:D290H         LINE#         52
 C2:D2A0H         LINE#         53
 C2:D2A3H         LINE#         54
  -------         ENDPROC       _CRAM_MD5_DECODE
  -------         ENDMOD        CRAM_MD5

  -------         MODULE        SNMP_TRAP
  C:0000H         SYMBOL        _ICE_DUMMY_
  -------         ENDMOD        SNMP_TRAP

  -------         MODULE        ?C?COPY
  C:0185H         PUBLIC        ?C?COPY
  -------         ENDMOD        ?C?COPY

  -------         MODULE        ?C?CLDPTR
  C:01ABH         PUBLIC        ?C?CLDPTR
  -------         ENDMOD        ?C?CLDPTR

  -------         MODULE        ?C?CLDOPTR
  C:01C4H         PUBLIC        ?C?CLDOPTR
  -------         ENDMOD        ?C?CLDOPTR

  -------         MODULE        ?C?CLDIOPTR
  C:01F1H         PUBLIC        ?C?CLDIOPTR
  -------         ENDMOD        ?C?CLDIOPTR

  -------         MODULE        ?C?CILDPTR
  C:0228H         PUBLIC        ?C?CILDPTR
  -------         ENDMOD        ?C?CILDPTR
BL51 BANKED LINKER/LOCATER V6.00                                                      12/23/2015  16:04:37  PAGE 266



  -------         MODULE        ?C?CILDOPTR
  C:024AH         PUBLIC        ?C?CILDOPTR
  -------         ENDMOD        ?C?CILDOPTR

  -------         MODULE        ?C?CSTPTR
  C:027DH         PUBLIC        ?C?CSTPTR
  -------         ENDMOD        ?C?CSTPTR

  -------         MODULE        ?C?CSTOPTR
  C:028FH         PUBLIC        ?C?CSTOPTR
  -------         ENDMOD        ?C?CSTOPTR

  -------         MODULE        ?C?IMUL
  C:02B1H         PUBLIC        ?C?IMUL
  -------         ENDMOD        ?C?IMUL

  -------         MODULE        ?C?UIDIV
  C:02C3H         PUBLIC        ?C?UIDIV
  -------         ENDMOD        ?C?UIDIV

  -------         MODULE        ?C?SIDIV
  C:0318H         PUBLIC        ?C?SIDIV
  -------         ENDMOD        ?C?SIDIV

  -------         MODULE        ?C?IILDX
  C:034EH         PUBLIC        ?C?IILDX
  -------         ENDMOD        ?C?IILDX

  -------         MODULE        ?C?ILDIX
  C:0364H         PUBLIC        ?C?ILDIX
  -------         ENDMOD        ?C?ILDIX

  -------         MODULE        ?C?ILDPTR
  C:037AH         PUBLIC        ?C?ILDPTR
  -------         ENDMOD        ?C?ILDPTR

  -------         MODULE        ?C?ILDOPTR
  C:03A5H         PUBLIC        ?C?ILDOPTR
  -------         ENDMOD        ?C?ILDOPTR

  -------         MODULE        ?C?IILDPTR
  C:03DDH         PUBLIC        ?C?IILDPTR
  -------         ENDMOD        ?C?IILDPTR

  -------         MODULE        ?C?IILDOPTR
  C:0415H         PUBLIC        ?C?IILDOPTR
  -------         ENDMOD        ?C?IILDOPTR

  -------         MODULE        ?C?ISTPTR
  C:0462H         PUBLIC        ?C?ISTPTR
  -------         ENDMOD        ?C?ISTPTR

  -------         MODULE        ?C?ISTOPTR
  C:0481H         PUBLIC        ?C?ISTOPTR
  -------         ENDMOD        ?C?ISTOPTR

BL51 BANKED LINKER/LOCATER V6.00                                                      12/23/2015  16:04:37  PAGE 267


  -------         MODULE        ?C?LMUL
  C:04AEH         PUBLIC        ?C?LMUL
  -------         ENDMOD        ?C?LMUL

  -------         MODULE        ?C?ULDIV
  C:0539H         PUBLIC        ?C?ULDIV
  -------         ENDMOD        ?C?ULDIV

  -------         MODULE        ?C?LNOT
  C:05CBH         PUBLIC        ?C?LNOT
  -------         ENDMOD        ?C?LNOT

  -------         MODULE        ?C?SLCMP
  C:05D8H         PUBLIC        ?C?SLCMP
  -------         ENDMOD        ?C?SLCMP

  -------         MODULE        ?C?ULCMP
  C:05EEH         PUBLIC        ?C?ULCMP
  -------         ENDMOD        ?C?ULCMP

  -------         MODULE        ?C?ULSHR
  C:05FFH         PUBLIC        ?C?ULSHR
  -------         ENDMOD        ?C?ULSHR

  -------         MODULE        ?C?LSHL
  C:0612H         PUBLIC        ?C?LSHL
  -------         ENDMOD        ?C?LSHL

  -------         MODULE        ?C?LLDPTR
  C:0625H         PUBLIC        ?C?LLDPTR
  -------         ENDMOD        ?C?LLDPTR

  -------         MODULE        ?C?LLDOPTR
  C:0645H         PUBLIC        ?C?LLDOPTR
  -------         ENDMOD        ?C?LLDOPTR

  -------         MODULE        ?C?LSTPTR
  C:0675H         PUBLIC        ?C?LSTPTR
  -------         ENDMOD        ?C?LSTPTR

  -------         MODULE        ?C?LSTOPTR
  C:068FH         PUBLIC        ?C?LSTOPTR
  -------         ENDMOD        ?C?LSTOPTR

  -------         MODULE        ?C?LLDPTR0
  C:06B3H         PUBLIC        ?C?LLDPTR0
  -------         ENDMOD        ?C?LLDPTR0

  -------         MODULE        ?C?LLDIXDATA
  C:06DCH         PUBLIC        ?C?LLDIXDATA
  C:06D3H         PUBLIC        ?C?LLDIXDATA1
  C:06D5H         PUBLIC        ?C?LLDIXDATA8
  -------         ENDMOD        ?C?LLDIXDATA

  -------         MODULE        ?C?LSTXDATA
  C:0708H         PUBLIC        ?C?LSTXDATA
  -------         ENDMOD        ?C?LSTXDATA
BL51 BANKED LINKER/LOCATER V6.00                                                      12/23/2015  16:04:37  PAGE 268



  -------         MODULE        ?C?LSTKXDATA
  C:0714H         PUBLIC        ?C?LSTKXDATA
  -------         ENDMOD        ?C?LSTKXDATA

  -------         MODULE        ?C?LSTKOPTR
  C:0745H         PUBLIC        ?C?LSTKOPTR
  -------         ENDMOD        ?C?LSTKOPTR

  -------         MODULE        ?C?OFFXADD
  C:0769H         PUBLIC        ?C?OFFXADD
  -------         ENDMOD        ?C?OFFXADD

  -------         MODULE        ?C?PLDPTR
  C:0775H         PUBLIC        ?C?PLDPTR
  -------         ENDMOD        ?C?PLDPTR

  -------         MODULE        ?C?PSTPTR
  C:0795H         PUBLIC        ?C?PSTPTR
  -------         ENDMOD        ?C?PSTPTR

  -------         MODULE        ?C?PLDOPTR
  C:07E4H         PUBLIC        ?C?PLDOPTR
  -------         ENDMOD        ?C?PLDOPTR

  -------         MODULE        ?C?PSTOPTR
  C:0814H         PUBLIC        ?C?PSTOPTR
  -------         ENDMOD        ?C?PSTOPTR

  -------         MODULE        ?C?CCASE
  C:086DH         PUBLIC        ?C?CCASE
  -------         ENDMOD        ?C?CCASE

  -------         MODULE        ?C?ICASE
  C:0893H         PUBLIC        ?C?ICASE
  -------         ENDMOD        ?C?ICASE

  -------         MODULE        ?C?ICALL
  C:08C0H         PUBLIC        ?C?ICALL
  C:08C4H         PUBLIC        ?C?ICALL2
  -------         ENDMOD        ?C?ICALL

  -------         MODULE        PRINTF
  X:3280H         PUBLIC        ?_PRINTF517?BYTE
  X:3280H         PUBLIC        ?_PRINTF?BYTE
  X:3280H         PUBLIC        ?_SPRINTF517?BYTE
  X:3280H         PUBLIC        ?_SPRINTF?BYTE
  C:265EH         PUBLIC        _PRINTF
  C:265EH         PUBLIC        _PRINTF517
  C:2658H         PUBLIC        _SPRINTF
  C:2658H         PUBLIC        _SPRINTF517
  -------         ENDMOD        PRINTF

  -------         MODULE        RAND
  X:3743H         PUBLIC        ?SRAND?BYTE
  C:3946H         PUBLIC        RAND
  C:3984H         PUBLIC        _SRAND
BL51 BANKED LINKER/LOCATER V6.00                                                      12/23/2015  16:04:37  PAGE 269


  -------         ENDMOD        RAND

  -------         MODULE        SCANF
  X:31D7H         PUBLIC        ?_SCANF517?BYTE
  X:31D7H         PUBLIC        ?_SCANF?BYTE
  X:31D7H         PUBLIC        ?_SSCANF517?BYTE
  X:31D7H         PUBLIC        ?_SSCANF?BYTE
  C:29E5H         PUBLIC        _SCANF
  C:29E5H         PUBLIC        _SCANF517
  C:29E1H         PUBLIC        _SSCANF
  C:29E1H         PUBLIC        _SSCANF517
  -------         ENDMOD        SCANF

  -------         MODULE        STRCAT
  X:357BH         PUBLIC        ?_strcat?BYTE
  C:38DBH         PUBLIC        _strcat
  -------         ENDMOD        STRCAT

  -------         MODULE        ?C?STRCMP
  C:0A4EH         PUBLIC        ?C?STRCMP
  -------         ENDMOD        ?C?STRCMP

  -------         MODULE        STRNCMP
  X:360DH         PUBLIC        ?_strncmp?BYTE
  C:37F7H         PUBLIC        _strncmp
  -------         ENDMOD        STRNCMP

  -------         MODULE        ?C?STRCPY
  C:0B37H         PUBLIC        ?C?STRCPY
  -------         ENDMOD        ?C?STRCPY

  -------         MODULE        STRLEN
  C:3BC7H         PUBLIC        _STRLEN
  -------         ENDMOD        STRLEN

  -------         MODULE        STRCHR
  C:3B7AH         PUBLIC        _STRCHR
  -------         ENDMOD        STRCHR

  -------         MODULE        STRCSPN
  X:3584H         PUBLIC        ?_strcspn?BYTE
  C:3776H         PUBLIC        _strcspn
  -------         ENDMOD        STRCSPN

  -------         MODULE        ATOL
  C:3135H         PUBLIC        _atol
  -------         ENDMOD        ATOL

  -------         MODULE        ATOI
  C:3323H         PUBLIC        _atoi
  -------         ENDMOD        ATOI

  -------         MODULE        ?C?MEMCMP
  C:0CDAH         PUBLIC        ?C?MEMCMP
  -------         ENDMOD        ?C?MEMCMP

  -------         MODULE        ?C?MEMSET
BL51 BANKED LINKER/LOCATER V6.00                                                      12/23/2015  16:04:37  PAGE 270


  C:0CFEH         PUBLIC        ?C?MEMSET
  -------         ENDMOD        ?C?MEMSET

  -------         MODULE        ?C?LNEG
  C:0D2AH         PUBLIC        ?C?LNEG
  -------         ENDMOD        ?C?LNEG

  -------         MODULE        ?C?LLDIDATA
  C:0D38H         PUBLIC        ?C?LLDIDATA
  -------         ENDMOD        ?C?LLDIDATA

  -------         MODULE        ?C?LLDXDATA
  C:0D44H         PUBLIC        ?C?LLDXDATA
  -------         ENDMOD        ?C?LLDXDATA

  -------         MODULE        ?C?LLDPDATA
  C:0D50H         PUBLIC        ?C?LLDPDATA
  -------         ENDMOD        ?C?LLDPDATA

  -------         MODULE        ?C?LLDCODE
  C:0D5CH         PUBLIC        ?C?LLDCODE
  -------         ENDMOD        ?C?LLDCODE

  -------         MODULE        ?C?LLDIDATA0
  C:0D6CH         PUBLIC        ?C?LLDIDATA0
  -------         ENDMOD        ?C?LLDIDATA0

  -------         MODULE        ?C?LLDXDATA0
  C:0D79H         PUBLIC        ?C?LLDXDATA0
  -------         ENDMOD        ?C?LLDXDATA0

  -------         MODULE        ?C?LLDPDATA0
  C:0D85H         PUBLIC        ?C?LLDPDATA0
  -------         ENDMOD        ?C?LLDPDATA0

  -------         MODULE        ?C?LLDCODE0
  C:0D92H         PUBLIC        ?C?LLDCODE0
  -------         ENDMOD        ?C?LLDCODE0

  -------         MODULE        ?C?LSTIDATA
  C:0DA2H         PUBLIC        ?C?LSTIDATA
  -------         ENDMOD        ?C?LSTIDATA

  -------         MODULE        ?C?LSTPDATA
  C:0DAEH         PUBLIC        ?C?LSTPDATA
  -------         ENDMOD        ?C?LSTPDATA

  -------         MODULE        ?C?LSTKIDATA
  C:0DBAH         PUBLIC        ?C?LSTKIDATA
  -------         ENDMOD        ?C?LSTKIDATA

  -------         MODULE        ?C?LSTKPDATA
  C:0DD3H         PUBLIC        ?C?LSTKPDATA
  -------         ENDMOD        ?C?LSTKPDATA

  -------         MODULE        ?C?PLDIDATA
  C:0DECH         PUBLIC        ?C?PLDIDATA
BL51 BANKED LINKER/LOCATER V6.00                                                      12/23/2015  16:04:37  PAGE 271


  -------         ENDMOD        ?C?PLDIDATA

  -------         MODULE        ?C?PSTIDATA
  C:0DF5H         PUBLIC        ?C?PSTIDATA
  -------         ENDMOD        ?C?PSTIDATA

  -------         MODULE        ?C?PLDXDATA
  C:0DFEH         PUBLIC        ?C?PLDXDATA
  -------         ENDMOD        ?C?PLDXDATA

  -------         MODULE        ?C?PLDIXDATA
  C:0E07H         PUBLIC        ?C?PLDIXDATA
  -------         ENDMOD        ?C?PLDIXDATA

  -------         MODULE        ?C?PILDXDATA
  C:0E1EH         PUBLIC        ?C?PILDXDATA
  -------         ENDMOD        ?C?PILDXDATA

  -------         MODULE        ?C?PSTXDATA
  C:0E35H         PUBLIC        ?C?PSTXDATA
  -------         ENDMOD        ?C?PSTXDATA

  -------         MODULE        ?C?PLDPDATA
  C:0E3EH         PUBLIC        ?C?PLDPDATA
  -------         ENDMOD        ?C?PLDPDATA

  -------         MODULE        ?C?PSTPDATA
  C:0E47H         PUBLIC        ?C?PSTPDATA
  -------         ENDMOD        ?C?PSTPDATA

  -------         MODULE        ?C?PLDCODE
  C:0E50H         PUBLIC        ?C?PLDCODE
  -------         ENDMOD        ?C?PLDCODE

  -------         MODULE        PUTCHAR
  C:3AE1H         PUBLIC        _PUTCHAR
  -------         ENDMOD        PUTCHAR

  -------         MODULE        GETCHAR
  B:0027H.1       PUBLIC        ?C?CHARLOADED
  X:37DAH         PUBLIC        ?_UNGETCHAR?BYTE
  C:3BF0H         PUBLIC        GETCHAR
  -------         ENDMOD        GETCHAR

  -------         MODULE        UNGETC
  C:3C88H         PUBLIC        _UNGETCHAR
  -------         ENDMOD        UNGETC

  -------         MODULE        ISDIGIT
  C:3C5AH         PUBLIC        _isdigit
  -------         ENDMOD        ISDIGIT

  -------         MODULE        ISSPACE
  C:3C04H         PUBLIC        _isspace
  -------         ENDMOD        ISSPACE

  -------         MODULE        _GETKEY
BL51 BANKED LINKER/LOCATER V6.00                                                      12/23/2015  16:04:37  PAGE 272


  C:3C76H         PUBLIC        _GETKEY
  -------         ENDMOD        _GETKEY

Program Size: data=99.2 xdata=14299 code=181854
LINK/LOCATE RUN COMPLETE.  0 WARNING(S),  0 ERROR(S)
