BL51 BANKED LINKER/LOCATER V5.03                                                        08/07/2012  16:43:54  PAGE 1


BL51 BANKED LINKER/LOCATER V5.03, INVOKED BY:
C:\KEIL\C51\BIN\BL51.EXE BANK1 {.\obj\main.obj}, BANK1 {.\obj\patch_info.obj}, BANK1 {.\obj\ee_process.obj}, BANK0 {.\ob
>> j\firmware_rev.obj}, COMMON {.\obj\L51_BANK.obj}, COMMON {.\obj\STARTUP.obj}, BANK1 {.\obj\ee_default.obj}, BANK1 {.\
>> obj\dma.obj}, BANK1 {.\obj\eeprom.obj}, BANK1 {.\obj\serial.obj}, BANK1 {.\obj\MACdriver.obj}, BANK1 {.\obj\timer.obj
>> }, BANK1 {.\obj\uart.obj}, BANK1 {.\obj\MDC_MDIO.obj}, BANK1 {.\obj\os_cbk.obj}, BANK1 {.\obj\vtag.obj}, BANK1 {.\obj
>> \fs32.obj}, BANK0 {.\obj\htmfiles0.obj}, BANK1 {.\obj\htmfiles1.obj}, BANK2 {.\obj\htmfiles2.obj}, BANK3 {.\obj\htmfi
>> les3.obj}, BANK4 {.\obj\htmfiles4.obj}, BANK5 {.\obj\htmfiles5.obj}, BANK6 {.\obj\htmfiles6.obj}, BANK7 {.\obj\htmfil
>> es7.obj}, BANK8 {.\obj\htmfiles8.obj}, BANK9 {.\obj\htmfiles9.obj}, BANK10 {.\obj\htmfiles10.obj}, BANK11 {.\obj\htmf
>> iles11.obj}, BANK12 {.\obj\htmfiles12.obj}, BANK13 {.\obj\htmfiles13.obj}, BANK14 {.\obj\htmfiles14.obj}, BANK15 {.\o
>> bj\htmfiles15.obj}, BANK16 {.\obj\htmfiles16.obj}, BANK17 {.\obj\htmfiles17.obj}, BANK18 {.\obj\htmfiles18.obj}, BANK
>> 19 {.\obj\htmfiles19.obj}, BANK20 {.\obj\htmfiles20.obj}, BANK21 {.\obj\htmfiles21.obj}, BANK22 {.\obj\htmfiles22.obj
>> }, BANK23 {.\obj\htmfiles23.obj}, BANK24 {.\obj\htmfiles24.obj}, BANK25 {.\obj\htmfiles25.obj}, BANK26 {.\obj\htmfile
>> s26.obj}, BANK27 {.\obj\htmfiles27.obj}, BANK28 {.\obj\htmfiles28.obj}, BANK29 {.\obj\htmfiles29.obj}, BANK30 {.\obj\
>> htmfiles30.obj}, BANK31 {.\obj\htmfiles31.obj}, BANK1 {.\obj\uip.obj}, BANK6 {.\obj\uip_arp.obj}, BANK1 {.\obj\muip.o
>> bj}, BANK1 {.\obj\cgi.obj}, BANK1 {.\obj\cgiutil.obj}, BANK1 {.\obj\challenge.obj}, BANK1 {.\obj\cookie.obj}, BANK1 {
>> .\obj\httpd.obj}, BANK1 {.\obj\application.obj}, BANK1 {.\obj\httpd_app.obj}, BANK5 {.\obj\checksum.obj}, BANK1 {.\ob
>> j\loginCbk.obj}, BANK1 {.\obj\errormsgCbk.obj}, BANK2 {.\obj\uartCbk.obj}, BANK2 {.\obj\telnetCbk.obj}, BANK5 {.\obj\
>> setDefCbk.obj}, BANK1 {.\obj\setIPCbk.obj}, BANK1 {.\obj\setPASSCbk.obj}, BANK1 {.\obj\statusCbk.obj}, BANK1 {.\obj\s
>> mtpCbk.obj}, BANK1 {.\obj\fw_upCbk.obj}, BANK5 {.\obj\adcCbk.obj}, BANK5 {.\obj\udp_telCbk.obj}, BANK1 {.\obj\didoCbk
>> .obj}, BANK6 {.\obj\CommandLine.obj}, BANK1 {.\obj\utility.obj}, BANK2 {.\obj\telnet.obj}, BANK2 {.\obj\udp.obj}, BAN
>> K2 {.\obj\dhcpc.obj}, BANK2 {.\obj\net_uart.obj}, BANK2 {.\obj\gpio.obj}, BANK2 {.\obj\dns.obj}, BANK2 {.\obj\wdg.obj
>> }, BANK2 {.\obj\udp_tel.obj}, BANK2 {.\obj\netuart_ctrl.obj}, BANK5 {.\obj\dido.obj}, BANK5 {.\obj\net_cmd.obj}, BANK
>> 2 {.\obj\smtp.obj}, BANK2 {.\obj\base64.obj}, BANK2 {.\obj\cram_md5.obj}, BANK2 {.\obj\snmp_trap.obj} TO .\obj\NetUAR
>> T BANKAREA (0X5000, 0XFF00) PRINT (.\NetUART.m51) RAMSIZE (256) NOOVERLAY, BANK0 (?CO?HTMFILES0 (0X5000), ?CO?FIRMWAR
>> E_REV (0X6000)) BANK1 (?CO?HTMFILES1 (0X5000)) BANK2 (?CO?HTMFILES2 (0X5000)) BANK3 (?CO?HTMFILES3 (0X5000)) BANK4 (?
>> CO?HTMFILES4 (0X5000)) BANK5 (?CO?HTMFILES5 (0X5000)) BANK6 (?CO?HTMFILES6 (0X5000)) BANK7 (?CO?HTMFILES7 (0X5000)) B
>> ANK8 (?CO?HTMFILES8 (0X5000)) BANK9 (?CO?HTMFILES9 (0X5000)) BANK10 (?CO?HTMFILES10 (0X5000)) BANK11 (?CO?HTMFILES11 
>> (0X5000)) BANK12 (?CO?HTMFILES12 (0X5000)) BANK13 (?CO?HTMFILES13 (0X5000)) BANK14 (?CO?HTMFILES14 (0X5000)) BANK15 (
>> ?CO?HTMFILES15 (0X5000)) BANK16 (?CO?HTMFILES16 (0X5000)) BANK17 (?CO?HTMFILES17 (0X5000)) BANK18 (?CO?HTMFILES18 (0X
>> 5000)) BANK19 (?CO?HTMFILES19 (0X5000)) BANK20 (?CO?HTMFILES20 (0X5000)) BANK21 (?CO?HTMFILES21 (0X5000)) BANK22 (?CO
>> ?HTMFILES22 (0X5000)) BANK23 (?CO?HTMFILES23 (0X5000)) BANK24 (?CO?HTMFILES24 (0X5000)) BANK25 (?CO?HTMFILES25 (0X500
>> 0)) BANK26 (?CO?HTMFILES26 (0X5000)) BANK27 (?CO?HTMFILES27 (0X5000)) BANK28 (?CO?HTMFILES28 (0X5000)) BANK29 (?CO?HT
>> MFILES29 (0X5000)) BANK30 (?CO?HTMFILES30 (0X5000)) BANK31 (?CO?HTMFILES31 (0X5000)) CODE (0X0000-0X4FFF) XDATA (0X00
>> 00-0X3AFF)


MEMORY MODEL: LARGE


INPUT MODULES INCLUDED:
  .\obj\main.obj (MAIN)
  .\obj\patch_info.obj (PATCH_INFO)
  .\obj\ee_process.obj (EE_PROCESS)
  .\obj\firmware_rev.obj (FIRMWARE_REV)
  .\obj\L51_BANK.obj (?BANK?SWITCHING)
  .\obj\STARTUP.obj (?C_STARTUP)
  .\obj\ee_default.obj (EE_DEFAULT)
  .\obj\dma.obj (DMA)
  .\obj\eeprom.obj (EEPROM)
  .\obj\serial.obj (SERIAL)
  .\obj\MACdriver.obj (MACDRIVER)
  .\obj\timer.obj (TIMER)
  .\obj\uart.obj (UART)
  .\obj\MDC_MDIO.obj (MDC_MDIO)
  .\obj\os_cbk.obj (OS_CBK)
  .\obj\vtag.obj (VTAG)
  .\obj\fs32.obj (FS32)
  .\obj\htmfiles0.obj (HTMFILES0)
BL51 BANKED LINKER/LOCATER V5.03                                                      08/07/2012  16:43:54  PAGE 2


  .\obj\htmfiles1.obj (HTMFILES1)
  .\obj\htmfiles2.obj (HTMFILES2)
  .\obj\htmfiles3.obj (HTMFILES3)
  .\obj\htmfiles4.obj (HTMFILES4)
  .\obj\htmfiles5.obj (HTMFILES5)
  .\obj\htmfiles6.obj (HTMFILES6)
  .\obj\htmfiles7.obj (HTMFILES7)
  .\obj\htmfiles8.obj (HTMFILES8)
  .\obj\htmfiles9.obj (HTMFILES9)
  .\obj\htmfiles10.obj (HTMFILES10)
  .\obj\htmfiles11.obj (HTMFILES11)
  .\obj\htmfiles12.obj (HTMFILES12)
  .\obj\htmfiles13.obj (HTMFILES13)
  .\obj\htmfiles14.obj (HTMFILES14)
  .\obj\htmfiles15.obj (HTMFILES15)
  .\obj\htmfiles16.obj (HTMFILES16)
  .\obj\htmfiles17.obj (HTMFILES17)
  .\obj\htmfiles18.obj (HTMFILES18)
  .\obj\htmfiles19.obj (HTMFILES19)
  .\obj\htmfiles20.obj (HTMFILES20)
  .\obj\htmfiles21.obj (HTMFILES21)
  .\obj\htmfiles22.obj (HTMFILES22)
  .\obj\htmfiles23.obj (HTMFILES23)
  .\obj\htmfiles24.obj (HTMFILES24)
  .\obj\htmfiles25.obj (HTMFILES25)
  .\obj\htmfiles26.obj (HTMFILES26)
  .\obj\htmfiles27.obj (HTMFILES27)
  .\obj\htmfiles28.obj (HTMFILES28)
  .\obj\htmfiles29.obj (HTMFILES29)
  .\obj\htmfiles30.obj (HTMFILES30)
  .\obj\htmfiles31.obj (HTMFILES31)
  .\obj\uip.obj (UIP)
  .\obj\uip_arp.obj (UIP_ARP)
  .\obj\muip.obj (MUIP)
  .\obj\cgi.obj (CGI)
  .\obj\cgiutil.obj (CGIUTIL)
  .\obj\challenge.obj (CHALLENGE)
  .\obj\cookie.obj (COOKIE)
  .\obj\httpd.obj (HTTPD)
  .\obj\application.obj (APPLICATION)
  .\obj\httpd_app.obj (HTTPD_APP)
  .\obj\checksum.obj (CHECKSUM)
  .\obj\loginCbk.obj (LOGINCBK)
  .\obj\errormsgCbk.obj (ERRORMSGCBK)
  .\obj\uartCbk.obj (UARTCBK)
  .\obj\telnetCbk.obj (TELNETCBK)
  .\obj\setDefCbk.obj (SETDEFCBK)
  .\obj\setIPCbk.obj (SETIPCBK)
  .\obj\setPASSCbk.obj (SETPASSCBK)
  .\obj\statusCbk.obj (STATUSCBK)
  .\obj\smtpCbk.obj (SMTPCBK)
  .\obj\fw_upCbk.obj (FW_UPCBK)
  .\obj\adcCbk.obj (ADCCBK)
  .\obj\udp_telCbk.obj (UDP_TELCBK)
  .\obj\didoCbk.obj (DIDOCBK)
  .\obj\CommandLine.obj (COMMANDLINE)
  .\obj\utility.obj (UTILITY)
BL51 BANKED LINKER/LOCATER V5.03                                                      08/07/2012  16:43:54  PAGE 3


  .\obj\telnet.obj (TELNET)
  .\obj\udp.obj (UDP)
  .\obj\dhcpc.obj (DHCPC)
  .\obj\net_uart.obj (NET_UART)
  .\obj\gpio.obj (GPIO)
  .\obj\dns.obj (DNS)
  .\obj\wdg.obj (WDG)
  .\obj\udp_tel.obj (UDP_TEL)
  .\obj\netuart_ctrl.obj (NETUART_CTRL)
  .\obj\dido.obj (DIDO)
  .\obj\net_cmd.obj (NET_CMD)
  .\obj\smtp.obj (SMTP)
  .\obj\base64.obj (BASE64)
  .\obj\cram_md5.obj (CRAM_MD5)
  .\obj\snmp_trap.obj (SNMP_TRAP)
  C:\KEIL\C51\LIB\C51L.LIB (?C_INIT)
  C:\KEIL\C51\LIB\C51L.LIB (?C?COPY)
  C:\KEIL\C51\LIB\C51L.LIB (?C?CLDPTR)
  C:\KEIL\C51\LIB\C51L.LIB (?C?CLDOPTR)
  C:\KEIL\C51\LIB\C51L.LIB (?C?CLDIOPTR)
  C:\KEIL\C51\LIB\C51L.LIB (?C?CILDPTR)
  C:\KEIL\C51\LIB\C51L.LIB (?C?CILDOPTR)
  C:\KEIL\C51\LIB\C51L.LIB (?C?CSTPTR)
  C:\KEIL\C51\LIB\C51L.LIB (?C?CSTOPTR)
  C:\KEIL\C51\LIB\C51L.LIB (?C?IMUL)
  C:\KEIL\C51\LIB\C51L.LIB (?C?UIDIV)
  C:\KEIL\C51\LIB\C51L.LIB (?C?SIDIV)
  C:\KEIL\C51\LIB\C51L.LIB (?C?IILDX)
  C:\KEIL\C51\LIB\C51L.LIB (?C?ILDIX)
  C:\KEIL\C51\LIB\C51L.LIB (?C?ILDPTR)
  C:\KEIL\C51\LIB\C51L.LIB (?C?ILDOPTR)
  C:\KEIL\C51\LIB\C51L.LIB (?C?IILDPTR)
  C:\KEIL\C51\LIB\C51L.LIB (?C?IILDOPTR)
  C:\KEIL\C51\LIB\C51L.LIB (?C?ISTPTR)
  C:\KEIL\C51\LIB\C51L.LIB (?C?ISTOPTR)
  C:\KEIL\C51\LIB\C51L.LIB (?C?LMUL)
  C:\KEIL\C51\LIB\C51L.LIB (?C?ULDIV)
  C:\KEIL\C51\LIB\C51L.LIB (?C?LNOT)
  C:\KEIL\C51\LIB\C51L.LIB (?C?SLCMP)
  C:\KEIL\C51\LIB\C51L.LIB (?C?ULCMP)
  C:\KEIL\C51\LIB\C51L.LIB (?C?ULSHR)
  C:\KEIL\C51\LIB\C51L.LIB (?C?LSHL)
  C:\KEIL\C51\LIB\C51L.LIB (?C?LLDPTR)
  C:\KEIL\C51\LIB\C51L.LIB (?C?LLDOPTR)
  C:\KEIL\C51\LIB\C51L.LIB (?C?LSTPTR)
  C:\KEIL\C51\LIB\C51L.LIB (?C?LSTOPTR)
  C:\KEIL\C51\LIB\C51L.LIB (?C?LLDPTR0)
  C:\KEIL\C51\LIB\C51L.LIB (?C?LLDIXDATA)
  C:\KEIL\C51\LIB\C51L.LIB (?C?LSTXDATA)
  C:\KEIL\C51\LIB\C51L.LIB (?C?LSTKXDATA)
  C:\KEIL\C51\LIB\C51L.LIB (?C?LSTKOPTR)
  C:\KEIL\C51\LIB\C51L.LIB (?C?OFFXADD)
  C:\KEIL\C51\LIB\C51L.LIB (?C?PLDPTR)
  C:\KEIL\C51\LIB\C51L.LIB (?C?PSTPTR)
  C:\KEIL\C51\LIB\C51L.LIB (?C?PLDOPTR)
  C:\KEIL\C51\LIB\C51L.LIB (?C?PSTOPTR)
  C:\KEIL\C51\LIB\C51L.LIB (?C?CCASE)
BL51 BANKED LINKER/LOCATER V5.03                                                      08/07/2012  16:43:54  PAGE 4


  C:\KEIL\C51\LIB\C51L.LIB (?C?ICASE)
  C:\KEIL\C51\LIB\C51L.LIB (?C?ICALL)
  C:\KEIL\C51\LIB\C51L.LIB (PRINTF)
  C:\KEIL\C51\LIB\C51L.LIB (RAND)
  C:\KEIL\C51\LIB\C51L.LIB (SCANF)
  C:\KEIL\C51\LIB\C51L.LIB (STRCAT)
  C:\KEIL\C51\LIB\C51L.LIB (?C?STRCMP)
  C:\KEIL\C51\LIB\C51L.LIB (STRNCMP)
  C:\KEIL\C51\LIB\C51L.LIB (?C?STRCPY)
  C:\KEIL\C51\LIB\C51L.LIB (STRLEN)
  C:\KEIL\C51\LIB\C51L.LIB (STRCHR)
  C:\KEIL\C51\LIB\C51L.LIB (STRCSPN)
  C:\KEIL\C51\LIB\C51L.LIB (ATOL)
  C:\KEIL\C51\LIB\C51L.LIB (ATOI)
  C:\KEIL\C51\LIB\C51L.LIB (?C?MEMCMP)
  C:\KEIL\C51\LIB\C51L.LIB (?C?MEMSET)
  C:\KEIL\C51\LIB\C51L.LIB (?C?LNEG)
  C:\KEIL\C51\LIB\C51L.LIB (?C?LLDIDATA)
  C:\KEIL\C51\LIB\C51L.LIB (?C?LLDXDATA)
  C:\KEIL\C51\LIB\C51L.LIB (?C?LLDPDATA)
  C:\KEIL\C51\LIB\C51L.LIB (?C?LLDCODE)
  C:\KEIL\C51\LIB\C51L.LIB (?C?LLDIDATA0)
  C:\KEIL\C51\LIB\C51L.LIB (?C?LLDXDATA0)
  C:\KEIL\C51\LIB\C51L.LIB (?C?LLDPDATA0)
  C:\KEIL\C51\LIB\C51L.LIB (?C?LLDCODE0)
  C:\KEIL\C51\LIB\C51L.LIB (?C?LSTIDATA)
  C:\KEIL\C51\LIB\C51L.LIB (?C?LSTPDATA)
  C:\KEIL\C51\LIB\C51L.LIB (?C?LSTKIDATA)
  C:\KEIL\C51\LIB\C51L.LIB (?C?LSTKPDATA)
  C:\KEIL\C51\LIB\C51L.LIB (?C?PLDIDATA)
  C:\KEIL\C51\LIB\C51L.LIB (?C?PSTIDATA)
  C:\KEIL\C51\LIB\C51L.LIB (?C?PLDXDATA)
  C:\KEIL\C51\LIB\C51L.LIB (?C?PLDIXDATA)
  C:\KEIL\C51\LIB\C51L.LIB (?C?PILDXDATA)
  C:\KEIL\C51\LIB\C51L.LIB (?C?PSTXDATA)
  C:\KEIL\C51\LIB\C51L.LIB (?C?PLDPDATA)
  C:\KEIL\C51\LIB\C51L.LIB (?C?PSTPDATA)
  C:\KEIL\C51\LIB\C51L.LIB (?C?PLDCODE)
  C:\KEIL\C51\LIB\C51L.LIB (PUTCHAR)
  C:\KEIL\C51\LIB\C51L.LIB (GETCHAR)
  C:\KEIL\C51\LIB\C51L.LIB (UNGETC)
  C:\KEIL\C51\LIB\C51L.LIB (ISDIGIT)
  C:\KEIL\C51\LIB\C51L.LIB (ISSPACE)
  C:\KEIL\C51\LIB\C51L.LIB (_GETKEY)


LINK MAP OF MODULE:  .\obj\NetUART (MAIN)


            TYPE    BASE      LENGTH    RELOCATION   SEGMENT NAME
            -----------------------------------------------------

            * * * * * * *   D A T A   M E M O R Y   * * * * * * *
            REG     0000H     0008H     ABSOLUTE     "REG BANK 0"
            DATA    0008H     0018H     ABSOLUTE     
            BIT     0020H.0   0005H.0   ABSOLUTE     
            BIT     0025H.0   0001H.1   UNIT         ?BI?PRINTF?PRINTF
BL51 BANKED LINKER/LOCATER V5.03                                                      08/07/2012  16:43:54  PAGE 5


            BIT     0026H.1   0000H.6   UNIT         ?BI?SCANF?SCANF
            BIT     0026H.7   0000H.1   UNIT         ?BI?_ATOL?ATOL
            BIT     0027H.0   0000H.1   UNIT         ?BI?_ATOI?ATOI
            BIT     0027H.1   0000H.1   UNIT         ?BI?GETCHAR
                    0027H.2   0000H.6                *** GAP ***
            DATA    0028H     0005H     UNIT         ?DT?PRINTF?PRINTF
            DATA    002DH     0001H     UNIT         ?BANK?DATA
                    002EH     0002H                  *** GAP ***
            DATA    0030H     0030H     ABSOLUTE     
            DATA    0060H     0005H     UNIT         ?DT?SCANF?SCANF
            IDATA   0065H     0001H     UNIT         ?STACK

            * * * * * * *  X D A T A   M E M O R Y  * * * * * * *
            XDATA   0000H     0D7FH     UNIT         ?XD?HTTPD
            XDATA   0D7FH     0A7FH     UNIT         ?XD?UIP
            XDATA   17FEH     0720H     UNIT         ?XD?EE_PROCESS
            XDATA   1F1EH     0608H     UNIT         ?XD?MUIP
            XDATA   2526H     01E3H     UNIT         ?XD?HTMFILES3
            XDATA   2709H     0188H     UNIT         ?XD?BASE64
            XDATA   2891H     0155H     UNIT         ?XD?SMTP
            XDATA   29E6H     0128H     UNIT         ?XD?FS32
            XDATA   2B0EH     0100H     UNIT         ?XD?UIP_ARP
            XDATA   2C0EH     00D7H     UNIT         ?XD?NET_CMD
            XDATA   2CE5H     00A8H     UNIT         ?XD?TELNET
            XDATA   2D8DH     00A5H     UNIT         ?XD?UART
            XDATA   2E32H     0092H     UNIT         ?XD?NET_UART
            XDATA   2EC4H     007DH     UNIT         ?XD?COM_PORT_OPTION?NET_UART
            XDATA   2F41H     0073H     UNIT         ?XD?_CGI_SMTP?SMTPCBK
            XDATA   2FB4H     0073H     UNIT         ?XD?CRAM_MD5
            XDATA   3027H     0067H     UNIT         ?XD?_SSI_SMTP?SMTPCBK
            XDATA   308EH     0067H     UNIT         ?XD?_SMTP_SEND_AUTH_ID_PW?SMTP
            XDATA   30F5H     005CH     UNIT         ?XD?SMTP_SEND_MAILBODY?SMTP
            XDATA   3151H     005AH     UNIT         ?XD?UDP_TEL
            XDATA   31ABH     004BH     UNIT         ?XD?COMMAND_SETTING?COMMANDLINE
            XDATA   31F6H     0049H     UNIT         ?XD?COMMANDLINE
            XDATA   323FH     003DH     UNIT         ?XD?NETCMD?NET_CMD
            XDATA   327CH     0033H     UNIT         ?XD?_CGI_LOGIN?LOGINCBK
            XDATA   32AFH     002EH     UNIT         ?XD?SCANF?SCANF
            XDATA   32DDH     0029H     UNIT         ?XD?APPLICATION
            XDATA   3306H     0029H     UNIT         ?XD?_SSI_UDP_TEL?UDP_TELCBK
            XDATA   332FH     0029H     UNIT         ?XD?DHCPC
            XDATA   3358H     0028H     UNIT         ?XD?PRINTF?PRINTF
            XDATA   3380H     0024H     UNIT         ?XD?_SSI_SETPASS?SETPASSCBK
            XDATA   33A4H     0024H     UNIT         ?XD?_DNS_QUERY?DNS
            XDATA   33C8H     001DH     UNIT         ?XD?DHCPCSENDDISCOVER?DHCPC
            XDATA   33E5H     001BH     UNIT         ?XD?_DHCPCSENDREQUEST?DHCPC
            XDATA   3400H     001AH     UNIT         ?XD?COMMAND_INFO?COMMANDLINE
            XDATA   341AH     001AH     UNIT         ?XD?ONLOGINACCOUNT?NET_CMD
            XDATA   3434H     0019H     UNIT         ?XD?UDP
            XDATA   344DH     0016H     UNIT         ?XD?_VLAN_TAG_PKT?VTAG
            XDATA   3463H     0016H     UNIT         ?XD?_SSI_STATUS?STATUSCBK
            XDATA   3479H     0012H     UNIT         ?XD?COMMAND_TYPE?COMMANDLINE
            XDATA   348BH     0011H     UNIT         ?XD?HTTP_SERVER?HTTPD
            XDATA   349CH     0010H     UNIT         ?XD?_ETHERNETSEND?MACDRIVER
            XDATA   34ACH     0010H     UNIT         ?XD?LOGINCBK
            XDATA   34BCH     000FH     UNIT         ?XD?KBHIT_EE_LOAD_DEFAULT?MAIN
            XDATA   34CBH     000FH     UNIT         ?XD?_CGISTRCPY?SMTPCBK
BL51 BANKED LINKER/LOCATER V5.03                                                      08/07/2012  16:43:54  PAGE 6


            XDATA   34DAH     000EH     UNIT         ?XD?UARTCBK
            XDATA   34E8H     000EH     UNIT         ?XD?_CGI_UDP_TEL?UDP_TELCBK
            XDATA   34F6H     000EH     UNIT         ?XD?_HEX_2_ASC?COMMANDLINE
            XDATA   3504H     000DH     UNIT         ?XD?_ETHERNETRECEIVE?MACDRIVER
            XDATA   3511H     000DH     UNIT         ?XD?_STRFIND?HTTPD_APP
            XDATA   351EH     000DH     UNIT         ?XD?_CRC?NET_CMD
            XDATA   352BH     000CH     UNIT         ?XD?_SAVEMODULEINFO2EEPROM?EE_PROCESS
            XDATA   3537H     000CH     UNIT         ?XD?HTTPD_HEADER_INIT?HTTPD_APP
            XDATA   3543H     000CH     UNIT         ?XD?RE_RORN?COMMANDLINE
            XDATA   354FH     000CH     UNIT         ?XD?CRC_OPERATION?NET_CMD
            XDATA   355BH     000CH     UNIT         ?XD?MPPROCESS?NET_CMD
            XDATA   3567H     000CH     UNIT         ?XD?_B64DEC?BASE64
            XDATA   3573H     000CH     UNIT         ?XD?_CRAM_MD5?CRAM_MD5
            XDATA   357FH     000BH     UNIT         ?XD?MACDRIVER
            XDATA   358AH     000BH     UNIT         ?XD?_UIP_CONNECT?UIP
            XDATA   3595H     000BH     UNIT         ?XD?_CGI_SETIP?SETIPCBK
            XDATA   35A0H     000BH     UNIT         ?XD?_SENDUARTRX2ETH?TELNET
            XDATA   35ABH     000BH     UNIT         ?XD?DNS_UDP_RECEIVE?DNS
            XDATA   35B6H     000AH     UNIT         ?XD?WITH_TAG_PAGE?CGIUTIL
            XDATA   35C0H     000AH     UNIT         ?XD?_SSI_SETIP?SETIPCBK
            XDATA   35CAH     000AH     UNIT         ?XD?_CGI_ADC?ADCCBK
            XDATA   35D4H     000AH     UNIT         ?XD?_B64ENC?BASE64
            XDATA   35DEH     0009H     UNIT         ?XD?_IP210_DMA?DMA
            XDATA   35E7H     0009H     UNIT         ?XD?OS_CBK
            XDATA   35F0H     0009H     UNIT         ?XD?_FS_OPEN?FS32
            XDATA   35F9H     0009H     UNIT         ?XD?_UIP_ARP_UPDATE?UIP_ARP
            XDATA   3602H     0009H     UNIT         ?XD?_STOUI?CGIUTIL
            XDATA   360BH     0009H     UNIT         ?XD?CHALLENGE
            XDATA   3614H     0009H     UNIT         ?XD?COOKIE
            XDATA   361DH     0009H     UNIT         ?XD?_REPLACEDOUBLEQUOTES?SMTPCBK
            XDATA   3626H     0009H     UNIT         ?XD?RESENDUARTRX2ETH?TELNET
            XDATA   362FH     0009H     UNIT         ?XD?_UDP_INIT?UDP
            XDATA   3638H     0009H     UNIT         ?XD?DNS
            XDATA   3641H     0009H     UNIT         ?XD?_SET_BIT?UDP_TEL
            XDATA   364AH     0009H     UNIT         ?XD?NETUART_CTRL
            XDATA   3653H     0009H     UNIT         ?XD?_STRCAT?STRCAT
            XDATA   365CH     0009H     UNIT         ?XD?_STRCSPN?STRCSPN
            XDATA   3665H     0008H     UNIT         ?XD?EEPROMLOADDEFAULT?EE_PROCESS
            XDATA   366DH     0008H     UNIT         ?XD?TIMER
            XDATA   3675H     0008H     UNIT         ?XD?FU_CHECK?HTMFILES0
            XDATA   367DH     0008H     UNIT         ?XD?_UITOS?CGIUTIL
            XDATA   3685H     0008H     UNIT         ?XD?HTTPD_PARSE_COOKIE?COOKIE
            XDATA   368DH     0008H     UNIT         ?XD?_CGI_RESET?ERRORMSGCBK
            XDATA   3695H     0008H     UNIT         ?XD?_CGI_UART?UARTCBK
            XDATA   369DH     0008H     UNIT         ?XD?_CGI_TELNET?TELNETCBK
            XDATA   36A5H     0008H     UNIT         ?XD?TELNETD?TELNET
            XDATA   36ADH     0008H     UNIT         ?XD?CLEARUARTRXBUF?TELNET
            XDATA   36B5H     0008H     UNIT         ?XD?CLEARUARTRXBUF_PARITYERROR?TELNET
            XDATA   36BDH     0008H     UNIT         ?XD?GENCONNID?NET_CMD
            XDATA   36C5H     0008H     UNIT         ?XD?_SENDLOGINRESULT?NET_CMD
            XDATA   36CDH     0008H     UNIT         ?XD?_STRCAT_MAIL_TO?SMTP
            XDATA   36D5H     0008H     UNIT         ?XD?_B64ENCODE?BASE64
            XDATA   36DDH     0008H     UNIT         ?XD?_B64DECODE?BASE64
            XDATA   36E5H     0008H     UNIT         ?XD?_STRNCMP?STRNCMP
            XDATA   36EDH     0007H     UNIT         ?XD?_CATNETWORKCONFIGMSG?MAIN
            XDATA   36F4H     0007H     UNIT         ?XD?_CHECK_PACKET_TYPE?MACDRIVER
            XDATA   36FBH     0007H     UNIT         ?XD?_ETHERNETRECEIVELOOKAHEAD?MACDRIVER
BL51 BANKED LINKER/LOCATER V5.03                                                      08/07/2012  16:43:54  PAGE 7


            XDATA   3702H     0007H     UNIT         ?XD?APPLICATION?APPLICATION
            XDATA   3709H     0007H     UNIT         ?XD?_CGI_SETPASS?SETPASSCBK
            XDATA   3710H     0007H     UNIT         ?XD?_ASC_TO_HEX?UTILITY
            XDATA   3717H     0007H     UNIT         ?XD?CHECK_RFC2217_SIGNAL?NET_UART
            XDATA   371EH     0007H     UNIT         ?XD?_UDP_TEL_GETIP?UDP_TEL
            XDATA   3725H     0007H     UNIT         ?XD?_MODIFYMAIL?SMTP
            XDATA   372CH     0007H     UNIT         ?XD?_ATOL?ATOL
            XDATA   3733H     0006H     UNIT         ?XD?_FS_OPEN00?HTMFILES0
            XDATA   3739H     0006H     UNIT         ?XD?_FS_OPEN01?HTMFILES1
            XDATA   373FH     0006H     UNIT         ?XD?_FS_OPEN02?HTMFILES2
            XDATA   3745H     0006H     UNIT         ?XD?_FS_OPEN03?HTMFILES3
            XDATA   374BH     0006H     UNIT         ?XD?_FS_OPEN04?HTMFILES4
            XDATA   3751H     0006H     UNIT         ?XD?_FS_OPEN05?HTMFILES5
            XDATA   3757H     0006H     UNIT         ?XD?_FS_OPEN06?HTMFILES6
            XDATA   375DH     0006H     UNIT         ?XD?_FS_OPEN07?HTMFILES7
            XDATA   3763H     0006H     UNIT         ?XD?_FS_OPEN08?HTMFILES8
            XDATA   3769H     0006H     UNIT         ?XD?_FS_OPEN09?HTMFILES9
            XDATA   376FH     0006H     UNIT         ?XD?_FS_OPEN10?HTMFILES10
            XDATA   3775H     0006H     UNIT         ?XD?_FS_OPEN11?HTMFILES11
            XDATA   377BH     0006H     UNIT         ?XD?_FS_OPEN12?HTMFILES12
            XDATA   3781H     0006H     UNIT         ?XD?_FS_OPEN13?HTMFILES13
            XDATA   3787H     0006H     UNIT         ?XD?_FS_OPEN14?HTMFILES14
            XDATA   378DH     0006H     UNIT         ?XD?_FS_OPEN15?HTMFILES15
            XDATA   3793H     0006H     UNIT         ?XD?_FS_OPEN16?HTMFILES16
            XDATA   3799H     0006H     UNIT         ?XD?_FS_OPEN17?HTMFILES17
            XDATA   379FH     0006H     UNIT         ?XD?_FS_OPEN18?HTMFILES18
            XDATA   37A5H     0006H     UNIT         ?XD?_FS_OPEN19?HTMFILES19
            XDATA   37ABH     0006H     UNIT         ?XD?_FS_OPEN20?HTMFILES20
            XDATA   37B1H     0006H     UNIT         ?XD?_FS_OPEN21?HTMFILES21
            XDATA   37B7H     0006H     UNIT         ?XD?_FS_OPEN22?HTMFILES22
            XDATA   37BDH     0006H     UNIT         ?XD?_FS_OPEN23?HTMFILES23
            XDATA   37C3H     0006H     UNIT         ?XD?_FS_OPEN24?HTMFILES24
            XDATA   37C9H     0006H     UNIT         ?XD?_FS_OPEN25?HTMFILES25
            XDATA   37CFH     0006H     UNIT         ?XD?_FS_OPEN26?HTMFILES26
            XDATA   37D5H     0006H     UNIT         ?XD?_FS_OPEN27?HTMFILES27
            XDATA   37DBH     0006H     UNIT         ?XD?_FS_OPEN28?HTMFILES28
            XDATA   37E1H     0006H     UNIT         ?XD?_FS_OPEN29?HTMFILES29
            XDATA   37E7H     0006H     UNIT         ?XD?_FS_OPEN30?HTMFILES30
            XDATA   37EDH     0006H     UNIT         ?XD?_FS_OPEN31?HTMFILES31
            XDATA   37F3H     0006H     UNIT         ?XD?MUIP_SEND?MUIP
            XDATA   37F9H     0006H     UNIT         ?XD?CGIUTIL
            XDATA   37FFH     0006H     UNIT         ?XD?_FINDCOOKIE?HTTPD_APP
            XDATA   3805H     0006H     UNIT         ?XD?_SSI_LOGIN?LOGINCBK
            XDATA   380BH     0006H     UNIT         ?XD?_CGI_STATUS?STATUSCBK
            XDATA   3811H     0006H     UNIT         ?XD?DHCPCCHECKINFO?DHCPC
            XDATA   3817H     0006H     UNIT         ?XD?UDP_TEL_UPDATA_IP_AVAL?UDP_TEL
            XDATA   381DH     0006H     UNIT         ?XD?UDP_TEL_RX?UDP_TEL
            XDATA   3823H     0006H     UNIT         ?XD?SEARCHEMPTYCONNTABLE?NET_CMD
            XDATA   3829H     0006H     UNIT         ?XD?EEP_READ_REQ?NET_CMD
            XDATA   382FH     0006H     UNIT         ?XD?EEP_WRITE_REQ?NET_CMD
            XDATA   3835H     0006H     UNIT         ?XD?UDP_NET_CMD?NET_CMD
            XDATA   383BH     0006H     UNIT         ?XD?_CRAM_MD5_ENCODE?CRAM_MD5
            XDATA   3841H     0006H     UNIT         ?XD?_CRAM_MD5_DECODE?CRAM_MD5
            XDATA   3847H     0005H     UNIT         ?XD?LOADEEPROM2MODULEINFO?EE_PROCESS
            XDATA   384CH     0005H     UNIT         ?XD?LOADEEPROM2EECONFIG?EE_PROCESS
            XDATA   3851H     0005H     UNIT         ?XD?_UART_TRANSMIT_MULTI?UART
            XDATA   3856H     0005H     UNIT         ?XD?VTAG
BL51 BANKED LINKER/LOCATER V5.03                                                      08/07/2012  16:43:54  PAGE 8


            XDATA   385BH     0005H     UNIT         ?XD?TELNET_CONNECT?TELNET
            XDATA   3860H     0005H     UNIT         ?XD?UDP_TEL_SEND_ONE_PKT?UDP_TEL
            XDATA   3865H     0005H     UNIT         ?XD?UDP_GET_DNS?UDP_TEL
            XDATA   386AH     0005H     UNIT         ?XD?_ATOI?ATOI
            XDATA   386FH     0004H     UNIT         ?XD?_UIP_PROCESS?UIP
            XDATA   3873H     0004H     UNIT         ?XD?FIBER_COVER2?APPLICATION
            XDATA   3877H     0004H     UNIT         ?XD?UIP_UDPCHKSUM?CHECKSUM
            XDATA   387BH     0004H     UNIT         ?XD?UIP_TCPCHKSUM?CHECKSUM
            XDATA   387FH     0004H     UNIT         ?XD?_SSI_UART?UARTCBK
            XDATA   3883H     0004H     UNIT         ?XD?_CGI_SETDEF?SETDEFCBK
            XDATA   3887H     0004H     UNIT         ?XD?_CGI_FW_UP?FW_UPCBK
            XDATA   388BH     0004H     UNIT         ?XD?_CGI_FU_UP?FW_UPCBK
            XDATA   388FH     0004H     UNIT         ?XD?WRITEETHRX2UART?TELNET
            XDATA   3893H     0004H     UNIT         ?XD?RESENDUARTRX2UART?TELNET
            XDATA   3897H     0004H     UNIT         ?XD?_DHCPCFOUNDTAG?DHCPC
            XDATA   389BH     0004H     UNIT         ?XD?_DNS_RESULT?DNS
            XDATA   389FH     0004H     UNIT         ?XD?NUC_ON_LOOP?NETUART_CTRL
            XDATA   38A3H     0004H     UNIT         ?XD?ONCHANNELREQUEST?NET_CMD
            XDATA   38A7H     0004H     UNIT         ?XD?SMTP?SMTP
            XDATA   38ABH     0004H     UNIT         ?XD?RAND?RAND
            XDATA   38AFH     0003H     UNIT         ?XD?MAIN
            XDATA   38B2H     0003H     UNIT         ?XD?_SETUP_BLUPGRADE?EE_PROCESS
            XDATA   38B5H     0003H     UNIT         ?XD?_EEPROM_READ_BYTE?EEPROM
            XDATA   38B8H     0003H     UNIT         ?XD?_ETHERNETSEND2?MACDRIVER
            XDATA   38BBH     0003H     UNIT         ?XD?_UART_RECEIVE_MULTI?UART
            XDATA   38BEH     0003H     UNIT         ?XD?_DATACPY00?HTMFILES0
            XDATA   38C1H     0003H     UNIT         ?XD?_DATACPY01?HTMFILES1
            XDATA   38C4H     0003H     UNIT         ?XD?_DATACPY02?HTMFILES2
            XDATA   38C7H     0003H     UNIT         ?XD?_DATACPY03?HTMFILES3
            XDATA   38CAH     0003H     UNIT         ?XD?_DATACPY04?HTMFILES4
            XDATA   38CDH     0003H     UNIT         ?XD?_DATACPY05?HTMFILES5
            XDATA   38D0H     0003H     UNIT         ?XD?_DATACPY06?HTMFILES6
            XDATA   38D3H     0003H     UNIT         ?XD?_DATACPY07?HTMFILES7
            XDATA   38D6H     0003H     UNIT         ?XD?_DATACPY08?HTMFILES8
            XDATA   38D9H     0003H     UNIT         ?XD?_DATACPY09?HTMFILES9
            XDATA   38DCH     0003H     UNIT         ?XD?_DATACPY10?HTMFILES10
            XDATA   38DFH     0003H     UNIT         ?XD?_DATACPY11?HTMFILES11
            XDATA   38E2H     0003H     UNIT         ?XD?_DATACPY12?HTMFILES12
            XDATA   38E5H     0003H     UNIT         ?XD?_DATACPY13?HTMFILES13
            XDATA   38E8H     0003H     UNIT         ?XD?_DATACPY14?HTMFILES14
            XDATA   38EBH     0003H     UNIT         ?XD?_DATACPY15?HTMFILES15
            XDATA   38EEH     0003H     UNIT         ?XD?_DATACPY16?HTMFILES16
            XDATA   38F1H     0003H     UNIT         ?XD?_DATACPY17?HTMFILES17
            XDATA   38F4H     0003H     UNIT         ?XD?_DATACPY18?HTMFILES18
            XDATA   38F7H     0003H     UNIT         ?XD?_DATACPY19?HTMFILES19
            XDATA   38FAH     0003H     UNIT         ?XD?_DATACPY20?HTMFILES20
            XDATA   38FDH     0003H     UNIT         ?XD?_DATACPY21?HTMFILES21
            XDATA   3900H     0003H     UNIT         ?XD?_DATACPY22?HTMFILES22
            XDATA   3903H     0003H     UNIT         ?XD?_DATACPY23?HTMFILES23
            XDATA   3906H     0003H     UNIT         ?XD?_DATACPY24?HTMFILES24
            XDATA   3909H     0003H     UNIT         ?XD?_DATACPY25?HTMFILES25
            XDATA   390CH     0003H     UNIT         ?XD?_DATACPY26?HTMFILES26
            XDATA   390FH     0003H     UNIT         ?XD?_DATACPY27?HTMFILES27
            XDATA   3912H     0003H     UNIT         ?XD?_DATACPY28?HTMFILES28
            XDATA   3915H     0003H     UNIT         ?XD?_DATACPY29?HTMFILES29
            XDATA   3918H     0003H     UNIT         ?XD?_DATACPY30?HTMFILES30
            XDATA   391BH     0003H     UNIT         ?XD?_DATACPY31?HTMFILES31
BL51 BANKED LINKER/LOCATER V5.03                                                      08/07/2012  16:43:54  PAGE 9


            XDATA   391EH     0003H     UNIT         ?XD?_UIP_LOG?UIP
            XDATA   3921H     0003H     UNIT         ?XD?UIP_ARP_OUT?UIP_ARP
            XDATA   3924H     0003H     UNIT         ?XD?_HTTPD_CHECK_COOKIE?HTTPD
            XDATA   3927H     0003H     UNIT         ?XD?_HTTPD_INIT_FILE?HTTPD_APP
            XDATA   392AH     0003H     UNIT         ?XD?_SSI_ERRORMSG?ERRORMSGCBK
            XDATA   392DH     0003H     UNIT         ?XD?_SSI_TELNET?TELNETCBK
            XDATA   3930H     0003H     UNIT         ?XD?_SSI_ADC?ADCCBK
            XDATA   3933H     0003H     UNIT         ?XD?_UP2LWR?COMMANDLINE
            XDATA   3936H     0003H     UNIT         ?XD?TELNET_CONNECTED_INIT?TELNET
            XDATA   3939H     0003H     UNIT         ?XD?_UDP_SET_BUF?UDP
            XDATA   393CH     0003H     UNIT         ?XD?DHCPCCLTPKTINIT?DHCPC
            XDATA   393FH     0003H     UNIT         ?XD?DHCPC_UDP_RECEIVE?DHCPC
            XDATA   3942H     0003H     UNIT         ?XD?TELNET_RFC?NET_UART
            XDATA   3945H     0003H     UNIT         ?XD?NEW_BLOCK_INIT?UDP_TEL
            XDATA   3948H     0003H     UNIT         ?XD?NUC_PROCESS?NETUART_CTRL
            XDATA   394BH     0003H     UNIT         ?XD?_FINDSA?NET_CMD
            XDATA   394EH     0003H     UNIT         ?XD?_SENDLOGINMD5KEY?NET_CMD
            XDATA   3951H     0003H     UNIT         ?XD?_B64ENCODE_ALLOC?BASE64
            XDATA   3954H     0003H     UNIT         ?XD?_B64DECODE_ALLOC?BASE64
            XDATA   3957H     0002H     UNIT         ?XD?EEPROMCHECKDATAAVAILABLE?EE_PROCESS
            XDATA   3959H     0002H     UNIT         ?XD?_FILL_DMA_SETTING?DMA
            XDATA   395BH     0002H     UNIT         ?XD?ETHERNETRECEIVESKIP?MACDRIVER
            XDATA   395DH     0002H     UNIT         ?XD?_UIP_ADD32?MACDRIVER
            XDATA   395FH     0002H     UNIT         ?XD?MDC_MDIO
            XDATA   3961H     0002H     UNIT         ?XD?HTTPD_SET_COOKIE?COOKIE
            XDATA   3963H     0002H     UNIT         ?XD?QUERYSTR_FUNC?HTTPD_APP
            XDATA   3965H     0002H     UNIT         ?XD?_HTTPD_COPY_DATA?HTTPD_APP
            XDATA   3967H     0002H     UNIT         ?XD?_UIP_CHKSUM?CHECKSUM
            XDATA   3969H     0002H     UNIT         ?XD?ADC_CONVERT?ADCCBK
            XDATA   396BH     0002H     UNIT         ?XD?ADCCBK
            XDATA   396DH     0002H     UNIT         ?XD?READETH2UARTTXBUF?TELNET
            XDATA   396FH     0002H     UNIT         ?XD?UART_AUTO_SEND?TELNET
            XDATA   3971H     0002H     UNIT         ?XD?_UDP_SEND?UDP
            XDATA   3973H     0002H     UNIT         ?XD?WDG
            XDATA   3975H     0002H     UNIT         ?XD?LOCALCMD?NET_CMD
            XDATA   3977H     0002H     UNIT         ?XD?ONLOGINREQUEST?NET_CMD
            XDATA   3979H     0002H     UNIT         ?XD?ONGPIOREQUEST?NET_CMD
            XDATA   397BH     0002H     UNIT         ?XD?SMTP_CHK_MAILTOTOTAL?SMTP
            XDATA   397DH     0001H     UNIT         ?XD?MAIN?MAIN
            XDATA   397EH     0001H     UNIT         ?XD?UART_EMPTY_RX_FIFO?UART
            XDATA   397FH     0001H     UNIT         ?XD?_WRITE_MDC?MDC_MDIO
            XDATA   3980H     0001H     UNIT         ?XD?CHECK_SPEED?OS_CBK
            XDATA   3981H     0001H     UNIT         ?XD?CHECKSUM
            XDATA   3982H     0001H     UNIT         ?XD?ERRORMSGCBK
            XDATA   3983H     0001H     UNIT         ?XD?SETIPCBK
            XDATA   3984H     0001H     UNIT         ?XD?_IP210_ISR_CTRL?TELNET
            XDATA   3985H     0001H     UNIT         ?XD?_GET_BIT?UDP_TEL
            XDATA   3986H     0001H     UNIT         ?XD?UDP_TEL_INIT?UDP_TEL
            XDATA   3987H     0001H     UNIT         ?XD?CHECKCONNID?NET_CMD
            XDATA   3988H     0001H     UNIT         ?XD?LOCALCMDTXPREFIX?NET_CMD
            XDATA   3989H     0001H     UNIT         ?XD?AGINGNETCMDCONNTABLE?NET_CMD
            XDATA   398AH     0001H     UNIT         ?XD?GETCHAR

            * * * * * * *   C O D E   M E M O R Y   * * * * * * *
            CODE    0000H     0003H     ABSOLUTE     
            CODE    0003H     0003H     ABSOLUTE     
            CODE    0006H     0004H     UNIT         ?CO?NETUART_CTRL
BL51 BANKED LINKER/LOCATER V5.03                                                      08/07/2012  16:43:54  PAGE 10


            CODE    000AH     0001H     UNIT         ?CO?CRAM_MD5
            CODE    000BH     0003H     ABSOLUTE     
            CODE    000EH     0041H     UNIT         ?PR?RAND?RAND
                    004FH     0001H                  *** GAP ***
            CODE    0050H     0068H     ABSOLUTE     
            CODE    00B8H     0DA7H     UNIT         ?C?LIB_CODE
            CODE    0E5FH     0781H     UNIT         ?CO?EE_DEFAULT
            CODE    15E0H     017BH     UNIT         ?CO?MAIN
            CODE    175BH     0087H     UNIT         ?CO?UDP_TELCBK
            CODE    17E2H     001CH     UNIT         ?PR?_STRCHR?STRCHR
            CODE    17FEH     0002H     UNIT         ?CO?CGIUTIL
            CODE    1800H     075BH     PAGE         ?BANK?SWITCH
            CODE    1F5BH     071AH     UNIT         ?C_INITSEG
            CODE    2675H     03DBH     UNIT         ?CO?COMMANDLINE
            CODE    2A50H     0365H     UNIT         ?PR?PRINTF?PRINTF
            CODE    2DB5H     0322H     UNIT         ?PR?SCANF?SCANF
            CODE    30D7H     0118H     UNIT         ?CO?HTTPD_APP
            CODE    31EFH     0115H     UNIT         ?CO?SMTP
            CODE    3304H     0113H     UNIT         ?C_C51STARTUP
            CODE    3417H     010CH     UNIT         ?PR?_ATOL?ATOL
            CODE    3523H     00E2H     UNIT         ?CO?ERRORMSGCBK
            CODE    3605H     00DBH     UNIT         ?PR?_ATOI?ATOI
            CODE    36E0H     00CBH     UNIT         ?CO?UARTCBK
            CODE    37ABH     00BDH     UNIT         ?CO?HTTPD
            CODE    3868H     00B8H     UNIT         ?CO?TELNETCBK
            CODE    3920H     00B1H     UNIT         ?CO?SMTPCBK
            CODE    39D1H     0081H     UNIT         ?PR?_STRCSPN?STRCSPN
            CODE    3A52H     0076H     UNIT         ?PR?_STRNCMP?STRNCMP
            CODE    3AC8H     006EH     UNIT         ?CO?SETIPCBK
            CODE    3B36H     006BH     UNIT         ?PR?_STRCAT?STRCAT
            CODE    3BA1H     004AH     UNIT         ?CO?NET_CMD
            CODE    3BEBH     0046H     UNIT         ?CO?APPLICATION
            CODE    3C31H     003FH     UNIT         ?CO?DHCPC
            CODE    3C70H     0037H     UNIT         ?CO?LOGINCBK
            CODE    3CA7H     0033H     UNIT         ?CO?STATUSCBK
            CODE    3CDAH     002BH     UNIT         ?CO?OS_CBK
            CODE    3D05H     0029H     UNIT         ?BANK?SELECT
            CODE    3D2EH     0027H     UNIT         ?PR?PUTCHAR?PUTCHAR
            CODE    3D55H     0026H     UNIT         ?CO?MACDRIVER
            CODE    3D7BH     0026H     UNIT         ?CO?SETPASSCBK
            CODE    3DA1H     0026H     UNIT         ?CO?TELNET
            CODE    3DC7H     0019H     UNIT         ?CO?ADCCBK
            CODE    3DE0H     0018H     UNIT         ?CO?NET_UART
            CODE    3DF8H     0015H     UNIT         ?PR?_STRLEN?STRLEN
            CODE    3E0DH     0014H     UNIT         ?CO?EE_PROCESS
            CODE    3E21H     0014H     UNIT         ?PR?GETCHAR?GETCHAR
            CODE    3E35H     0014H     UNIT         ?PR?_ISSPACE?ISSPACE
            CODE    3E49H     0013H     UNIT         ?CO?SETDEFCBK
            CODE    3E5CH     0010H     UNIT         ?CO?VTAG
            CODE    3E6CH     0010H     UNIT         ?CO?DNS
            CODE    3E7CH     000FH     UNIT         ?CO?FW_UPCBK
            CODE    3E8BH     000FH     UNIT         ?PR?_ISDIGIT?ISDIGIT
            CODE    3E9AH     000DH     UNIT         ?CO?COOKIE
            CODE    3EA7H     000AH     UNIT         ?PR?_GETKEY?_GETKEY
            CODE    3EB1H     0008H     UNIT         ?CO?UDP_TEL
            CODE    3EB9H     0008H     UNIT         ?PR?GETCHAR?UNGETCHAR
                    3EC1H     C11FH                  *** GAP ***
BL51 BANKED LINKER/LOCATER V5.03                                                      08/07/2012  16:43:54  PAGE 11


            CODE    FFE0H     001BH     ABSOLUTE     
                    FFFBH     0002H                  *** GAP ***
            CODE    FFFDH     0003H     ABSOLUTE     

            * * * * * * *   C O D E   B A N K   0   * * * * * * *
                    0000H     5000H                  *** GAP ***
            BANK0   5000H     0077H     UNIT         ?CO?HTMFILES0
            BANK0   5077H     0178H     UNIT         ?PR?_FS_OPEN00?HTMFILES0
            BANK0   51EFH     00FBH     UNIT         ?PR?FU_CHECK?HTMFILES0
            BANK0   52EAH     0048H     UNIT         ?PR?_DATACPY00?HTMFILES0
            BANK0   5332H     0022H     UNIT         ?PR?_GET_TAG00?HTMFILES0
                    5354H     0CACH                  *** GAP ***
            BANK0   6000H     7FE0H     UNIT         ?CO?FIRMWARE_REV

            * * * * * * *   C O D E   B A N K   1   * * * * * * *
                    0000H     5000H                  *** GAP ***
            BANK1   5000H     000FH     UNIT         ?CO?HTMFILES1
            BANK1   500FH     1A5BH     UNIT         ?PR?_UIP_PROCESS?UIP
            BANK1   6A6AH     0D4DH     UNIT         ?PR?HTTP_SERVER?HTTPD
            BANK1   77B7H     0737H     UNIT         ?PR?WITH_TAG_PAGE?CGIUTIL
            BANK1   7EEEH     0374H     UNIT         ?PR?_ETHERNETSEND?MACDRIVER
            BANK1   8262H     0372H     UNIT         ?PR?APPLICATION?APPLICATION
            BANK1   85D4H     036EH     UNIT         ?PR?_CGI_SETIP?SETIPCBK
            BANK1   8942H     0361H     UNIT         ?PR?_CATNETWORKCONFIGMSG?MAIN
            BANK1   8CA3H     0317H     UNIT         ?PR?_CGI_SETPASS?SETPASSCBK
            BANK1   8FBAH     0307H     UNIT         ?PR?_CGI_LOGIN?LOGINCBK
            BANK1   92C1H     02A1H     UNIT         ?PR?MUIP_SEND?MUIP
            BANK1   9562H     027DH     UNIT         ?PR?_SSI_ERRORMSG?ERRORMSGCBK
            BANK1   97DFH     0249H     UNIT         ?PR?_CGI_SMTP?SMTPCBK
            BANK1   9A28H     0242H     UNIT         ?PR?_SSI_SETIP?SETIPCBK
            BANK1   9C6AH     0241H     UNIT         ?PR?MUIP_PROCESS?MUIP
            BANK1   9EABH     0228H     UNIT         ?PR?_UIP_CONNECT?UIP
            BANK1   A0D3H     0211H     UNIT         ?PR?_ETHERNETRECEIVE?MACDRIVER
            BANK1   A2E4H     020BH     UNIT         ?PR?HTTPD_HEADER_INIT?HTTPD_APP
            BANK1   A4EFH     01FEH     UNIT         ?PR?_SSI_SMTP?SMTPCBK
            BANK1   A6EDH     01DEH     UNIT         ?PR?_FINDCOOKIE?HTTPD_APP
            BANK1   A8CBH     01A3H     UNIT         ?PR?HTTPD_DATA_PROCESSING?CGI
            BANK1   AA6EH     019BH     UNIT         ?PR?_CGISTRCPY?SMTPCBK
            BANK1   AC09H     0178H     UNIT         ?PR?_FS_OPEN01?HTMFILES1
            BANK1   AD81H     0177H     UNIT         ?PR?QUERYSTR_FUNC?HTTPD_APP
            BANK1   AEF8H     015BH     UNIT         ?PR?LAST_TAG_PAGE?CGIUTIL
            BANK1   B053H     0144H     UNIT         ?PR?_HTTPD_INIT_FILE?HTTPD_APP
            BANK1   B197H     0143H     UNIT         ?PR?HTTPD_PARSE_COOKIE?COOKIE
            BANK1   B2DAH     012EH     UNIT         ?PR?_CHECK_PACKET_TYPE?MACDRIVER
            BANK1   B408H     0123H     UNIT         ?PR?_REPLACEDOUBLEQUOTES?SMTPCBK
            BANK1   B52BH     0112H     UNIT         ?PR?_STRFIND?HTTPD_APP
            BANK1   B63DH     010BH     UNIT         ?PR?_ASC_TO_HEX?UTILITY
            BANK1   B748H     00F8H     UNIT         ?PR?NETWORKCONFIG?MAIN
            BANK1   B840H     00F8H     UNIT         ?PR?NO_TAG_PAGE?CGIUTIL
            BANK1   B938H     00F4H     UNIT         ?PR?_SSI_STATUS?STATUSCBK
            BANK1   BA2CH     00F2H     UNIT         ?PR?_UITOS?CGIUTIL
            BANK1   BB1EH     00F1H     UNIT         ?PR?_CGI_RESET?ERRORMSGCBK
            BANK1   BC0FH     00EBH     UNIT         ?PR?_CGI_STATUS?STATUSCBK
            BANK1   BCFAH     00E6H     UNIT         ?PR?EEPROMLOADDEFAULT?EE_PROCESS
            BANK1   BDE0H     00E6H     UNIT         ?PR?_CGI_FW_UP?FW_UPCBK
            BANK1   BEC6H     00E6H     UNIT         ?PR?_CGI_FU_UP?FW_UPCBK
            BANK1   BFACH     00E5H     UNIT         ?PR?_FS_OPEN?FS32
BL51 BANKED LINKER/LOCATER V5.03                                                      08/07/2012  16:43:54  PAGE 12


            BANK1   C091H     00DEH     UNIT         ?PR?KBHIT_EE_LOAD_DEFAULT?MAIN
            BANK1   C16FH     00CCH     UNIT         ?PR?_SSI_SETPASS?SETPASSCBK
            BANK1   C23BH     00C6H     UNIT         ?PR?_IP210_DMA?DMA
            BANK1   C301H     00C6H     UNIT         ?PR?TAG_ADDRESS_BIGGER_MSS?CGIUTIL
            BANK1   C3C7H     00BCH     UNIT         ?PR?ETHERNETRECEIVESKIP?MACDRIVER
            BANK1   C483H     00B4H     UNIT         ?PR?_ETHERNETRECEIVELOOKAHEAD?MACDRIVER
            BANK1   C537H     00B0H     UNIT         ?PR?RE_INIT?VTAG
            BANK1   C5E7H     00AFH     UNIT         ?PR?_HTTPD_CHECK_COOKIE?HTTPD
            BANK1   C696H     00ACH     UNIT         ?PR?_VLAN_TAG_PKT?VTAG
            BANK1   C742H     00AAH     UNIT         ?PR?_SSI_LOGIN?LOGINCBK
            BANK1   C7ECH     00A7H     UNIT         ?PR?CHECKPKTSEND?APPLICATION
            BANK1   C893H     009BH     UNIT         ?PR?_ETHERNETSEND2?MACDRIVER
            BANK1   C92EH     0095H     UNIT         ?PR?UART_SET_PROPERTY?UART
            BANK1   C9C3H     0094H     UNIT         ?PR?_SAVEMODULEINFO2EEPROM?EE_PROCESS
            BANK1   CA57H     008DH     UNIT         ?PR?HTTPD_SET_COOKIE?COOKIE
            BANK1   CAE4H     0089H     UNIT         ?PR?_STOUI?CGIUTIL
            BANK1   CB6DH     0085H     UNIT         ?PR?HTTPD_FILE_NOT_FOUND?HTTPD_APP
            BANK1   CBF2H     0083H     UNIT         ?PR?_UIP_ADD32?MACDRIVER
            BANK1   CC75H     0075H     UNIT         ?PR?EEPROMINIT?EE_PROCESS
            BANK1   CCEAH     0075H     UNIT         ?PR?LOADDEFAULT?OS_CBK
            BANK1   CD5FH     0071H     UNIT         ?PR?CHECK_VLAN_TAG?VTAG
            BANK1   CDD0H     0065H     UNIT         ?PR?MAIN?MAIN
            BANK1   CE35H     0064H     UNIT         ?PR?_SETUP_BLUPGRADE?EE_PROCESS
            BANK1   CE99H     005FH     UNIT         ?PR?HTTPD_COPYDATA?HTTPD
            BANK1   CEF8H     005EH     UNIT         ?PR?_EEPROM_READ_BYTE?EEPROM
            BANK1   CF56H     005CH     UNIT         ?PR?HTTPD_CHALLENGEERROR?HTTPD_APP
            BANK1   CFB2H     005BH     UNIT         ?PR?_UIP_ADD_RCV_NXT?UIP
            BANK1   D00DH     005BH     UNIT         ?PR?_HTTPD_COPY_DATA?HTTPD_APP
            BANK1   D068H     0059H     UNIT         ?PR?CHECK_SPEED?OS_CBK
            BANK1   D0C1H     0059H     UNIT         ?PR?UIP_INIT?UIP
            BANK1   D11AH     0058H     UNIT         ?PR?LOADEEPROM2MODULEINFO?EE_PROCESS
            BANK1   D172H     0058H     UNIT         ?PR?LOADEEPROM2EECONFIG?EE_PROCESS
            BANK1   D1CAH     0058H     UNIT         ?PR?FIBER_COVER2?APPLICATION
            BANK1   D222H     0056H     UNIT         ?PR?EEPROMCHECKDATAAVAILABLE?EE_PROCESS
            BANK1   D278H     0056H     UNIT         ?PR?IP210_WRITE_TIMER_COUNTER?TIMER
            BANK1   D2CEH     004FH     UNIT         ?PR?ETHERNETRECEIVEFREESPACE?MACDRIVER
            BANK1   D31DH     004BH     UNIT         ?PR?CHECK_MAC_STATUS?MACDRIVER
            BANK1   D368H     004AH     UNIT         ?PR?EEPROMERR?ERRORMSGCBK
            BANK1   D3B2H     0049H     UNIT         ?PR?HTTPD_LOGIN_FAIL?HTTPD_APP
            BANK1   D3FBH     0048H     UNIT         ?PR?_DATACPY01?HTMFILES1
            BANK1   D443H     0045H     UNIT         ?PR?_WRITE_MDC?MDC_MDIO
            BANK1   D488H     0043H     UNIT         ?PR?_UIP_UNLISTEN?UIP
            BANK1   D4CBH     0041H     UNIT         ?PR?_READ_MDC?MDC_MDIO
            BANK1   D50CH     0041H     UNIT         ?PR?HTTPD_LOGIN_PASS?HTTPD_APP
            BANK1   D54DH     0040H     UNIT         ?PR?_EEPROM_WRITE_BYTE?EEPROM
            BANK1   D58DH     0040H     UNIT         ?PR?_UART_TRANSMIT_MULTI?UART
            BANK1   D5CDH     0040H     UNIT         ?PR?_UIP_LISTEN?UIP
            BANK1   D60DH     003DH     UNIT         ?PR?CHECK_FIRMWAREUPDATE?OS_CBK
            BANK1   D64AH     0030H     UNIT         ?PR?_HEX_TO_ASC?UTILITY
            BANK1   D67AH     002FH     UNIT         ?PR?_UART_RECEIVE_MULTI?UART
            BANK1   D6A9H     002DH     UNIT         ?PR?_FILL_DMA_SETTING?DMA
            BANK1   D6D6H     002DH     UNIT         ?PR?ON_TCP_RX?APPLICATION
            BANK1   D703H     002AH     UNIT         ?PR?MAC_INIT?MACDRIVER
            BANK1   D72DH     002AH     UNIT         ?PR?FIBER_COVER?APPLICATION
            BANK1   D757H     0029H     UNIT         ?PR?ENVLANCHECK?VTAG
            BANK1   D780H     0028H     UNIT         ?PR?RESTORE_UIP_BUF?UIP
            BANK1   D7A8H     0028H     UNIT         ?PR?HTTPD_INIT?HTTPD
BL51 BANKED LINKER/LOCATER V5.03                                                      08/07/2012  16:43:54  PAGE 13


            BANK1   D7D0H     0025H     UNIT         ?PR?TFD_INDEX?MACDRIVER
            BANK1   D7F5H     0024H     UNIT         ?PR?GATEWAY_TIMER?OS_CBK
            BANK1   D819H     0023H     UNIT         ?PR?OS_LOOP_100MS?OS_CBK
            BANK1   D83CH     0022H     UNIT         ?PR?_GET_TAG01?HTMFILES1
            BANK1   D85EH     0021H     UNIT         ?PR?MAC_ADDRESS_FILL?MACDRIVER
            BANK1   D87FH     0021H     UNIT         ?PR?IP_ADDRESS_FILL?MACDRIVER
            BANK1   D8A0H     001FH     UNIT         ?PR?TIMER_COUNTER_OVERFLOW?TIMER
            BANK1   D8BFH     001DH     UNIT         ?PR?_RESIZE_RX_BUF?MACDRIVER
            BANK1   D8DCH     001DH     UNIT         ?PR?_CHG_UIP_BUF?UIP
            BANK1   D8F9H     001BH     UNIT         ?PR?WAIT_PACKET_SENT?MACDRIVER
            BANK1   D914H     001BH     UNIT         ?PR?UART_EMPTY_RX_FIFO?UART
            BANK1   D92FH     001AH     UNIT         ?PR?TIMERCOUNTER_INIT?TIMER
            BANK1   D949H     0018H     UNIT         ?PR?IP210_DMA_SET_IDLE?DMA
            BANK1   D961H     0018H     UNIT         ?PR?_UART_SET_DIVISOR?UART
            BANK1   D979H     0018H     UNIT         ?PR?_GET_SYSTEM_PARAMETER?APPLICATION
            BANK1   D991H     0017H     UNIT         ?PR?GETDEVICEID?EE_PROCESS
            BANK1   D9A8H     0016H     UNIT         ?PR?_DELAY0?MAIN
            BANK1   D9BEH     0015H     UNIT         ?PR?UDP_RECEIVE?APPLICATION
            BANK1   D9D3H     0014H     UNIT         ?PR?SERIAL_INIT?SERIAL
            BANK1   D9E7H     0013H     UNIT         ?PR?_UART_RECEIVE_BYTE?UART
            BANK1   D9FAH     0013H     UNIT         ?PR?_DELAY?UTILITY
            BANK1   DA0DH     0012H     UNIT         ?PR?IP210_DMA_IDLE_RESTORE?DMA
            BANK1   DA1FH     0012H     UNIT         ?PR?_SERIAL_CHECK_RX?SERIAL
            BANK1   DA31H     000FH     UNIT         ?PR?OS_LOOP?OS_CBK
            BANK1   DA40H     000FH     UNIT         ?PR?MUIP_INIT?MUIP
            BANK1   DA4FH     000FH     UNIT         ?PR?IP210_SWRESET?UTILITY
            BANK1   DA5EH     000EH     UNIT         ?PR?TIMER2_INIT?TIMER
            BANK1   DA6CH     000CH     UNIT         ?PR?TIMER0_INIT?TIMER
            BANK1   DA78H     000CH     UNIT         ?PR?_UIP_LOG?UIP
            BANK1   DA84H     000BH     UNIT         ?PR?SERIAL_POLLING_RX?SERIAL
            BANK1   DA8FH     000BH     UNIT         ?PR?OS_INITIAL?OS_CBK
            BANK1   DA9AH     000AH     UNIT         ?PR?IP210_WAIT_DMA_COMPLETE?DMA
            BANK1   DAA4H     0008H     UNIT         ?PR?GETCH2?MAIN
            BANK1   DAACH     0008H     UNIT         ?PR?EEPROM_ENABLE?EEPROM
            BANK1   DAB4H     0008H     UNIT         ?PR?UART_SET_RTS?UART
            BANK1   DABCH     0008H     UNIT         ?PR?UART_CLEAR_RTS?UART
            BANK1   DAC4H     0008H     UNIT         ?PR?CPUINIT?UTILITY
            BANK1   DACCH     0006H     UNIT         ?PR?UART_TX_FIFO_STATUS?UART
            BANK1   DAD2H     0006H     UNIT         ?PR?UART_RX_FIFO_STATUS?UART
            BANK1   DAD8H     0006H     UNIT         ?PR?_UART_TRANSMIT_BYTE?UART
            BANK1   DADEH     0003H     UNIT         ?PR?TIMERCOUNTER0_INIT?TIMER
            BANK1   DAE1H     0001H     UNIT         ?PR?FLASHLED?MAIN
            BANK1   DAE2H     0001H     UNIT         ?PR?UDP_XMIT?UIP

            * * * * * * *   C O D E   B A N K   2   * * * * * * *
                    0000H     5000H                  *** GAP ***
            BANK2   5000H     000FH     UNIT         ?CO?HTMFILES2
            BANK2   500FH     096FH     UNIT         ?PR?COM_PORT_OPTION?NET_UART
            BANK2   597EH     081CH     UNIT         ?PR?CLEARUARTRXBUF?TELNET
            BANK2   619AH     064CH     UNIT         ?PR?_CGI_TELNET?TELNETCBK
            BANK2   67E6H     05E7H     UNIT         ?PR?_CGI_UART?UARTCBK
            BANK2   6DCDH     05D7H     UNIT         ?PR?TELNETD?TELNET
            BANK2   73A4H     0508H     UNIT         ?PR?_SSI_UART?UARTCBK
            BANK2   78ACH     04DBH     UNIT         ?PR?RESENDUARTRX2ETH?TELNET
            BANK2   7D87H     0449H     UNIT         ?PR?_SSI_TELNET?TELNETCBK
            BANK2   81D0H     03B5H     UNIT         ?PR?SMTP_SEND_MAILBODY?SMTP
            BANK2   8585H     0393H     UNIT         ?PR?_SENDUARTRX2ETH?TELNET
BL51 BANKED LINKER/LOCATER V5.03                                                      08/07/2012  16:43:54  PAGE 14


            BANK2   8918H     0347H     UNIT         ?PR?UDP_TEL_SEND_ONE_PKT?UDP_TEL
            BANK2   8C5FH     033CH     UNIT         ?PR?_DNS_QUERY?DNS
            BANK2   8F9BH     0336H     UNIT         ?PR?READETH2UARTTXBUF?TELNET
            BANK2   92D1H     0304H     UNIT         ?PR?TELNET_RFC?NET_UART
            BANK2   95D5H     02D0H     UNIT         ?PR?CLEARUARTRXBUF_PARITYERROR?TELNET
            BANK2   98A5H     02BCH     UNIT         ?PR?RESENDUARTRX2UART?TELNET
            BANK2   9B61H     02A7H     UNIT         ?PR?UDP_TEL_INIT?UDP_TEL
            BANK2   9E08H     0284H     UNIT         ?PR?UDP_GET_DNS?UDP_TEL
            BANK2   A08CH     025BH     UNIT         ?PR?WRITEETHRX2UART?TELNET
            BANK2   A2E7H     0250H     UNIT         ?PR?SMTP?SMTP
            BANK2   A537H     021DH     UNIT         ?PR?UDP_TEL_RX?UDP_TEL
            BANK2   A754H     01F0H     UNIT         ?PR?_UDP_SEND?UDP
            BANK2   A944H     01E9H     UNIT         ?PR?UDP_TEL_CHK_SEND?UDP_TEL
            BANK2   AB2DH     01DEH     UNIT         ?PR?TELNET_INIT_COM?TELNET
            BANK2   AD0BH     0178H     UNIT         ?PR?_FS_OPEN02?HTMFILES2
            BANK2   AE83H     014FH     UNIT         ?PR?_UDP_TEL_GETIP?UDP_TEL
            BANK2   AFD2H     014CH     UNIT         ?PR?_B64ENC?BASE64
            BANK2   B11EH     014AH     UNIT         ?PR?DHCPCCHECKINFO?DHCPC
            BANK2   B268H     0148H     UNIT         ?PR?_DHCPCSENDREQUEST?DHCPC
            BANK2   B3B0H     0135H     UNIT         ?PR?DHCPCCLTPKTINIT?DHCPC
            BANK2   B4E5H     0134H     UNIT         ?PR?DNS_UDP_RECEIVE?DNS
            BANK2   B619H     012CH     UNIT         ?PR?_B64DEC?BASE64
            BANK2   B745H     0112H     UNIT         ?PR?_CRAM_MD5?CRAM_MD5
            BANK2   B857H     0109H     UNIT         ?PR?TELNET_CONNECT?TELNET
            BANK2   B960H     0103H     UNIT         ?PR?UDP_TEL_UPDATA_IP_AVAL?UDP_TEL
            BANK2   BA63H     00FDH     UNIT         ?PR?REVERSE_TELNET_ON_TCP_RX?TELNET
            BANK2   BB60H     00E3H     UNIT         ?PR?NUC_ON_TCP_RX?NETUART_CTRL
            BANK2   BC43H     00D3H     UNIT         ?PR?CHECK_RFC2217_SIGNAL?NET_UART
            BANK2   BD16H     00D1H     UNIT         ?PR?NETUARTONTCPRX?NET_UART
            BANK2   BDE7H     00CBH     UNIT         ?PR?NUC_ON_LOOP?NETUART_CTRL
            BANK2   BEB2H     00C9H     UNIT         ?PR?DHCPCTIMER?DHCPC
            BANK2   BF7BH     00C9H     UNIT         ?PR?SMTP_TIMER?SMTP
            BANK2   C044H     00C1H     UNIT         ?PR?NEW_BLOCK_INIT?UDP_TEL
            BANK2   C105H     00B4H     UNIT         ?PR?SMTP_CHK_MAILTOTOTAL?SMTP
            BANK2   C1B9H     00B1H     UNIT         ?PR?_DHCPCFOUNDTAG?DHCPC
            BANK2   C26AH     00B1H     UNIT         ?PR?DHCPCSENDDISCOVER?DHCPC
            BANK2   C31BH     00ADH     UNIT         ?PR?UDP_LEARN_IP?UDP_TEL
            BANK2   C3C8H     00A9H     UNIT         ?PR?UART_AUTO_SEND?TELNET
            BANK2   C471H     00A9H     UNIT         ?PR?_SMTP_SEND_AUTH_ID_PW?SMTP
            BANK2   C51AH     00A7H     UNIT         ?PR?_STRCAT_MAIL_TO?SMTP
            BANK2   C5C1H     00A3H     UNIT         ?PR?SMTP_SEND_CMD_MAIL?SMTP
            BANK2   C664H     00A0H     UNIT         ?PR?DHCPC_UDP_RECEIVE?DHCPC
            BANK2   C704H     009FH     UNIT         ?PR?_SET_BIT?UDP_TEL
            BANK2   C7A3H     009EH     UNIT         ?PR?SMTP_SEND_CMD_HELO?SMTP
            BANK2   C841H     009DH     UNIT         ?PR?RFC_LOOP?NET_UART
            BANK2   C8DEH     0093H     UNIT         ?PR?TELNET_SERVER_TIMEOUT?TELNET
            BANK2   C971H     008FH     UNIT         ?PR?TELNET_CONNECTED_INIT?TELNET
            BANK2   CA00H     008CH     UNIT         ?PR?SMTP_SEND_CMD_RCPT?SMTP
            BANK2   CA8CH     008AH     UNIT         ?PR?CHECK_SIGNAL_CHANGE?NETUART_CTRL
            BANK2   CB16H     0080H     UNIT         ?PR?NUC_PROCESS?NETUART_CTRL
            BANK2   CB96H     007BH     UNIT         ?PR?NETUARTTIMER?NET_UART
            BANK2   CC11H     007AH     UNIT         ?PR?_DNS_RESULT?DNS
            BANK2   CC8BH     0079H     UNIT         ?PR?SMTP_SEND_MAILBODY_END?SMTP
            BANK2   CD04H     0073H     UNIT         ?PR?SMTP_INIT?SMTP
            BANK2   CD77H     0072H     UNIT         ?PR?SMTP_SEND_PACKET?SMTP
            BANK2   CDE9H     0071H     UNIT         ?PR?DHCPCAPPLYIP?DHCPC
            BANK2   CE5AH     0070H     UNIT         ?PR?_B64ENCODE?BASE64
BL51 BANKED LINKER/LOCATER V5.03                                                      08/07/2012  16:43:54  PAGE 15


            BANK2   CECAH     0070H     UNIT         ?PR?_B64DECODE?BASE64
            BANK2   CF3AH     0065H     UNIT         ?PR?_B64ENCODE_ALLOC?BASE64
            BANK2   CF9FH     0064H     UNIT         ?PR?DHCPCRECEIVEACK?DHCPC
            BANK2   D003H     0060H     UNIT         ?PR?NUC_INIT?NETUART_CTRL
            BANK2   D063H     005DH     UNIT         ?PR?_MODIFYMAIL?SMTP
            BANK2   D0C0H     005DH     UNIT         ?PR?SMTP_SEND_STARTTLS?SMTP
            BANK2   D11DH     005DH     UNIT         ?PR?SMTP_SEND_CMD_DATA?SMTP
            BANK2   D17AH     005DH     UNIT         ?PR?SMTP_SEND_CMD_QUIT?SMTP
            BANK2   D1D7H     005DH     UNIT         ?PR?SMTP_SEND_CMD_AUTH?SMTP
            BANK2   D234H     0057H     UNIT         ?PR?UDP_PROCESS?UDP
            BANK2   D28BH     0055H     UNIT         ?PR?_CRAM_MD5_DECODE?CRAM_MD5
            BANK2   D2E0H     004FH     UNIT         ?PR?NUC_SEND?NETUART_CTRL
            BANK2   D32FH     004FH     UNIT         ?PR?_B64DECODE_ALLOC?BASE64
            BANK2   D37EH     004EH     UNIT         ?PR?_UDP_INIT?UDP
            BANK2   D3CCH     004EH     UNIT         ?PR?SMTP_CHECK_MAIL?SMTP
            BANK2   D41AH     0048H     UNIT         ?PR?_DATACPY02?HTMFILES2
            BANK2   D462H     0042H     UNIT         ?PR?UDP_TEL_TIMER?UDP_TEL
            BANK2   D4A4H     0041H     UNIT         ?PR?_UDP_SET_BUF?UDP
            BANK2   D4E5H     0041H     UNIT         ?PR?NETUARTINIT?NET_UART
            BANK2   D526H     003EH     UNIT         ?PR?_CRAM_MD5_ENCODE?CRAM_MD5
            BANK2   D564H     0036H     UNIT         ?PR?SMTPONTCPRX?SMTP
            BANK2   D59AH     002EH     UNIT         ?PR?DHCPCINIT?DHCPC
            BANK2   D5C8H     002EH     UNIT         ?PR?_SMTP_SEND_MAIL?SMTP
            BANK2   D5F6H     002BH     UNIT         ?PR?DHCPCRECEIVEOFFER?DHCPC
            BANK2   D621H     002AH     UNIT         ?PR?TELNETD_LISTEN?TELNET
            BANK2   D64BH     0028H     UNIT         ?PR?TELNETD_CLOSE?TELNET
            BANK2   D673H     0022H     UNIT         ?PR?_GET_TAG02?HTMFILES2
            BANK2   D695H     0021H     UNIT         ?PR?NETUARTTELNETCLOSE?NET_UART
            BANK2   D6B6H     001DH     UNIT         ?PR?NETUARTLOOP?NET_UART
            BANK2   D6D3H     001DH     UNIT         ?PR?SMTP_CONNECT?SMTP
            BANK2   D6F0H     001DH     UNIT         ?PR?_B64ENCODE_LEN?BASE64
            BANK2   D70DH     0019H     UNIT         ?PR?_B64DECODE_LEN?BASE64
            BANK2   D726H     0016H     UNIT         ?PR?CHECK_RS485?TELNET
            BANK2   D73CH     0016H     UNIT         ?PR?_GET_BIT?UDP_TEL
            BANK2   D752H     0011H     UNIT         ?PR?TELNET_CLOSE?TELNET
            BANK2   D763H     0010H     UNIT         ?PR?TELNET_INIT?TELNET
            BANK2   D773H     000DH     UNIT         ?PR?WATCHDOGTIMERENABLE?WDG
            BANK2   D780H     000AH     UNIT         ?PR?UART_RS485_UPDATE_TXCONTROL?TELNET
            BANK2   D78AH     000AH     UNIT         ?PR?CHECK_210?NET_UART
            BANK2   D794H     0007H     UNIT         ?PR?DHCPCRECEIVENACK?DHCPC
            BANK2   D79BH     0007H     UNIT         ?PR?WATCHDOGTIMERRESET?WDG
            BANK2   D7A2H     0007H     UNIT         ?PR?WATCHDOGTIMERINIT?WDG
            BANK2   D7A9H     0006H     UNIT         ?PR?_IP210_ISR_CTRL?TELNET
            BANK2   D7AFH     0003H     UNIT         ?PR?TELNETD_INIT?TELNET
            BANK2   D7B2H     0003H     UNIT         ?PR?TELNET?TELNET
            BANK2   D7B5H     0003H     UNIT         ?PR?WATCHDOGTIMERDISABLE?WDG
            BANK2   D7B8H     0001H     UNIT         ?PR?IP210_UART_ISR_PROCESS?TELNET

            * * * * * * *   C O D E   B A N K   3   * * * * * * *
                    0000H     5000H                  *** GAP ***
            BANK3   5000H     6F8CH     UNIT         ?CO?HTMFILES3
            BANK3   BF8CH     0178H     UNIT         ?PR?_FS_OPEN03?HTMFILES3
            BANK3   C104H     0048H     UNIT         ?PR?_DATACPY03?HTMFILES3
            BANK3   C14CH     0022H     UNIT         ?PR?_GET_TAG03?HTMFILES3

            * * * * * * *   C O D E   B A N K   4   * * * * * * *
                    0000H     5000H                  *** GAP ***
BL51 BANKED LINKER/LOCATER V5.03                                                      08/07/2012  16:43:54  PAGE 16


            BANK4   5000H     0283H     UNIT         ?CO?HTMFILES4
            BANK4   5283H     0178H     UNIT         ?PR?_FS_OPEN04?HTMFILES4
            BANK4   53FBH     0048H     UNIT         ?PR?_DATACPY04?HTMFILES4
            BANK4   5443H     0022H     UNIT         ?PR?_GET_TAG04?HTMFILES4
            BANK4   5465H     0003H     UNIT         ?PR?FUU_RUN?HTMFILES4

            * * * * * * *   C O D E   B A N K   5   * * * * * * *
                    0000H     5000H                  *** GAP ***
            BANK5   5000H     000FH     UNIT         ?CO?HTMFILES5
            BANK5   500FH     09F6H     UNIT         ?PR?NETCMD?NET_CMD
            BANK5   5A05H     04B7H     UNIT         ?PR?_CGI_UDP_TEL?UDP_TELCBK
            BANK5   5EBCH     042AH     UNIT         ?PR?_SSI_UDP_TEL?UDP_TELCBK
            BANK5   62E6H     02C1H     UNIT         ?PR?UIP_TCPCHKSUM?CHECKSUM
            BANK5   65A7H     0213H     UNIT         ?PR?MPPROCESS?NET_CMD
            BANK5   67BAH     01F2H     UNIT         ?PR?ONLOGINACCOUNT?NET_CMD
            BANK5   69ACH     01B9H     UNIT         ?PR?UIP_UDPCHKSUM?CHECKSUM
            BANK5   6B65H     0178H     UNIT         ?PR?_FS_OPEN05?HTMFILES5
            BANK5   6CDDH     0146H     UNIT         ?PR?ONLOGINREQUEST?NET_CMD
            BANK5   6E23H     0134H     UNIT         ?PR?UDP_NET_CMD?NET_CMD
            BANK5   6F57H     011FH     UNIT         ?PR?EEP_READ_REQ?NET_CMD
            BANK5   7076H     0115H     UNIT         ?PR?EEP_WRITE_REQ?NET_CMD
            BANK5   718BH     0104H     UNIT         ?PR?_CGI_ADC?ADCCBK
            BANK5   728FH     00F2H     UNIT         ?PR?_CRC?NET_CMD
            BANK5   7381H     00E0H     UNIT         ?PR?CRC_OPERATION?NET_CMD
            BANK5   7461H     00AAH     UNIT         ?PR?ADC_CONVERT?ADCCBK
            BANK5   750BH     009FH     UNIT         ?PR?LOCALCMDTXPREFIX?NET_CMD
            BANK5   75AAH     0096H     UNIT         ?PR?ONGPIOREQUEST?NET_CMD
            BANK5   7640H     0094H     UNIT         ?PR?GENCONNID?NET_CMD
            BANK5   76D4H     008AH     UNIT         ?PR?AGINGNETCMDCONNTABLE?NET_CMD
            BANK5   775EH     0083H     UNIT         ?PR?EN_LOOPBACK?NET_CMD
            BANK5   77E1H     0080H     UNIT         ?PR?NETCMDSEND?NET_CMD
            BANK5   7861H     0080H     UNIT         ?PR?DIS_LOOPBACK?NET_CMD
            BANK5   78E1H     007DH     UNIT         ?PR?CRC_INFO?NET_CMD
            BANK5   795EH     007BH     UNIT         ?PR?CHECKCONNID?NET_CMD
            BANK5   79D9H     0071H     UNIT         ?PR?_UIP_CHKSUM?CHECKSUM
            BANK5   7A4AH     0070H     UNIT         ?PR?_CGI_SETDEF?SETDEFCBK
            BANK5   7ABAH     006AH     UNIT         ?PR?_SENDLOGINRESULT?NET_CMD
            BANK5   7B24H     0065H     UNIT         ?PR?LOCALCMD?NET_CMD
            BANK5   7B89H     005BH     UNIT         ?PR?_SENDLOGINMD5KEY?NET_CMD
            BANK5   7BE4H     005AH     UNIT         ?PR?ONCHANNELREQUEST?NET_CMD
            BANK5   7C3EH     0055H     UNIT         ?PR?_FINDSA?NET_CMD
            BANK5   7C93H     0055H     UNIT         ?PR?RESET_DEVICE_REQ?NET_CMD
            BANK5   7CE8H     0052H     UNIT         ?PR?NETCMDONTCPRX?NET_CMD
            BANK5   7D3AH     004FH     UNIT         ?PR?_SSI_ADC?ADCCBK
            BANK5   7D89H     0048H     UNIT         ?PR?_DATACPY05?HTMFILES5
            BANK5   7DD1H     0038H     UNIT         ?PR?_ONCHANNELREQUESTACK?NET_CMD
            BANK5   7E09H     002BH     UNIT         ?PR?NETCMDINIT?NET_CMD
            BANK5   7E34H     0027H     UNIT         ?PR?_ONGPIOREQUESTACK?NET_CMD
            BANK5   7E5BH     0026H     UNIT         ?PR?UIP_IPCHKSUM?CHECKSUM
            BANK5   7E81H     0022H     UNIT         ?PR?_GET_TAG05?HTMFILES5
            BANK5   7EA3H     001BH     UNIT         ?PR?SEARCHEMPTYCONNTABLE?NET_CMD
            BANK5   7EBEH     0003H     UNIT         ?PR?NETCMDTIMER?NET_CMD
            BANK5   7EC1H     0001H     UNIT         ?PR?SENDACCESSGPIOACK?NET_CMD
            BANK5   7EC2H     0001H     UNIT         ?PR?ONACCESSGPIOREQ?NET_CMD

            * * * * * * *   C O D E   B A N K   6   * * * * * * *
                    0000H     5000H                  *** GAP ***
BL51 BANKED LINKER/LOCATER V5.03                                                      08/07/2012  16:43:54  PAGE 17


            BANK6   5000H     000FH     UNIT         ?CO?HTMFILES6
            BANK6   500FH     305BH     UNIT         ?PR?COMMAND_SETTING?COMMANDLINE
            BANK6   806AH     0964H     UNIT         ?PR?COMMAND_TYPE?COMMANDLINE
            BANK6   89CEH     02ECH     UNIT         ?PR?UIP_ARP_OUT?UIP_ARP
            BANK6   8CBAH     029FH     UNIT         ?PR?COMMAND_INFO?COMMANDLINE
            BANK6   8F59H     022CH     UNIT         ?PR?CLI_TIMER?COMMANDLINE
            BANK6   9185H     01E6H     UNIT         ?PR?UIP_ARP_ARPIN?UIP_ARP
            BANK6   936BH     01CEH     UNIT         ?PR?_UIP_ARP_UPDATE?UIP_ARP
            BANK6   9539H     0178H     UNIT         ?PR?_FS_OPEN06?HTMFILES6
            BANK6   96B1H     013CH     UNIT         ?PR?ATD_LOOP?COMMANDLINE
            BANK6   97EDH     013AH     UNIT         ?PR?GATEWAY_MAC_REQ?UIP_ARP
            BANK6   9927H     013AH     UNIT         ?PR?_HEX_2_ASC?COMMANDLINE
            BANK6   9A61H     00AAH     UNIT         ?PR?RE_RORN?COMMANDLINE
            BANK6   9B0BH     00A9H     UNIT         ?PR?UIP_ARP_IPIN?UIP_ARP
            BANK6   9BB4H     0072H     UNIT         ?PR?UIP_ARP_TIMER?UIP_ARP
            BANK6   9C26H     0051H     UNIT         ?PR?CLI_INIT?COMMANDLINE
            BANK6   9C77H     004EH     UNIT         ?PR?_UP2LWR?COMMANDLINE
            BANK6   9CC5H     0048H     UNIT         ?PR?_DATACPY06?HTMFILES6
            BANK6   9D0DH     0037H     UNIT         ?PR?UIP_ARP_INIT?UIP_ARP
            BANK6   9D44H     0022H     UNIT         ?PR?_GET_TAG06?HTMFILES6
            BANK6   9D66H     0001H     UNIT         ?PR?HELP?COMMANDLINE

            * * * * * * *   C O D E   B A N K   7   * * * * * * *
                    0000H     5000H                  *** GAP ***
            BANK7   5000H     000FH     UNIT         ?CO?HTMFILES7
            BANK7   500FH     0178H     UNIT         ?PR?_FS_OPEN07?HTMFILES7
            BANK7   5187H     0048H     UNIT         ?PR?_DATACPY07?HTMFILES7
            BANK7   51CFH     0022H     UNIT         ?PR?_GET_TAG07?HTMFILES7

            * * * * * * *   C O D E   B A N K   8   * * * * * * *
                    0000H     5000H                  *** GAP ***
            BANK8   5000H     000FH     UNIT         ?CO?HTMFILES8
            BANK8   500FH     0178H     UNIT         ?PR?_FS_OPEN08?HTMFILES8
            BANK8   5187H     0048H     UNIT         ?PR?_DATACPY08?HTMFILES8
            BANK8   51CFH     0022H     UNIT         ?PR?_GET_TAG08?HTMFILES8

            * * * * * * *   C O D E   B A N K   9   * * * * * * *
                    0000H     5000H                  *** GAP ***
            BANK9   5000H     000FH     UNIT         ?CO?HTMFILES9
            BANK9   500FH     0178H     UNIT         ?PR?_FS_OPEN09?HTMFILES9
            BANK9   5187H     0048H     UNIT         ?PR?_DATACPY09?HTMFILES9
            BANK9   51CFH     0022H     UNIT         ?PR?_GET_TAG09?HTMFILES9

            * * * * * * *  C O D E   B A N K   1 0  * * * * * * *
                    0000H     5000H                  *** GAP ***
            BANK10  5000H     000FH     UNIT         ?CO?HTMFILES10
            BANK10  500FH     0178H     UNIT         ?PR?_FS_OPEN10?HTMFILES10
            BANK10  5187H     0048H     UNIT         ?PR?_DATACPY10?HTMFILES10
            BANK10  51CFH     0022H     UNIT         ?PR?_GET_TAG10?HTMFILES10

            * * * * * * *  C O D E   B A N K   1 1  * * * * * * *
                    0000H     5000H                  *** GAP ***
            BANK11  5000H     000FH     UNIT         ?CO?HTMFILES11
            BANK11  500FH     0178H     UNIT         ?PR?_FS_OPEN11?HTMFILES11
            BANK11  5187H     0048H     UNIT         ?PR?_DATACPY11?HTMFILES11
            BANK11  51CFH     0022H     UNIT         ?PR?_GET_TAG11?HTMFILES11

BL51 BANKED LINKER/LOCATER V5.03                                                      08/07/2012  16:43:54  PAGE 18


            * * * * * * *  C O D E   B A N K   1 2  * * * * * * *
                    0000H     5000H                  *** GAP ***
            BANK12  5000H     000FH     UNIT         ?CO?HTMFILES12
            BANK12  500FH     0178H     UNIT         ?PR?_FS_OPEN12?HTMFILES12
            BANK12  5187H     0048H     UNIT         ?PR?_DATACPY12?HTMFILES12
            BANK12  51CFH     0022H     UNIT         ?PR?_GET_TAG12?HTMFILES12

            * * * * * * *  C O D E   B A N K   1 3  * * * * * * *
                    0000H     5000H                  *** GAP ***
            BANK13  5000H     000FH     UNIT         ?CO?HTMFILES13
            BANK13  500FH     0178H     UNIT         ?PR?_FS_OPEN13?HTMFILES13
            BANK13  5187H     0048H     UNIT         ?PR?_DATACPY13?HTMFILES13
            BANK13  51CFH     0022H     UNIT         ?PR?_GET_TAG13?HTMFILES13

            * * * * * * *  C O D E   B A N K   1 4  * * * * * * *
                    0000H     5000H                  *** GAP ***
            BANK14  5000H     000FH     UNIT         ?CO?HTMFILES14
            BANK14  500FH     0178H     UNIT         ?PR?_FS_OPEN14?HTMFILES14
            BANK14  5187H     0048H     UNIT         ?PR?_DATACPY14?HTMFILES14
            BANK14  51CFH     0022H     UNIT         ?PR?_GET_TAG14?HTMFILES14

            * * * * * * *  C O D E   B A N K   1 5  * * * * * * *
                    0000H     5000H                  *** GAP ***
            BANK15  5000H     000FH     UNIT         ?CO?HTMFILES15
            BANK15  500FH     0178H     UNIT         ?PR?_FS_OPEN15?HTMFILES15
            BANK15  5187H     0048H     UNIT         ?PR?_DATACPY15?HTMFILES15
            BANK15  51CFH     0022H     UNIT         ?PR?_GET_TAG15?HTMFILES15

            * * * * * * *  C O D E   B A N K   1 6  * * * * * * *
                    0000H     5000H                  *** GAP ***
            BANK16  5000H     000FH     UNIT         ?CO?HTMFILES16
            BANK16  500FH     0178H     UNIT         ?PR?_FS_OPEN16?HTMFILES16
            BANK16  5187H     0048H     UNIT         ?PR?_DATACPY16?HTMFILES16
            BANK16  51CFH     0022H     UNIT         ?PR?_GET_TAG16?HTMFILES16

            * * * * * * *  C O D E   B A N K   1 7  * * * * * * *
                    0000H     5000H                  *** GAP ***
            BANK17  5000H     000FH     UNIT         ?CO?HTMFILES17
            BANK17  500FH     0178H     UNIT         ?PR?_FS_OPEN17?HTMFILES17
            BANK17  5187H     0048H     UNIT         ?PR?_DATACPY17?HTMFILES17
            BANK17  51CFH     0022H     UNIT         ?PR?_GET_TAG17?HTMFILES17

            * * * * * * *  C O D E   B A N K   1 8  * * * * * * *
                    0000H     5000H                  *** GAP ***
            BANK18  5000H     000FH     UNIT         ?CO?HTMFILES18
            BANK18  500FH     0178H     UNIT         ?PR?_FS_OPEN18?HTMFILES18
            BANK18  5187H     0048H     UNIT         ?PR?_DATACPY18?HTMFILES18
            BANK18  51CFH     0022H     UNIT         ?PR?_GET_TAG18?HTMFILES18

            * * * * * * *  C O D E   B A N K   1 9  * * * * * * *
                    0000H     5000H                  *** GAP ***
            BANK19  5000H     000FH     UNIT         ?CO?HTMFILES19
            BANK19  500FH     0178H     UNIT         ?PR?_FS_OPEN19?HTMFILES19
            BANK19  5187H     0048H     UNIT         ?PR?_DATACPY19?HTMFILES19
            BANK19  51CFH     0022H     UNIT         ?PR?_GET_TAG19?HTMFILES19

            * * * * * * *  C O D E   B A N K   2 0  * * * * * * *
BL51 BANKED LINKER/LOCATER V5.03                                                      08/07/2012  16:43:54  PAGE 19


                    0000H     5000H                  *** GAP ***
            BANK20  5000H     000FH     UNIT         ?CO?HTMFILES20
            BANK20  500FH     0178H     UNIT         ?PR?_FS_OPEN20?HTMFILES20
            BANK20  5187H     0048H     UNIT         ?PR?_DATACPY20?HTMFILES20
            BANK20  51CFH     0022H     UNIT         ?PR?_GET_TAG20?HTMFILES20

            * * * * * * *  C O D E   B A N K   2 1  * * * * * * *
                    0000H     5000H                  *** GAP ***
            BANK21  5000H     000FH     UNIT         ?CO?HTMFILES21
            BANK21  500FH     0178H     UNIT         ?PR?_FS_OPEN21?HTMFILES21
            BANK21  5187H     0048H     UNIT         ?PR?_DATACPY21?HTMFILES21
            BANK21  51CFH     0022H     UNIT         ?PR?_GET_TAG21?HTMFILES21

            * * * * * * *  C O D E   B A N K   2 2  * * * * * * *
                    0000H     5000H                  *** GAP ***
            BANK22  5000H     000FH     UNIT         ?CO?HTMFILES22
            BANK22  500FH     0178H     UNIT         ?PR?_FS_OPEN22?HTMFILES22
            BANK22  5187H     0048H     UNIT         ?PR?_DATACPY22?HTMFILES22
            BANK22  51CFH     0022H     UNIT         ?PR?_GET_TAG22?HTMFILES22

            * * * * * * *  C O D E   B A N K   2 3  * * * * * * *
                    0000H     5000H                  *** GAP ***
            BANK23  5000H     000FH     UNIT         ?CO?HTMFILES23
            BANK23  500FH     0178H     UNIT         ?PR?_FS_OPEN23?HTMFILES23
            BANK23  5187H     0048H     UNIT         ?PR?_DATACPY23?HTMFILES23
            BANK23  51CFH     0022H     UNIT         ?PR?_GET_TAG23?HTMFILES23

            * * * * * * *  C O D E   B A N K   2 4  * * * * * * *
                    0000H     5000H                  *** GAP ***
            BANK24  5000H     000FH     UNIT         ?CO?HTMFILES24
            BANK24  500FH     0178H     UNIT         ?PR?_FS_OPEN24?HTMFILES24
            BANK24  5187H     0048H     UNIT         ?PR?_DATACPY24?HTMFILES24
            BANK24  51CFH     0022H     UNIT         ?PR?_GET_TAG24?HTMFILES24

            * * * * * * *  C O D E   B A N K   2 5  * * * * * * *
                    0000H     5000H                  *** GAP ***
            BANK25  5000H     000FH     UNIT         ?CO?HTMFILES25
            BANK25  500FH     0178H     UNIT         ?PR?_FS_OPEN25?HTMFILES25
            BANK25  5187H     0048H     UNIT         ?PR?_DATACPY25?HTMFILES25
            BANK25  51CFH     0022H     UNIT         ?PR?_GET_TAG25?HTMFILES25

            * * * * * * *  C O D E   B A N K   2 6  * * * * * * *
                    0000H     5000H                  *** GAP ***
            BANK26  5000H     000FH     UNIT         ?CO?HTMFILES26
            BANK26  500FH     0178H     UNIT         ?PR?_FS_OPEN26?HTMFILES26
            BANK26  5187H     0048H     UNIT         ?PR?_DATACPY26?HTMFILES26
            BANK26  51CFH     0022H     UNIT         ?PR?_GET_TAG26?HTMFILES26

            * * * * * * *  C O D E   B A N K   2 7  * * * * * * *
                    0000H     5000H                  *** GAP ***
            BANK27  5000H     000FH     UNIT         ?CO?HTMFILES27
            BANK27  500FH     0178H     UNIT         ?PR?_FS_OPEN27?HTMFILES27
            BANK27  5187H     0048H     UNIT         ?PR?_DATACPY27?HTMFILES27
            BANK27  51CFH     0022H     UNIT         ?PR?_GET_TAG27?HTMFILES27

            * * * * * * *  C O D E   B A N K   2 8  * * * * * * *
                    0000H     5000H                  *** GAP ***
BL51 BANKED LINKER/LOCATER V5.03                                                      08/07/2012  16:43:54  PAGE 20


            BANK28  5000H     000FH     UNIT         ?CO?HTMFILES28
            BANK28  500FH     0178H     UNIT         ?PR?_FS_OPEN28?HTMFILES28
            BANK28  5187H     0048H     UNIT         ?PR?_DATACPY28?HTMFILES28
            BANK28  51CFH     0022H     UNIT         ?PR?_GET_TAG28?HTMFILES28

            * * * * * * *  C O D E   B A N K   2 9  * * * * * * *
                    0000H     5000H                  *** GAP ***
            BANK29  5000H     000FH     UNIT         ?CO?HTMFILES29
            BANK29  500FH     0178H     UNIT         ?PR?_FS_OPEN29?HTMFILES29
            BANK29  5187H     0048H     UNIT         ?PR?_DATACPY29?HTMFILES29
            BANK29  51CFH     0022H     UNIT         ?PR?_GET_TAG29?HTMFILES29

            * * * * * * *  C O D E   B A N K   3 0  * * * * * * *
                    0000H     5000H                  *** GAP ***
            BANK30  5000H     000FH     UNIT         ?CO?HTMFILES30
            BANK30  500FH     0178H     UNIT         ?PR?_FS_OPEN30?HTMFILES30
            BANK30  5187H     0048H     UNIT         ?PR?_DATACPY30?HTMFILES30
            BANK30  51CFH     0022H     UNIT         ?PR?_GET_TAG30?HTMFILES30

            * * * * * * *  C O D E   B A N K   3 1  * * * * * * *
                    0000H     5000H                  *** GAP ***
            BANK31  5000H     000FH     UNIT         ?CO?HTMFILES31
            BANK31  500FH     0178H     UNIT         ?PR?_FS_OPEN31?HTMFILES31
            BANK31  5187H     0048H     UNIT         ?PR?_DATACPY31?HTMFILES31
            BANK31  51CFH     0022H     UNIT         ?PR?_GET_TAG31?HTMFILES31



INTRABANK CALL TABLE OF MODULE:  .\obj\NetUART (MAIN)

ADDRESS    FUNCTION NAME
------------------------
 1B5EH     NETUARTLOOP
 1B63H     WATCHDOGTIMERRESET
 1B68H     FU_CHECK
 1B6DH     IP210_UART_ISR_PROCESS
 1B72H     FUU_RUN
 1B77H     GATEWAY_MAC_REQ
 1B7CH     CHECK_RS485
 1B81H     CLI_TIMER
 1B86H     UDP_TEL_TIMER
 1B8BH     TELNET_SERVER_TIMEOUT
 1B90H     NUC_ON_LOOP
 1B95H     RFC_LOOP
 1B9AH     WRITEETHRX2UART
 1B9FH     _UDP_INIT
 1BA4H     _FS_OPEN00
 1BA9H     _DATACPY00
 1BAEH     _GET_TAG00
 1BB3H     _FS_OPEN01
 1BB8H     _DATACPY01
 1BBDH     _GET_TAG01
 1BC2H     _FS_OPEN02
 1BC7H     _DATACPY02
 1BCCH     _GET_TAG02
 1BD1H     _FS_OPEN03
 1BD6H     _DATACPY03
BL51 BANKED LINKER/LOCATER V5.03                                                      08/07/2012  16:43:54  PAGE 21


 1BDBH     _GET_TAG03
 1BE0H     _FS_OPEN04
 1BE5H     _DATACPY04
 1BEAH     _GET_TAG04
 1BEFH     _FS_OPEN05
 1BF4H     _DATACPY05
 1BF9H     _GET_TAG05
 1BFEH     _FS_OPEN06
 1C03H     _DATACPY06
 1C08H     _GET_TAG06
 1C0DH     _FS_OPEN07
 1C12H     _DATACPY07
 1C17H     _GET_TAG07
 1C1CH     _FS_OPEN08
 1C21H     _DATACPY08
 1C26H     _GET_TAG08
 1C2BH     _FS_OPEN09
 1C30H     _DATACPY09
 1C35H     _GET_TAG09
 1C3AH     _FS_OPEN10
 1C3FH     _DATACPY10
 1C44H     _GET_TAG10
 1C49H     _FS_OPEN11
 1C4EH     _DATACPY11
 1C53H     _GET_TAG11
 1C58H     _FS_OPEN12
 1C5DH     _DATACPY12
 1C62H     _GET_TAG12
 1C67H     _FS_OPEN13
 1C6CH     _DATACPY13
 1C71H     _GET_TAG13
 1C76H     _FS_OPEN14
 1C7BH     _DATACPY14
 1C80H     _GET_TAG14
 1C85H     _FS_OPEN15
 1C8AH     _DATACPY15
 1C8FH     _GET_TAG15
 1C94H     _FS_OPEN16
 1C99H     _DATACPY16
 1C9EH     _GET_TAG16
 1CA3H     _FS_OPEN17
 1CA8H     _DATACPY17
 1CADH     _GET_TAG17
 1CB2H     _FS_OPEN18
 1CB7H     _DATACPY18
 1CBCH     _GET_TAG18
 1CC1H     _FS_OPEN19
 1CC6H     _DATACPY19
 1CCBH     _GET_TAG19
 1CD0H     _FS_OPEN20
 1CD5H     _DATACPY20
 1CDAH     _GET_TAG20
 1CDFH     _FS_OPEN21
 1CE4H     _DATACPY21
 1CE9H     _GET_TAG21
 1CEEH     _FS_OPEN22
 1CF3H     _DATACPY22
BL51 BANKED LINKER/LOCATER V5.03                                                      08/07/2012  16:43:54  PAGE 22


 1CF8H     _GET_TAG22
 1CFDH     _FS_OPEN23
 1D02H     _DATACPY23
 1D07H     _GET_TAG23
 1D0CH     _FS_OPEN24
 1D11H     _DATACPY24
 1D16H     _GET_TAG24
 1D1BH     _FS_OPEN25
 1D20H     _DATACPY25
 1D25H     _GET_TAG25
 1D2AH     _FS_OPEN26
 1D2FH     _DATACPY26
 1D34H     _GET_TAG26
 1D39H     _FS_OPEN27
 1D3EH     _DATACPY27
 1D43H     _GET_TAG27
 1D48H     _FS_OPEN28
 1D4DH     _DATACPY28
 1D52H     _GET_TAG28
 1D57H     _FS_OPEN29
 1D5CH     _DATACPY29
 1D61H     _GET_TAG29
 1D66H     _FS_OPEN30
 1D6BH     _DATACPY30
 1D70H     _GET_TAG30
 1D75H     _FS_OPEN31
 1D7AH     _DATACPY31
 1D7FH     _GET_TAG31
 1D84H     _SSI_LOGIN
 1D89H     _SSI_ERRORMSG
 1D8EH     _SSI_STATUS
 1D93H     _SSI_SETIP
[...]
 C2:B095H         LINE#         51
 C2:B0A6H         LINE#         52
 C2:B0AEH         LINE#         53
 C2:B0B0H         LINE#         55
 C2:B0B0H         LINE#         56
 C2:B0D7H         LINE#         58
 C2:B0E8H         LINE#         59
 C2:B0FAH         LINE#         61
 C2:B0FAH         LINE#         62
 C2:B11DH         LINE#         63
  -------         ENDPROC       _B64ENC

  -------         PROC BANK=2   _B64DEC
  D:0001H         SYMBOL        in
  D:0004H         SYMBOL        inlen
  X:356CH         SYMBOL        out
  -------         DO            
  X:356FH         SYMBOL        t0
  X:3570H         SYMBOL        t1
  X:3571H         SYMBOL        t2
  X:3572H         SYMBOL        t3
  -------         ENDDO         
 C2:B619H         LINE#         65
 C2:B619H         LINE#         66
 C2:B619H         LINE#         67
 C2:B63DH         LINE#         68
 C2:B664H         LINE#         69
 C2:B68BH         LINE#         70
 C2:B6B2H         LINE#         72
 C2:B6C0H         LINE#         73
 C2:B6DFH         LINE#         74
 C2:B6EAH         LINE#         75
 C2:B6FAH         LINE#         77
 C2:B6FAH         LINE#         78
 C2:B720H         LINE#         79
 C2:B72BH         LINE#         80
 C2:B731H         LINE#         82
 C2:B731H         LINE#         83
 C2:B744H         LINE#         84
  -------         ENDPROC       _B64DEC

  -------         PROC BANK=2   _B64ENCODE_LEN
  D:0001H         SYMBOL        in
  -------         DO            
  D:0006H         SYMBOL        l
  -------         ENDDO         
 C2:D6F0H         LINE#         86
 C2:D6F0H         LINE#         87
 C2:D6F0H         LINE#         88
 C2:D6F3H         LINE#         89
 C2:D70CH         LINE#         90
  -------         ENDPROC       _B64ENCODE_LEN

  -------         PROC BANK=2   _B64DECODE_LEN
  D:0001H         SYMBOL        in
  -------         DO            
BL51 BANKED LINKER/LOCATER V5.03                                                      08/07/2012  16:43:54  PAGE 292


  D:0006H         SYMBOL        l
  -------         ENDDO         
 C2:D70DH         LINE#         92
 C2:D70DH         LINE#         93
 C2:D70DH         LINE#         94
 C2:D710H         LINE#         95
 C2:D725H         LINE#         96
  -------         ENDPROC       _B64DECODE_LEN

  -------         PROC BANK=2   _B64ENCODE_ALLOC
  D:0001H         SYMBOL        in
  -------         DO            
  D:0006H         SYMBOL        l
  X:3951H         SYMBOL        n
  -------         ENDDO         
 C2:CF3AH         LINE#         98
 C2:CF3AH         LINE#         99
 C2:CF3AH         LINE#         100
 C2:CF3DH         LINE#         101
 C2:CF4BH         LINE#         102
 C2:CF59H         LINE#         103
 C2:CF6EH         LINE#         104
 C2:CF76H         LINE#         105
 C2:CF91H         LINE#         106
 C2:CF93H         LINE#         107
 C2:CF93H         LINE#         108
 C2:CF9EH         LINE#         109
  -------         ENDPROC       _B64ENCODE_ALLOC

  -------         PROC BANK=2   _B64ENCODE
  X:36D5H         SYMBOL        in
  X:36D8H         SYMBOL        out
  -------         DO            
  X:36DBH         SYMBOL        inlen
  -------         ENDDO         
 C2:CE5AH         LINE#         111
 C2:CE65H         LINE#         112
 C2:CE65H         LINE#         113
 C2:CE70H         LINE#         114
 C2:CE82H         LINE#         115
 C2:CEA5H         LINE#         116
 C2:CEB3H         LINE#         117
 C2:CEBDH         LINE#         118
 C2:CEC7H         LINE#         119
 C2:CEC9H         LINE#         120
  -------         ENDPROC       _B64ENCODE

  -------         PROC BANK=2   _B64DECODE_ALLOC
  D:0001H         SYMBOL        in
  -------         DO            
  D:0006H         SYMBOL        l
  X:3954H         SYMBOL        n
  -------         ENDDO         
 C2:D32FH         LINE#         122
 C2:D32FH         LINE#         123
 C2:D32FH         LINE#         124
 C2:D332H         LINE#         125
BL51 BANKED LINKER/LOCATER V5.03                                                      08/07/2012  16:43:54  PAGE 293


 C2:D340H         LINE#         126
 C2:D34EH         LINE#         127
 C2:D356H         LINE#         128
 C2:D370H         LINE#         129
 C2:D372H         LINE#         130
 C2:D372H         LINE#         131
 C2:D37DH         LINE#         132
  -------         ENDPROC       _B64DECODE_ALLOC

  -------         PROC BANK=2   _B64DECODE
  X:36DDH         SYMBOL        in
  X:36E0H         SYMBOL        out
  -------         DO            
  X:36E3H         SYMBOL        inlen
  -------         ENDDO         
 C2:CECAH         LINE#         134
 C2:CED5H         LINE#         135
 C2:CEE0H         LINE#         136
 C2:CEF2H         LINE#         137
 C2:CF15H         LINE#         138
 C2:CF23H         LINE#         139
 C2:CF2DH         LINE#         140
 C2:CF37H         LINE#         141
 C2:CF39H         LINE#         142
  -------         ENDPROC       _B64DECODE
  -------         ENDMOD        BASE64

  -------         MODULE        CRAM_MD5
  C:0000H         SYMBOL        _ICE_DUMMY_
  X:2FB4H         PUBLIC        buf_md5
 C2:D28BH         PUBLIC        _cram_md5_decode
 C2:D526H         PUBLIC        _cram_md5_encode
  X:3018H         PUBLIC        _cram_md5_param
 C2:B750H         PUBLIC        _cram_md5
  -------         PROC          L?0004
  -------         ENDPROC       L?0004

  -------         PROC BANK=2   _CRAM_MD5
  X:3573H         SYMBOL        cram_md5_param
  -------         DO            
  X:3576H         SYMBOL        challenge
  X:3579H         SYMBOL        decoded
  X:357CH         SYMBOL        encoded
  -------         ENDDO         
 C2:B750H         LINE#         20
 C2:B75BH         LINE#         21
 C2:B75BH         LINE#         26
 C2:B76FH         LINE#         27
 C2:B7A0H         LINE#         29
 C2:B7C2H         LINE#         31
 C2:B7D0H         LINE#         33
 C2:B7F8H         LINE#         35
 C2:B811H         LINE#         36
 C2:B834H         LINE#         37
 C2:B856H         LINE#         38
  -------         ENDPROC       _CRAM_MD5

BL51 BANKED LINKER/LOCATER V5.03                                                      08/07/2012  16:43:54  PAGE 294


  -------         PROC BANK=2   _CRAM_MD5_ENCODE
  D:0001H         SYMBOL        in
  X:383EH         SYMBOL        out
 C2:D526H         LINE#         39
 C2:D526H         LINE#         40
 C2:D526H         LINE#         41
 C2:D531H         LINE#         42
 C2:D53DH         LINE#         43
 C2:D544H         LINE#         44
 C2:D547H         LINE#         45
  -------         ENDPROC       _CRAM_MD5_ENCODE

  -------         PROC BANK=2   _CRAM_MD5_DECODE
  X:3841H         SYMBOL        in
  X:3844H         SYMBOL        out
 C2:D28BH         LINE#         48
 C2:D296H         LINE#         49
 C2:D296H         LINE#         50
 C2:D2A4H         LINE#         51
 C2:D2B0H         LINE#         52
 C2:D2C0H         LINE#         53
 C2:D2C3H         LINE#         54
  -------         ENDPROC       _CRAM_MD5_DECODE
  -------         ENDMOD        CRAM_MD5

  -------         MODULE        SNMP_TRAP
  C:0000H         SYMBOL        _ICE_DUMMY_
  -------         ENDMOD        SNMP_TRAP

  -------         MODULE        ?C?COPY
  C:0188H         PUBLIC        ?C?COPY
  -------         ENDMOD        ?C?COPY

  -------         MODULE        ?C?CLDPTR
  C:01AEH         PUBLIC        ?C?CLDPTR
  -------         ENDMOD        ?C?CLDPTR

  -------         MODULE        ?C?CLDOPTR
  C:01C7H         PUBLIC        ?C?CLDOPTR
  -------         ENDMOD        ?C?CLDOPTR

  -------         MODULE        ?C?CLDIOPTR
  C:01F4H         PUBLIC        ?C?CLDIOPTR
  -------         ENDMOD        ?C?CLDIOPTR

  -------         MODULE        ?C?CILDPTR
  C:022BH         PUBLIC        ?C?CILDPTR
  -------         ENDMOD        ?C?CILDPTR

  -------         MODULE        ?C?CILDOPTR
  C:024DH         PUBLIC        ?C?CILDOPTR
  -------         ENDMOD        ?C?CILDOPTR

  -------         MODULE        ?C?CSTPTR
  C:0280H         PUBLIC        ?C?CSTPTR
  -------         ENDMOD        ?C?CSTPTR

BL51 BANKED LINKER/LOCATER V5.03                                                      08/07/2012  16:43:54  PAGE 295


  -------         MODULE        ?C?CSTOPTR
  C:0292H         PUBLIC        ?C?CSTOPTR
  -------         ENDMOD        ?C?CSTOPTR

  -------         MODULE        ?C?IMUL
  C:02B4H         PUBLIC        ?C?IMUL
  -------         ENDMOD        ?C?IMUL

  -------         MODULE        ?C?UIDIV
  C:02C6H         PUBLIC        ?C?UIDIV
  -------         ENDMOD        ?C?UIDIV

  -------         MODULE        ?C?SIDIV
  C:031BH         PUBLIC        ?C?SIDIV
  -------         ENDMOD        ?C?SIDIV

  -------         MODULE        ?C?IILDX
  C:0351H         PUBLIC        ?C?IILDX
  -------         ENDMOD        ?C?IILDX

  -------         MODULE        ?C?ILDIX
  C:0367H         PUBLIC        ?C?ILDIX
  -------         ENDMOD        ?C?ILDIX

  -------         MODULE        ?C?ILDPTR
  C:037DH         PUBLIC        ?C?ILDPTR
  -------         ENDMOD        ?C?ILDPTR

  -------         MODULE        ?C?ILDOPTR
  C:03A8H         PUBLIC        ?C?ILDOPTR
  -------         ENDMOD        ?C?ILDOPTR

  -------         MODULE        ?C?IILDPTR
  C:03E0H         PUBLIC        ?C?IILDPTR
  -------         ENDMOD        ?C?IILDPTR

  -------         MODULE        ?C?IILDOPTR
  C:0418H         PUBLIC        ?C?IILDOPTR
  -------         ENDMOD        ?C?IILDOPTR

  -------         MODULE        ?C?ISTPTR
  C:0465H         PUBLIC        ?C?ISTPTR
  -------         ENDMOD        ?C?ISTPTR

  -------         MODULE        ?C?ISTOPTR
  C:0484H         PUBLIC        ?C?ISTOPTR
  -------         ENDMOD        ?C?ISTOPTR

  -------         MODULE        ?C?LMUL
  C:04B1H         PUBLIC        ?C?LMUL
  -------         ENDMOD        ?C?LMUL

  -------         MODULE        ?C?ULDIV
  C:053CH         PUBLIC        ?C?ULDIV
  -------         ENDMOD        ?C?ULDIV

  -------         MODULE        ?C?LNOT
BL51 BANKED LINKER/LOCATER V5.03                                                      08/07/2012  16:43:54  PAGE 296


  C:05CEH         PUBLIC        ?C?LNOT
  -------         ENDMOD        ?C?LNOT

  -------         MODULE        ?C?SLCMP
  C:05DBH         PUBLIC        ?C?SLCMP
  -------         ENDMOD        ?C?SLCMP

  -------         MODULE        ?C?ULCMP
  C:05F1H         PUBLIC        ?C?ULCMP
  -------         ENDMOD        ?C?ULCMP

  -------         MODULE        ?C?ULSHR
  C:0602H         PUBLIC        ?C?ULSHR
  -------         ENDMOD        ?C?ULSHR

  -------         MODULE        ?C?LSHL
  C:0615H         PUBLIC        ?C?LSHL
  -------         ENDMOD        ?C?LSHL

  -------         MODULE        ?C?LLDPTR
  C:0628H         PUBLIC        ?C?LLDPTR
  -------         ENDMOD        ?C?LLDPTR

  -------         MODULE        ?C?LLDOPTR
  C:0648H         PUBLIC        ?C?LLDOPTR
  -------         ENDMOD        ?C?LLDOPTR

  -------         MODULE        ?C?LSTPTR
  C:0678H         PUBLIC        ?C?LSTPTR
  -------         ENDMOD        ?C?LSTPTR

  -------         MODULE        ?C?LSTOPTR
  C:0692H         PUBLIC        ?C?LSTOPTR
  -------         ENDMOD        ?C?LSTOPTR

  -------         MODULE        ?C?LLDPTR0
  C:06B6H         PUBLIC        ?C?LLDPTR0
  -------         ENDMOD        ?C?LLDPTR0

  -------         MODULE        ?C?LLDIXDATA
  C:06DFH         PUBLIC        ?C?LLDIXDATA
  C:06D6H         PUBLIC        ?C?LLDIXDATA1
  C:06D8H         PUBLIC        ?C?LLDIXDATA8
  -------         ENDMOD        ?C?LLDIXDATA

  -------         MODULE        ?C?LSTXDATA
  C:070BH         PUBLIC        ?C?LSTXDATA
  -------         ENDMOD        ?C?LSTXDATA

  -------         MODULE        ?C?LSTKXDATA
  C:0717H         PUBLIC        ?C?LSTKXDATA
  -------         ENDMOD        ?C?LSTKXDATA

  -------         MODULE        ?C?LSTKOPTR
  C:0748H         PUBLIC        ?C?LSTKOPTR
  -------         ENDMOD        ?C?LSTKOPTR

BL51 BANKED LINKER/LOCATER V5.03                                                      08/07/2012  16:43:54  PAGE 297


  -------         MODULE        ?C?OFFXADD
  C:076CH         PUBLIC        ?C?OFFXADD
  -------         ENDMOD        ?C?OFFXADD

  -------         MODULE        ?C?PLDPTR
  C:0778H         PUBLIC        ?C?PLDPTR
  -------         ENDMOD        ?C?PLDPTR

  -------         MODULE        ?C?PSTPTR
  C:0798H         PUBLIC        ?C?PSTPTR
  -------         ENDMOD        ?C?PSTPTR

  -------         MODULE        ?C?PLDOPTR
  C:07E7H         PUBLIC        ?C?PLDOPTR
  -------         ENDMOD        ?C?PLDOPTR

  -------         MODULE        ?C?PSTOPTR
  C:0817H         PUBLIC        ?C?PSTOPTR
  -------         ENDMOD        ?C?PSTOPTR

  -------         MODULE        ?C?CCASE
  C:0870H         PUBLIC        ?C?CCASE
  -------         ENDMOD        ?C?CCASE

  -------         MODULE        ?C?ICASE
  C:0896H         PUBLIC        ?C?ICASE
  -------         ENDMOD        ?C?ICASE

  -------         MODULE        ?C?ICALL
  C:08C3H         PUBLIC        ?C?ICALL
  C:08C7H         PUBLIC        ?C?ICALL2
  -------         ENDMOD        ?C?ICALL

  -------         MODULE        PRINTF
  X:3358H         PUBLIC        ?_PRINTF517?BYTE
  X:3358H         PUBLIC        ?_PRINTF?BYTE
  X:3358H         PUBLIC        ?_SPRINTF517?BYTE
  X:3358H         PUBLIC        ?_SPRINTF?BYTE
  C:2ABBH         PUBLIC        _PRINTF
  C:2ABBH         PUBLIC        _PRINTF517
  C:2AB5H         PUBLIC        _SPRINTF
  C:2AB5H         PUBLIC        _SPRINTF517
  -------         ENDMOD        PRINTF

  -------         MODULE        RAND
  X:38ABH         PUBLIC        ?SRAND?BYTE
  C:000EH         PUBLIC        RAND
  C:0041H         PUBLIC        _SRAND
  -------         ENDMOD        RAND

  -------         MODULE        SCANF
  X:32AFH         PUBLIC        ?_SCANF517?BYTE
  X:32AFH         PUBLIC        ?_SCANF?BYTE
  X:32AFH         PUBLIC        ?_SSCANF517?BYTE
  X:32AFH         PUBLIC        ?_SSCANF?BYTE
  C:2E42H         PUBLIC        _SCANF
  C:2E42H         PUBLIC        _SCANF517
BL51 BANKED LINKER/LOCATER V5.03                                                      08/07/2012  16:43:54  PAGE 298


  C:2E3EH         PUBLIC        _SSCANF
  C:2E3EH         PUBLIC        _SSCANF517
  -------         ENDMOD        SCANF

  -------         MODULE        STRCAT
  X:3653H         PUBLIC        ?_strcat?BYTE
  C:3B36H         PUBLIC        _strcat
  -------         ENDMOD        STRCAT

  -------         MODULE        ?C?STRCMP
  C:0A51H         PUBLIC        ?C?STRCMP
  -------         ENDMOD        ?C?STRCMP

  -------         MODULE        STRNCMP
  X:36E5H         PUBLIC        ?_strncmp?BYTE
  C:3A52H         PUBLIC        _strncmp
  -------         ENDMOD        STRNCMP

  -------         MODULE        ?C?STRCPY
  C:0B3AH         PUBLIC        ?C?STRCPY
  -------         ENDMOD        ?C?STRCPY

  -------         MODULE        STRLEN
  C:3DF8H         PUBLIC        _STRLEN
  -------         ENDMOD        STRLEN

  -------         MODULE        STRCHR
  C:17E2H         PUBLIC        _STRCHR
  -------         ENDMOD        STRCHR

  -------         MODULE        STRCSPN
  X:365CH         PUBLIC        ?_strcspn?BYTE
  C:39D1H         PUBLIC        _strcspn
  -------         ENDMOD        STRCSPN

  -------         MODULE        ATOL
  C:3417H         PUBLIC        _atol
  -------         ENDMOD        ATOL

  -------         MODULE        ATOI
  C:3605H         PUBLIC        _atoi
  -------         ENDMOD        ATOI

  -------         MODULE        ?C?MEMCMP
  C:0CDDH         PUBLIC        ?C?MEMCMP
  -------         ENDMOD        ?C?MEMCMP

  -------         MODULE        ?C?MEMSET
  C:0D01H         PUBLIC        ?C?MEMSET
  -------         ENDMOD        ?C?MEMSET

  -------         MODULE        ?C?LNEG
  C:0D2DH         PUBLIC        ?C?LNEG
  -------         ENDMOD        ?C?LNEG

  -------         MODULE        ?C?LLDIDATA
  C:0D3BH         PUBLIC        ?C?LLDIDATA
BL51 BANKED LINKER/LOCATER V5.03                                                      08/07/2012  16:43:54  PAGE 299


  -------         ENDMOD        ?C?LLDIDATA

  -------         MODULE        ?C?LLDXDATA
  C:0D47H         PUBLIC        ?C?LLDXDATA
  -------         ENDMOD        ?C?LLDXDATA

  -------         MODULE        ?C?LLDPDATA
  C:0D53H         PUBLIC        ?C?LLDPDATA
  -------         ENDMOD        ?C?LLDPDATA

  -------         MODULE        ?C?LLDCODE
  C:0D5FH         PUBLIC        ?C?LLDCODE
  -------         ENDMOD        ?C?LLDCODE

  -------         MODULE        ?C?LLDIDATA0
  C:0D6FH         PUBLIC        ?C?LLDIDATA0
  -------         ENDMOD        ?C?LLDIDATA0

  -------         MODULE        ?C?LLDXDATA0
  C:0D7CH         PUBLIC        ?C?LLDXDATA0
  -------         ENDMOD        ?C?LLDXDATA0

  -------         MODULE        ?C?LLDPDATA0
  C:0D88H         PUBLIC        ?C?LLDPDATA0
  -------         ENDMOD        ?C?LLDPDATA0

  -------         MODULE        ?C?LLDCODE0
  C:0D95H         PUBLIC        ?C?LLDCODE0
  -------         ENDMOD        ?C?LLDCODE0

  -------         MODULE        ?C?LSTIDATA
  C:0DA5H         PUBLIC        ?C?LSTIDATA
  -------         ENDMOD        ?C?LSTIDATA

  -------         MODULE        ?C?LSTPDATA
  C:0DB1H         PUBLIC        ?C?LSTPDATA
  -------         ENDMOD        ?C?LSTPDATA

  -------         MODULE        ?C?LSTKIDATA
  C:0DBDH         PUBLIC        ?C?LSTKIDATA
  -------         ENDMOD        ?C?LSTKIDATA

  -------         MODULE        ?C?LSTKPDATA
  C:0DD6H         PUBLIC        ?C?LSTKPDATA
  -------         ENDMOD        ?C?LSTKPDATA

  -------         MODULE        ?C?PLDIDATA
  C:0DEFH         PUBLIC        ?C?PLDIDATA
  -------         ENDMOD        ?C?PLDIDATA

  -------         MODULE        ?C?PSTIDATA
  C:0DF8H         PUBLIC        ?C?PSTIDATA
  -------         ENDMOD        ?C?PSTIDATA

  -------         MODULE        ?C?PLDXDATA
  C:0E01H         PUBLIC        ?C?PLDXDATA
  -------         ENDMOD        ?C?PLDXDATA
BL51 BANKED LINKER/LOCATER V5.03                                                      08/07/2012  16:43:54  PAGE 300



  -------         MODULE        ?C?PLDIXDATA
  C:0E0AH         PUBLIC        ?C?PLDIXDATA
  -------         ENDMOD        ?C?PLDIXDATA

  -------         MODULE        ?C?PILDXDATA
  C:0E21H         PUBLIC        ?C?PILDXDATA
  -------         ENDMOD        ?C?PILDXDATA

  -------         MODULE        ?C?PSTXDATA
  C:0E38H         PUBLIC        ?C?PSTXDATA
  -------         ENDMOD        ?C?PSTXDATA

  -------         MODULE        ?C?PLDPDATA
  C:0E41H         PUBLIC        ?C?PLDPDATA
  -------         ENDMOD        ?C?PLDPDATA

  -------         MODULE        ?C?PSTPDATA
  C:0E4AH         PUBLIC        ?C?PSTPDATA
  -------         ENDMOD        ?C?PSTPDATA

  -------         MODULE        ?C?PLDCODE
  C:0E53H         PUBLIC        ?C?PLDCODE
  -------         ENDMOD        ?C?PLDCODE

  -------         MODULE        PUTCHAR
  C:3D2EH         PUBLIC        _PUTCHAR
  -------         ENDMOD        PUTCHAR

  -------         MODULE        GETCHAR
  B:0027H.1       PUBLIC        ?C?CHARLOADED
  X:398AH         PUBLIC        ?_UNGETCHAR?BYTE
  C:3E21H         PUBLIC        GETCHAR
  -------         ENDMOD        GETCHAR

  -------         MODULE        UNGETC
  C:3EB9H         PUBLIC        _UNGETCHAR
  -------         ENDMOD        UNGETC

  -------         MODULE        ISDIGIT
  C:3E8BH         PUBLIC        _isdigit
  -------         ENDMOD        ISDIGIT

  -------         MODULE        ISSPACE
  C:3E35H         PUBLIC        _isspace
  -------         ENDMOD        ISSPACE

  -------         MODULE        _GETKEY
  C:3EA7H         PUBLIC        _GETKEY
  -------         ENDMOD        _GETKEY

Program Size: data=99.2 xdata=14731 code=194359
LINK/LOCATE RUN COMPLETE.  0 WARNING(S),  0 ERROR(S)
