BL51 BANKED LINKER/LOCATER V6.00                                                        04/12/2016  13:46:53  PAGE 1


BL51 BANKED LINKER/LOCATER V6.00, INVOKED BY:
C:\KEIL\C51\BIN\BL51.EXE .\obj\main.obj, .\obj\bootmain.obj, .\obj\STARTUP.obj, .\obj\eedefault.obj, .\obj\ee_process.ob
>> j, .\obj\kernelsetting.obj, .\obj\fw_os_cbk.obj, .\obj\tftpd.obj, .\obj\uip_arp.obj, .\obj\udp.obj, .\obj\dma.obj, .\
>> obj\flash.obj, .\obj\MACdriver.obj, .\obj\eeprom.obj, .\obj\serial.obj, .\obj\delay.obj, .\obj\flashsum.obj, .\obj\ti
>> mer.obj, .\obj\uip.obj, .\obj\httpd.obj, .\obj\httpd_app.obj, .\obj\cgi.obj, .\obj\cgiutil.obj, .\obj\htmfiles.obj, .
>> \obj\updateCbk.obj TO .\obj\firmwareUpdate PRINT (.\obj\firmwareUpdate.m51) NOOVERLAY, CODE (0X6000-0XFFFF, ?CO?EEDEF
>> AULT (0X8000), ?CO?FLASH (0X8092), ?PR?*?FLASH (0X8180), ?PR?PRINTF?PRINTF (0X8E8F), ?PR?PUTCHAR?PUTCHAR (0X91FF), ?P
>> R?MAIN?MAIN (0X9226), ?FLASHSUM (0X93C0), ?DELAY (0X9400), ?C?LIB_CODE (0X941A), ?PR?WATCHDOGTIMERRESET?MAIN (0X9F84)
>> ) XDATA (0X2800-0X4FFF)


MEMORY MODEL: LARGE


INPUT MODULES INCLUDED:
  .\obj\main.obj (MAIN)
  .\obj\bootmain.obj (BOOTMAIN)
  .\obj\STARTUP.obj (?C_STARTUP)
  .\obj\eedefault.obj (EEDEFAULT)
  .\obj\ee_process.obj (EE_PROCESS)
  .\obj\kernelsetting.obj (KERNELSETTING)
  .\obj\fw_os_cbk.obj (FW_OS_CBK)
  .\obj\tftpd.obj (TFTPD)
  .\obj\uip_arp.obj (UIP_ARP)
  .\obj\udp.obj (UDP)
  .\obj\dma.obj (DMA)
  .\obj\flash.obj (FLASH)
  .\obj\MACdriver.obj (MACDRIVER)
  .\obj\eeprom.obj (EEPROM)
  .\obj\serial.obj (SERIAL)
  .\obj\delay.obj (?DELAY_MS)
  .\obj\flashsum.obj (?FLASHSUM)
  .\obj\timer.obj (TIMER)
  .\obj\uip.obj (UIP)
  .\obj\httpd.obj (HTTPD)
  .\obj\httpd_app.obj (HTTPD_APP)
  .\obj\cgi.obj (CGI)
  .\obj\cgiutil.obj (CGIUTIL)
  .\obj\htmfiles.obj (HTMFILES)
  .\obj\updateCbk.obj (UPDATECBK)
  C:\KEIL\C51\LIB\C51L.LIB (?C_INIT)
  C:\KEIL\C51\LIB\C51L.LIB (?C?COPY)
  C:\KEIL\C51\LIB\C51L.LIB (?C?CLDPTR)
  C:\KEIL\C51\LIB\C51L.LIB (?C?CLDOPTR)
  C:\KEIL\C51\LIB\C51L.LIB (?C?CLDIOPTR)
  C:\KEIL\C51\LIB\C51L.LIB (?C?CILDOPTR)
  C:\KEIL\C51\LIB\C51L.LIB (?C?CSTPTR)
  C:\KEIL\C51\LIB\C51L.LIB (?C?CSTOPTR)
  C:\KEIL\C51\LIB\C51L.LIB (?C?IMUL)
  C:\KEIL\C51\LIB\C51L.LIB (?C?UIDIV)
  C:\KEIL\C51\LIB\C51L.LIB (?C?SIDIV)
  C:\KEIL\C51\LIB\C51L.LIB (?C?IILDX)
  C:\KEIL\C51\LIB\C51L.LIB (?C?ILDPTR)
  C:\KEIL\C51\LIB\C51L.LIB (?C?ILDOPTR)
  C:\KEIL\C51\LIB\C51L.LIB (?C?IILDOPTR)
  C:\KEIL\C51\LIB\C51L.LIB (?C?ISTPTR)
  C:\KEIL\C51\LIB\C51L.LIB (?C?ISTOPTR)
  C:\KEIL\C51\LIB\C51L.LIB (?C?LADD)
BL51 BANKED LINKER/LOCATER V6.00                                                      04/12/2016  13:46:53  PAGE 2


  C:\KEIL\C51\LIB\C51L.LIB (?C?LMUL)
  C:\KEIL\C51\LIB\C51L.LIB (?C?ULDIV)
  C:\KEIL\C51\LIB\C51L.LIB (?C?LNOT)
  C:\KEIL\C51\LIB\C51L.LIB (?C?SLCMP)
  C:\KEIL\C51\LIB\C51L.LIB (?C?ULCMP)
  C:\KEIL\C51\LIB\C51L.LIB (?C?ULSHR)
  C:\KEIL\C51\LIB\C51L.LIB (?C?LLDXDATA)
  C:\KEIL\C51\LIB\C51L.LIB (?C?LLDXDATA0)
  C:\KEIL\C51\LIB\C51L.LIB (?C?LSTXDATA)
  C:\KEIL\C51\LIB\C51L.LIB (?C?LSTKXDATA)
  C:\KEIL\C51\LIB\C51L.LIB (?C?OFFXADD)
  C:\KEIL\C51\LIB\C51L.LIB (?C?PLDXDATA)
  C:\KEIL\C51\LIB\C51L.LIB (?C?PSTXDATA)
  C:\KEIL\C51\LIB\C51L.LIB (?C?PLDPTR)
  C:\KEIL\C51\LIB\C51L.LIB (?C?PSTPTR)
  C:\KEIL\C51\LIB\C51L.LIB (?C?PLDOPTR)
  C:\KEIL\C51\LIB\C51L.LIB (?C?PSTOPTR)
  C:\KEIL\C51\LIB\C51L.LIB (?C?CCASE)
  C:\KEIL\C51\LIB\C51L.LIB (?C?ICASE)
  C:\KEIL\C51\LIB\C51L.LIB (?C?ICALL)
  C:\KEIL\C51\LIB\C51L.LIB (PRINTF)
  C:\KEIL\C51\LIB\C51L.LIB (?C?STRCMP)
  C:\KEIL\C51\LIB\C51L.LIB (STRNCMP)
  C:\KEIL\C51\LIB\C51L.LIB (?C?STRCPY)
  C:\KEIL\C51\LIB\C51L.LIB (STRLEN)
  C:\KEIL\C51\LIB\C51L.LIB (STRCHR)
  C:\KEIL\C51\LIB\C51L.LIB (STRCSPN)
  C:\KEIL\C51\LIB\C51L.LIB (?C?MEMCMP)
  C:\KEIL\C51\LIB\C51L.LIB (?C?MEMSET)
  C:\KEIL\C51\LIB\C51L.LIB (?C?PLDIDATA)
  C:\KEIL\C51\LIB\C51L.LIB (?C?PSTIDATA)
  C:\KEIL\C51\LIB\C51L.LIB (?C?PLDIXDATA)
  C:\KEIL\C51\LIB\C51L.LIB (?C?PLDPDATA)
  C:\KEIL\C51\LIB\C51L.LIB (?C?PSTPDATA)
  C:\KEIL\C51\LIB\C51L.LIB (?C?PLDCODE)
  C:\KEIL\C51\LIB\C51L.LIB (PUTCHAR)


LINK MAP OF MODULE:  .\obj\firmwareUpdate (MAIN)


            TYPE    BASE      LENGTH    RELOCATION   SEGMENT NAME
            -----------------------------------------------------

            * * * * * * *   D A T A   M E M O R Y   * * * * * * *
            REG     0000H     0008H     ABSOLUTE     "REG BANK 0"
            DATA    0008H     0018H     ABSOLUTE     
            BIT     0020H.0   000AH.0   ABSOLUTE     
            BIT     002AH.0   0001H.1   UNIT         ?BI?PRINTF?PRINTF
                    002BH.1   0000H.7                *** GAP ***
            DATA    002CH     0003H     UNIT         ?DT?FLASHIDENTIFICATION?FLASH
                    002FH     0001H                  *** GAP ***
            DATA    0030H     0030H     ABSOLUTE     
            DATA    0060H     0005H     UNIT         ?DT?PRINTF?PRINTF
            DATA    0065H     0002H     UNIT         ?DT?_FLASH_READ_BYTE?FLASH
            DATA    0067H     0002H     UNIT         ?DT?_FLASH_WRITE_BYTE?FLASH
            DATA    0069H     0002H     UNIT         ?DT?_FLASH_ERASE_SECTOR_MX29LV004CB_BOTTOMSECTOR_WHILE?FLASH
BL51 BANKED LINKER/LOCATER V6.00                                                      04/12/2016  13:46:53  PAGE 3


            DATA    006BH     0002H     UNIT         ?DT?_FLASH_ERASE_SECTOR_MX29LV800CB_BOTTOMSECTOR_WHILE?FLASH
            DATA    006DH     0002H     UNIT         ?DT?_FLASH_ERASE_SECTOR_SST39VF1681?FLASH
            DATA    006FH     0002H     UNIT         ?DT?FLASH_ERASE_BANK_SST39VF1681?FLASH
            DATA    0071H     0002H     UNIT         ?DT?_FLASH_ERASE_SECTOR_SST39VLF040?FLASH
            IDATA   0073H     0001H     UNIT         ?STACK

            * * * * * * *  X D A T A   M E M O R Y  * * * * * * *
                    0000H     2800H                  *** GAP ***
            XDATA   2800H     0FA1H     UNIT         ?XD?UPDATECBK
            XDATA   37A1H     0A89H     UNIT         ?XD?UIP
            XDATA   422AH     0858H     UNIT         ?XD?EE_PROCESS
            XDATA   4A82H     00B7H     UNIT         ?XD?UIP_ARP
            XDATA   4B39H     0095H     UNIT         ?XD?HTMFILES
            XDATA   4BCEH     0048H     UNIT         ?XD?HTTPD
            XDATA   4C16H     002DH     UNIT         ?XD?BOOTMAIN
            XDATA   4C43H     0028H     UNIT         ?XD?PRINTF?PRINTF
            XDATA   4C6BH     001AH     UNIT         ?XD?_CGI_FIRMWAREUPDATE?UPDATECBK
            XDATA   4C85H     0019H     UNIT         ?XD?FLASH
            XDATA   4C9EH     0013H     UNIT         ?XD?_SSI_MAIN?UPDATECBK
            XDATA   4CB1H     0012H     UNIT         ?XD?HTTPD?HTTPD
            XDATA   4CC3H     000DH     UNIT         ?XD?_ETHERNETRECEIVE?MACDRIVER
            XDATA   4CD0H     000DH     UNIT         ?XD?_STRFIND?HTTPD_APP
            XDATA   4CDDH     000BH     UNIT         ?XD?_FIRMWAREUPDATEFLASHBANKCHECK?FLASH
            XDATA   4CE8H     000BH     UNIT         ?XD?_UIP_CONNECT?UIP
            XDATA   4CF3H     000AH     UNIT         ?XD?WITH_TAG_PAGE?CGIUTIL
            XDATA   4CFDH     0009H     UNIT         ?XD?_IP210_DMA?DMA
            XDATA   4D06H     0009H     UNIT         ?XD?MACDRIVER
            XDATA   4D0FH     0009H     UNIT         ?XD?_STOUI?CGIUTIL
            XDATA   4D18H     0009H     UNIT         ?XD?_STRCSPN?STRCSPN
            XDATA   4D21H     0008H     UNIT         ?XD?FIRMWAREUPDATEFLASHCHECK?FLASH
            XDATA   4D29H     0008H     UNIT         ?XD?TIMER
            XDATA   4D31H     0008H     UNIT         ?XD?_UITOS?CGIUTIL
            XDATA   4D39H     0008H     UNIT         ?XD?_STRNCMP?STRNCMP
            XDATA   4D41H     0007H     UNIT         ?XD?MAIN
            XDATA   4D48H     0007H     UNIT         ?XD?_FIRMWAREUPDATEWRITEDATA?FLASH
            XDATA   4D4FH     0006H     UNIT         ?XD?KERNELSETTING
            XDATA   4D55H     0006H     UNIT         ?XD?_UIP_ARP_UPDATE?UIP_ARP
            XDATA   4D5BH     0006H     UNIT         ?XD?_ETHERNETSEND?MACDRIVER
            XDATA   4D61H     0006H     UNIT         ?XD?CGIUTIL
            XDATA   4D67H     0006H     UNIT         ?XD?_FS_OPEN03?HTMFILES
            XDATA   4D6DH     0005H     UNIT         ?XD?_FLASH_WRITE_BYTE?FLASH
            XDATA   4D72H     0004H     UNIT         ?XD?LOADEEPROM2MEMORY?EE_PROCESS
            XDATA   4D76H     0004H     UNIT         ?XD?_FLASH_ERASE_SECTOR_SST39VLF040?FLASH
            XDATA   4D7AH     0004H     UNIT         ?XD?_UIP_PROCESS?UIP
            XDATA   4D7EH     0004H     UNIT         ?XD?_CGI_CALLERASE?UPDATECBK
            XDATA   4D82H     0004H     UNIT         ?XD?_SSI_WARN?UPDATECBK
            XDATA   4D86H     0003H     UNIT         ?XD?BOOTMAIN?BOOTMAIN
            XDATA   4D89H     0003H     UNIT         ?XD?EEPROMINIT?EE_PROCESS
            XDATA   4D8CH     0003H     UNIT         ?XD?UIP_ARP_OUT?UIP_ARP
            XDATA   4D8FH     0003H     UNIT         ?XD?_CRC_CALCULATION?DMA
            XDATA   4D92H     0003H     UNIT         ?XD?_EEPROM_READ_BYTE?EEPROM
            XDATA   4D95H     0003H     UNIT         ?XD?_UIP_LOG?UIP
            XDATA   4D98H     0003H     UNIT         ?XD?_HTTPD_INIT_FILE?HTTPD_APP
            XDATA   4D9BH     0003H     UNIT         ?XD?_DATACPY03?HTMFILES
            XDATA   4D9EH     0003H     UNIT         ?XD?_SSI_FIRMWAREUPDATE?UPDATECBK
            XDATA   4DA1H     0003H     UNIT         ?XD?_SSI_ERASEFLASH?UPDATECBK
            XDATA   4DA4H     0003H     UNIT         ?XD?_SSI_UPDATECOMPLETE?UPDATECBK
BL51 BANKED LINKER/LOCATER V6.00                                                      04/12/2016  13:46:53  PAGE 4


            XDATA   4DA7H     0002H     UNIT         ?XD?MAIN?MAIN
            XDATA   4DA9H     0002H     UNIT         ?XD?RXFILTER?BOOTMAIN
            XDATA   4DABH     0002H     UNIT         ?XD?EEPROMCHECKDATAAVAILABLE?EE_PROCESS
            XDATA   4DADH     0002H     UNIT         ?XD?_UDP_SEND?UDP
            XDATA   4DAFH     0002H     UNIT         ?XD?_FILL_DMA_SETTING?DMA
            XDATA   4DB1H     0002H     UNIT         ?XD?_FIRMWAREUPDATMIRRORMODE?FLASH
            XDATA   4DB3H     0002H     UNIT         ?XD?_FLASH_ERASE_SECTOR_AT49BV040B_WHILE?FLASH
            XDATA   4DB5H     0002H     UNIT         ?XD?_FLASH_ERASE_SECTOR_MX29LV004CB_WHILE?FLASH
            XDATA   4DB7H     0002H     UNIT         ?XD?_FLASH_ERASE_SECTOR_SST39VF1681?FLASH
            XDATA   4DB9H     0002H     UNIT         ?XD?FLASH_ERASE_BANK_SST39VF1681?FLASH
            XDATA   4DBBH     0002H     UNIT         ?XD?FIRMWAREUPDATEERASEFLASH_SST39VLF040_WHILE?FLASH
            XDATA   4DBDH     0002H     UNIT         ?XD?_UIP_ADD32?MACDRIVER
            XDATA   4DBFH     0002H     UNIT         ?XD?QUERYSTR_FUNC?HTTPD_APP
            XDATA   4DC1H     0002H     UNIT         ?XD?_HTTPD_COPY_DATA?HTTPD_APP
            XDATA   4DC3H     0001H     UNIT         ?XD?CHECK_MAC?MAIN
            XDATA   4DC4H     0001H     UNIT         ?XD?BOOT_INIT?BOOTMAIN
            XDATA   4DC5H     0001H     UNIT         ?XD?_FLASH_ERASE_SECTOR_AT49BV040B_BOTTOMSECTOR_WHILE?FLASH
            XDATA   4DC6H     0001H     UNIT         ?XD?_FLASH_ERASE_SECTOR_MX29LV800CB_WHILE?FLASH
            XDATA   4DC7H     0001H     UNIT         ?XD?_FLASH_ERASE_SECTOR_MX29LV004CB_BOTTOMSECTOR_WHILE?FLASH
            XDATA   4DC8H     0001H     UNIT         ?XD?_FLASH_ERASE_SECTOR_MX29LV800CB_BOTTOMSECTOR_WHILE?FLASH
            XDATA   4DC9H     0001H     UNIT         ?XD?FLASHIDENTIFICATION?FLASH
            XDATA   4DCAH     0001H     UNIT         ?XD?IP_ADDRESS_FILL?MACDRIVER
                    4DCBH     3231H                  *** GAP ***
            XDATA   7FFCH     0002H     ABSOLUTE     
            XDATA   7FFEH     0002H     ABSOLUTE     

            * * * * * * *   C O D E   M E M O R Y   * * * * * * *
                    0000H     6000H                  *** GAP ***
            CODE    6000H     1768H     UNIT         ?PR?_UIP_PROCESS?UIP
            CODE    7768H     072DH     UNIT         ?PR?HTTPD?HTTPD
            CODE    7E95H     014BH     UNIT         ?PR?HTTPD_DATA_PROCESSING?CGI
            CODE    7FE0H     0020H     UNIT         ?PR?SERIAL_INIT?SERIAL
            CODE    8000H     0047H     UNIT         ?CO?EEDEFAULT
            CODE    8047H     0040H     UNIT         ?PR?_UIP_LISTEN?UIP
            CODE    8087H     0006H     ABSOLUTE     
            CODE    808DH     0002H     ABSOLUTE     
            CODE    808FH     0003H     ABSOLUTE     
            CODE    8092H     006CH     UNIT         ?CO?FLASH
            CODE    80FEH     0081H     UNIT         ?PR?_STRCSPN?STRCSPN
            CODE    817FH     0001H     UNIT         ?PR?UDP_XMIT?UIP
            CODE    8180H     0001H     UNIT         ?PR?NOP?FLASH
            CODE    8181H     0043H     UNIT         ?PR?_DELAY_10MS?FLASH
            CODE    81C4H     000EH     UNIT         ?PR?_START_MIRROR_MODE?FLASH
            CODE    81D2H     0012H     UNIT         ?PR?STOP_MIRROR_MODE?FLASH
            CODE    81E4H     0006H     UNIT         ?PR?FLASH_ACCESS_ENABLE?FLASH
            CODE    81EAH     0022H     UNIT         ?PR?FLASH_ACCESS_DISABLE?FLASH
            CODE    820CH     0013H     UNIT         ?PR?_FLASH_READ_BYTE?FLASH
            CODE    821FH     0026H     UNIT         ?PR?_FIRMWAREUPDATMIRRORMODE?FLASH
            CODE    8245H     0088H     UNIT         ?PR?_FIRMWAREUPDATEFLASHBANKCHECK?FLASH
            CODE    82CDH     0119H     UNIT         ?PR?FIRMWAREUPDATEFLASHCHECK?FLASH
            CODE    83E6H     0034H     UNIT         ?PR?_FLASH_SWITCH_BANK?FLASH
            CODE    841AH     0058H     UNIT         ?PR?MX_TOGGLE?FLASH
            CODE    8472H     0117H     UNIT         ?PR?_FLASH_WRITE_BYTE?FLASH
            CODE    8589H     0014H     UNIT         ?PR?_FLASH_ERASE_SECTOR_AT49BV040B_WHILE?FLASH
            CODE    859DH     0041H     UNIT         ?PR?_FLASH_ERASE_SECTOR_AT49BV040B_BOTTOMSECTOR_WHILE?FLASH
            CODE    85DEH     0014H     UNIT         ?PR?_FLASH_ERASE_SECTOR_MX29LV004CB_WHILE?FLASH
            CODE    85F2H     0031H     UNIT         ?PR?_FLASH_ERASE_SECTOR_MX29LV800CB_WHILE?FLASH
BL51 BANKED LINKER/LOCATER V6.00                                                      04/12/2016  13:46:53  PAGE 5


            CODE    8623H     0041H     UNIT         ?PR?_FLASH_ERASE_SECTOR_MX29LV004CB_BOTTOMSECTOR_WHILE?FLASH
            CODE    8664H     0041H     UNIT         ?PR?_FLASH_ERASE_SECTOR_MX29LV800CB_BOTTOMSECTOR_WHILE?FLASH
            CODE    86A5H     003DH     UNIT         ?PR?_FLASH_ERASE_SECTOR_SST39VF1681?FLASH
            CODE    86E2H     0039H     UNIT         ?PR?FLASH_ERASE_BANK_SST39VF1681?FLASH
            CODE    871BH     0057H     UNIT         ?PR?_FLASH_ERASE_SECTOR_SST39VLF040?FLASH
            CODE    8772H     00D6H     UNIT         ?PR?FIRMWAREUPDATEERASEFLASH_MX29LV004CB_WHILE?FLASH
            CODE    8848H     00D4H     UNIT         ?PR?FIRMWAREUPDATEERASEFLASH_AT49BV040B_WHILE?FLASH
            CODE    891CH     00C1H     UNIT         ?PR?FIRMWAREUPDATEERASEFLASH_MX29LV800CB_WHILE?FLASH
            CODE    89DDH     0130H     UNIT         ?PR?FIRMWAREUPDATEERASEFLASH_SST39VLF040_WHILE?FLASH
            CODE    8B0DH     0034H     UNIT         ?PR?FLASH_CHECK_SIZE?FLASH
            CODE    8B41H     01A0H     UNIT         ?PR?FLASHIDENTIFICATION?FLASH
            CODE    8CE1H     00D8H     UNIT         ?PR?FIRMWAREUPDATEERASEFLASH_WHILE?FLASH
            CODE    8DB9H     00BFH     UNIT         ?PR?_FIRMWAREUPDATEWRITEDATA?FLASH
            CODE    8E78H     000CH     UNIT         ?PR?CBK_FLASH_SIZE_CHECK?FLASH
            CODE    8E84H     000BH     UNIT         ?PR?TFD_INDEX?MACDRIVER
            CODE    8E8FH     0365H     UNIT         ?PR?PRINTF?PRINTF
            CODE    91F4H     000BH     UNIT         ?PR?SERIAL_POLLING_RX?SERIAL
            CODE    91FFH     0027H     UNIT         ?PR?PUTCHAR?PUTCHAR
            CODE    9226H     00C9H     UNIT         ?PR?MAIN?MAIN
            CODE    92EFH     00D1H     UNIT         ?PR?_STRFIND?HTTPD_APP
            CODE    93C0H     0040H     UNIT         ?FLASHSUM
            CODE    9400H     001AH     UNIT         ?DELAY
            CODE    941AH     0B69H     UNIT         ?C?LIB_CODE
                    9F83H     0001H                  *** GAP ***
            CODE    9F84H     0007H     UNIT         ?PR?WATCHDOGTIMERRESET?MAIN
            CODE    9F8BH     0BFEH     UNIT         ?CO?HTMFILES
            CODE    AB89H     060CH     UNIT         ?PR?WITH_TAG_PAGE?CGIUTIL
            CODE    B195H     0436H     UNIT         ?PR?_CGI_FIRMWAREUPDATE?UPDATECBK
            CODE    B5CBH     02E6H     UNIT         ?PR?RXFILTER?BOOTMAIN
            CODE    B8B1H     029EH     UNIT         ?PR?BOOTMAIN?BOOTMAIN
            CODE    BB4FH     0250H     UNIT         ?PR?TFTP_PROCESS?TFTPD
            CODE    BD9FH     0244H     UNIT         ?PR?BOOT_INIT?BOOTMAIN
            CODE    BFE3H     0230H     UNIT         ?PR?UIP_ARP_OUT?UIP_ARP
            CODE    C213H     021CH     UNIT         ?PR?_UIP_ARP_UPDATE?UIP_ARP
            CODE    C42FH     01FBH     UNIT         ?PR?_ETHERNETRECEIVE?MACDRIVER
            CODE    C62AH     01DBH     UNIT         ?PR?_UIP_CONNECT?UIP
            CODE    C805H     01C3H     UNIT         ?PR?UIP_ARP_ARPIN?UIP_ARP
            CODE    C9C8H     01BCH     UNIT         ?PR?_UDP_SEND?UDP
            CODE    CB84H     018AH     UNIT         ?PR?EEPROMINIT?EE_PROCESS
            CODE    CD0EH     0140H     UNIT         ?PR?_FS_OPEN03?HTMFILES
            CODE    CE4EH     0135H     UNIT         ?PR?QUERYSTR_FUNC?HTTPD_APP
            CODE    CF83H     012DH     UNIT         ?PR?LAST_TAG_PAGE?CGIUTIL
            CODE    D0B0H     0122H     UNIT         ?C_INITSEG
            CODE    D1D2H     0114H     UNIT         ?PR?HTTPD_HEADER_INIT?HTTPD_APP
            CODE    D2E6H     010DH     UNIT         ?PR?_HTTPD_INIT_FILE?HTTPD_APP
            CODE    D3F3H     00F7H     UNIT         ?PR?_UITOS?CGIUTIL
            CODE    D4EAH     00EEH     UNIT         ?PR?UIP_ARP_IPIN?UIP_ARP
            CODE    D5D8H     00DBH     UNIT         ?PR?ARP_PACKET_INIT?UIP_ARP
            CODE    D6B3H     00C9H     UNIT         ?CO?BOOTMAIN
            CODE    D77CH     00C8H     UNIT         ?PR?_ETHERNETSEND?MACDRIVER
            CODE    D844H     00BEH     UNIT         ?C_C51STARTUP
            CODE    D902H     00B9H     UNIT         ?PR?_IP210_DMA?DMA
            CODE    D9BBH     00B0H     UNIT         ?CO?UPDATECBK
            CODE    DA6BH     00A8H     UNIT         ?PR?UIP_ARP_TIMER?UIP_ARP
            CODE    DB13H     00A6H     UNIT         ?PR?TAG_ADDRESS_BIGGER_MSS?CGIUTIL
            CODE    DBB9H     0099H     UNIT         ?PR?CHECK_MAC?MAIN
            CODE    DC52H     008CH     UNIT         ?CO?MAIN
BL51 BANKED LINKER/LOCATER V6.00                                                      04/12/2016  13:46:53  PAGE 6


            CODE    DCDEH     008CH     UNIT         ?PR?_CRC_CALCULATION?DMA
            CODE    DD6AH     007EH     UNIT         ?PR?_UIP_ADD32?MACDRIVER
            CODE    DDE8H     007CH     UNIT         ?PR?_SSI_MAIN?UPDATECBK
            CODE    DE64H     007BH     UNIT         ?PR?_STOUI?CGIUTIL
            CODE    DEDFH     0076H     UNIT         ?PR?_STRNCMP?STRNCMP
            CODE    DF55H     0072H     UNIT         ?PR?_SSI_ERASEFLASH?UPDATECBK
            CODE    DFC7H     0070H     UNIT         ?PR?EEPROMCHECKDATAAVAILABLE?EE_PROCESS
            CODE    E037H     006CH     UNIT         ?PR?UIP_ARP_INIT?UIP_ARP
            CODE    E0A3H     0069H     UNIT         ?CO?TFTPD
            CODE    E10CH     0054H     UNIT         ?PR?_EEPROM_READ_BYTE?EEPROM
            CODE    E160H     0054H     UNIT         ?PR?UIP_INIT?UIP
            CODE    E1B4H     0053H     UNIT         ?PR?_UIP_ADD_RCV_NXT?UIP
            CODE    E207H     0051H     UNIT         ?PR?_HTTPD_COPY_DATA?HTTPD_APP
            CODE    E258H     004FH     UNIT         ?PR?_CHECK_PACKET_TYPE?MACDRIVER
            CODE    E2A7H     004FH     UNIT         ?PR?_SSI_FIRMWAREUPDATE?UPDATECBK
            CODE    E2F6H     004EH     UNIT         ?CO?HTTPD_APP
            CODE    E344H     004CH     UNIT         ?PR?MAC_INIT?MACDRIVER
            CODE    E390H     0043H     UNIT         ?PR?LOADEEPROM2MEMORY?EE_PROCESS
            CODE    E3D3H     0043H     UNIT         ?PR?_UIP_UNLISTEN?UIP
            CODE    E416H     003EH     UNIT         ?PR?IP_ADDRESS_FILL?MACDRIVER
            CODE    E454H     003CH     UNIT         ?PR?IP210_WRITE_TIMER_COUNTER?TIMER
            CODE    E490H     003CH     UNIT         ?PR?_SSI_UPDATECOMPLETE?UPDATECBK
            CODE    E4CCH     0039H     UNIT         ?PR?_DATACPY03?HTMFILES
            CODE    E505H     002EH     UNIT         ?PR?_FILL_DMA_SETTING?DMA
            CODE    E533H     002CH     UNIT         ?PR?MONITOR_TX_MAC?MACDRIVER
            CODE    E55FH     002BH     UNIT         ?PR?CHECKPKTSEND?BOOTMAIN
            CODE    E58AH     0024H     UNIT         ?PR?BOOT_PROC?MAIN
            CODE    E5AEH     0024H     UNIT         ?PR?MAC_ADDRESS_FILL?MACDRIVER
            CODE    E5D2H     0021H     UNIT         ?PR?SEND_ARP_REQ?UIP_ARP
            CODE    E5F3H     0021H     UNIT         ?CO?HTTPD
            CODE    E614H     001FH     UNIT         ?PR?_GET_TAG03?HTMFILES
            CODE    E633H     001DH     UNIT         ?PR?_RESIZE_RX_BUF?MACDRIVER
            CODE    E650H     001DH     UNIT         ?PR?_CGI_CALLERASE?UPDATECBK
            CODE    E66DH     001CH     UNIT         ?PR?RESET_TX?MACDRIVER
            CODE    E689H     001CH     UNIT         ?PR?_IP210_CHECKSUM?MACDRIVER
            CODE    E6A5H     001CH     UNIT         ?PR?_STRCHR?STRCHR
            CODE    E6C1H     001AH     UNIT         ?PR?TIMERCOUNTER_INIT?TIMER
            CODE    E6DBH     0019H     UNIT         ?PR?_UIP_IPCHECKSUM?MACDRIVER
            CODE    E6F4H     0019H     UNIT         ?PR?TIMER_COUNTER_OVERFLOW?TIMER
            CODE    E70DH     0018H     UNIT         ?PR?IP210_DMA_SET_IDLE?DMA
            CODE    E725H     0015H     UNIT         ?PR?_STRLEN?STRLEN
            CODE    E73AH     0013H     UNIT         ?PR?EEMEMORYINIT?EE_PROCESS
            CODE    E74DH     0013H     UNIT         ?PR?KERNELSETTINGINIT?KERNELSETTING
            CODE    E760H     0012H     UNIT         ?PR?IP210_DMA_IDLE_RESTORE?DMA
            CODE    E772H     0012H     UNIT         ?PR?_SERIAL_CHECK_RX?SERIAL
            CODE    E784H     000FH     UNIT         ?PR?IP210_SWRESET?MAIN
            CODE    E793H     000FH     UNIT         ?CO?EE_PROCESS
            CODE    E7A2H     000EH     UNIT         ?PR?TIMER2_INIT?TIMER
            CODE    E7B0H     000CH     UNIT         ?PR?OS_CBK_FU_SWITCH_INIT?FW_OS_CBK
            CODE    E7BCH     000CH     UNIT         ?PR?_SSI_WARN?UPDATECBK
            CODE    E7C8H     000AH     UNIT         ?PR?IP210_WAIT_DMA_COMPLETE?DMA
            CODE    E7D2H     0008H     UNIT         ?PR?OS_CBK_ARP_TIMEOUT?FW_OS_CBK
            CODE    E7DAH     0008H     UNIT         ?PR?EEPROM_ENABLE?EEPROM
            CODE    E7E2H     0008H     UNIT         ?PR?EEPROM_DISABLE?EEPROM
            CODE    E7EAH     0007H     UNIT         ?PR?WATCHDOGTIMERINIT?MAIN
            CODE    E7F1H     0007H     UNIT         ?PR?HTTPD_INIT?HTTPD
            CODE    E7F8H     0006H     UNIT         ?PR?_UIP_LOG?UIP
BL51 BANKED LINKER/LOCATER V6.00                                                      04/12/2016  13:46:53  PAGE 7


            CODE    E7FEH     0002H     UNIT         ?CO?CGIUTIL
                    E800H     17F6H                  *** GAP ***
            CODE    FFF6H     0007H     ABSOLUTE     
            CODE    FFFDH     0003H     ABSOLUTE     



SYMBOL TABLE OF MODULE:  .\obj\firmwareUpdate (MAIN)

  VALUE           TYPE          NAME
  ----------------------------------

  -------         MODULE        MAIN
  C:0000H         SYMBOL        _ICE_DUMMY_
  D:0090H         PUBLIC        P1
  D:00B0H         PUBLIC        P3
  B:00D8H.1       PUBLIC        WDTEN
  D:00E8H         PUBLIC        P4
  D:00DAH         PUBLIC        OUTPUTEN
  D:00A8H         PUBLIC        IE
  C:DBB9H         PUBLIC        Check_MAC
  D:00B8H         PUBLIC        IP
  X:7FFEH         PUBLIC        reboot_check1
  C:9F84H         PUBLIC        WatchDogTimerReset
  X:7FFCH         PUBLIC        reboot_check2
  C:9226H         PUBLIC        main
  D:00EFH         PUBLIC        WDTWCYC
  C:E7EAH         PUBLIC        WatchDogTimerInit
  D:0098H         PUBLIC        SCON
  D:0088H         PUBLIC        TCON
  C:E784H         PUBLIC        IP210_SWReset
  C:E58AH         PUBLIC        boot_proc
  D:00D8H         PUBLIC        WDTCON
  B:00D8H.2       PUBLIC        WDTCLR
  X:4D41H         PUBLIC        Flash_check_error_flag
  D:00C8H         PUBLIC        T2CON
  X:4D42H         PUBLIC        All0_buf
  B:00D8H.0       PUBLIC        WDTRST
  D:008EH         PUBLIC        CKCON
  D:00D0H         PUBLIC        PSW
  -------         PROC          WATCHDOGTIMERINIT
  C:E7EAH         LINE#         26
  C:E7EAH         LINE#         27
  C:E7EAH         LINE#         29
  C:E7EDH         LINE#         32
  C:E7F0H         LINE#         33
  -------         ENDPROC       WATCHDOGTIMERINIT
  -------         PROC          WATCHDOGTIMERRESET
  C:9F84H         LINE#         34
  C:9F84H         LINE#         35
  C:9F84H         LINE#         36
  C:9F86H         LINE#         37
  C:9F8AH         LINE#         38
  -------         ENDPROC       WATCHDOGTIMERRESET
  -------         PROC          CHECK_MAC
  -------         DO            
  X:4DC3H         SYMBOL        valid_flag
BL51 BANKED LINKER/LOCATER V6.00                                                      04/12/2016  13:46:53  PAGE 8


  -------         ENDDO         
  C:DBB9H         LINE#         51
  C:DBB9H         LINE#         52
  C:DBB9H         LINE#         55
  C:DBBFH         LINE#         56
  C:DBCDH         LINE#         57
  C:DBE9H         LINE#         58
  C:DBE9H         LINE#         59
  C:DBEDH         LINE#         60
  C:DBEDH         LINE#         61
  C:DBFCH         LINE#         62
  C:DC18H         LINE#         63
  C:DC18H         LINE#         64
  C:DC1CH         LINE#         65
  C:DC1CH         LINE#         66
  C:DC28H         LINE#         67
  C:DC28H         LINE#         68
  C:DC2DH         LINE#         69
  C:DC2DH         LINE#         70
  C:DC33H         LINE#         71
  C:DC33H         LINE#         72
  C:DC4CH         LINE#         73
  C:DC4CH         LINE#         74
  C:DC51H         LINE#         75
  -------         ENDPROC       CHECK_MAC
  -------         PROC          BOOT_PROC
  C:E58AH         LINE#         88
  C:E58AH         LINE#         89
  C:E58AH         LINE#         94
  C:E58DH         LINE#         95
  C:E590H         LINE#         97
  C:E596H         LINE#         98
  C:E596H         LINE#         100
  C:E59FH         LINE#         101
  C:E59FH         LINE#         104
  C:E5A2H         LINE#         106
  C:E5A8H         LINE#         107
  C:E5ABH         LINE#         111
  -------         ENDPROC       BOOT_PROC
  -------         PROC          IP210_SWRESET
  -------         DO            
  D:0007H         SYMBOL        i
  -------         ENDDO         
  C:E784H         LINE#         125
  C:E784H         LINE#         126
  C:E784H         LINE#         129
  C:E78AH         LINE#         131
  C:E78CH         LINE#         132
  C:E792H         LINE#         134
  -------         ENDPROC       IP210_SWRESET
  -------         PROC          MAIN
  -------         DO            
  X:4DA7H         SYMBOL        chk_tmp
  X:4DA8H         SYMBOL        count
  D:0007H         SYMBOL        key
  -------         ENDDO         
  C:9226H         LINE#         148
BL51 BANKED LINKER/LOCATER V6.00                                                      04/12/2016  13:46:53  PAGE 9


  C:9226H         LINE#         149
  C:9226H         LINE#         152
  C:9229H         LINE#         154
  C:922CH         LINE#         158
  C:922FH         LINE#         160
  C:9232H         LINE#         162
  C:9234H         LINE#         164
  C:9237H         LINE#         166
  C:925EH         LINE#         167
  C:9271H         LINE#         171
  C:9274H         LINE#         173
  C:927AH         LINE#         174
  C:927DH         LINE#         176
  C:9284H         LINE#         180
  C:9291H         LINE#         181
  C:9294H         LINE#         182
  C:9297H         LINE#         184
  C:929AH         LINE#         188
  C:92A1H         LINE#         189
  C:92A1H         LINE#         190
  C:92A1H         LINE#         191
  C:92A3H         LINE#         193
  C:92A3H         LINE#         194
  C:92A8H         LINE#         195
  C:92A8H         LINE#         198
  C:92ABH         LINE#         199
  C:92B1H         LINE#         200
  C:92B1H         LINE#         201
  C:92B7H         LINE#         202
  C:92B7H         LINE#         203
  C:92BDH         LINE#         206
  C:92C0H         LINE#         208
  C:92CDH         LINE#         209
  C:92CDH         LINE#         210
  C:92D6H         LINE#         211
  C:92DCH         LINE#         212
  C:92DFH         LINE#         213
  C:92DFH         LINE#         215
  C:92DFH         LINE#         216
  C:92E2H         LINE#         217
  C:92EBH         LINE#         222
  C:92EEH         LINE#         223
  C:92EEH         LINE#         224
  C:92EEH         LINE#         225
  -------         ENDPROC       MAIN
  -------         ENDMOD        MAIN

  -------         MODULE        BOOTMAIN
  C:0000H         SYMBOL        _ICE_DUMMY_
  D:0090H         PUBLIC        P1
  D:00B0H         PUBLIC        P3
  D:00E8H         PUBLIC        P4
  X:4C16H         SYMBOL        current
  D:00A8H         PUBLIC        IE
  X:4C1AH         PUBLIC        icp_netinfo
  D:00B8H         PUBLIC        IP
  C:E55FH         PUBLIC        CheckPktSend
BL51 BANKED LINKER/LOCATER V6.00                                                      04/12/2016  13:46:53  PAGE 10


  X:4C2CH         PUBLIC        tftp_counter
  X:4C30H         PUBLIC        ipid
  X:4C32H         PUBLIC        uip_fw_buf
  X:4C35H         SYMBOL        start
  X:4C39H         PUBLIC        last_tagged_ethertype_offset
  D:0098H         PUBLIC        SCON
  C:B5CBH         PUBLIC        RxFilter
  D:0088H         PUBLIC        TCON
  X:4C3AH         PUBLIC        Global_flag_restart
  X:4C3BH         PUBLIC        Global_suspend_count
  C:BD9FH         PUBLIC        boot_init
  X:4C3CH         PUBLIC        tftp_start_flag
  X:4C3DH         PUBLIC        Global_flag_firmwareupdate_inprogress
  D:00D8H         PUBLIC        WDTCON
  X:4C3EH         PUBLIC        tftp_last_flag
  X:4C3FH         PUBLIC        blok_num
  C:B8B1H         PUBLIC        bootmain
  D:00C8H         PUBLIC        T2CON
  X:4C41H         PUBLIC        Rx_data_len
  D:00D0H         PUBLIC        PSW
  -------         PROC          CHECKPKTSEND
  C:E55FH         LINE#         49
  C:E55FH         LINE#         50
  C:E55FH         LINE#         51
  C:E56EH         LINE#         52
  C:E56EH         LINE#         53
  C:E571H         LINE#         54
  C:E582H         LINE#         55
  C:E589H         LINE#         56
  C:E589H         LINE#         57
  -------         ENDPROC       CHECKPKTSEND
  -------         PROC          BOOT_INIT
  -------         DO            
  X:4DC4H         SYMBOL        i
  -------         ENDDO         
  C:BD9FH         LINE#         73
  C:BD9FH         LINE#         74
  C:BD9FH         LINE#         76
  C:BDA8H         LINE#         77
  C:BDB7H         LINE#         78
  C:BDB7H         LINE#         79
  C:BDD1H         LINE#         82
  C:BDF1H         LINE#         83
  C:BE11H         LINE#         85
  C:BE19H         LINE#         86
  C:BE36H         LINE#         89
  C:BE56H         LINE#         90
  C:BE7AH         LINE#         92
  C:BE83H         LINE#         93
  C:BE88H         LINE#         94
  C:BE88H         LINE#         95
  C:BEA8H         LINE#         97
  C:BED0H         LINE#         98
  C:BEDCH         LINE#         99
  C:BEFCH         LINE#         101
  C:BF24H         LINE#         102
  C:BF2DH         LINE#         104
BL51 BANKED LINKER/LOCATER V6.00                                                      04/12/2016  13:46:53  PAGE 11


  C:BF4BH         LINE#         105
  C:BF63H         LINE#         107
  C:BF7BH         LINE#         108
  C:BF93H         LINE#         109
  C:BFABH         LINE#         110
  C:BFC3H         LINE#         112
  C:BFCAH         LINE#         114
  C:BFCEH         LINE#         116
  C:BFD2H         LINE#         118
  C:BFD8H         LINE#         120
  C:BFE2H         LINE#         121
  -------         ENDPROC       BOOT_INIT
  -------         PROC          RXFILTER
  -------         DO            
  X:4DA9H         SYMBOL        i
  X:4DAAH         SYMBOL        j
  -------         ENDDO         
  C:B5CBH         LINE#         124
  C:B5CBH         LINE#         125
  C:B5CBH         LINE#         129
  C:B5DCH         LINE#         130
  C:B5DCH         LINE#         132
  C:B5E8H         LINE#         133
  C:B5EBH         LINE#         134
  C:B5EDH         LINE#         136
  C:B5EDH         LINE#         140
  C:B610H         LINE#         147
  C:B610H         LINE#         149
  C:B61CH         LINE#         150
  C:B61CH         LINE#         152
  C:B61CH         LINE#         155
  C:B64EH         LINE#         156
  C:B64EH         LINE#         158
  C:B654H         LINE#         159
  C:B684H         LINE#         160
  C:B684H         LINE#         161
  C:B684H         LINE#         162
  C:B687H         LINE#         164
  C:B687H         LINE#         166
  C:B6E3H         LINE#         185
  C:B6E3H         LINE#         187
  C:B6E9H         LINE#         188
  C:B719H         LINE#         189
  C:B730H         LINE#         190
  C:B73EH         LINE#         191
  C:B74DH         LINE#         193
  C:B74DH         LINE#         196
  C:B760H         LINE#         197
  C:B760H         LINE#         199
  C:B78EH         LINE#         200
  C:B78EH         LINE#         202
  C:B794H         LINE#         203
  C:B7C4H         LINE#         204
  C:B7C4H         LINE#         205
  C:B7C4H         LINE#         206
  C:B7C4H         LINE#         207
  C:B7C4H         LINE#         208
BL51 BANKED LINKER/LOCATER V6.00                                                      04/12/2016  13:46:53  PAGE 12


  C:B7C7H         LINE#         209
  C:B7C7H         LINE#         211
  C:B826H         LINE#         233
  C:B826H         LINE#         235
  C:B82CH         LINE#         236
  C:B85CH         LINE#         237
  C:B873H         LINE#         238
  C:B881H         LINE#         239
  C:B88FH         LINE#         240
  C:B897H         LINE#         241
  C:B899H         LINE#         242
  C:B899H         LINE#         243
  C:B8A2H         LINE#         244
  C:B8A9H         LINE#         245
  C:B8B0H         LINE#         246
  C:B8B0H         LINE#         247
  C:B8B0H         LINE#         248
  -------         ENDPROC       RXFILTER
  -------         PROC          BOOTMAIN
  -------         DO            
  X:4D86H         SYMBOL        i
  X:4D87H         SYMBOL        uip_len_tmp
  -------         ENDDO         
  C:B8B1H         LINE#         262
  C:B8B1H         LINE#         263
  C:B8B1H         LINE#         270
  C:B8B4H         LINE#         271
  C:B8B7H         LINE#         272
  C:B8BAH         LINE#         273
  C:B8BDH         LINE#         274
  C:B8C0H         LINE#         275
  C:B8C9H         LINE#         276
  C:B8C9H         LINE#         277
  C:B8C9H         LINE#         278
  C:B8CCH         LINE#         279
  C:B8D5H         LINE#         280
  C:B8D5H         LINE#         281
  C:B8D8H         LINE#         282
  C:B8D8H         LINE#         283
  C:B8DEH         LINE#         284
  C:B8DEH         LINE#         285
  C:B8E1H         LINE#         286
  C:B8E1H         LINE#         288
  C:B8F2H         LINE#         298
  C:B901H         LINE#         299
  C:B901H         LINE#         301
  C:B904H         LINE#         305
  C:B904H         LINE#         306
  C:B913H         LINE#         307
  C:B925H         LINE#         308
  C:B925H         LINE#         309
  C:B928H         LINE#         310
  C:B937H         LINE#         312
  C:B94CH         LINE#         313
  C:B94CH         LINE#         329
  C:B94FH         LINE#         330
  C:B961H         LINE#         331
BL51 BANKED LINKER/LOCATER V6.00                                                      04/12/2016  13:46:53  PAGE 13


  C:B961H         LINE#         332
  C:B972H         LINE#         333
  C:B979H         LINE#         335
  C:B979H         LINE#         336
  C:B97CH         LINE#         337
  C:B97CH         LINE#         338
  C:B990H         LINE#         339
  C:B990H         LINE#         340
  C:B9A1H         LINE#         341
  C:B9A1H         LINE#         343
  C:B9A4H         LINE#         344
  C:B9B6H         LINE#         345
  C:B9B6H         LINE#         348
  C:B9CDH         LINE#         349
  C:B9CDH         LINE#         350
  C:B9D4H         LINE#         351
  C:B9DDH         LINE#         352
  C:B9DDH         LINE#         354
  C:B9E4H         LINE#         355
  C:B9E9H         LINE#         356
  C:B9EDH         LINE#         361
  C:B9F0H         LINE#         364
  C:B9F0H         LINE#         365
  C:B9F0H         LINE#         366
  C:B9F0H         LINE#         367
  C:B9F3H         LINE#         368
  C:B9F3H         LINE#         384
  C:B9F3H         LINE#         385
  C:B9F8H         LINE#         386
  C:B9FBH         LINE#         387
  C:B9FBH         LINE#         388
  C:B9FBH         LINE#         389
  C:B9FBH         LINE#         391
  C:BA21H         LINE#         392
  C:BA4FH         LINE#         393
  C:BA4FH         LINE#         395
  C:BA52H         LINE#         397
  C:BA5AH         LINE#         398
  C:BA5AH         LINE#         399
  C:BA6CH         LINE#         400
  C:BA6CH         LINE#         401
  C:BA72H         LINE#         403
  C:BA74H         LINE#         404
  C:BA86H         LINE#         405
  C:BA86H         LINE#         407
  C:BA92H         LINE#         408
  C:BA97H         LINE#         409
  C:BA99H         LINE#         411
  C:BA99H         LINE#         412
  C:BAA2H         LINE#         413
  C:BAA2H         LINE#         414
  C:BAABH         LINE#         415
  C:BAABH         LINE#         416
  C:BAB1H         LINE#         417
  C:BAB6H         LINE#         418
  C:BABFH         LINE#         419
  C:BABFH         LINE#         420
BL51 BANKED LINKER/LOCATER V6.00                                                      04/12/2016  13:46:53  PAGE 14


  C:BABFH         LINE#         422
  C:BAC5H         LINE#         423
  C:BAC7H         LINE#         424
  C:BAD6H         LINE#         425
  C:BAD6H         LINE#         426
  C:BAEBH         LINE#         427
  C:BAF0H         LINE#         428
  C:BAF3H         LINE#         429
  C:BAFBH         LINE#         430
  C:BB07H         LINE#         431
  C:BB07H         LINE#         433
  C:BB10H         LINE#         434
  C:BB10H         LINE#         435
  C:BB29H         LINE#         436
  C:BB40H         LINE#         437
  C:BB40H         LINE#         439
  C:BB49H         LINE#         440
  C:BB4CH         LINE#         441
  C:BB4CH         LINE#         442
  C:BB4CH         LINE#         443
  -------         ENDPROC       BOOTMAIN
  -------         ENDMOD        BOOTMAIN

  -------         MODULE        ?C_STARTUP
  C:D844H         SEGMENT       ?C_C51STARTUP
  I:0073H         SEGMENT       ?STACK
  C:808FH         PUBLIC        ?C_STARTUP
  C:D872H         PUBLIC        CPU_GOTO_0000H
  C:D87FH         PUBLIC        CPU_GOTO_FFFDH
  B:00D0H.6       SYMBOL        AC
  D:00E0H         SYMBOL        ACC
  D:00F0H         SYMBOL        B
  B:0020H.0       SYMBOL        BITADDR
  B:00C8H.0       SYMBOL        CP_RL2
  B:00D0H.7       SYMBOL        CY
  B:00C8H.1       SYMBOL        C_T2
  D:0083H         SYMBOL        DPH
  D:0082H         SYMBOL        DPL
  B:00A8H.7       SYMBOL        EA
  C:D844H         SYMBOL        END_POINT
  B:00A8H.4       SYMBOL        ES
  B:00A8H.1       SYMBOL        ET0
  B:00A8H.3       SYMBOL        ET1
  B:00A8H.5       SYMBOL        ET2
  B:00A8H.0       SYMBOL        EX0
  B:00A8H.2       SYMBOL        EX1
  B:00C8H.3       SYMBOL        EXEN2
  B:00C8H.6       SYMBOL        EXF2
  B:00D0H.5       SYMBOL        F0
  N:0000H         SYMBOL        IBPSTACK
  N:0100H         SYMBOL        IBPSTACKTOP
  N:0080H         SYMBOL        IDATALEN
  C:D849H         SYMBOL        IDATALOOP
  D:00A8H         SYMBOL        IE
  B:0088H.1       SYMBOL        IE0
  B:0088H.3       SYMBOL        IE1
  B:00B0H.2       SYMBOL        INT0
BL51 BANKED LINKER/LOCATER V6.00                                                      04/12/2016  13:46:53  PAGE 15


  B:00B0H.3       SYMBOL        INT1
  D:00B8H         SYMBOL        IP
  B:0088H.0       SYMBOL        IT0
  B:0088H.2       SYMBOL        IT1
  B:00D0H.2       SYMBOL        OV
  B:00D0H.0       SYMBOL        P
  D:0080H         SYMBOL        P0
  D:0090H         SYMBOL        P1
  D:00A0H         SYMBOL        P2
  D:00B0H         SYMBOL        P3
  D:00E8H         SYMBOL        P4
  D:00DAH         SYMBOL        P4ENON
  N:0000H         SYMBOL        PBPSTACK
  N:0000H         SYMBOL        PBPSTACKTOP
  D:0087H         SYMBOL        PCON
  N:0000H         SYMBOL        PDATALEN
  N:0000H         SYMBOL        PDATASTART
  N:0000H         SYMBOL        PPAGE
  N:0000H         SYMBOL        PPAGEENABLE
  D:00A0H         SYMBOL        PPAGE_SFR
  B:00B8H.4       SYMBOL        PS
  D:00D0H         SYMBOL        PSW
  B:00B8H.1       SYMBOL        PT0
  B:00B8H.3       SYMBOL        PT1
  B:00B8H.5       SYMBOL        PT2
  B:00B8H.0       SYMBOL        PX0
  B:00B8H.2       SYMBOL        PX1
  B:0098H.2       SYMBOL        RB8
  D:00CBH         SYMBOL        RCAP2H
  D:00CAH         SYMBOL        RCAP2L
  B:00C8H.5       SYMBOL        RCLK
  B:00B0H.7       SYMBOL        RD
  B:0098H.4       SYMBOL        REN
  D:0030H         SYMBOL        RESERVED_DATA
  B:0098H.0       SYMBOL        RI
  B:00D0H.3       SYMBOL        RS0
  B:00D0H.4       SYMBOL        RS1
  B:00B0H.0       SYMBOL        RXD
  D:0099H         SYMBOL        SBUF
  D:0098H         SYMBOL        SCON
  B:0098H.7       SYMBOL        SM0
  B:0098H.6       SYMBOL        SM1
  B:0098H.5       SYMBOL        SM2
  D:0081H         SYMBOL        SP
  I:0073H         SYMBOL        STACK_LABEL
  C:D846H         SYMBOL        STARTUP1
  C:D84CH         SYMBOL        STARTUPF7
  B:00B0H.4       SYMBOL        T0
  B:00B0H.5       SYMBOL        T1
  B:0090H.0       SYMBOL        T2
  D:00C8H         SYMBOL        T2CON
  B:0090H.1       SYMBOL        T2EX
  B:0098H.3       SYMBOL        TB8
  B:00C8H.4       SYMBOL        TCLK
  D:0088H         SYMBOL        TCON
  B:0088H.5       SYMBOL        TF0
  B:0088H.7       SYMBOL        TF1
BL51 BANKED LINKER/LOCATER V6.00                                                      04/12/2016  13:46:53  PAGE 16


  B:00C8H.7       SYMBOL        TF2
  D:008CH         SYMBOL        TH0
  D:008DH         SYMBOL        TH1
  D:00CDH         SYMBOL        TH2
  B:0098H.1       SYMBOL        TI
  D:008AH         SYMBOL        TL0
  D:008BH         SYMBOL        TL1
  D:00CCH         SYMBOL        TL2
  D:0089H         SYMBOL        TMOD
  B:0088H.4       SYMBOL        TR0
  B:0088H.6       SYMBOL        TR1
  B:00C8H.2       SYMBOL        TR2
  B:00B0H.1       SYMBOL        TXD
  B:00B0H.6       SYMBOL        WR
  N:0000H         SYMBOL        XBPSTACK
  N:0000H         SYMBOL        XBPSTACKTOP
  N:7FFEH         SYMBOL        XDATALEN
  C:D854H         SYMBOL        XDATALOOP
  N:0000H         SYMBOL        XDATASTART
  C:8087H         LINE#         97
  C:808AH         LINE#         98
  C:808DH         LINE#         101
  C:808FH         LINE#         108
  C:D844H         LINE#         113
  C:D846H         LINE#         117
  C:D848H         LINE#         118
  C:D849H         LINE#         119
  C:D84AH         LINE#         120
  C:D84CH         LINE#         127
  C:D84FH         LINE#         128
  C:D851H         LINE#         130
  C:D853H         LINE#         134
  C:D854H         LINE#         135
  C:D855H         LINE#         136
  C:D856H         LINE#         137
  C:D858H         LINE#         138
  C:D85AH         LINE#         174
  C:D85DH         LINE#         176
  C:D85FH         LINE#         177
  C:D861H         LINE#         178
  C:D863H         LINE#         179
  C:D865H         LINE#         180
  C:D867H         LINE#         182
  C:D869H         LINE#         183
  C:D86BH         LINE#         184
  C:D86DH         LINE#         189
  C:D870H         LINE#         190
  C:D872H         LINE#         195
  C:D874H         LINE#         196
  C:D876H         LINE#         197
  C:D878H         LINE#         198
  C:D87AH         LINE#         199
  C:D87CH         LINE#         200
  C:D87FH         LINE#         204
  C:FFFDH         LINE#         206
  -------         ENDMOD        ?C_STARTUP

BL51 BANKED LINKER/LOCATER V6.00                                                      04/12/2016  13:46:53  PAGE 17


  -------         MODULE        EEDEFAULT
  C:0000H         SYMBOL        _ICE_DUMMY_
  D:0090H         PUBLIC        P1
  D:00B0H         PUBLIC        P3
  D:00E8H         PUBLIC        P4
  D:00A8H         PUBLIC        IE
  D:00B8H         PUBLIC        IP
  C:8000H         PUBLIC        EE_Default
  D:0098H         PUBLIC        SCON
  D:0088H         PUBLIC        TCON
  D:00D8H         PUBLIC        WDTCON
  D:00C8H         PUBLIC        T2CON
  D:00D0H         PUBLIC        PSW
  -------         ENDMOD        EEDEFAULT

  -------         MODULE        EE_PROCESS
  C:0000H         SYMBOL        _ICE_DUMMY_
  D:0090H         PUBLIC        P1
  D:00B0H         PUBLIC        P3
  D:00E8H         PUBLIC        P4
  X:422AH         PUBLIC        EE_result
  D:00A8H         PUBLIC        IE
  D:00B8H         PUBLIC        IP
  C:E73AH         PUBLIC        EEMemoryInit
  X:422BH         PUBLIC        EE_membuffer
  C:DFC7H         PUBLIC        EEPROMCheckDataAvailable
  D:0098H         PUBLIC        SCON
  D:0088H         PUBLIC        TCON
  X:4A2BH         PUBLIC        EE_Reserved_0
  D:00D8H         PUBLIC        WDTCON
  C:E390H         SYMBOL        LoadEEPROM2MEMORY
  C:CB84H         PUBLIC        EEPROMInit
  D:00C8H         PUBLIC        T2CON
  X:4A3BH         PUBLIC        EEConfigInfo
  D:00D0H         PUBLIC        PSW
  -------         PROC          LOADEEPROM2MEMORY
  -------         DO            
  X:4D72H         SYMBOL        i
  X:4D73H         SYMBOL        p
  -------         ENDDO         
  C:E390H         LINE#         73
  C:E390H         LINE#         74
  C:E390H         LINE#         78
  C:E39CH         LINE#         80
  C:E3A1H         LINE#         81
  C:E3A1H         LINE#         83
  C:E3A4H         LINE#         84
  C:E3C2H         LINE#         85
  C:E3C2H         LINE#         88
  C:E3C4H         LINE#         89
  C:E3C4H         LINE#         91
  C:E3D0H         LINE#         92
  C:E3D2H         LINE#         93
  -------         ENDPROC       LOADEEPROM2MEMORY
  -------         PROC          EEPROMCHECKDATAAVAILABLE
  -------         DO            
  X:4DABH         SYMBOL        eebyte
BL51 BANKED LINKER/LOCATER V6.00                                                      04/12/2016  13:46:53  PAGE 18


  X:4DACH         SYMBOL        i
  -------         ENDDO         
  C:DFC7H         LINE#         117
  C:DFC7H         LINE#         118
  C:DFC7H         LINE#         122
  C:DFD6H         LINE#         123
  C:DFD6H         LINE#         124
  C:DFEAH         LINE#         125
  C:DFEAH         LINE#         126
  C:DFF8H         LINE#         127
  C:DFF8H         LINE#         129
  C:DFFCH         LINE#         130
  C:DFFEH         LINE#         131
  C:DFFEH         LINE#         133
  C:E01EH         LINE#         134
  C:E01EH         LINE#         135
  C:E024H         LINE#         136
  C:E027H         LINE#         137
  C:E027H         LINE#         138
  C:E02FH         LINE#         139
  C:E035H         LINE#         141
  C:E036H         LINE#         143
  -------         ENDPROC       EEPROMCHECKDATAAVAILABLE
  -------         PROC          EEMEMORYINIT
  C:E73AH         LINE#         156
  C:E73AH         LINE#         157
  C:E73AH         LINE#         158
  -------         ENDPROC       EEMEMORYINIT
  -------         PROC          EEPROMINIT
  -------         DO            
  X:4D89H         SYMBOL        i
  X:4D8BH         SYMBOL        eebyte
  -------         ENDDO         
  C:CB84H         LINE#         179
  C:CB84H         LINE#         180
  C:CB84H         LINE#         181
  C:CB8BH         LINE#         182
  C:CB8DH         LINE#         185
  C:CB90H         LINE#         187
  C:CB93H         LINE#         189
  C:CB9CH         LINE#         190
  C:CB9CH         LINE#         192
  C:CBB3H         LINE#         193
  C:CBB3H         LINE#         194
  C:CBC3H         LINE#         195
  C:CBD8H         LINE#         196
  C:CBE4H         LINE#         198
  C:CBFBH         LINE#         199
  C:CBFBH         LINE#         200
  C:CC0BH         LINE#         201
  C:CC20H         LINE#         202
  C:CC2CH         LINE#         204
  C:CC43H         LINE#         205
  C:CC43H         LINE#         206
  C:CC53H         LINE#         207
  C:CC68H         LINE#         208
  C:CC74H         LINE#         210
BL51 BANKED LINKER/LOCATER V6.00                                                      04/12/2016  13:46:53  PAGE 19


  C:CC8BH         LINE#         211
  C:CC8BH         LINE#         212
  C:CC9BH         LINE#         213
  C:CCB0H         LINE#         214
  C:CCBCH         LINE#         216
  C:CCD3H         LINE#         217
  C:CCD3H         LINE#         218
  C:CCE3H         LINE#         219
  C:CCF8H         LINE#         220
  C:CD04H         LINE#         221
  C:CD04H         LINE#         222
  C:CD0DH         LINE#         223
  C:CD0DH         LINE#         224
  -------         ENDPROC       EEPROMINIT
  -------         ENDMOD        EE_PROCESS

  -------         MODULE        KERNELSETTING
  C:0000H         SYMBOL        _ICE_DUMMY_
  D:0090H         PUBLIC        P1
  D:00B0H         PUBLIC        P3
  D:00E8H         PUBLIC        P4
  D:00A8H         PUBLIC        IE
  D:00B8H         PUBLIC        IP
  X:4D4FH         PUBLIC        KSetting_Info
  D:0098H         PUBLIC        SCON
  D:0088H         PUBLIC        TCON
  D:00D8H         PUBLIC        WDTCON
  C:E74DH         PUBLIC        KernelSettingInit
  D:00C8H         PUBLIC        T2CON
  D:00D0H         PUBLIC        PSW
  -------         PROC          KERNELSETTINGINIT
  C:E74DH         LINE#         17
  C:E74DH         LINE#         18
  C:E74DH         LINE#         19
  C:E753H         LINE#         20
  C:E755H         LINE#         21
  C:E757H         LINE#         23
  -------         ENDPROC       KERNELSETTINGINIT
  -------         ENDMOD        KERNELSETTING

  -------         MODULE        FW_OS_CBK
  C:0000H         SYMBOL        _ICE_DUMMY_
  D:0090H         PUBLIC        P1
  D:00B0H         PUBLIC        P3
  D:00E8H         PUBLIC        P4
  C:E7D2H         PUBLIC        os_cbk_arp_timeout
  D:00A8H         PUBLIC        IE
  D:00B8H         PUBLIC        IP
  D:0098H         PUBLIC        SCON
  D:0088H         PUBLIC        TCON
  C:E7B0H         PUBLIC        os_cbk_fu_switch_init
  D:00D8H         PUBLIC        WDTCON
  D:00C8H         PUBLIC        T2CON
  D:00D0H         PUBLIC        PSW
  -------         PROC          OS_CBK_FU_SWITCH_INIT
  C:E7B0H         LINE#         15
  C:E7B0H         LINE#         16
BL51 BANKED LINKER/LOCATER V6.00                                                      04/12/2016  13:46:53  PAGE 20


  C:E7B0H         LINE#         18
  C:E7B7H         LINE#         19
  C:E7BBH         LINE#         21
  -------         ENDPROC       OS_CBK_FU_SWITCH_INIT
  -------         PROC          OS_CBK_ARP_TIMEOUT
  C:E7D2H         LINE#         22
  C:E7D2H         LINE#         23
  C:E7D2H         LINE#         24
  C:E7D9H         LINE#         26
  -------         ENDPROC       OS_CBK_ARP_TIMEOUT
  -------         ENDMOD        FW_OS_CBK

  -------         MODULE        TFTPD
  C:0000H         SYMBOL        _ICE_DUMMY_
  D:0090H         PUBLIC        P1
  D:00B0H         PUBLIC        P3
  C:BB4FH         PUBLIC        TFTP_Process
  D:00E8H         PUBLIC        P4
  D:00A8H         PUBLIC        IE
  D:00B8H         PUBLIC        IP
  D:0098H         PUBLIC        SCON
  D:0088H         PUBLIC        TCON
  D:00D8H         PUBLIC        WDTCON
  D:00C8H         PUBLIC        T2CON
  D:00D0H         PUBLIC        PSW
  -------         PROC          TFTP_PROCESS
  C:BB4FH         LINE#         32
  C:BB4FH         LINE#         33
  C:BB4FH         LINE#         34
  C:BB5EH         LINE#         35
  C:BB5EH         LINE#         36
  C:BB62H         LINE#         38
  C:BB62H         LINE#         39
  C:BB69H         LINE#         40
  C:BB85H         LINE#         41
  C:BB85H         LINE#         42
  C:BBB9H         LINE#         43
  C:BBB9H         LINE#         44
  C:BBB9H         LINE#         46
  C:BBBDH         LINE#         47
  C:BBC0H         LINE#         48
  C:BBC0H         LINE#         50
  C:BBC6H         LINE#         51
  C:BBC6H         LINE#         52
  C:BBC9H         LINE#         53
  C:BBD2H         LINE#         54
  C:BBD5H         LINE#         55
  C:BBD5H         LINE#         56
  C:BBE5H         LINE#         57
  C:BBECH         LINE#         58
  C:BBFCH         LINE#         60
  C:BC03H         LINE#         61
  C:BC03H         LINE#         62
  C:BC09H         LINE#         63
  C:BC0BH         LINE#         64
  C:BC0BH         LINE#         65
  C:BC11H         LINE#         67
BL51 BANKED LINKER/LOCATER V6.00                                                      04/12/2016  13:46:53  PAGE 21


  C:BC16H         LINE#         68
  C:BC1DH         LINE#         69
  C:BC26H         LINE#         70
  C:BC26H         LINE#         71
  C:BC26H         LINE#         73
  C:BC2FH         LINE#         74
  C:BC2FH         LINE#         75
  C:BC39H         LINE#         76
  C:BC43H         LINE#         79
  C:BC67H         LINE#         80
  C:BC67H         LINE#         82
  C:BC8BH         LINE#         84
  C:BCA9H         LINE#         86
  C:BCC3H         LINE#         87
  C:BCC3H         LINE#         89
  C:BCD3H         LINE#         90
  C:BCEBH         LINE#         91
  C:BCF2H         LINE#         94
  C:BD0AH         LINE#         95
  C:BD16H         LINE#         96
  C:BD16H         LINE#         97
  C:BD1FH         LINE#         99
  C:BD25H         LINE#         100
  C:BD25H         LINE#         101
  C:BD26H         LINE#         103
  C:BD26H         LINE#         104
  C:BD2DH         LINE#         105
  C:BD36H         LINE#         106
  C:BD39H         LINE#         107
  C:BD42H         LINE#         108
  C:BD45H         LINE#         109
  C:BD45H         LINE#         110
  C:BD45H         LINE#         112
  C:BD45H         LINE#         113
  C:BD67H         LINE#         114
  C:BD67H         LINE#         115
  C:BD77H         LINE#         117
  C:BD7EH         LINE#         118
  C:BD80H         LINE#         120
  C:BD80H         LINE#         121
  C:BD87H         LINE#         122
  C:BD87H         LINE#         123
  C:BD91H         LINE#         124
  C:BD91H         LINE#         125
  C:BD91H         LINE#         127
  C:BD91H         LINE#         128
  C:BD95H         LINE#         129
  C:BD95H         LINE#         130
  C:BD97H         LINE#         131
  C:BD97H         LINE#         132
  C:BD9BH         LINE#         134
  C:BD9BH         LINE#         135
  C:BD9EH         LINE#         138
  C:BD9EH         LINE#         139
  C:BD9EH         LINE#         140
  C:BD9EH         LINE#         141
  C:BD9EH         LINE#         142
BL51 BANKED LINKER/LOCATER V6.00                                                      04/12/2016  13:46:53  PAGE 22


  C:BD9EH         LINE#         143
  -------         ENDPROC       TFTP_PROCESS
  -------         ENDMOD        TFTPD

  -------         MODULE        UIP_ARP
  C:0000H         SYMBOL        _ICE_DUMMY_
  D:0090H         PUBLIC        P1
  X:4A82H         SYMBOL        tmpage
  D:00B0H         PUBLIC        P3
  D:00E8H         PUBLIC        P4
  X:4A83H         PUBLIC        arpbuf
  C:D4EAH         PUBLIC        uip_arp_ipin
  C:E037H         PUBLIC        uip_arp_init
  D:00A8H         PUBLIC        IE
  X:4ABFH         PUBLIC        uip_ethaddr
  D:00B8H         PUBLIC        IP
  C:BFE3H         PUBLIC        uip_arp_out
  X:4AC5H         SYMBOL        arp_table
  D:0098H         PUBLIC        SCON
  D:0088H         PUBLIC        TCON
  C:D5D8H         PUBLIC        arp_packet_init
  C:C213H         SYMBOL        _uip_arp_update
  D:00D8H         PUBLIC        WDTCON
  X:4B1DH         SYMBOL        c
  X:4B1EH         PUBLIC        arp_len
  D:00C8H         PUBLIC        T2CON
  X:4B20H         SYMBOL        i
  C:C805H         PUBLIC        uip_arp_arpin
  X:4B21H         PUBLIC        m_gatewayinfo
  X:4B34H         SYMBOL        arptime
  X:4B35H         SYMBOL        ipaddr
  C:DA6BH         PUBLIC        uip_arp_timer
  D:00D0H         PUBLIC        PSW
  C:E5D2H         PUBLIC        send_arp_req
  -------         PROC          UIP_ARP_INIT
  C:E037H         LINE#         164
  C:E037H         LINE#         165
  C:E037H         LINE#         169
  C:E046H         LINE#         170
  C:E065H         LINE#         171
  C:E06DH         LINE#         173
  C:E07CH         LINE#         174
  C:E08BH         LINE#         175
  C:E09AH         LINE#         179
  -------         ENDPROC       UIP_ARP_INIT
  -------         PROC          UIP_ARP_TIMER
  -------         DO            
  D:0001H         SYMBOL        tabptr
  -------         ENDDO         
  C:DA6BH         LINE#         194
  C:DA6BH         LINE#         195
  C:DA6BH         LINE#         198
  C:DA71H         LINE#         199
  C:DA8AH         LINE#         200
  C:DA90H         LINE#         201
  C:DA90H         LINE#         204
  C:DA93H         LINE#         205
BL51 BANKED LINKER/LOCATER V6.00                                                      04/12/2016  13:46:53  PAGE 23


  C:DA99H         LINE#         206
  C:DA9BH         LINE#         208
  C:DA9BH         LINE#         209
  C:DAADH         LINE#         210
  C:DAADH         LINE#         211
  C:DAB7H         LINE#         213
  C:DABAH         LINE#         214
  C:DABAH         LINE#         215
  C:DABAH         LINE#         216
  C:DAC9H         LINE#         217
  C:DAC9H         LINE#         218
  C:DAD8H         LINE#         236
  C:DB01H         LINE#         239
  C:DB01H         LINE#         247
  C:DB0AH         LINE#         248
  C:DB0AH         LINE#         249
  C:DB12H         LINE#         251
  -------         ENDPROC       UIP_ARP_TIMER
  -------         PROC          _UIP_ARP_UPDATE
  X:4D55H         SYMBOL        in_ipaddr
  X:4D58H         SYMBOL        ethaddr
  C:C213H         LINE#         254
  C:C219H         LINE#         255
  C:C219H         LINE#         257
  C:C244H         LINE#         259
  C:C244H         LINE#         260
  C:C263H         LINE#         261
  C:C263H         LINE#         263
  C:C276H         LINE#         271
  C:C276H         LINE#         273
  C:C276H         LINE#         278
  C:C288H         LINE#         282
  C:C2B5H         LINE#         283
  C:C2B5H         LINE#         287
  C:C2FFH         LINE#         288
  C:C2FFH         LINE#         291
  C:C2FFH         LINE#         292
  C:C302H         LINE#         298
  C:C302H         LINE#         299
  C:C302H         LINE#         300
  C:C30BH         LINE#         306
  C:C31AH         LINE#         308
  C:C347H         LINE#         309
  C:C347H         LINE#         310
  C:C347H         LINE#         311
  C:C347H         LINE#         312
  C:C34FH         LINE#         316
  C:C357H         LINE#         317
  C:C357H         LINE#         319
  C:C35BH         LINE#         320
  C:C35FH         LINE#         321
  C:C36DH         LINE#         322
  C:C36DH         LINE#         325
  C:C391H         LINE#         326
  C:C391H         LINE#         327
  C:C39CH         LINE#         328
  C:C3A1H         LINE#         329
BL51 BANKED LINKER/LOCATER V6.00                                                      04/12/2016  13:46:53  PAGE 24


  C:C3A1H         LINE#         330
  C:C3A9H         LINE#         331
  C:C3B1H         LINE#         332
  C:C3B1H         LINE#         337
  C:C3D4H         LINE#         338
  C:C3F5H         LINE#         339
  C:C416H         LINE#         340
  C:C42EH         LINE#         341
  -------         ENDPROC       _UIP_ARP_UPDATE
  -------         PROC          UIP_ARP_IPIN
  C:D4EAH         LINE#         357
  C:D4EAH         LINE#         358
  C:D4EAH         LINE#         359
  C:D4F5H         LINE#         364
  C:D529H         LINE#         366
  C:D529H         LINE#         368
  C:D529H         LINE#         369
  C:D552H         LINE#         370
  C:D552H         LINE#         372
  C:D552H         LINE#         373
  C:D57EH         LINE#         374
  C:D57EH         LINE#         376
  C:D57EH         LINE#         379
  C:D5AEH         LINE#         381
  C:D5AEH         LINE#         383
  C:D5AEH         LINE#         386
  C:D5D7H         LINE#         389
  -------         ENDPROC       UIP_ARP_IPIN
  -------         PROC          UIP_ARP_ARPIN
  C:C805H         LINE#         414
  C:C805H         LINE#         415
  C:C805H         LINE#         417
  C:C814H         LINE#         418
  C:C819H         LINE#         420
  C:C819H         LINE#         422
  C:C820H         LINE#         424
  C:C844H         LINE#         425
  C:C844H         LINE#         429
  C:C872H         LINE#         431
  C:C882H         LINE#         433
  C:C8ADH         LINE#         434
  C:C8CBH         LINE#         435
  C:C8E9H         LINE#         436
  C:C915H         LINE#         438
  C:C92CH         LINE#         439
  C:C93DH         LINE#         440
  C:C94DH         LINE#         441
  C:C95DH         LINE#         443
  C:C968H         LINE#         444
  C:C971H         LINE#         445
  C:C971H         LINE#         446
  C:C972H         LINE#         447
  C:C972H         LINE#         459
  C:C99EH         LINE#         460
  C:C99EH         LINE#         462
  C:C9C7H         LINE#         463
  C:C9C7H         LINE#         465
BL51 BANKED LINKER/LOCATER V6.00                                                      04/12/2016  13:46:53  PAGE 25


  C:C9C7H         LINE#         466
  C:C9C7H         LINE#         469
  -------         ENDPROC       UIP_ARP_ARPIN
  -------         PROC          ARP_PACKET_INIT
  C:D5D8H         LINE#         470
  C:D5D8H         LINE#         471
  C:D5D8H         LINE#         474
  C:D5E7H         LINE#         475
  C:D5EEH         LINE#         476
  C:D5FCH         LINE#         477
  C:D60BH         LINE#         478
  C:D61EH         LINE#         479
  C:D631H         LINE#         481
  C:D640H         LINE#         482
  C:D64FH         LINE#         483
  C:D65EH         LINE#         484
  C:D66DH         LINE#         485
  C:D675H         LINE#         486
  C:D67DH         LINE#         487
  C:D684H         LINE#         488
  C:D688H         LINE#         489
  C:D68CH         LINE#         490
  C:D696H         LINE#         494
  C:D69FH         LINE#         495
  C:D6ABH         LINE#         496
  C:D6B2H         LINE#         497
  -------         ENDPROC       ARP_PACKET_INIT
  -------         PROC          UIP_ARP_OUT
  -------         DO            
  X:4D8CH         SYMBOL        tabptr
  -------         ENDDO         
  C:BFE3H         LINE#         526
  C:BFE3H         LINE#         527
  C:BFE3H         LINE#         541
  C:C03BH         LINE#         542
  C:C03BH         LINE#         546
  C:C04AH         LINE#         547
  C:C055H         LINE#         548
  C:C057H         LINE#         550
  C:C06DH         LINE#         551
  C:C07DH         LINE#         552
  C:C07DH         LINE#         553
  C:C093H         LINE#         554
  C:C093H         LINE#         562
  C:C0B7H         LINE#         563
  C:C0B7H         LINE#         565
  C:C0B7H         LINE#         566
  C:C0BAH         LINE#         568
  C:C0BAH         LINE#         569
  C:C0D0H         LINE#         570
  C:C0D0H         LINE#         572
  C:C0D3H         LINE#         574
  C:C0D6H         LINE#         575
  C:C0D6H         LINE#         577
  C:C0D6H         LINE#         578
  C:C0E8H         LINE#         579
  C:C0E8H         LINE#         580
BL51 BANKED LINKER/LOCATER V6.00                                                      04/12/2016  13:46:53  PAGE 26


  C:C0E8H         LINE#         581
  C:C0EBH         LINE#         583
  C:C0EBH         LINE#         584
  C:C0FAH         LINE#         585
  C:C0FAH         LINE#         586
  C:C10FH         LINE#         587
  C:C138H         LINE#         589
  C:C138H         LINE#         592
  C:C142H         LINE#         598
  C:C144H         LINE#         599
  C:C144H         LINE#         600
  C:C14CH         LINE#         601
  C:C16FH         LINE#         602
  C:C16FH         LINE#         603
  C:C176H         LINE#         604
  C:C176H         LINE#         605
  C:C179H         LINE#         629
  C:C17CH         LINE#         630
  C:C17CH         LINE#         631
  C:C17CH         LINE#         633
  C:C1A0H         LINE#         634
  C:C1A0H         LINE#         635
  C:C1A9H         LINE#         636
  C:C1ABH         LINE#         638
  C:C1ABH         LINE#         639
  C:C1D7H         LINE#         640
  C:C1D7H         LINE#         641
  C:C1D7H         LINE#         642
  C:C1F5H         LINE#         643
  C:C206H         LINE#         644
  C:C210H         LINE#         645
  C:C212H         LINE#         647
  -------         ENDPROC       UIP_ARP_OUT
  -------         PROC          SEND_ARP_REQ
  C:E5D2H         LINE#         649
  C:E5D2H         LINE#         650
  C:E5D2H         LINE#         651
  C:E5E1H         LINE#         652
  C:E5F0H         LINE#         655
  -------         ENDPROC       SEND_ARP_REQ
  -------         ENDMOD        UIP_ARP

  -------         MODULE        UDP
  C:0000H         SYMBOL        _ICE_DUMMY_
  D:0090H         PUBLIC        P1
  D:00B0H         PUBLIC        P3
  D:00E8H         PUBLIC        P4
  D:00A8H         PUBLIC        IE
  D:00B8H         PUBLIC        IP
  D:0098H         PUBLIC        SCON
  D:0088H         PUBLIC        TCON
  C:C9C8H         PUBLIC        _udp_send
  D:00D8H         PUBLIC        WDTCON
  D:00C8H         PUBLIC        T2CON
  D:00D0H         PUBLIC        PSW
  -------         PROC          _UDP_SEND
  X:4DADH         SYMBOL        length
BL51 BANKED LINKER/LOCATER V6.00                                                      04/12/2016  13:46:53  PAGE 27


  C:C9C8H         LINE#         65
  C:C9D0H         LINE#         66
  C:C9D0H         LINE#         67
  C:C9D3H         LINE#         68
  C:C9D3H         LINE#         69
  C:C9DAH         LINE#         71
  C:C9DAH         LINE#         74
  C:CA06H         LINE#         76
  C:CA24H         LINE#         82
  C:CA63H         LINE#         84
  C:CA81H         LINE#         85
  C:CA91H         LINE#         87
  C:CA9BH         LINE#         88
  C:CAAAH         LINE#         89
  C:CAB1H         LINE#         91
  C:CAC6H         LINE#         93
  C:CACFH         LINE#         96
  C:CAEDH         LINE#         98
  C:CAFCH         LINE#         99
  C:CB0CH         LINE#         101
  C:CB1CH         LINE#         103
  C:CB39H         LINE#         104
  C:CB42H         LINE#         107
  C:CB4CH         LINE#         108
  C:CB63H         LINE#         109
  C:CB63H         LINE#         110
  C:CB83H         LINE#         112
  -------         ENDPROC       _UDP_SEND
  -------         ENDMOD        UDP

  -------         MODULE        DMA
  C:0000H         SYMBOL        _ICE_DUMMY_
  D:0090H         PUBLIC        P1
  D:00B0H         PUBLIC        P3
  D:00E8H         PUBLIC        P4
  B:00A8H.7       PUBLIC        EA
  C:E760H         PUBLIC        IP210_DMA_Idle_Restore
  D:00A8H         PUBLIC        IE
  C:DCDEH         PUBLIC        _CRC_Calculation
  D:00B8H         PUBLIC        IP
  D:0087H         PUBLIC        PCON
  D:0098H         PUBLIC        SCON
  D:0088H         PUBLIC        TCON
  C:D902H         PUBLIC        _IP210_DMA
  B:00A8H.0       PUBLIC        EX0
  C:E70DH         PUBLIC        IP210_DMA_Set_Idle
  D:00D8H         PUBLIC        WDTCON
  C:E505H         PUBLIC        _Fill_DMA_Setting
  D:00C8H         PUBLIC        T2CON
  D:00E1H         PUBLIC        PDCON
  C:E7C8H         PUBLIC        IP210_Wait_DMA_Complete
  D:00D0H         PUBLIC        PSW
  -------         PROC          IP210_DMA_SET_IDLE
  -------         DO            
  D:0007H         SYMBOL        temp_ier
  -------         ENDDO         
  C:E70DH         LINE#         24
BL51 BANKED LINKER/LOCATER V6.00                                                      04/12/2016  13:46:53  PAGE 28


  C:E70DH         LINE#         25
  C:E70DH         LINE#         29
  C:E711H         LINE#         30
  C:E715H         LINE#         31
  C:E717H         LINE#         32
  C:E71AH         LINE#         33
  C:E71DH         LINE#         34
  C:E71FH         LINE#         35
  C:E721H         LINE#         36
  C:E724H         LINE#         37
  -------         ENDPROC       IP210_DMA_SET_IDLE
  -------         PROC          IP210_DMA_IDLE_RESTORE
  -------         DO            
  D:0007H         SYMBOL        temp_ier
  -------         ENDDO         
  C:E760H         LINE#         49
  C:E760H         LINE#         50
  C:E760H         LINE#         53
  C:E765H         LINE#         54
  C:E769H         LINE#         55
  C:E76BH         LINE#         56
  C:E76EH         LINE#         57
  C:E771H         LINE#         58
  -------         ENDPROC       IP210_DMA_IDLE_RESTORE
  -------         PROC          _FILL_DMA_SETTING
  X:4DAFH         SYMBOL        src_addr
  D:0004H         SYMBOL        des_addr
  D:0002H         SYMBOL        length
  C:E505H         LINE#         74
  C:E50DH         LINE#         75
  C:E50DH         LINE#         77
  C:E515H         LINE#         78
  C:E51EH         LINE#         80
  C:E523H         LINE#         81
  C:E528H         LINE#         83
  C:E52DH         LINE#         84
  C:E532H         LINE#         85
  -------         ENDPROC       _FILL_DMA_SETTING
  -------         PROC          IP210_WAIT_DMA_COMPLETE
  -------         DO            
  D:0007H         SYMBOL        b
  -------         ENDDO         
  C:E7C8H         LINE#         98
  C:E7C8H         LINE#         99
  C:E7C8H         LINE#         103
  C:E7C8H         LINE#         104
  C:E7CDH         LINE#         105
  C:E7D1H         LINE#         107
  -------         ENDPROC       IP210_WAIT_DMA_COMPLETE
  -------         PROC          _IP210_DMA
  X:4CFDH         SYMBOL        src_addr
  X:4CFFH         SYMBOL        des_addr
  X:4D01H         SYMBOL        length
  X:4D03H         SYMBOL        cmd
  -------         DO            
  D:0001H         SYMBOL        i
  X:4D04H         SYMBOL        loop_count
BL51 BANKED LINKER/LOCATER V6.00                                                      04/12/2016  13:46:53  PAGE 29


  X:4D05H         SYMBOL        mode
  -------         ENDDO         
  C:D902H         LINE#         123
  C:D916H         LINE#         124
  C:D916H         LINE#         129
  C:D91EH         LINE#         130
  C:D926H         LINE#         131
  C:D926H         LINE#         133
  C:D929H         LINE#         134
  C:D929H         LINE#         135
  C:D937H         LINE#         136
  C:D943H         LINE#         137
  C:D943H         LINE#         138
  C:D94EH         LINE#         139
  C:D94EH         LINE#         140
  C:D956H         LINE#         141
  C:D963H         LINE#         143
  C:D975H         LINE#         144
  C:D97DH         LINE#         145
  C:D984H         LINE#         146
  C:D984H         LINE#         147
  C:D987H         LINE#         149
  C:D987H         LINE#         150
  C:D98AH         LINE#         151
  C:D991H         LINE#         152
  C:D994H         LINE#         153
  C:D99FH         LINE#         154
  C:D9AAH         LINE#         155
  C:D9B5H         LINE#         156
  C:D9B8H         LINE#         158
  C:D9BAH         LINE#         159
  -------         ENDPROC       _IP210_DMA
  -------         PROC          _CRC_CALCULATION
  X:4D8FH         SYMBOL        src_addr
  D:0004H         SYMBOL        length
  D:0001H         SYMBOL        p_crc
  -------         DO            
  D:0007H         SYMBOL        b
  X:4D91H         SYMBOL        ii
  D:0001H         SYMBOL        p
  -------         ENDDO         
  C:DCDEH         LINE#         176
  C:DCE6H         LINE#         177
  C:DCE6H         LINE#         182
  C:DCEEH         LINE#         183
  C:DCF7H         LINE#         185
  C:DCFCH         LINE#         186
  C:DD01H         LINE#         188
  C:DD07H         LINE#         190
  C:DD0CH         LINE#         191
  C:DD0CH         LINE#         192
  C:DD11H         LINE#         193
  C:DD17H         LINE#         194
  C:DD25H         LINE#         195
  C:DD31H         LINE#         196
  C:DD31H         LINE#         198
  C:DD34H         LINE#         199
BL51 BANKED LINKER/LOCATER V6.00                                                      04/12/2016  13:46:53  PAGE 30


  C:DD34H         LINE#         200
  C:DD34H         LINE#         201
  C:DD43H         LINE#         202
  C:DD43H         LINE#         203
  C:DD61H         LINE#         204
  C:DD69H         LINE#         206
  -------         ENDPROC       _CRC_CALCULATION
  -------         ENDMOD        DMA

  -------         MODULE        FLASH
  C:0000H         SYMBOL        _ICE_DUMMY_
  D:0090H         PUBLIC        P1
  X:4C85H         PUBLIC        Flash_Erase_Bankno
  D:00B0H         PUBLIC        P3
  D:00E8H         PUBLIC        P4
  C:83ECH         PUBLIC        _Flash_Switch_Bank
  C:8440H         PUBLIC        MX_toggle
  D:00A8H         PUBLIC        IE
  C:8DB9H         PUBLIC        _FirmwareUpdateWriteData
  C:859DH         PUBLIC        _Flash_Erase_Sector_AT49BV040B_BottomSector_while
  X:4C87H         PUBLIC        Phase_Flash_Erase
  D:00B8H         PUBLIC        IP
  X:4C89H         PUBLIC        Global_cal_chechsum
  C:85DEH         PUBLIC        _Flash_Erase_Sector_MX29LV004CB_while
  C:8B41H         PUBLIC        FlashIdentification
  C:820CH         PUBLIC        _Flash_Read_Byte
  C:85F2H         PUBLIC        _Flash_Erase_Sector_MX29LV800CB_while
  X:4C8AH         PUBLIC        next_erase_sector
  C:8229H         PUBLIC        _FirmwareUpdatMirrorMode
  X:4C8CH         PUBLIC        Flash_Bankno
  B:00E8H.6       PUBLIC        FLASH_ADDR_20
  C:86A5H         PUBLIC        _Flash_Erase_Sector_SST39VF1681
  X:4C8EH         PUBLIC        next_erase_bank
  X:4C90H         PUBLIC        Global_flash_ID
  B:00B0H.5       PUBLIC        FLASH_ADDR_16
  D:0098H         PUBLIC        SCON
  B:00B0H.4       PUBLIC        FLASH_ADDR_17
  D:0088H         PUBLIC        TCON
  C:8472H         PUBLIC        _Flash_Write_Byte
  B:0090H.7       PUBLIC        FLASH_ADDR_18
  B:00E8H.1       PUBLIC        FLASH_ADDR_19
  C:81C4H         PUBLIC        _Start_Mirror_Mode
  C:8772H         PUBLIC        FirmwareUpdateEraseFlash_MX29LV004CB_while
  C:871BH         PUBLIC        _Flash_Erase_Sector_SST39VLF040
  C:8206H         PUBLIC        Flash_Access_Disable
  C:891CH         PUBLIC        FirmwareUpdateEraseFlash_MX29LV800CB_while
  X:4C92H         PUBLIC        last_timercounter
  C:80FAH         SYMBOL        _?ix1000
  X:4C96H         PUBLIC        Global_flash_addr
  C:8589H         PUBLIC        _Flash_Erase_Sector_AT49BV040B_while
  C:8B0DH         PUBLIC        Flash_CHECK_SIZE
  X:4C98H         PUBLIC        Global_bank_index
  D:00D8H         PUBLIC        WDTCON
  C:81E4H         PUBLIC        Flash_Access_Enable
  X:4C99H         PUBLIC        Global_flash_count
  C:89DDH         PUBLIC        FirmwareUpdateEraseFlash_SST39VLF040_while
  C:8245H         PUBLIC        _FirmwareUpdateFlashBankCheck
BL51 BANKED LINKER/LOCATER V6.00                                                      04/12/2016  13:46:53  PAGE 31


  C:8E78H         PUBLIC        CBK_Flash_Size_Check
  C:8848H         PUBLIC        FirmwareUpdateEraseFlash_AT49BV040B_while
  X:4C9DH         PUBLIC        Global_erase_flash_wait_time
  D:00C8H         PUBLIC        T2CON
  C:8CE1H         PUBLIC        FirmwareUpdateEraseFlash_While
  C:8180H         PUBLIC        NOP
  C:81D7H         PUBLIC        Stop_Mirror_Mode
  D:008EH         PUBLIC        CKCON
  C:8623H         PUBLIC        _Flash_Erase_Sector_MX29LV004CB_BottomSector_while
  C:81A1H         PUBLIC        _Delay_10ms
  C:8664H         PUBLIC        _Flash_Erase_Sector_MX29LV800CB_BottomSector_while
  B:00D8H.4       PUBLIC        FLASH_ACCESS_EN
  C:86E2H         PUBLIC        Flash_Erase_bank_SST39VF1681
  D:00D0H         PUBLIC        PSW
  C:82CDH         PUBLIC        FirmwareUpdateFlashCheck
  -------         PROC          NOP
  C:8180H         LINE#         37
  -------         ENDPROC       NOP
  C:819AH         SYMBOL        L?0219
  -------         PROC          L?0218
  -------         ENDPROC       L?0218
  C:819AH         SYMBOL        L?0219
  -------         PROC          _DELAY_10MS
  D:0006H         SYMBOL        count
  -------         DO            
  D:0002H         SYMBOL        i
  D:0004H         SYMBOL        j
  -------         ENDDO         
  C:81A1H         LINE#         39
  C:81A1H         LINE#         40
  C:81A1H         LINE#         43
  C:81ABH         LINE#         44
  C:81ABH         LINE#         45
  C:81AEH         LINE#         46
  C:81BCH         LINE#         47
  C:81C3H         LINE#         48
  -------         ENDPROC       _DELAY_10MS
  -------         PROC          _START_MIRROR_MODE
  D:0006H         SYMBOL        mirror_addr
  -------         DO            
  D:0007H         SYMBOL        reg_byte
  -------         ENDDO         
  C:81C4H         LINE#         61
  C:81C4H         LINE#         62
  C:81C4H         LINE#         67
  C:81C9H         LINE#         68
  C:81CAH         LINE#         71
  C:81CEH         LINE#         72
  C:81D0H         LINE#         73
  C:81D1H         LINE#         74
  -------         ENDPROC       _START_MIRROR_MODE
  C:81D2H         SYMBOL        L?0225
  -------         PROC          L?0224
  -------         ENDPROC       L?0224
  C:81D2H         SYMBOL        L?0225
  -------         PROC          STOP_MIRROR_MODE
[...]
  X:4B39H         PUBLIC        fu_htm_tags
  C:A59DH         PUBLIC        Erase_htm_file
  C:E614H         PUBLIC        _get_tag03
  C:E4CCH         PUBLIC        _datacpy03
  X:4B57H         PUBLIC        Erase_htm_tags
  C:CD0EH         PUBLIC        _fs_open03
  X:4B87H         PUBLIC        fsop
  C:A9EDH         PUBLIC        TF_htm_file
  C:A6D8H         PUBLIC        OK_htm_file
  C:A46CH         PUBLIC        Warn_htm_file
  C:A8EFH         PUBLIC        main_htm_file
  X:4B90H         PUBLIC        TF_htm_tags
  X:4BA2H         PUBLIC        OK_htm_tags
  X:4BB4H         PUBLIC        Warn_htm_tags
  X:4BBDH         PUBLIC        main_htm_tags
  C:AB02H         PUBLIC        files_table03
  C:A82EH         PUBLIC        sb_gif_file
  X:4BC6H         PUBLIC        indata
  -------         PROC          _FS_OPEN03
  X:4D67H         SYMBOL        name
  -------         DO            
  X:4D6AH         SYMBOL        ptr
  -------         ENDDO         
  C:CD0EH         LINE#         105
  C:CD14H         LINE#         106
  C:CD14H         LINE#         108
  C:CD29H         LINE#         109
  C:CD35H         LINE#         110
  C:CD35H         LINE#         111
  C:CD3FH         LINE#         112
BL51 BANKED LINKER/LOCATER V6.00                                                      04/12/2016  13:46:53  PAGE 83


  C:CD4AH         LINE#         113
  C:CD4EH         LINE#         114
  C:CD4EH         LINE#         115
  C:CD6BH         LINE#         116
  C:CD6BH         LINE#         117
  C:CD95H         LINE#         118
  C:CD95H         LINE#         119
  C:CDBAH         LINE#         120
  C:CDCAH         LINE#         121
  C:CDCAH         LINE#         122
  C:CE04H         LINE#         123
  C:CE25H         LINE#         124
  C:CE25H         LINE#         125
  C:CE3AH         LINE#         126
  C:CE3AH         LINE#         127
  C:CE47H         LINE#         128
  C:CE4DH         LINE#         129
  -------         ENDPROC       _FS_OPEN03
  -------         PROC          _DATACPY03
  X:4D9BH         SYMBOL        inputdata
  C:E4CCH         LINE#         142
  C:E4D2H         LINE#         143
  C:E4D2H         LINE#         144
  -------         ENDPROC       _DATACPY03
  -------         PROC          _GET_TAG03
  D:0007H         SYMBOL        index
  C:E614H         LINE#         158
  C:E614H         LINE#         159
  C:E614H         LINE#         160
  C:E632H         LINE#         161
  -------         ENDPROC       _GET_TAG03
  -------         ENDMOD        HTMFILES

  -------         MODULE        UPDATECBK
  C:0000H         SYMBOL        _ICE_DUMMY_
  D:0090H         PUBLIC        P1
  D:00B0H         PUBLIC        P3
  D:00E8H         PUBLIC        P4
  D:00A8H         PUBLIC        IE
  X:2800H         PUBLIC        NETTMPBUFFER
  D:00B8H         PUBLIC        IP
  C:E650H         PUBLIC        _cgi_callerase
  D:0098H         PUBLIC        SCON
  D:0088H         PUBLIC        TCON
  C:DF55H         PUBLIC        _ssi_eraseflash
  C:DDE8H         PUBLIC        _ssi_main
  X:37A0H         PUBLIC        size_flag
  C:B195H         PUBLIC        _cgi_firmwareUpdate
  C:E7BCH         PUBLIC        _ssi_warn
  D:00D8H         PUBLIC        WDTCON
  C:E2A7H         PUBLIC        _ssi_firmwareUpdate
  D:00C8H         PUBLIC        T2CON
  C:E490H         PUBLIC        _ssi_updatecomplete
  D:00D0H         PUBLIC        PSW
  -------         PROC          _CGI_FIRMWAREUPDATE
  X:4C6BH         SYMBOL        cnt
  D:0001H         SYMBOL        vptr
BL51 BANKED LINKER/LOCATER V6.00                                                      04/12/2016  13:46:53  PAGE 84


  -------         DO            
  X:4C6CH         SYMBOL        vp
  X:4C6FH         SYMBOL        i
  X:4C70H         SYMBOL        fflag
  X:4C71H         SYMBOL        tmplen
  X:4C73H         SYMBOL        offset
  X:4C75H         SYMBOL        offset2
  X:4C77H         SYMBOL        update
  X:4C7BH         SYMBOL        str_ptr
  X:4C7EH         SYMBOL        str2
  X:4C81H         SYMBOL        flashsize
  -------         ENDDO         
  C:B195H         LINE#         58
  C:B19AH         LINE#         59
  C:B19AH         LINE#         60
  C:B19EH         LINE#         61
  C:B1A3H         LINE#         62
  C:B1AFH         LINE#         64
  C:B1BEH         LINE#         66
  C:B1C1H         LINE#         67
  C:B1DAH         LINE#         68
  C:B1DAH         LINE#         70
  C:B1EAH         LINE#         71
  C:B1EAH         LINE#         72
  C:B1F9H         LINE#         73
  C:B208H         LINE#         74
  C:B208H         LINE#         76
  C:B216H         LINE#         83
  C:B228H         LINE#         84
  C:B228H         LINE#         85
  C:B258H         LINE#         87
  C:B293H         LINE#         88
  C:B2AEH         LINE#         89
  C:B2B5H         LINE#         90
  C:B2B5H         LINE#         91
  C:B2D0H         LINE#         92
  C:B2D7H         LINE#         93
  C:B2D7H         LINE#         95
  C:B306H         LINE#         96
  C:B306H         LINE#         98
  C:B310H         LINE#         99
  C:B31AH         LINE#         100
  C:B320H         LINE#         101
  C:B330H         LINE#         103
  C:B345H         LINE#         105
  C:B364H         LINE#         107
  C:B382H         LINE#         108
  C:B395H         LINE#         110
  C:B3A4H         LINE#         111
  C:B3A6H         LINE#         113
  C:B3A6H         LINE#         114
  C:B3AFH         LINE#         115
  C:B3B5H         LINE#         126
  C:B3B5H         LINE#         127
  C:B3B7H         LINE#         150
  C:B3B7H         LINE#         151
  C:B3BDH         LINE#         167
BL51 BANKED LINKER/LOCATER V6.00                                                      04/12/2016  13:46:53  PAGE 85


  C:B3BDH         LINE#         168
  C:B3C9H         LINE#         169
  C:B3C9H         LINE#         170
  C:B402H         LINE#         171
  C:B402H         LINE#         173
  C:B412H         LINE#         174
  C:B412H         LINE#         176
  C:B423H         LINE#         177
  C:B42AH         LINE#         178
  C:B42CH         LINE#         180
  C:B42CH         LINE#         183
  C:B42CH         LINE#         184
  C:B43BH         LINE#         186
  C:B44AH         LINE#         187
  C:B48FH         LINE#         188
  C:B49FH         LINE#         189
  C:B49FH         LINE#         191
  C:B49FH         LINE#         192
  C:B4A2H         LINE#         193
  C:B4A2H         LINE#         195
  C:B4A2H         LINE#         197
  C:B4A5H         LINE#         198
  C:B4B1H         LINE#         199
  C:B4B4H         LINE#         200
  C:B4B4H         LINE#         201
  C:B4B4H         LINE#         202
  C:B4B4H         LINE#         204
  C:B4B4H         LINE#         205
  C:B4D4H         LINE#         206
  C:B4D4H         LINE#         207
  C:B4F1H         LINE#         208
  C:B4F3H         LINE#         210
  C:B4F3H         LINE#         211
  C:B502H         LINE#         212
  C:B502H         LINE#         213
  C:B502H         LINE#         214
  C:B510H         LINE#         215
  C:B510H         LINE#         216
  C:B525H         LINE#         217
  C:B525H         LINE#         218
  C:B53FH         LINE#         219
  C:B55DH         LINE#         220
  C:B575H         LINE#         221
  C:B577H         LINE#         223
  C:B57AH         LINE#         224
  C:B57AH         LINE#         225
  C:B591H         LINE#         226
  C:B5A3H         LINE#         227
  C:B5A3H         LINE#         228
  C:B5AFH         LINE#         229
  C:B5B5H         LINE#         230
  C:B5BAH         LINE#         231
  C:B5BAH         LINE#         233
  C:B5BCH         LINE#         235
  C:B5BCH         LINE#         236
  C:B5C5H         LINE#         237
  C:B5C8H         LINE#         239
BL51 BANKED LINKER/LOCATER V6.00                                                      04/12/2016  13:46:53  PAGE 86


  C:B5C8H         LINE#         240
  C:B5C8H         LINE#         241
  C:B5CAH         LINE#         242
  -------         ENDPROC       _CGI_FIRMWAREUPDATE
  -------         PROC          _SSI_FIRMWAREUPDATE
  D:0007H         SYMBOL        varid
  X:4D9EH         SYMBOL        vp
  C:E2A7H         LINE#         243
  C:E2ADH         LINE#         244
  C:E2ADH         LINE#         245
  C:E2B4H         LINE#         246
  C:E2B4H         LINE#         247
  C:E2B4H         LINE#         248
  C:E2B4H         LINE#         249
  C:E2B4H         LINE#         250
  C:E2B4H         LINE#         251
  C:E2D6H         LINE#         252
  C:E2D8H         LINE#         253
  C:E2D8H         LINE#         254
  C:E2E5H         LINE#         255
  C:E2E5H         LINE#         256
  C:E2E5H         LINE#         257
  C:E2F3H         LINE#         258
  C:E2F5H         LINE#         259
  -------         ENDPROC       _SSI_FIRMWAREUPDATE
  -------         PROC          _SSI_ERASEFLASH
  D:0007H         SYMBOL        varid
  X:4DA1H         SYMBOL        vp
  C:DF55H         LINE#         276
  C:DF5BH         LINE#         277
  C:DF5BH         LINE#         278
  C:DF65H         LINE#         279
  C:DF65H         LINE#         281
  C:DF65H         LINE#         282
  C:DF79H         LINE#         283
  C:DF7BH         LINE#         284
  C:DF7BH         LINE#         285
  C:DF7BH         LINE#         286
  C:DF7BH         LINE#         287
  C:DF7BH         LINE#         288
  C:DF94H         LINE#         289
  C:DF96H         LINE#         290
  C:DF96H         LINE#         291
  C:DFA7H         LINE#         292
  C:DFA9H         LINE#         293
  C:DFA9H         LINE#         294
  C:DFB6H         LINE#         295
  C:DFB6H         LINE#         296
  C:DFB6H         LINE#         297
  C:DFC4H         LINE#         298
  C:DFC6H         LINE#         300
  -------         ENDPROC       _SSI_ERASEFLASH
  -------         PROC          _SSI_UPDATECOMPLETE
  D:0007H         SYMBOL        varid
  X:4DA4H         SYMBOL        vp
  C:E490H         LINE#         301
  C:E496H         LINE#         302
BL51 BANKED LINKER/LOCATER V6.00                                                      04/12/2016  13:46:53  PAGE 87


  C:E496H         LINE#         303
  C:E4BBH         LINE#         304
  C:E4C9H         LINE#         305
  C:E4CBH         LINE#         306
  -------         ENDPROC       _SSI_UPDATECOMPLETE
  -------         PROC          _CGI_CALLERASE
  X:4D7EH         SYMBOL        cnt
  X:4D7FH         SYMBOL        vptr
  C:E650H         LINE#         308
  C:E659H         LINE#         309
  C:E659H         LINE#         310
  C:E65EH         LINE#         311
  C:E66AH         LINE#         312
  C:E66CH         LINE#         313
  -------         ENDPROC       _CGI_CALLERASE
  -------         PROC          _SSI_WARN
  X:4D82H         SYMBOL        varid
  X:4D83H         SYMBOL        vp
  C:E7BCH         LINE#         315
  C:E7C5H         LINE#         316
  C:E7C7H         LINE#         317
  -------         ENDPROC       _SSI_WARN
  -------         PROC          _SSI_MAIN
  X:4C9EH         SYMBOL        varid
  X:4C9FH         SYMBOL        vp
  -------         DO            
  X:4CA2H         SYMBOL        tmpBuf
  -------         ENDDO         
  C:DDE8H         LINE#         319
  C:DDF1H         LINE#         320
  C:DDF1H         LINE#         322
  C:DE00H         LINE#         323
  C:DE11H         LINE#         324
  C:DE11H         LINE#         325
  C:DE11H         LINE#         326
  C:DE17H         LINE#         327
  C:DE19H         LINE#         328
  C:DE19H         LINE#         329
  C:DE1FH         LINE#         330
  C:DE21H         LINE#         331
  C:DE21H         LINE#         332
  C:DE27H         LINE#         333
  C:DE29H         LINE#         334
  C:DE29H         LINE#         335
  C:DE3EH         LINE#         336
  C:DE3EH         LINE#         337
  C:DE3EH         LINE#         338
  C:DE53H         LINE#         339
  C:DE61H         LINE#         340
  C:DE63H         LINE#         341
  -------         ENDPROC       _SSI_MAIN
  -------         ENDMOD        UPDATECBK

  -------         MODULE        ?C?COPY
  C:94EAH         PUBLIC        ?C?COPY
  -------         ENDMOD        ?C?COPY

BL51 BANKED LINKER/LOCATER V6.00                                                      04/12/2016  13:46:53  PAGE 88


  -------         MODULE        ?C?CLDPTR
  C:9510H         PUBLIC        ?C?CLDPTR
  -------         ENDMOD        ?C?CLDPTR

  -------         MODULE        ?C?CLDOPTR
  C:9529H         PUBLIC        ?C?CLDOPTR
  -------         ENDMOD        ?C?CLDOPTR

  -------         MODULE        ?C?CLDIOPTR
  C:9556H         PUBLIC        ?C?CLDIOPTR
  -------         ENDMOD        ?C?CLDIOPTR

  -------         MODULE        ?C?CILDOPTR
  C:958DH         PUBLIC        ?C?CILDOPTR
  -------         ENDMOD        ?C?CILDOPTR

  -------         MODULE        ?C?CSTPTR
  C:95C0H         PUBLIC        ?C?CSTPTR
  -------         ENDMOD        ?C?CSTPTR

  -------         MODULE        ?C?CSTOPTR
  C:95D2H         PUBLIC        ?C?CSTOPTR
  -------         ENDMOD        ?C?CSTOPTR

  -------         MODULE        ?C?IMUL
  C:95F4H         PUBLIC        ?C?IMUL
  -------         ENDMOD        ?C?IMUL

  -------         MODULE        ?C?UIDIV
  C:9606H         PUBLIC        ?C?UIDIV
  -------         ENDMOD        ?C?UIDIV

  -------         MODULE        ?C?SIDIV
  C:965BH         PUBLIC        ?C?SIDIV
  -------         ENDMOD        ?C?SIDIV

  -------         MODULE        ?C?IILDX
  C:9691H         PUBLIC        ?C?IILDX
  -------         ENDMOD        ?C?IILDX

  -------         MODULE        ?C?ILDPTR
  C:96A7H         PUBLIC        ?C?ILDPTR
  -------         ENDMOD        ?C?ILDPTR

  -------         MODULE        ?C?ILDOPTR
  C:96D2H         PUBLIC        ?C?ILDOPTR
  -------         ENDMOD        ?C?ILDOPTR

  -------         MODULE        ?C?IILDOPTR
  C:970AH         PUBLIC        ?C?IILDOPTR
  -------         ENDMOD        ?C?IILDOPTR

  -------         MODULE        ?C?ISTPTR
  C:9757H         PUBLIC        ?C?ISTPTR
  -------         ENDMOD        ?C?ISTPTR

  -------         MODULE        ?C?ISTOPTR
BL51 BANKED LINKER/LOCATER V6.00                                                      04/12/2016  13:46:53  PAGE 89


  C:9776H         PUBLIC        ?C?ISTOPTR
  -------         ENDMOD        ?C?ISTOPTR

  -------         MODULE        ?C?LADD
  C:97A3H         PUBLIC        ?C?LADD
  -------         ENDMOD        ?C?LADD

  -------         MODULE        ?C?LMUL
  C:97B0H         PUBLIC        ?C?LMUL
  -------         ENDMOD        ?C?LMUL

  -------         MODULE        ?C?ULDIV
  C:983BH         PUBLIC        ?C?ULDIV
  -------         ENDMOD        ?C?ULDIV

  -------         MODULE        ?C?LNOT
  C:98CDH         PUBLIC        ?C?LNOT
  -------         ENDMOD        ?C?LNOT

  -------         MODULE        ?C?SLCMP
  C:98DAH         PUBLIC        ?C?SLCMP
  -------         ENDMOD        ?C?SLCMP

  -------         MODULE        ?C?ULCMP
  C:98F0H         PUBLIC        ?C?ULCMP
  -------         ENDMOD        ?C?ULCMP

  -------         MODULE        ?C?ULSHR
  C:9901H         PUBLIC        ?C?ULSHR
  -------         ENDMOD        ?C?ULSHR

  -------         MODULE        ?C?LLDXDATA
  C:9914H         PUBLIC        ?C?LLDXDATA
  -------         ENDMOD        ?C?LLDXDATA

  -------         MODULE        ?C?LLDXDATA0
  C:9920H         PUBLIC        ?C?LLDXDATA0
  -------         ENDMOD        ?C?LLDXDATA0

  -------         MODULE        ?C?LSTXDATA
  C:992CH         PUBLIC        ?C?LSTXDATA
  -------         ENDMOD        ?C?LSTXDATA

  -------         MODULE        ?C?LSTKXDATA
  C:9938H         PUBLIC        ?C?LSTKXDATA
  -------         ENDMOD        ?C?LSTKXDATA

  -------         MODULE        ?C?OFFXADD
  C:9969H         PUBLIC        ?C?OFFXADD
  -------         ENDMOD        ?C?OFFXADD

  -------         MODULE        ?C?PLDXDATA
  C:9975H         PUBLIC        ?C?PLDXDATA
  -------         ENDMOD        ?C?PLDXDATA

  -------         MODULE        ?C?PSTXDATA
  C:997EH         PUBLIC        ?C?PSTXDATA
BL51 BANKED LINKER/LOCATER V6.00                                                      04/12/2016  13:46:53  PAGE 90


  -------         ENDMOD        ?C?PSTXDATA

  -------         MODULE        ?C?PLDPTR
  C:9987H         PUBLIC        ?C?PLDPTR
  -------         ENDMOD        ?C?PLDPTR

  -------         MODULE        ?C?PSTPTR
  C:99A7H         PUBLIC        ?C?PSTPTR
  -------         ENDMOD        ?C?PSTPTR

  -------         MODULE        ?C?PLDOPTR
  C:99F6H         PUBLIC        ?C?PLDOPTR
  -------         ENDMOD        ?C?PLDOPTR

  -------         MODULE        ?C?PSTOPTR
  C:9A26H         PUBLIC        ?C?PSTOPTR
  -------         ENDMOD        ?C?PSTOPTR

  -------         MODULE        ?C?CCASE
  C:9A7FH         PUBLIC        ?C?CCASE
  -------         ENDMOD        ?C?CCASE

  -------         MODULE        ?C?ICASE
  C:9AA5H         PUBLIC        ?C?ICASE
  -------         ENDMOD        ?C?ICASE

  -------         MODULE        ?C?ICALL
  C:9AD2H         PUBLIC        ?C?ICALL
  C:9AD6H         PUBLIC        ?C?ICALL2
  -------         ENDMOD        ?C?ICALL

  -------         MODULE        PRINTF
  X:4C43H         PUBLIC        ?_PRINTF517?BYTE
  X:4C43H         PUBLIC        ?_PRINTF?BYTE
  X:4C43H         PUBLIC        ?_SPRINTF517?BYTE
  X:4C43H         PUBLIC        ?_SPRINTF?BYTE
  C:8EFAH         PUBLIC        _PRINTF
  C:8EFAH         PUBLIC        _PRINTF517
  C:8EF4H         PUBLIC        _SPRINTF
  C:8EF4H         PUBLIC        _SPRINTF517
  -------         ENDMOD        PRINTF

  -------         MODULE        ?C?STRCMP
  C:9C60H         PUBLIC        ?C?STRCMP
  -------         ENDMOD        ?C?STRCMP

  -------         MODULE        STRNCMP
  X:4D39H         PUBLIC        ?_strncmp?BYTE
  C:DEDFH         PUBLIC        _strncmp
  -------         ENDMOD        STRNCMP

  -------         MODULE        ?C?STRCPY
  C:9D49H         PUBLIC        ?C?STRCPY
  -------         ENDMOD        ?C?STRCPY

  -------         MODULE        STRLEN
  C:E725H         PUBLIC        _STRLEN
BL51 BANKED LINKER/LOCATER V6.00                                                      04/12/2016  13:46:53  PAGE 91


  -------         ENDMOD        STRLEN

  -------         MODULE        STRCHR
  C:E6A5H         PUBLIC        _STRCHR
  -------         ENDMOD        STRCHR

  -------         MODULE        STRCSPN
  X:4D18H         PUBLIC        ?_strcspn?BYTE
  C:80FEH         PUBLIC        _strcspn
  -------         ENDMOD        STRCSPN

  -------         MODULE        ?C?MEMCMP
  C:9EECH         PUBLIC        ?C?MEMCMP
  -------         ENDMOD        ?C?MEMCMP

  -------         MODULE        ?C?MEMSET
  C:9F10H         PUBLIC        ?C?MEMSET
  -------         ENDMOD        ?C?MEMSET

  -------         MODULE        ?C?PLDIDATA
  C:9F3CH         PUBLIC        ?C?PLDIDATA
  -------         ENDMOD        ?C?PLDIDATA

  -------         MODULE        ?C?PSTIDATA
  C:9F45H         PUBLIC        ?C?PSTIDATA
  -------         ENDMOD        ?C?PSTIDATA

  -------         MODULE        ?C?PLDIXDATA
  C:9F4EH         PUBLIC        ?C?PLDIXDATA
  -------         ENDMOD        ?C?PLDIXDATA

  -------         MODULE        ?C?PLDPDATA
  C:9F65H         PUBLIC        ?C?PLDPDATA
  -------         ENDMOD        ?C?PLDPDATA

  -------         MODULE        ?C?PSTPDATA
  C:9F6EH         PUBLIC        ?C?PSTPDATA
  -------         ENDMOD        ?C?PSTPDATA

  -------         MODULE        ?C?PLDCODE
  C:9F77H         PUBLIC        ?C?PLDCODE
  -------         ENDMOD        ?C?PLDCODE

  -------         MODULE        PUTCHAR
  C:91FFH         PUBLIC        _PUTCHAR
  -------         ENDMOD        PUTCHAR

Program Size: data=114.1 xdata=9679 code=34825
LINK/LOCATE RUN COMPLETE.  0 WARNING(S),  0 ERROR(S)
