BL51 BANKED LINKER/LOCATER V5.03                                                        08/07/2012  16:42:10  PAGE 1


BL51 BANKED LINKER/LOCATER V5.03, INVOKED BY:
C:\KEIL\C51\BIN\BL51.EXE .\obj\main.obj, .\obj\bootmain.obj, .\obj\STARTUP.obj, .\obj\eedefault.obj, .\obj\ee_process.ob
>> j, .\obj\kernelsetting.obj, .\obj\fw_os_cbk.obj, .\obj\tftpd.obj, .\obj\uip_arp.obj, .\obj\udp.obj, .\obj\dma.obj, .\
>> obj\flash.obj, .\obj\MACdriver.obj, .\obj\eeprom.obj, .\obj\serial.obj, .\obj\delay.obj, .\obj\flashsum.obj, .\obj\ti
>> mer.obj, .\obj\uip.obj, .\obj\httpd.obj, .\obj\httpd_app.obj, .\obj\cgi.obj, .\obj\cgiutil.obj, .\obj\htmfiles.obj, .
>> \obj\updateCbk.obj TO .\obj\firmwareUpdate PRINT (.\obj\firmwareUpdate.m51) NOOVERLAY, CODE (0X6000-0XFFFF, ?CO?EEDEF
>> AULT (0X8000), ?CO?FLASH (0X8092), ?PR?*?FLASH (0X8180), ?PR?PRINTF?PRINTF (0X8E8F), ?PR?PUTCHAR?PUTCHAR (0X91FF), ?P
>> R?MAIN?MAIN (0X9226), ?FLASHSUM (0X92C0), ?DELAY (0X9300), ?C?LIB_CODE (0X931A), ?PR?WATCHDOGTIMERRESET?MAIN (0X9E84)
>> ) XDATA (0X2800-0X4FFF)


MEMORY MODEL: LARGE


INPUT MODULES INCLUDED:
  .\obj\main.obj (MAIN)
  .\obj\bootmain.obj (BOOTMAIN)
  .\obj\STARTUP.obj (?C_STARTUP)
  .\obj\eedefault.obj (EEDEFAULT)
  .\obj\ee_process.obj (EE_PROCESS)
  .\obj\kernelsetting.obj (KERNELSETTING)
  .\obj\fw_os_cbk.obj (FW_OS_CBK)
  .\obj\tftpd.obj (TFTPD)
  .\obj\uip_arp.obj (UIP_ARP)
  .\obj\udp.obj (UDP)
  .\obj\dma.obj (DMA)
  .\obj\flash.obj (FLASH)
  .\obj\MACdriver.obj (MACDRIVER)
  .\obj\eeprom.obj (EEPROM)
  .\obj\serial.obj (SERIAL)
  .\obj\delay.obj (?DELAY_MS)
  .\obj\flashsum.obj (?FLASHSUM)
  .\obj\timer.obj (TIMER)
  .\obj\uip.obj (UIP)
  .\obj\httpd.obj (HTTPD)
  .\obj\httpd_app.obj (HTTPD_APP)
  .\obj\cgi.obj (CGI)
  .\obj\cgiutil.obj (CGIUTIL)
  .\obj\htmfiles.obj (HTMFILES)
  .\obj\updateCbk.obj (UPDATECBK)
  C:\KEIL\C51\LIB\C51L.LIB (?C_INIT)
  C:\KEIL\C51\LIB\C51L.LIB (?C?COPY)
  C:\KEIL\C51\LIB\C51L.LIB (?C?CLDPTR)
  C:\KEIL\C51\LIB\C51L.LIB (?C?CLDOPTR)
  C:\KEIL\C51\LIB\C51L.LIB (?C?CLDIOPTR)
  C:\KEIL\C51\LIB\C51L.LIB (?C?CILDOPTR)
  C:\KEIL\C51\LIB\C51L.LIB (?C?CSTPTR)
  C:\KEIL\C51\LIB\C51L.LIB (?C?CSTOPTR)
  C:\KEIL\C51\LIB\C51L.LIB (?C?IMUL)
  C:\KEIL\C51\LIB\C51L.LIB (?C?UIDIV)
  C:\KEIL\C51\LIB\C51L.LIB (?C?SIDIV)
  C:\KEIL\C51\LIB\C51L.LIB (?C?IILDX)
  C:\KEIL\C51\LIB\C51L.LIB (?C?ILDPTR)
  C:\KEIL\C51\LIB\C51L.LIB (?C?ILDOPTR)
  C:\KEIL\C51\LIB\C51L.LIB (?C?IILDOPTR)
  C:\KEIL\C51\LIB\C51L.LIB (?C?ISTPTR)
  C:\KEIL\C51\LIB\C51L.LIB (?C?ISTOPTR)
  C:\KEIL\C51\LIB\C51L.LIB (?C?LADD)
BL51 BANKED LINKER/LOCATER V5.03                                                      08/07/2012  16:42:10  PAGE 2


  C:\KEIL\C51\LIB\C51L.LIB (?C?LMUL)
  C:\KEIL\C51\LIB\C51L.LIB (?C?ULDIV)
  C:\KEIL\C51\LIB\C51L.LIB (?C?LNOT)
  C:\KEIL\C51\LIB\C51L.LIB (?C?SLCMP)
  C:\KEIL\C51\LIB\C51L.LIB (?C?ULCMP)
  C:\KEIL\C51\LIB\C51L.LIB (?C?ULSHR)
  C:\KEIL\C51\LIB\C51L.LIB (?C?LLDXDATA)
  C:\KEIL\C51\LIB\C51L.LIB (?C?LLDXDATA0)
  C:\KEIL\C51\LIB\C51L.LIB (?C?LSTXDATA)
  C:\KEIL\C51\LIB\C51L.LIB (?C?LSTKXDATA)
  C:\KEIL\C51\LIB\C51L.LIB (?C?OFFXADD)
  C:\KEIL\C51\LIB\C51L.LIB (?C?PLDXDATA)
  C:\KEIL\C51\LIB\C51L.LIB (?C?PSTXDATA)
  C:\KEIL\C51\LIB\C51L.LIB (?C?PLDPTR)
  C:\KEIL\C51\LIB\C51L.LIB (?C?PSTPTR)
  C:\KEIL\C51\LIB\C51L.LIB (?C?PLDOPTR)
  C:\KEIL\C51\LIB\C51L.LIB (?C?PSTOPTR)
  C:\KEIL\C51\LIB\C51L.LIB (?C?CCASE)
  C:\KEIL\C51\LIB\C51L.LIB (?C?ICASE)
  C:\KEIL\C51\LIB\C51L.LIB (?C?ICALL)
  C:\KEIL\C51\LIB\C51L.LIB (PRINTF)
  C:\KEIL\C51\LIB\C51L.LIB (?C?STRCMP)
  C:\KEIL\C51\LIB\C51L.LIB (STRNCMP)
  C:\KEIL\C51\LIB\C51L.LIB (?C?STRCPY)
  C:\KEIL\C51\LIB\C51L.LIB (STRLEN)
  C:\KEIL\C51\LIB\C51L.LIB (STRCHR)
  C:\KEIL\C51\LIB\C51L.LIB (STRCSPN)
  C:\KEIL\C51\LIB\C51L.LIB (?C?MEMCMP)
  C:\KEIL\C51\LIB\C51L.LIB (?C?MEMSET)
  C:\KEIL\C51\LIB\C51L.LIB (?C?PLDIDATA)
  C:\KEIL\C51\LIB\C51L.LIB (?C?PSTIDATA)
  C:\KEIL\C51\LIB\C51L.LIB (?C?PLDIXDATA)
  C:\KEIL\C51\LIB\C51L.LIB (?C?PLDPDATA)
  C:\KEIL\C51\LIB\C51L.LIB (?C?PSTPDATA)
  C:\KEIL\C51\LIB\C51L.LIB (?C?PLDCODE)
  C:\KEIL\C51\LIB\C51L.LIB (PUTCHAR)


LINK MAP OF MODULE:  .\obj\firmwareUpdate (MAIN)


            TYPE    BASE      LENGTH    RELOCATION   SEGMENT NAME
            -----------------------------------------------------

            * * * * * * *   D A T A   M E M O R Y   * * * * * * *
            REG     0000H     0008H     ABSOLUTE     "REG BANK 0"
            DATA    0008H     0018H     ABSOLUTE     
            BIT     0020H.0   000AH.0   ABSOLUTE     
            BIT     002AH.0   0001H.1   UNIT         ?BI?PRINTF?PRINTF
                    002BH.1   0000H.7                *** GAP ***
            DATA    002CH     0003H     UNIT         ?DT?FLASHIDENTIFICATION?FLASH
                    002FH     0001H                  *** GAP ***
            DATA    0030H     0030H     ABSOLUTE     
            DATA    0060H     0005H     UNIT         ?DT?PRINTF?PRINTF
            DATA    0065H     0002H     UNIT         ?DT?_FLASH_READ_BYTE?FLASH
            DATA    0067H     0002H     UNIT         ?DT?_FLASH_WRITE_BYTE?FLASH
            DATA    0069H     0002H     UNIT         ?DT?_FLASH_ERASE_SECTOR_MX29LV004CB_BOTTOMSECTOR_WHILE?FLASH
BL51 BANKED LINKER/LOCATER V5.03                                                      08/07/2012  16:42:10  PAGE 3


            DATA    006BH     0002H     UNIT         ?DT?_FLASH_ERASE_SECTOR_MX29LV800CB_BOTTOMSECTOR_WHILE?FLASH
            DATA    006DH     0002H     UNIT         ?DT?_FLASH_ERASE_SECTOR_SST39VF1681?FLASH
            DATA    006FH     0002H     UNIT         ?DT?FLASH_ERASE_BANK_SST39VF1681?FLASH
            DATA    0071H     0002H     UNIT         ?DT?_FLASH_ERASE_SECTOR_SST39VLF040?FLASH
            IDATA   0073H     0001H     UNIT         ?STACK

            * * * * * * *  X D A T A   M E M O R Y  * * * * * * *
                    0000H     2800H                  *** GAP ***
            XDATA   2800H     0FA1H     UNIT         ?XD?UPDATECBK
            XDATA   37A1H     0A89H     UNIT         ?XD?UIP
            XDATA   422AH     0858H     UNIT         ?XD?EE_PROCESS
            XDATA   4A82H     00B7H     UNIT         ?XD?UIP_ARP
            XDATA   4B39H     0095H     UNIT         ?XD?HTMFILES
            XDATA   4BCEH     0048H     UNIT         ?XD?HTTPD
            XDATA   4C16H     002DH     UNIT         ?XD?BOOTMAIN
            XDATA   4C43H     0028H     UNIT         ?XD?PRINTF?PRINTF
            XDATA   4C6BH     001AH     UNIT         ?XD?_CGI_FIRMWAREUPDATE?UPDATECBK
            XDATA   4C85H     0019H     UNIT         ?XD?FLASH
            XDATA   4C9EH     0013H     UNIT         ?XD?_SSI_MAIN?UPDATECBK
            XDATA   4CB1H     0012H     UNIT         ?XD?HTTPD?HTTPD
            XDATA   4CC3H     000DH     UNIT         ?XD?_ETHERNETRECEIVE?MACDRIVER
            XDATA   4CD0H     000DH     UNIT         ?XD?_STRFIND?HTTPD_APP
            XDATA   4CDDH     000BH     UNIT         ?XD?_FIRMWAREUPDATEFLASHBANKCHECK?FLASH
            XDATA   4CE8H     000BH     UNIT         ?XD?_UIP_CONNECT?UIP
            XDATA   4CF3H     000AH     UNIT         ?XD?WITH_TAG_PAGE?CGIUTIL
            XDATA   4CFDH     0009H     UNIT         ?XD?_IP210_DMA?DMA
            XDATA   4D06H     0009H     UNIT         ?XD?MACDRIVER
            XDATA   4D0FH     0009H     UNIT         ?XD?_STOUI?CGIUTIL
            XDATA   4D18H     0009H     UNIT         ?XD?_STRCSPN?STRCSPN
            XDATA   4D21H     0008H     UNIT         ?XD?FIRMWAREUPDATEFLASHCHECK?FLASH
            XDATA   4D29H     0008H     UNIT         ?XD?TIMER
            XDATA   4D31H     0008H     UNIT         ?XD?_UITOS?CGIUTIL
            XDATA   4D39H     0008H     UNIT         ?XD?_STRNCMP?STRNCMP
            XDATA   4D41H     0007H     UNIT         ?XD?MAIN
            XDATA   4D48H     0007H     UNIT         ?XD?_FIRMWAREUPDATEWRITEDATA?FLASH
            XDATA   4D4FH     0006H     UNIT         ?XD?KERNELSETTING
            XDATA   4D55H     0006H     UNIT         ?XD?_UIP_ARP_UPDATE?UIP_ARP
            XDATA   4D5BH     0006H     UNIT         ?XD?_ETHERNETSEND?MACDRIVER
            XDATA   4D61H     0006H     UNIT         ?XD?CGIUTIL
            XDATA   4D67H     0006H     UNIT         ?XD?_FS_OPEN03?HTMFILES
            XDATA   4D6DH     0005H     UNIT         ?XD?_FLASH_WRITE_BYTE?FLASH
            XDATA   4D72H     0004H     UNIT         ?XD?LOADEEPROM2MEMORY?EE_PROCESS
            XDATA   4D76H     0004H     UNIT         ?XD?_FLASH_ERASE_SECTOR_SST39VLF040?FLASH
            XDATA   4D7AH     0004H     UNIT         ?XD?_UIP_PROCESS?UIP
            XDATA   4D7EH     0004H     UNIT         ?XD?_CGI_CALLERASE?UPDATECBK
            XDATA   4D82H     0004H     UNIT         ?XD?_SSI_WARN?UPDATECBK
            XDATA   4D86H     0003H     UNIT         ?XD?BOOTMAIN?BOOTMAIN
            XDATA   4D89H     0003H     UNIT         ?XD?EEPROMINIT?EE_PROCESS
            XDATA   4D8CH     0003H     UNIT         ?XD?UIP_ARP_OUT?UIP_ARP
            XDATA   4D8FH     0003H     UNIT         ?XD?_CRC_CALCULATION?DMA
            XDATA   4D92H     0003H     UNIT         ?XD?_EEPROM_READ_BYTE?EEPROM
            XDATA   4D95H     0003H     UNIT         ?XD?_UIP_LOG?UIP
            XDATA   4D98H     0003H     UNIT         ?XD?_HTTPD_INIT_FILE?HTTPD_APP
            XDATA   4D9BH     0003H     UNIT         ?XD?_DATACPY03?HTMFILES
            XDATA   4D9EH     0003H     UNIT         ?XD?_SSI_FIRMWAREUPDATE?UPDATECBK
            XDATA   4DA1H     0003H     UNIT         ?XD?_SSI_ERASEFLASH?UPDATECBK
            XDATA   4DA4H     0003H     UNIT         ?XD?_SSI_UPDATECOMPLETE?UPDATECBK
BL51 BANKED LINKER/LOCATER V5.03                                                      08/07/2012  16:42:10  PAGE 4


            XDATA   4DA7H     0002H     UNIT         ?XD?MAIN?MAIN
            XDATA   4DA9H     0002H     UNIT         ?XD?RXFILTER?BOOTMAIN
            XDATA   4DABH     0002H     UNIT         ?XD?EEPROMCHECKDATAAVAILABLE?EE_PROCESS
            XDATA   4DADH     0002H     UNIT         ?XD?_UDP_SEND?UDP
            XDATA   4DAFH     0002H     UNIT         ?XD?_FILL_DMA_SETTING?DMA
            XDATA   4DB1H     0002H     UNIT         ?XD?_FIRMWAREUPDATMIRRORMODE?FLASH
            XDATA   4DB3H     0002H     UNIT         ?XD?_FLASH_ERASE_SECTOR_AT49BV040B_WHILE?FLASH
            XDATA   4DB5H     0002H     UNIT         ?XD?_FLASH_ERASE_SECTOR_MX29LV004CB_WHILE?FLASH
            XDATA   4DB7H     0002H     UNIT         ?XD?_FLASH_ERASE_SECTOR_SST39VF1681?FLASH
            XDATA   4DB9H     0002H     UNIT         ?XD?FLASH_ERASE_BANK_SST39VF1681?FLASH
            XDATA   4DBBH     0002H     UNIT         ?XD?FIRMWAREUPDATEERASEFLASH_SST39VLF040_WHILE?FLASH
            XDATA   4DBDH     0002H     UNIT         ?XD?_UIP_ADD32?MACDRIVER
            XDATA   4DBFH     0002H     UNIT         ?XD?QUERYSTR_FUNC?HTTPD_APP
            XDATA   4DC1H     0002H     UNIT         ?XD?_HTTPD_COPY_DATA?HTTPD_APP
            XDATA   4DC3H     0001H     UNIT         ?XD?CHECK_MAC?MAIN
            XDATA   4DC4H     0001H     UNIT         ?XD?BOOT_INIT?BOOTMAIN
            XDATA   4DC5H     0001H     UNIT         ?XD?_FLASH_ERASE_SECTOR_AT49BV040B_BOTTOMSECTOR_WHILE?FLASH
            XDATA   4DC6H     0001H     UNIT         ?XD?_FLASH_ERASE_SECTOR_MX29LV800CB_WHILE?FLASH
            XDATA   4DC7H     0001H     UNIT         ?XD?_FLASH_ERASE_SECTOR_MX29LV004CB_BOTTOMSECTOR_WHILE?FLASH
            XDATA   4DC8H     0001H     UNIT         ?XD?_FLASH_ERASE_SECTOR_MX29LV800CB_BOTTOMSECTOR_WHILE?FLASH
            XDATA   4DC9H     0001H     UNIT         ?XD?FLASHIDENTIFICATION?FLASH
            XDATA   4DCAH     0001H     UNIT         ?XD?IP_ADDRESS_FILL?MACDRIVER

            * * * * * * *   C O D E   M E M O R Y   * * * * * * *
                    0000H     6000H                  *** GAP ***
            CODE    6000H     1761H     UNIT         ?PR?_UIP_PROCESS?UIP
            CODE    7761H     072DH     UNIT         ?PR?HTTPD?HTTPD
            CODE    7E8EH     014BH     UNIT         ?PR?HTTPD_DATA_PROCESSING?CGI
            CODE    7FD9H     0024H     UNIT         ?PR?BOOT_PROC?MAIN
            CODE    7FFDH     0002H     UNIT         ?CO?CGIUTIL
            CODE    7FFFH     0001H     UNIT         ?PR?UDP_XMIT?UIP
            CODE    8000H     0047H     UNIT         ?CO?EEDEFAULT
            CODE    8047H     0040H     UNIT         ?PR?_UIP_LISTEN?UIP
            CODE    8087H     0006H     ABSOLUTE     
            CODE    808DH     0002H     ABSOLUTE     
            CODE    808FH     0003H     ABSOLUTE     
            CODE    8092H     006CH     UNIT         ?CO?FLASH
            CODE    80FEH     0081H     UNIT         ?PR?_STRCSPN?STRCSPN
                    817FH     0001H                  *** GAP ***
            CODE    8180H     0001H     UNIT         ?PR?NOP?FLASH
            CODE    8181H     0043H     UNIT         ?PR?_DELAY_10MS?FLASH
            CODE    81C4H     000EH     UNIT         ?PR?_START_MIRROR_MODE?FLASH
            CODE    81D2H     0012H     UNIT         ?PR?STOP_MIRROR_MODE?FLASH
            CODE    81E4H     0006H     UNIT         ?PR?FLASH_ACCESS_ENABLE?FLASH
            CODE    81EAH     0022H     UNIT         ?PR?FLASH_ACCESS_DISABLE?FLASH
            CODE    820CH     0013H     UNIT         ?PR?_FLASH_READ_BYTE?FLASH
            CODE    821FH     0026H     UNIT         ?PR?_FIRMWAREUPDATMIRRORMODE?FLASH
            CODE    8245H     0089H     UNIT         ?PR?_FIRMWAREUPDATEFLASHBANKCHECK?FLASH
            CODE    82CEH     0116H     UNIT         ?PR?FIRMWAREUPDATEFLASHCHECK?FLASH
            CODE    83E4H     0033H     UNIT         ?PR?_FLASH_SWITCH_BANK?FLASH
            CODE    8417H     0058H     UNIT         ?PR?MX_TOGGLE?FLASH
            CODE    846FH     0117H     UNIT         ?PR?_FLASH_WRITE_BYTE?FLASH
            CODE    8586H     0014H     UNIT         ?PR?_FLASH_ERASE_SECTOR_AT49BV040B_WHILE?FLASH
            CODE    859AH     0041H     UNIT         ?PR?_FLASH_ERASE_SECTOR_AT49BV040B_BOTTOMSECTOR_WHILE?FLASH
            CODE    85DBH     0014H     UNIT         ?PR?_FLASH_ERASE_SECTOR_MX29LV004CB_WHILE?FLASH
            CODE    85EFH     0031H     UNIT         ?PR?_FLASH_ERASE_SECTOR_MX29LV800CB_WHILE?FLASH
            CODE    8620H     0041H     UNIT         ?PR?_FLASH_ERASE_SECTOR_MX29LV004CB_BOTTOMSECTOR_WHILE?FLASH
BL51 BANKED LINKER/LOCATER V5.03                                                      08/07/2012  16:42:10  PAGE 5


            CODE    8661H     0041H     UNIT         ?PR?_FLASH_ERASE_SECTOR_MX29LV800CB_BOTTOMSECTOR_WHILE?FLASH
            CODE    86A2H     003DH     UNIT         ?PR?_FLASH_ERASE_SECTOR_SST39VF1681?FLASH
            CODE    86DFH     0039H     UNIT         ?PR?FLASH_ERASE_BANK_SST39VF1681?FLASH
            CODE    8718H     0057H     UNIT         ?PR?_FLASH_ERASE_SECTOR_SST39VLF040?FLASH
            CODE    876FH     00D5H     UNIT         ?PR?FIRMWAREUPDATEERASEFLASH_MX29LV004CB_WHILE?FLASH
            CODE    8844H     00D3H     UNIT         ?PR?FIRMWAREUPDATEERASEFLASH_AT49BV040B_WHILE?FLASH
            CODE    8917H     00C0H     UNIT         ?PR?FIRMWAREUPDATEERASEFLASH_MX29LV800CB_WHILE?FLASH
            CODE    89D7H     012EH     UNIT         ?PR?FIRMWAREUPDATEERASEFLASH_SST39VLF040_WHILE?FLASH
            CODE    8B05H     0034H     UNIT         ?PR?FLASH_CHECK_SIZE?FLASH
            CODE    8B39H     01A0H     UNIT         ?PR?FLASHIDENTIFICATION?FLASH
            CODE    8CD9H     00D8H     UNIT         ?PR?FIRMWAREUPDATEERASEFLASH_WHILE?FLASH
            CODE    8DB1H     00BFH     UNIT         ?PR?_FIRMWAREUPDATEWRITEDATA?FLASH
            CODE    8E70H     000CH     UNIT         ?PR?CBK_FLASH_SIZE_CHECK?FLASH
            CODE    8E7CH     0013H     UNIT         ?PR?EEMEMORYINIT?EE_PROCESS
            CODE    8E8FH     0365H     UNIT         ?PR?PRINTF?PRINTF
            CODE    91F4H     000BH     UNIT         ?PR?TFD_INDEX?MACDRIVER
            CODE    91FFH     0027H     UNIT         ?PR?PUTCHAR?PUTCHAR
            CODE    9226H     0098H     UNIT         ?PR?MAIN?MAIN
                    92BEH     0002H                  *** GAP ***
            CODE    92C0H     0040H     UNIT         ?FLASHSUM
            CODE    9300H     001AH     UNIT         ?DELAY
            CODE    931AH     0B69H     UNIT         ?C?LIB_CODE
                    9E83H     0001H                  *** GAP ***
            CODE    9E84H     0007H     UNIT         ?PR?WATCHDOGTIMERRESET?MAIN
            CODE    9E8BH     0BFEH     UNIT         ?CO?HTMFILES
            CODE    AA89H     060CH     UNIT         ?PR?WITH_TAG_PAGE?CGIUTIL
            CODE    B095H     0435H     UNIT         ?PR?_CGI_FIRMWAREUPDATE?UPDATECBK
            CODE    B4CAH     02E6H     UNIT         ?PR?RXFILTER?BOOTMAIN
            CODE    B7B0H     029EH     UNIT         ?PR?BOOTMAIN?BOOTMAIN
            CODE    BA4EH     0250H     UNIT         ?PR?TFTP_PROCESS?TFTPD
            CODE    BC9EH     0244H     UNIT         ?PR?BOOT_INIT?BOOTMAIN
            CODE    BEE2H     0230H     UNIT         ?PR?UIP_ARP_OUT?UIP_ARP
            CODE    C112H     021CH     UNIT         ?PR?_UIP_ARP_UPDATE?UIP_ARP
            CODE    C32EH     01FFH     UNIT         ?PR?_ETHERNETRECEIVE?MACDRIVER
            CODE    C52DH     01DBH     UNIT         ?PR?_UIP_CONNECT?UIP
            CODE    C708H     01C3H     UNIT         ?PR?UIP_ARP_ARPIN?UIP_ARP
            CODE    C8CBH     01BAH     UNIT         ?PR?_UDP_SEND?UDP
            CODE    CA85H     0185H     UNIT         ?PR?EEPROMINIT?EE_PROCESS
            CODE    CC0AH     0140H     UNIT         ?PR?_FS_OPEN03?HTMFILES
            CODE    CD4AH     0134H     UNIT         ?PR?QUERYSTR_FUNC?HTTPD_APP
            CODE    CE7EH     012DH     UNIT         ?PR?LAST_TAG_PAGE?CGIUTIL
            CODE    CFABH     0122H     UNIT         ?C_INITSEG
            CODE    D0CDH     0112H     UNIT         ?PR?HTTPD_HEADER_INIT?HTTPD_APP
            CODE    D1DFH     010DH     UNIT         ?PR?_HTTPD_INIT_FILE?HTTPD_APP
            CODE    D2ECH     00F2H     UNIT         ?PR?_UITOS?CGIUTIL
            CODE    D3DEH     00EEH     UNIT         ?PR?UIP_ARP_IPIN?UIP_ARP
            CODE    D4CCH     00DBH     UNIT         ?PR?ARP_PACKET_INIT?UIP_ARP
            CODE    D5A7H     00D1H     UNIT         ?PR?_STRFIND?HTTPD_APP
            CODE    D678H     00C9H     UNIT         ?CO?BOOTMAIN
            CODE    D741H     00C7H     UNIT         ?PR?_ETHERNETSEND?MACDRIVER
            CODE    D808H     00BEH     UNIT         ?C_C51STARTUP
            CODE    D8C6H     00B9H     UNIT         ?PR?_IP210_DMA?DMA
            CODE    D97FH     00B0H     UNIT         ?CO?UPDATECBK
            CODE    DA2FH     00A8H     UNIT         ?PR?UIP_ARP_TIMER?UIP_ARP
            CODE    DAD7H     00A6H     UNIT         ?PR?TAG_ADDRESS_BIGGER_MSS?CGIUTIL
            CODE    DB7DH     0099H     UNIT         ?PR?CHECK_MAC?MAIN
            CODE    DC16H     008BH     UNIT         ?PR?_CRC_CALCULATION?DMA
BL51 BANKED LINKER/LOCATER V5.03                                                      08/07/2012  16:42:10  PAGE 6


            CODE    DCA1H     0083H     UNIT         ?PR?_UIP_ADD32?MACDRIVER
            CODE    DD24H     007CH     UNIT         ?PR?_SSI_MAIN?UPDATECBK
            CODE    DDA0H     007BH     UNIT         ?PR?_STOUI?CGIUTIL
            CODE    DE1BH     0076H     UNIT         ?PR?_STRNCMP?STRNCMP
            CODE    DE91H     0075H     UNIT         ?CO?MAIN
            CODE    DF06H     0072H     UNIT         ?PR?_SSI_ERASEFLASH?UPDATECBK
            CODE    DF78H     0070H     UNIT         ?PR?EEPROMCHECKDATAAVAILABLE?EE_PROCESS
            CODE    DFE8H     006CH     UNIT         ?PR?UIP_ARP_INIT?UIP_ARP
            CODE    E054H     0069H     UNIT         ?CO?TFTPD
            CODE    E0BDH     0054H     UNIT         ?PR?_EEPROM_READ_BYTE?EEPROM
            CODE    E111H     0054H     UNIT         ?PR?UIP_INIT?UIP
            CODE    E165H     0053H     UNIT         ?PR?_UIP_ADD_RCV_NXT?UIP
            CODE    E1B8H     0051H     UNIT         ?PR?_HTTPD_COPY_DATA?HTTPD_APP
            CODE    E209H     004FH     UNIT         ?PR?_CHECK_PACKET_TYPE?MACDRIVER
            CODE    E258H     004FH     UNIT         ?PR?_SSI_FIRMWAREUPDATE?UPDATECBK
            CODE    E2A7H     004EH     UNIT         ?PR?MAC_INIT?MACDRIVER
            CODE    E2F5H     004EH     UNIT         ?CO?HTTPD_APP
            CODE    E343H     0043H     UNIT         ?PR?LOADEEPROM2MEMORY?EE_PROCESS
            CODE    E386H     0043H     UNIT         ?PR?_UIP_UNLISTEN?UIP
            CODE    E3C9H     003EH     UNIT         ?PR?IP_ADDRESS_FILL?MACDRIVER
            CODE    E407H     003CH     UNIT         ?PR?IP210_WRITE_TIMER_COUNTER?TIMER
            CODE    E443H     003CH     UNIT         ?PR?_SSI_UPDATECOMPLETE?UPDATECBK
            CODE    E47FH     0039H     UNIT         ?PR?_DATACPY03?HTMFILES
            CODE    E4B8H     002DH     UNIT         ?PR?_FILL_DMA_SETTING?DMA
            CODE    E4E5H     002CH     UNIT         ?PR?MONITOR_TX_MAC?MACDRIVER
            CODE    E511H     002BH     UNIT         ?PR?CHECKPKTSEND?BOOTMAIN
            CODE    E53CH     0024H     UNIT         ?PR?MAC_ADDRESS_FILL?MACDRIVER
            CODE    E560H     0021H     UNIT         ?PR?SEND_ARP_REQ?UIP_ARP
            CODE    E581H     0021H     UNIT         ?CO?HTTPD
            CODE    E5A2H     0020H     UNIT         ?PR?SERIAL_INIT?SERIAL
            CODE    E5C2H     001FH     UNIT         ?PR?_GET_TAG03?HTMFILES
            CODE    E5E1H     001DH     UNIT         ?PR?_RESIZE_RX_BUF?MACDRIVER
            CODE    E5FEH     001DH     UNIT         ?PR?_CGI_CALLERASE?UPDATECBK
            CODE    E61BH     001CH     UNIT         ?PR?RESET_TX?MACDRIVER
            CODE    E637H     001CH     UNIT         ?PR?_IP210_CHECKSUM?MACDRIVER
            CODE    E653H     001CH     UNIT         ?PR?_STRCHR?STRCHR
            CODE    E66FH     001AH     UNIT         ?PR?TIMERCOUNTER_INIT?TIMER
            CODE    E689H     0019H     UNIT         ?PR?_UIP_IPCHECKSUM?MACDRIVER
            CODE    E6A2H     0019H     UNIT         ?PR?TIMER_COUNTER_OVERFLOW?TIMER
            CODE    E6BBH     0018H     UNIT         ?PR?IP210_DMA_SET_IDLE?DMA
            CODE    E6D3H     0015H     UNIT         ?PR?_STRLEN?STRLEN
            CODE    E6E8H     0013H     UNIT         ?PR?KERNELSETTINGINIT?KERNELSETTING
            CODE    E6FBH     0012H     UNIT         ?PR?IP210_DMA_IDLE_RESTORE?DMA
            CODE    E70DH     0012H     UNIT         ?PR?_SERIAL_CHECK_RX?SERIAL
            CODE    E71FH     000FH     UNIT         ?PR?IP210_SWRESET?MAIN
            CODE    E72EH     000FH     UNIT         ?CO?EE_PROCESS
            CODE    E73DH     000EH     UNIT         ?PR?TIMER2_INIT?TIMER
            CODE    E74BH     000CH     UNIT         ?PR?OS_CBK_FU_SWITCH_INIT?FW_OS_CBK
            CODE    E757H     000CH     UNIT         ?PR?_SSI_WARN?UPDATECBK
            CODE    E763H     000BH     UNIT         ?PR?SERIAL_POLLING_RX?SERIAL
            CODE    E76EH     000AH     UNIT         ?PR?IP210_WAIT_DMA_COMPLETE?DMA
            CODE    E778H     0008H     UNIT         ?PR?OS_CBK_ARP_TIMEOUT?FW_OS_CBK
            CODE    E780H     0008H     UNIT         ?PR?EEPROM_ENABLE?EEPROM
            CODE    E788H     0008H     UNIT         ?PR?EEPROM_DISABLE?EEPROM
            CODE    E790H     0007H     UNIT         ?PR?WATCHDOGTIMERINIT?MAIN
            CODE    E797H     0007H     UNIT         ?PR?HTTPD_INIT?HTTPD
            CODE    E79EH     0006H     UNIT         ?PR?_UIP_LOG?UIP
BL51 BANKED LINKER/LOCATER V5.03                                                      08/07/2012  16:42:10  PAGE 7


                    E7A4H     1852H                  *** GAP ***
            CODE    FFF6H     0007H     ABSOLUTE     
            CODE    FFFDH     0003H     ABSOLUTE     



SYMBOL TABLE OF MODULE:  .\obj\firmwareUpdate (MAIN)

  VALUE           TYPE          NAME
  ----------------------------------

  -------         MODULE        MAIN
  C:0000H         SYMBOL        _ICE_DUMMY_
  D:0090H         PUBLIC        P1
  D:00B0H         PUBLIC        P3
  B:00D8H.1       PUBLIC        WDTEN
  D:00E8H         PUBLIC        P4
  D:00DAH         PUBLIC        OUTPUTEN
  D:00A8H         PUBLIC        IE
  C:DB7DH         PUBLIC        Check_MAC
  D:00B8H         PUBLIC        IP
  C:9E84H         PUBLIC        WatchDogTimerReset
  C:9226H         PUBLIC        main
  D:00EFH         PUBLIC        WDTWCYC
  C:E790H         PUBLIC        WatchDogTimerInit
  D:0098H         PUBLIC        SCON
  D:0088H         PUBLIC        TCON
  C:E71FH         PUBLIC        IP210_SWReset
  C:7FD9H         PUBLIC        boot_proc
  D:00D8H         PUBLIC        WDTCON
  B:00D8H.2       PUBLIC        WDTCLR
  X:4D41H         PUBLIC        Flash_check_error_flag
  D:00C8H         PUBLIC        T2CON
  X:4D42H         PUBLIC        All0_buf
  B:00D8H.0       PUBLIC        WDTRST
  D:008EH         PUBLIC        CKCON
  D:00D0H         PUBLIC        PSW
  -------         PROC          WATCHDOGTIMERINIT
  C:E790H         LINE#         26
  C:E790H         LINE#         27
  C:E790H         LINE#         29
  C:E793H         LINE#         32
  C:E796H         LINE#         33
  -------         ENDPROC       WATCHDOGTIMERINIT
  -------         PROC          WATCHDOGTIMERRESET
  C:9E84H         LINE#         34
  C:9E84H         LINE#         35
  C:9E84H         LINE#         36
  C:9E86H         LINE#         37
  C:9E8AH         LINE#         38
  -------         ENDPROC       WATCHDOGTIMERRESET
  -------         PROC          CHECK_MAC
  -------         DO            
  X:4DC3H         SYMBOL        valid_flag
  -------         ENDDO         
  C:DB7DH         LINE#         51
  C:DB7DH         LINE#         52
BL51 BANKED LINKER/LOCATER V5.03                                                      08/07/2012  16:42:10  PAGE 8


  C:DB7DH         LINE#         55
  C:DB83H         LINE#         56
  C:DB91H         LINE#         57
  C:DBADH         LINE#         58
  C:DBADH         LINE#         59
  C:DBB1H         LINE#         60
  C:DBB1H         LINE#         61
  C:DBC0H         LINE#         62
  C:DBDCH         LINE#         63
  C:DBDCH         LINE#         64
  C:DBE0H         LINE#         65
  C:DBE0H         LINE#         66
  C:DBECH         LINE#         67
  C:DBECH         LINE#         68
  C:DBF1H         LINE#         69
  C:DBF1H         LINE#         70
  C:DBF7H         LINE#         71
  C:DBF7H         LINE#         72
  C:DC10H         LINE#         73
  C:DC10H         LINE#         74
  C:DC15H         LINE#         75
  -------         ENDPROC       CHECK_MAC
  -------         PROC          BOOT_PROC
  C:7FD9H         LINE#         88
  C:7FD9H         LINE#         89
  C:7FD9H         LINE#         94
  C:7FDCH         LINE#         95
  C:7FDFH         LINE#         97
  C:7FE5H         LINE#         98
  C:7FE5H         LINE#         100
  C:7FEEH         LINE#         101
  C:7FEEH         LINE#         104
  C:7FF1H         LINE#         106
  C:7FF7H         LINE#         107
  C:7FFAH         LINE#         111
  -------         ENDPROC       BOOT_PROC
  -------         PROC          IP210_SWRESET
  -------         DO            
  D:0007H         SYMBOL        i
  -------         ENDDO         
  C:E71FH         LINE#         125
  C:E71FH         LINE#         126
  C:E71FH         LINE#         129
  C:E725H         LINE#         131
  C:E727H         LINE#         132
  C:E72DH         LINE#         134
  -------         ENDPROC       IP210_SWRESET
  -------         PROC          MAIN
  -------         DO            
  X:4DA7H         SYMBOL        chk_tmp
  X:4DA8H         SYMBOL        count
  -------         ENDDO         
  C:9226H         LINE#         146
  C:9226H         LINE#         147
  C:9226H         LINE#         150
  C:9229H         LINE#         152
  C:922CH         LINE#         156
BL51 BANKED LINKER/LOCATER V5.03                                                      08/07/2012  16:42:10  PAGE 9


  C:922FH         LINE#         158
  C:9232H         LINE#         160
  C:9234H         LINE#         162
  C:9237H         LINE#         164
  C:924AH         LINE#         168
  C:924DH         LINE#         170
  C:9253H         LINE#         171
  C:9256H         LINE#         173
  C:925DH         LINE#         177
  C:926AH         LINE#         178
  C:926DH         LINE#         179
  C:9270H         LINE#         183
  C:9277H         LINE#         184
  C:9277H         LINE#         185
  C:9277H         LINE#         186
  C:9279H         LINE#         188
  C:9279H         LINE#         189
  C:927EH         LINE#         190
  C:927EH         LINE#         193
  C:9281H         LINE#         194
  C:9287H         LINE#         195
  C:9287H         LINE#         196
  C:928DH         LINE#         197
  C:928DH         LINE#         198
  C:9293H         LINE#         199
  C:929CH         LINE#         200
  C:929CH         LINE#         201
  C:92A5H         LINE#         202
  C:92ABH         LINE#         203
  C:92AEH         LINE#         204
  C:92AEH         LINE#         206
  C:92AEH         LINE#         207
  C:92B1H         LINE#         208
  C:92BAH         LINE#         213
  C:92BDH         LINE#         214
  C:92BDH         LINE#         215
  C:92BDH         LINE#         216
  -------         ENDPROC       MAIN
  -------         ENDMOD        MAIN

  -------         MODULE        BOOTMAIN
  C:0000H         SYMBOL        _ICE_DUMMY_
  D:0090H         PUBLIC        P1
  D:00B0H         PUBLIC        P3
  D:00E8H         PUBLIC        P4
  X:4C16H         SYMBOL        current
  D:00A8H         PUBLIC        IE
  X:4C1AH         PUBLIC        icp_netinfo
  D:00B8H         PUBLIC        IP
  C:E511H         PUBLIC        CheckPktSend
  X:4C2CH         PUBLIC        tftp_counter
  X:4C30H         PUBLIC        ipid
  X:4C32H         PUBLIC        uip_fw_buf
  X:4C35H         SYMBOL        start
  X:4C39H         PUBLIC        last_tagged_ethertype_offset
  D:0098H         PUBLIC        SCON
  C:B4CAH         PUBLIC        RxFilter
BL51 BANKED LINKER/LOCATER V5.03                                                      08/07/2012  16:42:10  PAGE 10


  D:0088H         PUBLIC        TCON
  X:4C3AH         PUBLIC        Global_flag_restart
  X:4C3BH         PUBLIC        Global_suspend_count
  C:BC9EH         PUBLIC        boot_init
  X:4C3CH         PUBLIC        tftp_start_flag
  X:4C3DH         PUBLIC        Global_flag_firmwareupdate_inprogress
  D:00D8H         PUBLIC        WDTCON
  X:4C3EH         PUBLIC        tftp_last_flag
  X:4C3FH         PUBLIC        blok_num
  C:B7B0H         PUBLIC        bootmain
  D:00C8H         PUBLIC        T2CON
  X:4C41H         PUBLIC        Rx_data_len
  D:00D0H         PUBLIC        PSW
  -------         PROC          CHECKPKTSEND
  C:E511H         LINE#         49
  C:E511H         LINE#         50
  C:E511H         LINE#         51
  C:E520H         LINE#         52
  C:E520H         LINE#         53
  C:E523H         LINE#         54
  C:E534H         LINE#         55
  C:E53BH         LINE#         56
  C:E53BH         LINE#         57
  -------         ENDPROC       CHECKPKTSEND
  -------         PROC          BOOT_INIT
  -------         DO            
  X:4DC4H         SYMBOL        i
  -------         ENDDO         
  C:BC9EH         LINE#         73
  C:BC9EH         LINE#         74
  C:BC9EH         LINE#         76
  C:BCA7H         LINE#         77
  C:BCB6H         LINE#         78
  C:BCB6H         LINE#         79
  C:BCD0H         LINE#         82
  C:BCF0H         LINE#         83
  C:BD10H         LINE#         85
  C:BD18H         LINE#         86
  C:BD35H         LINE#         89
  C:BD55H         LINE#         90
  C:BD79H         LINE#         92
  C:BD82H         LINE#         93
  C:BD87H         LINE#         94
  C:BD87H         LINE#         95
  C:BDA7H         LINE#         97
  C:BDCFH         LINE#         98
  C:BDDBH         LINE#         99
  C:BDFBH         LINE#         101
  C:BE23H         LINE#         102
  C:BE2CH         LINE#         104
  C:BE4AH         LINE#         105
  C:BE62H         LINE#         107
  C:BE7AH         LINE#         108
  C:BE92H         LINE#         109
  C:BEAAH         LINE#         110
  C:BEC2H         LINE#         112
  C:BEC9H         LINE#         114
BL51 BANKED LINKER/LOCATER V5.03                                                      08/07/2012  16:42:10  PAGE 11


  C:BECDH         LINE#         116
  C:BED1H         LINE#         118
  C:BED7H         LINE#         120
  C:BEE1H         LINE#         121
  -------         ENDPROC       BOOT_INIT
  -------         PROC          RXFILTER
  -------         DO            
  X:4DA9H         SYMBOL        i
  X:4DAAH         SYMBOL        j
  -------         ENDDO         
  C:B4CAH         LINE#         124
  C:B4CAH         LINE#         125
  C:B4CAH         LINE#         129
  C:B4DBH         LINE#         130
  C:B4DBH         LINE#         132
  C:B4E7H         LINE#         133
  C:B4EAH         LINE#         134
  C:B4ECH         LINE#         136
  C:B4ECH         LINE#         140
  C:B50FH         LINE#         147
  C:B50FH         LINE#         149
  C:B51BH         LINE#         150
  C:B51BH         LINE#         152
  C:B51BH         LINE#         155
  C:B54DH         LINE#         156
  C:B54DH         LINE#         158
  C:B553H         LINE#         159
  C:B583H         LINE#         160
  C:B583H         LINE#         161
  C:B583H         LINE#         162
  C:B586H         LINE#         164
  C:B586H         LINE#         166
  C:B5E2H         LINE#         185
  C:B5E2H         LINE#         187
  C:B5E8H         LINE#         188
  C:B618H         LINE#         189
  C:B62FH         LINE#         190
  C:B63DH         LINE#         191
  C:B64CH         LINE#         193
  C:B64CH         LINE#         196
  C:B65FH         LINE#         197
  C:B65FH         LINE#         199
  C:B68DH         LINE#         200
  C:B68DH         LINE#         202
  C:B693H         LINE#         203
  C:B6C3H         LINE#         204
  C:B6C3H         LINE#         205
  C:B6C3H         LINE#         206
  C:B6C3H         LINE#         207
  C:B6C3H         LINE#         208
  C:B6C6H         LINE#         209
  C:B6C6H         LINE#         211
  C:B725H         LINE#         233
  C:B725H         LINE#         235
  C:B72BH         LINE#         236
  C:B75BH         LINE#         237
  C:B772H         LINE#         238
BL51 BANKED LINKER/LOCATER V5.03                                                      08/07/2012  16:42:10  PAGE 12


  C:B780H         LINE#         239
  C:B78EH         LINE#         240
  C:B796H         LINE#         241
  C:B798H         LINE#         242
  C:B798H         LINE#         243
  C:B7A1H         LINE#         244
  C:B7A8H         LINE#         245
  C:B7AFH         LINE#         246
  C:B7AFH         LINE#         247
  C:B7AFH         LINE#         248
  -------         ENDPROC       RXFILTER
  -------         PROC          BOOTMAIN
  -------         DO            
  X:4D86H         SYMBOL        i
  X:4D87H         SYMBOL        uip_len_tmp
  -------         ENDDO         
  C:B7B0H         LINE#         262
  C:B7B0H         LINE#         263
  C:B7B0H         LINE#         270
  C:B7B3H         LINE#         271
  C:B7B6H         LINE#         272
  C:B7B9H         LINE#         273
  C:B7BCH         LINE#         274
  C:B7BFH         LINE#         275
  C:B7C8H         LINE#         276
  C:B7C8H         LINE#         277
  C:B7C8H         LINE#         278
  C:B7CBH         LINE#         279
  C:B7D4H         LINE#         280
  C:B7D4H         LINE#         281
  C:B7D7H         LINE#         282
  C:B7D7H         LINE#         283
  C:B7DDH         LINE#         284
  C:B7DDH         LINE#         285
  C:B7E0H         LINE#         286
  C:B7E0H         LINE#         288
  C:B7F1H         LINE#         298
  C:B800H         LINE#         299
  C:B800H         LINE#         301
  C:B803H         LINE#         305
  C:B803H         LINE#         306
  C:B812H         LINE#         307
  C:B824H         LINE#         308
  C:B824H         LINE#         309
  C:B827H         LINE#         310
  C:B836H         LINE#         312
  C:B84BH         LINE#         313
  C:B84BH         LINE#         329
  C:B84EH         LINE#         330
  C:B860H         LINE#         331
  C:B860H         LINE#         332
  C:B871H         LINE#         333
  C:B878H         LINE#         335
  C:B878H         LINE#         336
  C:B87BH         LINE#         337
  C:B87BH         LINE#         338
  C:B88FH         LINE#         339
BL51 BANKED LINKER/LOCATER V5.03                                                      08/07/2012  16:42:10  PAGE 13


  C:B88FH         LINE#         340
  C:B8A0H         LINE#         341
  C:B8A0H         LINE#         343
  C:B8A3H         LINE#         344
  C:B8B5H         LINE#         345
  C:B8B5H         LINE#         348
  C:B8CCH         LINE#         349
  C:B8CCH         LINE#         350
  C:B8D3H         LINE#         351
  C:B8DCH         LINE#         352
  C:B8DCH         LINE#         354
  C:B8E3H         LINE#         355
  C:B8E8H         LINE#         356
  C:B8ECH         LINE#         361
  C:B8EFH         LINE#         364
  C:B8EFH         LINE#         365
  C:B8EFH         LINE#         366
  C:B8EFH         LINE#         367
  C:B8F2H         LINE#         368
  C:B8F2H         LINE#         384
  C:B8F2H         LINE#         385
  C:B8F7H         LINE#         386
  C:B8FAH         LINE#         387
  C:B8FAH         LINE#         388
  C:B8FAH         LINE#         389
  C:B8FAH         LINE#         391
  C:B920H         LINE#         392
  C:B94EH         LINE#         393
  C:B94EH         LINE#         395
  C:B951H         LINE#         397
  C:B959H         LINE#         398
  C:B959H         LINE#         399
  C:B96BH         LINE#         400
  C:B96BH         LINE#         401
  C:B971H         LINE#         403
  C:B973H         LINE#         404
  C:B985H         LINE#         405
  C:B985H         LINE#         407
  C:B991H         LINE#         408
  C:B996H         LINE#         409
  C:B998H         LINE#         411
  C:B998H         LINE#         412
  C:B9A1H         LINE#         413
  C:B9A1H         LINE#         414
  C:B9AAH         LINE#         415
  C:B9AAH         LINE#         416
  C:B9B0H         LINE#         417
  C:B9B5H         LINE#         418
  C:B9BEH         LINE#         419
  C:B9BEH         LINE#         420
  C:B9BEH         LINE#         422
  C:B9C4H         LINE#         423
  C:B9C6H         LINE#         424
  C:B9D5H         LINE#         425
  C:B9D5H         LINE#         426
  C:B9EAH         LINE#         427
  C:B9EFH         LINE#         428
BL51 BANKED LINKER/LOCATER V5.03                                                      08/07/2012  16:42:10  PAGE 14


  C:B9F2H         LINE#         429
  C:B9FAH         LINE#         430
  C:BA06H         LINE#         431
  C:BA06H         LINE#         433
  C:BA0FH         LINE#         434
  C:BA0FH         LINE#         435
  C:BA28H         LINE#         436
  C:BA3FH         LINE#         437
  C:BA3FH         LINE#         439
  C:BA48H         LINE#         440
  C:BA4BH         LINE#         441
  C:BA4BH         LINE#         442
  C:BA4BH         LINE#         443
  -------         ENDPROC       BOOTMAIN
  -------         ENDMOD        BOOTMAIN

  -------         MODULE        ?C_STARTUP
  C:D808H         SEGMENT       ?C_C51STARTUP
  I:0073H         SEGMENT       ?STACK
  C:808FH         PUBLIC        ?C_STARTUP
  C:D836H         PUBLIC        CPU_GOTO_0000H
  C:D843H         PUBLIC        CPU_GOTO_FFFDH
  B:00D0H.6       SYMBOL        AC
  D:00E0H         SYMBOL        ACC
  D:00F0H         SYMBOL        B
  B:0020H.0       SYMBOL        BITADDR
  B:00C8H.0       SYMBOL        CP_RL2
  B:00D0H.7       SYMBOL        CY
  B:00C8H.1       SYMBOL        C_T2
  D:0083H         SYMBOL        DPH
  D:0082H         SYMBOL        DPL
  B:00A8H.7       SYMBOL        EA
  C:D808H         SYMBOL        END_POINT
  B:00A8H.4       SYMBOL        ES
  B:00A8H.1       SYMBOL        ET0
  B:00A8H.3       SYMBOL        ET1
  B:00A8H.5       SYMBOL        ET2
  B:00A8H.0       SYMBOL        EX0
  B:00A8H.2       SYMBOL        EX1
  B:00C8H.3       SYMBOL        EXEN2
  B:00C8H.6       SYMBOL        EXF2
  B:00D0H.5       SYMBOL        F0
  N:0000H         SYMBOL        IBPSTACK
  N:0100H         SYMBOL        IBPSTACKTOP
  N:0080H         SYMBOL        IDATALEN
  C:D80DH         SYMBOL        IDATALOOP
  D:00A8H         SYMBOL        IE
  B:0088H.1       SYMBOL        IE0
  B:0088H.3       SYMBOL        IE1
  B:00B0H.2       SYMBOL        INT0
  B:00B0H.3       SYMBOL        INT1
  D:00B8H         SYMBOL        IP
  B:0088H.0       SYMBOL        IT0
  B:0088H.2       SYMBOL        IT1
  B:00D0H.2       SYMBOL        OV
  B:00D0H.0       SYMBOL        P
  D:0080H         SYMBOL        P0
BL51 BANKED LINKER/LOCATER V5.03                                                      08/07/2012  16:42:10  PAGE 15


  D:0090H         SYMBOL        P1
  D:00A0H         SYMBOL        P2
  D:00B0H         SYMBOL        P3
  D:00E8H         SYMBOL        P4
  D:00DAH         SYMBOL        P4ENON
  N:0000H         SYMBOL        PBPSTACK
  N:0000H         SYMBOL        PBPSTACKTOP
  D:0087H         SYMBOL        PCON
  N:0000H         SYMBOL        PDATALEN
  N:0000H         SYMBOL        PDATASTART
  N:0000H         SYMBOL        PPAGE
  N:0000H         SYMBOL        PPAGEENABLE
  D:00A0H         SYMBOL        PPAGE_SFR
  B:00B8H.4       SYMBOL        PS
  D:00D0H         SYMBOL        PSW
  B:00B8H.1       SYMBOL        PT0
  B:00B8H.3       SYMBOL        PT1
  B:00B8H.5       SYMBOL        PT2
  B:00B8H.0       SYMBOL        PX0
  B:00B8H.2       SYMBOL        PX1
  B:0098H.2       SYMBOL        RB8
  D:00CBH         SYMBOL        RCAP2H
  D:00CAH         SYMBOL        RCAP2L
  B:00C8H.5       SYMBOL        RCLK
  B:00B0H.7       SYMBOL        RD
  B:0098H.4       SYMBOL        REN
  D:0030H         SYMBOL        RESERVED_DATA
  B:0098H.0       SYMBOL        RI
  B:00D0H.3       SYMBOL        RS0
  B:00D0H.4       SYMBOL        RS1
  B:00B0H.0       SYMBOL        RXD
  D:0099H         SYMBOL        SBUF
  D:0098H         SYMBOL        SCON
  B:0098H.7       SYMBOL        SM0
  B:0098H.6       SYMBOL        SM1
  B:0098H.5       SYMBOL        SM2
  D:0081H         SYMBOL        SP
  I:0073H         SYMBOL        STACK_LABEL
  C:D80AH         SYMBOL        STARTUP1
  C:D810H         SYMBOL        STARTUPF7
  B:00B0H.4       SYMBOL        T0
  B:00B0H.5       SYMBOL        T1
  B:0090H.0       SYMBOL        T2
  D:00C8H         SYMBOL        T2CON
  B:0090H.1       SYMBOL        T2EX
  B:0098H.3       SYMBOL        TB8
  B:00C8H.4       SYMBOL        TCLK
  D:0088H         SYMBOL        TCON
  B:0088H.5       SYMBOL        TF0
  B:0088H.7       SYMBOL        TF1
  B:00C8H.7       SYMBOL        TF2
  D:008CH         SYMBOL        TH0
  D:008DH         SYMBOL        TH1
  D:00CDH         SYMBOL        TH2
  B:0098H.1       SYMBOL        TI
  D:008AH         SYMBOL        TL0
  D:008BH         SYMBOL        TL1
BL51 BANKED LINKER/LOCATER V5.03                                                      08/07/2012  16:42:10  PAGE 16


  D:00CCH         SYMBOL        TL2
  D:0089H         SYMBOL        TMOD
  B:0088H.4       SYMBOL        TR0
  B:0088H.6       SYMBOL        TR1
  B:00C8H.2       SYMBOL        TR2
  B:00B0H.1       SYMBOL        TXD
  B:00B0H.6       SYMBOL        WR
  N:0000H         SYMBOL        XBPSTACK
  N:0000H         SYMBOL        XBPSTACKTOP
  N:8000H         SYMBOL        XDATALEN
  C:D818H         SYMBOL        XDATALOOP
  N:0000H         SYMBOL        XDATASTART
  C:8087H         LINE#         96
  C:808AH         LINE#         97
  C:808DH         LINE#         100
  C:808FH         LINE#         107
  C:D808H         LINE#         112
  C:D80AH         LINE#         116
  C:D80CH         LINE#         117
  C:D80DH         LINE#         118
  C:D80EH         LINE#         119
  C:D810H         LINE#         126
  C:D813H         LINE#         127
  C:D815H         LINE#         131
  C:D817H         LINE#         133
  C:D818H         LINE#         134
  C:D819H         LINE#         135
  C:D81AH         LINE#         136
  C:D81CH         LINE#         137
  C:D81EH         LINE#         173
  C:D821H         LINE#         175
  C:D823H         LINE#         176
  C:D825H         LINE#         177
  C:D827H         LINE#         178
  C:D829H         LINE#         179
  C:D82BH         LINE#         181
  C:D82DH         LINE#         182
  C:D82FH         LINE#         183
  C:D831H         LINE#         188
  C:D834H         LINE#         189
  C:D836H         LINE#         194
  C:D838H         LINE#         195
  C:D83AH         LINE#         196
  C:D83CH         LINE#         197
  C:D83EH         LINE#         198
  C:D840H         LINE#         199
  C:D843H         LINE#         203
  C:FFFDH         LINE#         205
  -------         ENDMOD        ?C_STARTUP

  -------         MODULE        EEDEFAULT
  C:0000H         SYMBOL        _ICE_DUMMY_
  D:0090H         PUBLIC        P1
  D:00B0H         PUBLIC        P3
  D:00E8H         PUBLIC        P4
  D:00A8H         PUBLIC        IE
  D:00B8H         PUBLIC        IP
BL51 BANKED LINKER/LOCATER V5.03                                                      08/07/2012  16:42:10  PAGE 17


  C:8000H         PUBLIC        EE_Default
  D:0098H         PUBLIC        SCON
  D:0088H         PUBLIC        TCON
  D:00D8H         PUBLIC        WDTCON
  D:00C8H         PUBLIC        T2CON
  D:00D0H         PUBLIC        PSW
  -------         ENDMOD        EEDEFAULT

  -------         MODULE        EE_PROCESS
  C:0000H         SYMBOL        _ICE_DUMMY_
  D:0090H         PUBLIC        P1
  D:00B0H         PUBLIC        P3
  D:00E8H         PUBLIC        P4
  X:422AH         PUBLIC        EE_result
  D:00A8H         PUBLIC        IE
  D:00B8H         PUBLIC        IP
  C:8E7CH         PUBLIC        EEMemoryInit
  X:422BH         PUBLIC        EE_membuffer
  C:DF78H         PUBLIC        EEPROMCheckDataAvailable
  D:0098H         PUBLIC        SCON
  D:0088H         PUBLIC        TCON
  X:4A2BH         PUBLIC        EE_Reserved_0
  D:00D8H         PUBLIC        WDTCON
  C:E343H         SYMBOL        LoadEEPROM2MEMORY
  C:CA85H         PUBLIC        EEPROMInit
  D:00C8H         PUBLIC        T2CON
  X:4A3BH         PUBLIC        EEConfigInfo
  D:00D0H         PUBLIC        PSW
  -------         PROC          LOADEEPROM2MEMORY
  -------         DO            
  X:4D72H         SYMBOL        i
  X:4D73H         SYMBOL        p
  -------         ENDDO         
  C:E343H         LINE#         73
  C:E343H         LINE#         74
  C:E343H         LINE#         78
  C:E34FH         LINE#         80
  C:E354H         LINE#         81
  C:E354H         LINE#         83
  C:E357H         LINE#         84
  C:E375H         LINE#         85
  C:E375H         LINE#         88
  C:E377H         LINE#         89
  C:E377H         LINE#         91
  C:E383H         LINE#         92
  C:E385H         LINE#         93
  -------         ENDPROC       LOADEEPROM2MEMORY
  -------         PROC          EEPROMCHECKDATAAVAILABLE
  -------         DO            
  X:4DABH         SYMBOL        eebyte
  X:4DACH         SYMBOL        i
  -------         ENDDO         
  C:DF78H         LINE#         117
  C:DF78H         LINE#         118
  C:DF78H         LINE#         122
  C:DF87H         LINE#         123
  C:DF87H         LINE#         124
BL51 BANKED LINKER/LOCATER V5.03                                                      08/07/2012  16:42:10  PAGE 18


  C:DF9BH         LINE#         125
  C:DF9BH         LINE#         126
  C:DFA9H         LINE#         127
  C:DFA9H         LINE#         129
  C:DFADH         LINE#         130
  C:DFAFH         LINE#         131
  C:DFAFH         LINE#         133
  C:DFCFH         LINE#         134
  C:DFCFH         LINE#         135
  C:DFD5H         LINE#         136
  C:DFD8H         LINE#         137
  C:DFD8H         LINE#         138
  C:DFE0H         LINE#         139
  C:DFE6H         LINE#         141
  C:DFE7H         LINE#         143
  -------         ENDPROC       EEPROMCHECKDATAAVAILABLE
  -------         PROC          EEMEMORYINIT
  C:8E7CH         LINE#         156
  C:8E7CH         LINE#         157
  C:8E7CH         LINE#         158
  -------         ENDPROC       EEMEMORYINIT
  -------         PROC          EEPROMINIT
  -------         DO            
  X:4D89H         SYMBOL        i
  X:4D8BH         SYMBOL        eebyte
  -------         ENDDO         
  C:CA85H         LINE#         179
  C:CA85H         LINE#         180
  C:CA85H         LINE#         181
  C:CA8CH         LINE#         182
  C:CA8EH         LINE#         185
  C:CA91H         LINE#         187
  C:CA94H         LINE#         189
  C:CA9DH         LINE#         190
  C:CA9DH         LINE#         192
  C:CAB4H         LINE#         193
  C:CAB4H         LINE#         194
  C:CAC4H         LINE#         195
  C:CAD8H         LINE#         196
  C:CAE4H         LINE#         198
  C:CAFBH         LINE#         199
  C:CAFBH         LINE#         200
  C:CB0BH         LINE#         201
  C:CB1FH         LINE#         202
  C:CB2BH         LINE#         204
  C:CB42H         LINE#         205
  C:CB42H         LINE#         206
  C:CB52H         LINE#         207
  C:CB66H         LINE#         208
  C:CB72H         LINE#         210
  C:CB89H         LINE#         211
  C:CB89H         LINE#         212
  C:CB99H         LINE#         213
  C:CBADH         LINE#         214
  C:CBB9H         LINE#         216
  C:CBD0H         LINE#         217
  C:CBD0H         LINE#         218
BL51 BANKED LINKER/LOCATER V5.03                                                      08/07/2012  16:42:10  PAGE 19


  C:CBE0H         LINE#         219
  C:CBF4H         LINE#         220
  C:CC00H         LINE#         221
  C:CC00H         LINE#         222
  C:CC09H         LINE#         223
  C:CC09H         LINE#         224
  -------         ENDPROC       EEPROMINIT
  -------         ENDMOD        EE_PROCESS

  -------         MODULE        KERNELSETTING
  C:0000H         SYMBOL        _ICE_DUMMY_
  D:0090H         PUBLIC        P1
  D:00B0H         PUBLIC        P3
  D:00E8H         PUBLIC        P4
  D:00A8H         PUBLIC        IE
  D:00B8H         PUBLIC        IP
  X:4D4FH         PUBLIC        KSetting_Info
  D:0098H         PUBLIC        SCON
  D:0088H         PUBLIC        TCON
  D:00D8H         PUBLIC        WDTCON
  C:E6E8H         PUBLIC        KernelSettingInit
  D:00C8H         PUBLIC        T2CON
  D:00D0H         PUBLIC        PSW
  -------         PROC          KERNELSETTINGINIT
  C:E6E8H         LINE#         17
  C:E6E8H         LINE#         18
  C:E6E8H         LINE#         19
  C:E6EEH         LINE#         20
  C:E6F0H         LINE#         21
  C:E6F2H         LINE#         23
  -------         ENDPROC       KERNELSETTINGINIT
  -------         ENDMOD        KERNELSETTING

  -------         MODULE        FW_OS_CBK
  C:0000H         SYMBOL        _ICE_DUMMY_
  D:0090H         PUBLIC        P1
  D:00B0H         PUBLIC        P3
  D:00E8H         PUBLIC        P4
  C:E778H         PUBLIC        os_cbk_arp_timeout
  D:00A8H         PUBLIC        IE
  D:00B8H         PUBLIC        IP
  D:0098H         PUBLIC        SCON
  D:0088H         PUBLIC        TCON
  C:E74BH         PUBLIC        os_cbk_fu_switch_init
  D:00D8H         PUBLIC        WDTCON
  D:00C8H         PUBLIC        T2CON
  D:00D0H         PUBLIC        PSW
  -------         PROC          OS_CBK_FU_SWITCH_INIT
  C:E74BH         LINE#         15
  C:E74BH         LINE#         16
  C:E74BH         LINE#         18
  C:E752H         LINE#         19
  C:E756H         LINE#         21
  -------         ENDPROC       OS_CBK_FU_SWITCH_INIT
  -------         PROC          OS_CBK_ARP_TIMEOUT
  C:E778H         LINE#         22
  C:E778H         LINE#         23
BL51 BANKED LINKER/LOCATER V5.03                                                      08/07/2012  16:42:10  PAGE 20


  C:E778H         LINE#         24
  C:E77FH         LINE#         26
  -------         ENDPROC       OS_CBK_ARP_TIMEOUT
  -------         ENDMOD        FW_OS_CBK

  -------         MODULE        TFTPD
  C:0000H         SYMBOL        _ICE_DUMMY_
  D:0090H         PUBLIC        P1
  D:00B0H         PUBLIC        P3
  C:BA4EH         PUBLIC        TFTP_Process
  D:00E8H         PUBLIC        P4
  D:00A8H         PUBLIC        IE
  D:00B8H         PUBLIC        IP
  D:0098H         PUBLIC        SCON
  D:0088H         PUBLIC        TCON
  D:00D8H         PUBLIC        WDTCON
  D:00C8H         PUBLIC        T2CON
  D:00D0H         PUBLIC        PSW
  -------         PROC          TFTP_PROCESS
  C:BA4EH         LINE#         32
  C:BA4EH         LINE#         33
  C:BA4EH         LINE#         34
  C:BA5DH         LINE#         35
  C:BA5DH         LINE#         36
  C:BA61H         LINE#         38
  C:BA61H         LINE#         39
  C:BA68H         LINE#         40
  C:BA84H         LINE#         41
  C:BA84H         LINE#         42
  C:BAB8H         LINE#         43
  C:BAB8H         LINE#         44
  C:BAB8H         LINE#         46
  C:BABCH         LINE#         47
  C:BABFH         LINE#         48
  C:BABFH         LINE#         50
  C:BAC5H         LINE#         51
  C:BAC5H         LINE#         52
  C:BAC8H         LINE#         53
  C:BAD1H         LINE#         54
  C:BAD4H         LINE#         55
  C:BAD4H         LINE#         56
  C:BAE4H         LINE#         57
  C:BAEBH         LINE#         58
  C:BAFBH         LINE#         60
  C:BB02H         LINE#         61
  C:BB02H         LINE#         62
  C:BB08H         LINE#         63
  C:BB0AH         LINE#         64
  C:BB0AH         LINE#         65
  C:BB10H         LINE#         67
  C:BB15H         LINE#         68
  C:BB1CH         LINE#         69
  C:BB25H         LINE#         70
  C:BB25H         LINE#         71
  C:BB25H         LINE#         73
  C:BB2EH         LINE#         74
  C:BB2EH         LINE#         75
BL51 BANKED LINKER/LOCATER V5.03                                                      08/07/2012  16:42:10  PAGE 21


  C:BB38H         LINE#         76
  C:BB42H         LINE#         79
  C:BB66H         LINE#         80
  C:BB66H         LINE#         82
  C:BB8AH         LINE#         84
  C:BBA8H         LINE#         86
  C:BBC2H         LINE#         87
  C:BBC2H         LINE#         89
  C:BBD2H         LINE#         90
  C:BBEAH         LINE#         91
  C:BBF1H         LINE#         94
  C:BC09H         LINE#         95
  C:BC15H         LINE#         96
  C:BC15H         LINE#         97
  C:BC1EH         LINE#         99
  C:BC24H         LINE#         100
  C:BC24H         LINE#         101
  C:BC25H         LINE#         103
  C:BC25H         LINE#         104
  C:BC2CH         LINE#         105
  C:BC35H         LINE#         106
  C:BC38H         LINE#         107
  C:BC41H         LINE#         108
  C:BC44H         LINE#         109
  C:BC44H         LINE#         110
  C:BC44H         LINE#         112
  C:BC44H         LINE#         113
  C:BC66H         LINE#         114
  C:BC66H         LINE#         115
  C:BC76H         LINE#         117
  C:BC7DH         LINE#         118
  C:BC7FH         LINE#         120
  C:BC7FH         LINE#         121
  C:BC86H         LINE#         122
  C:BC86H         LINE#         123
  C:BC90H         LINE#         124
  C:BC90H         LINE#         125
  C:BC90H         LINE#         127
  C:BC90H         LINE#         128
  C:BC94H         LINE#         129
  C:BC94H         LINE#         130
  C:BC96H         LINE#         131
  C:BC96H         LINE#         132
  C:BC9AH         LINE#         134
  C:BC9AH         LINE#         135
  C:BC9DH         LINE#         138
  C:BC9DH         LINE#         139
  C:BC9DH         LINE#         140
  C:BC9DH         LINE#         141
  C:BC9DH         LINE#         142
  C:BC9DH         LINE#         143
  -------         ENDPROC       TFTP_PROCESS
  -------         ENDMOD        TFTPD

  -------         MODULE        UIP_ARP
  C:0000H         SYMBOL        _ICE_DUMMY_
  D:0090H         PUBLIC        P1
BL51 BANKED LINKER/LOCATER V5.03                                                      08/07/2012  16:42:10  PAGE 22


  X:4A82H         SYMBOL        tmpage
  D:00B0H         PUBLIC        P3
  D:00E8H         PUBLIC        P4
  X:4A83H         PUBLIC        arpbuf
  C:D3DEH         PUBLIC        uip_arp_ipin
  C:DFE8H         PUBLIC        uip_arp_init
  D:00A8H         PUBLIC        IE
  X:4ABFH         PUBLIC        uip_ethaddr
  D:00B8H         PUBLIC        IP
  C:BEE2H         PUBLIC        uip_arp_out
  X:4AC5H         SYMBOL        arp_table
  D:0098H         PUBLIC        SCON
  D:0088H         PUBLIC        TCON
  C:D4CCH         PUBLIC        arp_packet_init
  C:C112H         SYMBOL        _uip_arp_update
  D:00D8H         PUBLIC        WDTCON
  X:4B1DH         SYMBOL        c
  X:4B1EH         PUBLIC        arp_len
  D:00C8H         PUBLIC        T2CON
  X:4B20H         SYMBOL        i
  C:C708H         PUBLIC        uip_arp_arpin
  X:4B21H         PUBLIC        m_gatewayinfo
  X:4B34H         SYMBOL        arptime
  X:4B35H         SYMBOL        ipaddr
  C:DA2FH         PUBLIC        uip_arp_timer
  D:00D0H         PUBLIC        PSW
  C:E560H         PUBLIC        send_arp_req
  -------         PROC          UIP_ARP_INIT
  C:DFE8H         LINE#         164
  C:DFE8H         LINE#         165
  C:DFE8H         LINE#         169
  C:DFF7H         LINE#         170
  C:E016H         LINE#         171
  C:E01EH         LINE#         173
  C:E02DH         LINE#         174
  C:E03CH         LINE#         175
  C:E04BH         LINE#         179
  -------         ENDPROC       UIP_ARP_INIT
  -------         PROC          UIP_ARP_TIMER
  -------         DO            
  D:0001H         SYMBOL        tabptr
  -------         ENDDO         
  C:DA2FH         LINE#         194
  C:DA2FH         LINE#         195
  C:DA2FH         LINE#         198
  C:DA35H         LINE#         199
  C:DA4EH         LINE#         200
  C:DA54H         LINE#         201
  C:DA54H         LINE#         204
  C:DA57H         LINE#         205
  C:DA5DH         LINE#         206
  C:DA5FH         LINE#         208
  C:DA5FH         LINE#         209
  C:DA71H         LINE#         210
  C:DA71H         LINE#         211
  C:DA7BH         LINE#         213
  C:DA7EH         LINE#         214
BL51 BANKED LINKER/LOCATER V5.03                                                      08/07/2012  16:42:10  PAGE 23


  C:DA7EH         LINE#         215
  C:DA7EH         LINE#         216
  C:DA8DH         LINE#         217
  C:DA8DH         LINE#         218
  C:DA9CH         LINE#         236
  C:DAC5H         LINE#         239
  C:DAC5H         LINE#         247
  C:DACEH         LINE#         248
  C:DACEH         LINE#         249
  C:DAD6H         LINE#         251
  -------         ENDPROC       UIP_ARP_TIMER
  -------         PROC          _UIP_ARP_UPDATE
  X:4D55H         SYMBOL        in_ipaddr
  X:4D58H         SYMBOL        ethaddr
  C:C112H         LINE#         254
  C:C118H         LINE#         255
  C:C118H         LINE#         257
  C:C143H         LINE#         259
  C:C143H         LINE#         260
  C:C162H         LINE#         261
  C:C162H         LINE#         263
  C:C175H         LINE#         271
  C:C175H         LINE#         273
  C:C175H         LINE#         278
  C:C187H         LINE#         282
  C:C1B4H         LINE#         283
  C:C1B4H         LINE#         287
  C:C1FEH         LINE#         288
  C:C1FEH         LINE#         291
  C:C1FEH         LINE#         292
  C:C201H         LINE#         298
  C:C201H         LINE#         299
  C:C201H         LINE#         300
  C:C20AH         LINE#         306
  C:C219H         LINE#         308
  C:C246H         LINE#         309
  C:C246H         LINE#         310
  C:C246H         LINE#         311
  C:C246H         LINE#         312
  C:C24EH         LINE#         316
  C:C256H         LINE#         317
  C:C256H         LINE#         319
  C:C25AH         LINE#         320
  C:C25EH         LINE#         321
  C:C26CH         LINE#         322
  C:C26CH         LINE#         325
  C:C290H         LINE#         326
  C:C290H         LINE#         327
  C:C29BH         LINE#         328
  C:C2A0H         LINE#         329
  C:C2A0H         LINE#         330
  C:C2A8H         LINE#         331
  C:C2B0H         LINE#         332
  C:C2B0H         LINE#         337
  C:C2D3H         LINE#         338
  C:C2F4H         LINE#         339
  C:C315H         LINE#         340
BL51 BANKED LINKER/LOCATER V5.03                                                      08/07/2012  16:42:10  PAGE 24


  C:C32DH         LINE#         341
  -------         ENDPROC       _UIP_ARP_UPDATE
  -------         PROC          UIP_ARP_IPIN
  C:D3DEH         LINE#         357
  C:D3DEH         LINE#         358
  C:D3DEH         LINE#         359
  C:D3E9H         LINE#         364
  C:D41DH         LINE#         366
  C:D41DH         LINE#         368
  C:D41DH         LINE#         369
  C:D446H         LINE#         370
  C:D446H         LINE#         372
  C:D446H         LINE#         373
  C:D472H         LINE#         374
  C:D472H         LINE#         376
  C:D472H         LINE#         379
  C:D4A2H         LINE#         381
  C:D4A2H         LINE#         383
  C:D4A2H         LINE#         386
  C:D4CBH         LINE#         389
  -------         ENDPROC       UIP_ARP_IPIN
  -------         PROC          UIP_ARP_ARPIN
  C:C708H         LINE#         414
  C:C708H         LINE#         415
  C:C708H         LINE#         417
  C:C717H         LINE#         418
  C:C71CH         LINE#         420
  C:C71CH         LINE#         422
  C:C723H         LINE#         424
  C:C747H         LINE#         425
  C:C747H         LINE#         429
  C:C775H         LINE#         431
  C:C785H         LINE#         433
  C:C7B0H         LINE#         434
  C:C7CEH         LINE#         435
  C:C7ECH         LINE#         436
  C:C818H         LINE#         438
  C:C82FH         LINE#         439
  C:C840H         LINE#         440
  C:C850H         LINE#         441
  C:C860H         LINE#         443
  C:C86BH         LINE#         444
  C:C874H         LINE#         445
  C:C874H         LINE#         446
  C:C875H         LINE#         447
  C:C875H         LINE#         459
  C:C8A1H         LINE#         460
  C:C8A1H         LINE#         462
  C:C8CAH         LINE#         463
  C:C8CAH         LINE#         465
  C:C8CAH         LINE#         466
  C:C8CAH         LINE#         469
  -------         ENDPROC       UIP_ARP_ARPIN
  -------         PROC          ARP_PACKET_INIT
  C:D4CCH         LINE#         470
  C:D4CCH         LINE#         471
  C:D4CCH         LINE#         474
BL51 BANKED LINKER/LOCATER V5.03                                                      08/07/2012  16:42:10  PAGE 25


  C:D4DBH         LINE#         475
  C:D4E2H         LINE#         476
  C:D4F0H         LINE#         477
  C:D4FFH         LINE#         478
  C:D512H         LINE#         479
  C:D525H         LINE#         481
  C:D534H         LINE#         482
  C:D543H         LINE#         483
  C:D552H         LINE#         484
  C:D561H         LINE#         485
  C:D569H         LINE#         486
  C:D571H         LINE#         487
  C:D578H         LINE#         488
  C:D57CH         LINE#         489
  C:D580H         LINE#         490
  C:D58AH         LINE#         494
  C:D593H         LINE#         495
  C:D59FH         LINE#         496
  C:D5A6H         LINE#         497
  -------         ENDPROC       ARP_PACKET_INIT
  -------         PROC          UIP_ARP_OUT
  -------         DO            
  X:4D8CH         SYMBOL        tabptr
  -------         ENDDO         
  C:BEE2H         LINE#         526
  C:BEE2H         LINE#         527
  C:BEE2H         LINE#         541
  C:BF3AH         LINE#         542
  C:BF3AH         LINE#         546
  C:BF49H         LINE#         547
  C:BF54H         LINE#         548
  C:BF56H         LINE#         550
  C:BF6CH         LINE#         551
  C:BF7CH         LINE#         552
  C:BF7CH         LINE#         553
  C:BF92H         LINE#         554
  C:BF92H         LINE#         562
  C:BFB6H         LINE#         563
  C:BFB6H         LINE#         565
  C:BFB6H         LINE#         566
  C:BFB9H         LINE#         568
  C:BFB9H         LINE#         569
  C:BFCFH         LINE#         570
  C:BFCFH         LINE#         572
  C:BFD2H         LINE#         574
  C:BFD5H         LINE#         575
  C:BFD5H         LINE#         577
  C:BFD5H         LINE#         578
  C:BFE7H         LINE#         579
  C:BFE7H         LINE#         580
  C:BFE7H         LINE#         581
  C:BFEAH         LINE#         583
  C:BFEAH         LINE#         584
  C:BFF9H         LINE#         585
  C:BFF9H         LINE#         586
  C:C00EH         LINE#         587
  C:C037H         LINE#         589
BL51 BANKED LINKER/LOCATER V5.03                                                      08/07/2012  16:42:10  PAGE 26


  C:C037H         LINE#         592
  C:C041H         LINE#         598
  C:C043H         LINE#         599
  C:C043H         LINE#         600
  C:C04BH         LINE#         601
  C:C06EH         LINE#         602
  C:C06EH         LINE#         603
  C:C075H         LINE#         604
  C:C075H         LINE#         605
  C:C078H         LINE#         629
  C:C07BH         LINE#         630
  C:C07BH         LINE#         631
  C:C07BH         LINE#         633
  C:C09FH         LINE#         634
  C:C09FH         LINE#         635
  C:C0A8H         LINE#         636
  C:C0AAH         LINE#         638
  C:C0AAH         LINE#         639
  C:C0D6H         LINE#         640
  C:C0D6H         LINE#         641
  C:C0D6H         LINE#         642
  C:C0F4H         LINE#         643
  C:C105H         LINE#         644
  C:C10FH         LINE#         645
  C:C111H         LINE#         647
  -------         ENDPROC       UIP_ARP_OUT
  -------         PROC          SEND_ARP_REQ
  C:E560H         LINE#         649
  C:E560H         LINE#         650
  C:E560H         LINE#         651
  C:E56FH         LINE#         652
  C:E57EH         LINE#         655
  -------         ENDPROC       SEND_ARP_REQ
  -------         ENDMOD        UIP_ARP

  -------         MODULE        UDP
  C:0000H         SYMBOL        _ICE_DUMMY_
  D:0090H         PUBLIC        P1
  D:00B0H         PUBLIC        P3
  D:00E8H         PUBLIC        P4
  D:00A8H         PUBLIC        IE
  D:00B8H         PUBLIC        IP
  D:0098H         PUBLIC        SCON
  D:0088H         PUBLIC        TCON
  C:C8CBH         PUBLIC        _udp_send
  D:00D8H         PUBLIC        WDTCON
  D:00C8H         PUBLIC        T2CON
  D:00D0H         PUBLIC        PSW
  -------         PROC          _UDP_SEND
  X:4DADH         SYMBOL        length
  C:C8CBH         LINE#         65
  C:C8D3H         LINE#         66
  C:C8D3H         LINE#         67
  C:C8D6H         LINE#         68
  C:C8D6H         LINE#         69
  C:C8DDH         LINE#         71
  C:C8DDH         LINE#         74
BL51 BANKED LINKER/LOCATER V5.03                                                      08/07/2012  16:42:10  PAGE 27


  C:C909H         LINE#         76
  C:C927H         LINE#         82
  C:C966H         LINE#         84
  C:C984H         LINE#         85
  C:C994H         LINE#         87
  C:C99EH         LINE#         88
  C:C9A8H         LINE#         89
  C:C9B2H         LINE#         91
  C:C9C7H         LINE#         93
  C:C9D0H         LINE#         96
  C:C9EEH         LINE#         98
  C:C9FDH         LINE#         99
  C:CA0DH         LINE#         101
  C:CA1DH         LINE#         103
  C:CA3AH         LINE#         104
  C:CA43H         LINE#         107
  C:CA4DH         LINE#         108
  C:CA64H         LINE#         109
  C:CA64H         LINE#         110
  C:CA84H         LINE#         112
  -------         ENDPROC       _UDP_SEND
  -------         ENDMOD        UDP

  -------         MODULE        DMA
  C:0000H         SYMBOL        _ICE_DUMMY_
  D:0090H         PUBLIC        P1
  D:00B0H         PUBLIC        P3
  D:00E8H         PUBLIC        P4
  B:00A8H.7       PUBLIC        EA
  C:E6FBH         PUBLIC        IP210_DMA_Idle_Restore
  D:00A8H         PUBLIC        IE
  C:DC16H         PUBLIC        _CRC_Calculation
  D:00B8H         PUBLIC        IP
  D:0087H         PUBLIC        PCON
  D:0098H         PUBLIC        SCON
  D:0088H         PUBLIC        TCON
  C:D8C6H         PUBLIC        _IP210_DMA
  B:00A8H.0       PUBLIC        EX0
  C:E6BBH         PUBLIC        IP210_DMA_Set_Idle
  D:00D8H         PUBLIC        WDTCON
  C:E4B8H         PUBLIC        _Fill_DMA_Setting
  D:00C8H         PUBLIC        T2CON
  D:00E1H         PUBLIC        PDCON
  C:E76EH         PUBLIC        IP210_Wait_DMA_Complete
  D:00D0H         PUBLIC        PSW
  -------         PROC          IP210_DMA_SET_IDLE
  -------         DO            
  D:0007H         SYMBOL        temp_ier
  -------         ENDDO         
  C:E6BBH         LINE#         24
  C:E6BBH         LINE#         25
  C:E6BBH         LINE#         29
  C:E6BFH         LINE#         30
  C:E6C3H         LINE#         31
  C:E6C5H         LINE#         32
  C:E6C8H         LINE#         33
  C:E6CBH         LINE#         34
BL51 BANKED LINKER/LOCATER V5.03                                                      08/07/2012  16:42:10  PAGE 28


  C:E6CDH         LINE#         35
  C:E6CFH         LINE#         36
  C:E6D2H         LINE#         37
  -------         ENDPROC       IP210_DMA_SET_IDLE
  -------         PROC          IP210_DMA_IDLE_RESTORE
  -------         DO            
  D:0007H         SYMBOL        temp_ier
  -------         ENDDO         
  C:E6FBH         LINE#         49
  C:E6FBH         LINE#         50
  C:E6FBH         LINE#         53
  C:E700H         LINE#         54
  C:E704H         LINE#         55
  C:E706H         LINE#         56
  C:E709H         LINE#         57
  C:E70CH         LINE#         58
  -------         ENDPROC       IP210_DMA_IDLE_RESTORE
  -------         PROC          _FILL_DMA_SETTING
  X:4DAFH         SYMBOL        src_addr
  D:0004H         SYMBOL        des_addr
  D:0002H         SYMBOL        length
  C:E4B8H         LINE#         74
  C:E4C0H         LINE#         75
  C:E4C0H         LINE#         77
  C:E4C8H         LINE#         78
  C:E4D0H         LINE#         80
  C:E4D5H         LINE#         81
  C:E4DAH         LINE#         83
  C:E4DFH         LINE#         84
  C:E4E4H         LINE#         85
  -------         ENDPROC       _FILL_DMA_SETTING
  -------         PROC          IP210_WAIT_DMA_COMPLETE
  -------         DO            
  D:0007H         SYMBOL        b
  -------         ENDDO         
  C:E76EH         LINE#         98
  C:E76EH         LINE#         99
  C:E76EH         LINE#         103
  C:E76EH         LINE#         104
  C:E773H         LINE#         105
  C:E777H         LINE#         107
  -------         ENDPROC       IP210_WAIT_DMA_COMPLETE
  -------         PROC          _IP210_DMA
  X:4CFDH         SYMBOL        src_addr
  X:4CFFH         SYMBOL        des_addr
  X:4D01H         SYMBOL        length
  X:4D03H         SYMBOL        cmd
  -------         DO            
  D:0001H         SYMBOL        i
  X:4D04H         SYMBOL        loop_count
  X:4D05H         SYMBOL        mode
  -------         ENDDO         
  C:D8C6H         LINE#         123
  C:D8DAH         LINE#         124
  C:D8DAH         LINE#         129
  C:D8E2H         LINE#         130
  C:D8EAH         LINE#         131
BL51 BANKED LINKER/LOCATER V5.03                                                      08/07/2012  16:42:10  PAGE 29


  C:D8EAH         LINE#         133
  C:D8EDH         LINE#         134
  C:D8EDH         LINE#         135
  C:D8FBH         LINE#         136
  C:D907H         LINE#         137
  C:D907H         LINE#         138
  C:D912H         LINE#         139
  C:D912H         LINE#         140
  C:D91AH         LINE#         141
  C:D927H         LINE#         143
  C:D939H         LINE#         144
  C:D941H         LINE#         145
  C:D948H         LINE#         146
  C:D948H         LINE#         147
  C:D94BH         LINE#         149
  C:D94BH         LINE#         150
  C:D94EH         LINE#         151
  C:D955H         LINE#         152
  C:D958H         LINE#         153
  C:D963H         LINE#         154
  C:D96EH         LINE#         155
  C:D979H         LINE#         156
  C:D97CH         LINE#         158
  C:D97EH         LINE#         159
  -------         ENDPROC       _IP210_DMA
  -------         PROC          _CRC_CALCULATION
  X:4D8FH         SYMBOL        src_addr
  D:0004H         SYMBOL        length
  D:0001H         SYMBOL        p_crc
  -------         DO            
  D:0007H         SYMBOL        b
  X:4D91H         SYMBOL        ii
  D:0001H         SYMBOL        p
  -------         ENDDO         
  C:DC16H         LINE#         176
  C:DC1EH         LINE#         177
  C:DC1EH         LINE#         182
  C:DC26H         LINE#         183
  C:DC2EH         LINE#         185
  C:DC33H         LINE#         186
  C:DC38H         LINE#         188
  C:DC3EH         LINE#         190
  C:DC43H         LINE#         191
  C:DC43H         LINE#         192
  C:DC48H         LINE#         193
  C:DC4EH         LINE#         194
  C:DC5CH         LINE#         195
  C:DC68H         LINE#         196
  C:DC68H         LINE#         198
  C:DC6BH         LINE#         199
  C:DC6BH         LINE#         200
  C:DC6BH         LINE#         201
  C:DC7AH         LINE#         202
  C:DC7AH         LINE#         203
  C:DC98H         LINE#         204
  C:DCA0H         LINE#         206
  -------         ENDPROC       _CRC_CALCULATION
BL51 BANKED LINKER/LOCATER V5.03                                                      08/07/2012  16:42:10  PAGE 30


  -------         ENDMOD        DMA

  -------         MODULE        FLASH
  C:0000H         SYMBOL        _ICE_DUMMY_
  D:0090H         PUBLIC        P1
  X:4C85H         PUBLIC        Flash_Erase_Bankno
  D:00B0H         PUBLIC        P3
  D:00E8H         PUBLIC        P4
  C:83E9H         PUBLIC        _Flash_Switch_Bank
  C:843DH         PUBLIC        MX_toggle
  D:00A8H         PUBLIC        IE
  C:8DB1H         PUBLIC        _FirmwareUpdateWriteData
  C:859AH         PUBLIC        _Flash_Erase_Sector_AT49BV040B_BottomSector_while
  X:4C87H         PUBLIC        Phase_Flash_Erase
  D:00B8H         PUBLIC        IP
  X:4C89H         PUBLIC        Global_cal_chechsum
  C:85DBH         PUBLIC        _Flash_Erase_Sector_MX29LV004CB_while
  C:8B39H         PUBLIC        FlashIdentification
  C:820CH         PUBLIC        _Flash_Read_Byte
  C:85EFH         PUBLIC        _Flash_Erase_Sector_MX29LV800CB_while
  X:4C8AH         PUBLIC        next_erase_sector
  C:8229H         PUBLIC        _FirmwareUpdatMirrorMode
  X:4C8CH         PUBLIC        Flash_Bankno
  B:00E8H.6       PUBLIC        FLASH_ADDR_20
  C:86A2H         PUBLIC        _Flash_Erase_Sector_SST39VF1681
  X:4C8EH         PUBLIC        next_erase_bank
  X:4C90H         PUBLIC        Global_flash_ID
  B:00B0H.5       PUBLIC        FLASH_ADDR_16
  D:0098H         PUBLIC        SCON
  B:00B0H.4       PUBLIC        FLASH_ADDR_17
  D:0088H         PUBLIC        TCON
  C:846FH         PUBLIC        _Flash_Write_Byte
  B:0090H.7       PUBLIC        FLASH_ADDR_18
  B:00E8H.1       PUBLIC        FLASH_ADDR_19
  C:81C4H         PUBLIC        _Start_Mirror_Mode
  C:876FH         PUBLIC        FirmwareUpdateEraseFlash_MX29LV004CB_while
  C:8718H         PUBLIC        _Flash_Erase_Sector_SST39VLF040
  C:8206H         PUBLIC        Flash_Access_Disable
  C:8917H         PUBLIC        FirmwareUpdateEraseFlash_MX29LV800CB_while
  X:4C92H         PUBLIC        last_timercounter
  C:80FAH         SYMBOL        _?ix1000
  X:4C96H         PUBLIC        Global_flash_addr
  C:8586H         PUBLIC        _Flash_Erase_Sector_AT49BV040B_while
  C:8B05H         PUBLIC        Flash_CHECK_SIZE
  X:4C98H         PUBLIC        Global_bank_index
  D:00D8H         PUBLIC        WDTCON
  C:81E4H         PUBLIC        Flash_Access_Enable
  X:4C99H         PUBLIC        Global_flash_count
  C:89D7H         PUBLIC        FirmwareUpdateEraseFlash_SST39VLF040_while
  C:8245H         PUBLIC        _FirmwareUpdateFlashBankCheck
  C:8E70H         PUBLIC        CBK_Flash_Size_Check
  C:8844H         PUBLIC        FirmwareUpdateEraseFlash_AT49BV040B_while
  X:4C9DH         PUBLIC        Global_erase_flash_wait_time
  D:00C8H         PUBLIC        T2CON
  C:8CD9H         PUBLIC        FirmwareUpdateEraseFlash_While
  C:8180H         PUBLIC        NOP
  C:81D7H         PUBLIC        Stop_Mirror_Mode
BL51 BANKED LINKER/LOCATER V5.03                                                      08/07/2012  16:42:10  PAGE 31


  D:008EH         PUBLIC        CKCON
  C:8620H         PUBLIC        _Flash_Erase_Sector_MX29LV004CB_BottomSector_while
  C:81A1H         PUBLIC        _Delay_10ms
  C:8661H         PUBLIC        _Flash_Erase_Sector_MX29LV800CB_BottomSector_while
  B:00D8H.4       PUBLIC        FLASH_ACCESS_EN
  C:86DFH         PUBLIC        Flash_Erase_bank_SST39VF1681
  D:00D0H         PUBLIC        PSW
  C:82CEH         PUBLIC        FirmwareUpdateFlashCheck
  -------         PROC          NOP
  C:8180H         LINE#         37
  -------         ENDPROC       NOP
  C:819AH         SYMBOL        L?0219
  -------         PROC          L?0218
  -------         ENDPROC       L?0218
  C:819AH         SYMBOL        L?0219
  -------         PROC          _DELAY_10MS
  D:0006H         SYMBOL        count
  -------         DO            
  D:0002H         SYMBOL        i
  D:0004H         SYMBOL        j
  -------         ENDDO         
  C:81A1H         LINE#         39
  C:81A1H         LINE#         40
  C:81A1H         LINE#         43
  C:81ABH         LINE#         44
  C:81ABH         LINE#         45
  C:81AEH         LINE#         46
  C:81BCH         LINE#         47
  C:81C3H         LINE#         48
  -------         ENDPROC       _DELAY_10MS
  -------         PROC          _START_MIRROR_MODE
  D:0006H         SYMBOL        mirror_addr
  -------         DO            
  D:0007H         SYMBOL        reg_byte
  -------         ENDDO         
  C:81C4H         LINE#         61
  C:81C4H         LINE#         62
  C:81C4H         LINE#         67
  C:81C9H         LINE#         68
  C:81CAH         LINE#         71
  C:81CEH         LINE#         72
  C:81D0H         LINE#         73
  C:81D1H         LINE#         74
  -------         ENDPROC       _START_MIRROR_MODE
  C:81D2H         SYMBOL        L?0225
  -------         PROC          L?0224
  -------         ENDPROC       L?0224
  C:81D2H         SYMBOL        L?0225
  -------         PROC          STOP_MIRROR_MODE
  -------         DO            
  D:0007H         SYMBOL        reg_byte
  -------         ENDDO         
  C:81D7H         LINE#         86
  C:81D7H         LINE#         87
  C:81D7H         LINE#         91
  C:81DCH         LINE#         92
  C:81E0H         LINE#         93
[...]
  X:4B39H         PUBLIC        fu_htm_tags
  C:A49DH         PUBLIC        Erase_htm_file
  C:E5C2H         PUBLIC        _get_tag03
  C:E47FH         PUBLIC        _datacpy03
  X:4B57H         PUBLIC        Erase_htm_tags
  C:CC0AH         PUBLIC        _fs_open03
  X:4B87H         PUBLIC        fsop
  C:A8EDH         PUBLIC        TF_htm_file
  C:A5D8H         PUBLIC        OK_htm_file
  C:A36CH         PUBLIC        Warn_htm_file
  C:A7EFH         PUBLIC        main_htm_file
  X:4B90H         PUBLIC        TF_htm_tags
  X:4BA2H         PUBLIC        OK_htm_tags
  X:4BB4H         PUBLIC        Warn_htm_tags
  X:4BBDH         PUBLIC        main_htm_tags
  C:AA02H         PUBLIC        files_table03
  C:A72EH         PUBLIC        sb_gif_file
  X:4BC6H         PUBLIC        indata
  -------         PROC          _FS_OPEN03
  X:4D67H         SYMBOL        name
  -------         DO            
  X:4D6AH         SYMBOL        ptr
  -------         ENDDO         
  C:CC0AH         LINE#         105
  C:CC10H         LINE#         106
  C:CC10H         LINE#         108
  C:CC25H         LINE#         109
  C:CC31H         LINE#         110
  C:CC31H         LINE#         111
  C:CC3BH         LINE#         112
  C:CC46H         LINE#         113
  C:CC4AH         LINE#         114
  C:CC4AH         LINE#         115
  C:CC67H         LINE#         116
  C:CC67H         LINE#         117
  C:CC91H         LINE#         118
  C:CC91H         LINE#         119
BL51 BANKED LINKER/LOCATER V5.03                                                      08/07/2012  16:42:10  PAGE 83


  C:CCB6H         LINE#         120
  C:CCC6H         LINE#         121
  C:CCC6H         LINE#         122
  C:CD00H         LINE#         123
  C:CD21H         LINE#         124
  C:CD21H         LINE#         125
  C:CD36H         LINE#         126
  C:CD36H         LINE#         127
  C:CD43H         LINE#         128
  C:CD49H         LINE#         129
  -------         ENDPROC       _FS_OPEN03
  -------         PROC          _DATACPY03
  X:4D9BH         SYMBOL        inputdata
  C:E47FH         LINE#         142
  C:E485H         LINE#         143
  C:E485H         LINE#         144
  -------         ENDPROC       _DATACPY03
  -------         PROC          _GET_TAG03
  D:0007H         SYMBOL        index
  C:E5C2H         LINE#         158
  C:E5C2H         LINE#         159
  C:E5C2H         LINE#         160
  C:E5E0H         LINE#         161
  -------         ENDPROC       _GET_TAG03
  -------         ENDMOD        HTMFILES

  -------         MODULE        UPDATECBK
  C:0000H         SYMBOL        _ICE_DUMMY_
  D:0090H         PUBLIC        P1
  D:00B0H         PUBLIC        P3
  D:00E8H         PUBLIC        P4
  D:00A8H         PUBLIC        IE
  X:2800H         PUBLIC        NETTMPBUFFER
  D:00B8H         PUBLIC        IP
  C:E5FEH         PUBLIC        _cgi_callerase
  D:0098H         PUBLIC        SCON
  D:0088H         PUBLIC        TCON
  C:DF06H         PUBLIC        _ssi_eraseflash
  C:DD24H         PUBLIC        _ssi_main
  X:37A0H         PUBLIC        size_flag
  C:B095H         PUBLIC        _cgi_firmwareUpdate
  C:E757H         PUBLIC        _ssi_warn
  D:00D8H         PUBLIC        WDTCON
  C:E258H         PUBLIC        _ssi_firmwareUpdate
  D:00C8H         PUBLIC        T2CON
  C:E443H         PUBLIC        _ssi_updatecomplete
  D:00D0H         PUBLIC        PSW
  -------         PROC          _CGI_FIRMWAREUPDATE
  X:4C6BH         SYMBOL        cnt
  D:0001H         SYMBOL        vptr
  -------         DO            
  X:4C6CH         SYMBOL        vp
  X:4C6FH         SYMBOL        i
  X:4C70H         SYMBOL        fflag
  X:4C71H         SYMBOL        tmplen
  X:4C73H         SYMBOL        offset
  X:4C75H         SYMBOL        offset2
BL51 BANKED LINKER/LOCATER V5.03                                                      08/07/2012  16:42:10  PAGE 84


  X:4C77H         SYMBOL        update
  X:4C7BH         SYMBOL        str_ptr
  X:4C7EH         SYMBOL        str2
  X:4C81H         SYMBOL        flashsize
  -------         ENDDO         
  C:B095H         LINE#         58
  C:B09AH         LINE#         59
  C:B09AH         LINE#         60
  C:B09EH         LINE#         61
  C:B0A3H         LINE#         62
  C:B0AFH         LINE#         64
  C:B0BEH         LINE#         66
  C:B0C1H         LINE#         67
  C:B0DAH         LINE#         68
  C:B0DAH         LINE#         70
  C:B0EAH         LINE#         71
  C:B0EAH         LINE#         72
  C:B0F9H         LINE#         73
  C:B108H         LINE#         74
  C:B108H         LINE#         76
  C:B116H         LINE#         83
  C:B128H         LINE#         84
  C:B128H         LINE#         85
  C:B158H         LINE#         87
  C:B193H         LINE#         88
  C:B1AEH         LINE#         89
  C:B1B5H         LINE#         90
  C:B1B5H         LINE#         91
  C:B1D0H         LINE#         92
  C:B1D7H         LINE#         93
  C:B1D7H         LINE#         95
  C:B206H         LINE#         96
  C:B206H         LINE#         98
  C:B210H         LINE#         99
  C:B21AH         LINE#         100
  C:B220H         LINE#         101
  C:B230H         LINE#         103
  C:B245H         LINE#         105
  C:B264H         LINE#         107
  C:B282H         LINE#         108
  C:B295H         LINE#         110
  C:B2A4H         LINE#         111
  C:B2A6H         LINE#         113
  C:B2A6H         LINE#         114
  C:B2AFH         LINE#         115
  C:B2B5H         LINE#         126
  C:B2B5H         LINE#         127
  C:B2B7H         LINE#         150
  C:B2B7H         LINE#         151
  C:B2BDH         LINE#         167
  C:B2BDH         LINE#         168
  C:B2C9H         LINE#         169
  C:B2C9H         LINE#         170
  C:B302H         LINE#         171
  C:B302H         LINE#         173
  C:B312H         LINE#         174
  C:B312H         LINE#         176
BL51 BANKED LINKER/LOCATER V5.03                                                      08/07/2012  16:42:10  PAGE 85


  C:B323H         LINE#         177
  C:B32AH         LINE#         178
  C:B32CH         LINE#         180
  C:B32CH         LINE#         183
  C:B32CH         LINE#         184
  C:B33BH         LINE#         186
  C:B34AH         LINE#         187
  C:B38FH         LINE#         188
  C:B39FH         LINE#         189
  C:B39FH         LINE#         191
  C:B39FH         LINE#         192
  C:B3A2H         LINE#         193
  C:B3A2H         LINE#         195
  C:B3A2H         LINE#         197
  C:B3A5H         LINE#         198
  C:B3B1H         LINE#         199
  C:B3B4H         LINE#         200
  C:B3B4H         LINE#         201
  C:B3B4H         LINE#         202
  C:B3B4H         LINE#         204
  C:B3B4H         LINE#         205
  C:B3D4H         LINE#         206
  C:B3D4H         LINE#         207
  C:B3EFH         LINE#         208
  C:B3F1H         LINE#         210
  C:B3F1H         LINE#         211
  C:B400H         LINE#         212
  C:B400H         LINE#         213
  C:B400H         LINE#         214
  C:B40EH         LINE#         215
  C:B40EH         LINE#         216
  C:B423H         LINE#         217
  C:B423H         LINE#         218
  C:B43DH         LINE#         219
  C:B45BH         LINE#         220
  C:B473H         LINE#         221
  C:B475H         LINE#         223
  C:B478H         LINE#         224
  C:B478H         LINE#         225
  C:B490H         LINE#         226
  C:B4A2H         LINE#         227
  C:B4A2H         LINE#         228
  C:B4AEH         LINE#         229
  C:B4B4H         LINE#         230
  C:B4B9H         LINE#         231
  C:B4B9H         LINE#         233
  C:B4BBH         LINE#         235
  C:B4BBH         LINE#         236
  C:B4C4H         LINE#         237
  C:B4C7H         LINE#         239
  C:B4C7H         LINE#         240
  C:B4C7H         LINE#         241
  C:B4C9H         LINE#         242
  -------         ENDPROC       _CGI_FIRMWAREUPDATE
  -------         PROC          _SSI_FIRMWAREUPDATE
  D:0007H         SYMBOL        varid
  X:4D9EH         SYMBOL        vp
BL51 BANKED LINKER/LOCATER V5.03                                                      08/07/2012  16:42:10  PAGE 86


  C:E258H         LINE#         243
  C:E25EH         LINE#         244
  C:E25EH         LINE#         245
  C:E265H         LINE#         246
  C:E265H         LINE#         247
  C:E265H         LINE#         248
  C:E265H         LINE#         249
  C:E265H         LINE#         250
  C:E265H         LINE#         251
  C:E287H         LINE#         252
  C:E289H         LINE#         253
  C:E289H         LINE#         254
  C:E296H         LINE#         255
  C:E296H         LINE#         256
  C:E296H         LINE#         257
  C:E2A4H         LINE#         258
  C:E2A6H         LINE#         259
  -------         ENDPROC       _SSI_FIRMWAREUPDATE
  -------         PROC          _SSI_ERASEFLASH
  D:0007H         SYMBOL        varid
  X:4DA1H         SYMBOL        vp
  C:DF06H         LINE#         276
  C:DF0CH         LINE#         277
  C:DF0CH         LINE#         278
  C:DF16H         LINE#         279
  C:DF16H         LINE#         281
  C:DF16H         LINE#         282
  C:DF2AH         LINE#         283
  C:DF2CH         LINE#         284
  C:DF2CH         LINE#         285
  C:DF2CH         LINE#         286
  C:DF2CH         LINE#         287
  C:DF2CH         LINE#         288
  C:DF45H         LINE#         289
  C:DF47H         LINE#         290
  C:DF47H         LINE#         291
  C:DF58H         LINE#         292
  C:DF5AH         LINE#         293
  C:DF5AH         LINE#         294
  C:DF67H         LINE#         295
  C:DF67H         LINE#         296
  C:DF67H         LINE#         297
  C:DF75H         LINE#         298
  C:DF77H         LINE#         300
  -------         ENDPROC       _SSI_ERASEFLASH
  -------         PROC          _SSI_UPDATECOMPLETE
  D:0007H         SYMBOL        varid
  X:4DA4H         SYMBOL        vp
  C:E443H         LINE#         301
  C:E449H         LINE#         302
  C:E449H         LINE#         303
  C:E46EH         LINE#         304
  C:E47CH         LINE#         305
  C:E47EH         LINE#         306
  -------         ENDPROC       _SSI_UPDATECOMPLETE
  -------         PROC          _CGI_CALLERASE
  X:4D7EH         SYMBOL        cnt
BL51 BANKED LINKER/LOCATER V5.03                                                      08/07/2012  16:42:10  PAGE 87


  X:4D7FH         SYMBOL        vptr
  C:E5FEH         LINE#         308
  C:E607H         LINE#         309
  C:E607H         LINE#         310
  C:E60CH         LINE#         311
  C:E618H         LINE#         312
  C:E61AH         LINE#         313
  -------         ENDPROC       _CGI_CALLERASE
  -------         PROC          _SSI_WARN
  X:4D82H         SYMBOL        varid
  X:4D83H         SYMBOL        vp
  C:E757H         LINE#         315
  C:E760H         LINE#         316
  C:E762H         LINE#         317
  -------         ENDPROC       _SSI_WARN
  -------         PROC          _SSI_MAIN
  X:4C9EH         SYMBOL        varid
  X:4C9FH         SYMBOL        vp
  -------         DO            
  X:4CA2H         SYMBOL        tmpBuf
  -------         ENDDO         
  C:DD24H         LINE#         319
  C:DD2DH         LINE#         320
  C:DD2DH         LINE#         322
  C:DD3CH         LINE#         323
  C:DD4DH         LINE#         324
  C:DD4DH         LINE#         325
  C:DD4DH         LINE#         326
  C:DD53H         LINE#         327
  C:DD55H         LINE#         328
  C:DD55H         LINE#         329
  C:DD5BH         LINE#         330
  C:DD5DH         LINE#         331
  C:DD5DH         LINE#         332
  C:DD63H         LINE#         333
  C:DD65H         LINE#         334
  C:DD65H         LINE#         335
  C:DD7AH         LINE#         336
  C:DD7AH         LINE#         337
  C:DD7AH         LINE#         338
  C:DD8FH         LINE#         339
  C:DD9DH         LINE#         340
  C:DD9FH         LINE#         341
  -------         ENDPROC       _SSI_MAIN
  -------         ENDMOD        UPDATECBK

  -------         MODULE        ?C?COPY
  C:93EAH         PUBLIC        ?C?COPY
  -------         ENDMOD        ?C?COPY

  -------         MODULE        ?C?CLDPTR
  C:9410H         PUBLIC        ?C?CLDPTR
  -------         ENDMOD        ?C?CLDPTR

  -------         MODULE        ?C?CLDOPTR
  C:9429H         PUBLIC        ?C?CLDOPTR
  -------         ENDMOD        ?C?CLDOPTR
BL51 BANKED LINKER/LOCATER V5.03                                                      08/07/2012  16:42:10  PAGE 88



  -------         MODULE        ?C?CLDIOPTR
  C:9456H         PUBLIC        ?C?CLDIOPTR
  -------         ENDMOD        ?C?CLDIOPTR

  -------         MODULE        ?C?CILDOPTR
  C:948DH         PUBLIC        ?C?CILDOPTR
  -------         ENDMOD        ?C?CILDOPTR

  -------         MODULE        ?C?CSTPTR
  C:94C0H         PUBLIC        ?C?CSTPTR
  -------         ENDMOD        ?C?CSTPTR

  -------         MODULE        ?C?CSTOPTR
  C:94D2H         PUBLIC        ?C?CSTOPTR
  -------         ENDMOD        ?C?CSTOPTR

  -------         MODULE        ?C?IMUL
  C:94F4H         PUBLIC        ?C?IMUL
  -------         ENDMOD        ?C?IMUL

  -------         MODULE        ?C?UIDIV
  C:9506H         PUBLIC        ?C?UIDIV
  -------         ENDMOD        ?C?UIDIV

  -------         MODULE        ?C?SIDIV
  C:955BH         PUBLIC        ?C?SIDIV
  -------         ENDMOD        ?C?SIDIV

  -------         MODULE        ?C?IILDX
  C:9591H         PUBLIC        ?C?IILDX
  -------         ENDMOD        ?C?IILDX

  -------         MODULE        ?C?ILDPTR
  C:95A7H         PUBLIC        ?C?ILDPTR
  -------         ENDMOD        ?C?ILDPTR

  -------         MODULE        ?C?ILDOPTR
  C:95D2H         PUBLIC        ?C?ILDOPTR
  -------         ENDMOD        ?C?ILDOPTR

  -------         MODULE        ?C?IILDOPTR
  C:960AH         PUBLIC        ?C?IILDOPTR
  -------         ENDMOD        ?C?IILDOPTR

  -------         MODULE        ?C?ISTPTR
  C:9657H         PUBLIC        ?C?ISTPTR
  -------         ENDMOD        ?C?ISTPTR

  -------         MODULE        ?C?ISTOPTR
  C:9676H         PUBLIC        ?C?ISTOPTR
  -------         ENDMOD        ?C?ISTOPTR

  -------         MODULE        ?C?LADD
  C:96A3H         PUBLIC        ?C?LADD
  -------         ENDMOD        ?C?LADD

BL51 BANKED LINKER/LOCATER V5.03                                                      08/07/2012  16:42:10  PAGE 89


  -------         MODULE        ?C?LMUL
  C:96B0H         PUBLIC        ?C?LMUL
  -------         ENDMOD        ?C?LMUL

  -------         MODULE        ?C?ULDIV
  C:973BH         PUBLIC        ?C?ULDIV
  -------         ENDMOD        ?C?ULDIV

  -------         MODULE        ?C?LNOT
  C:97CDH         PUBLIC        ?C?LNOT
  -------         ENDMOD        ?C?LNOT

  -------         MODULE        ?C?SLCMP
  C:97DAH         PUBLIC        ?C?SLCMP
  -------         ENDMOD        ?C?SLCMP

  -------         MODULE        ?C?ULCMP
  C:97F0H         PUBLIC        ?C?ULCMP
  -------         ENDMOD        ?C?ULCMP

  -------         MODULE        ?C?ULSHR
  C:9801H         PUBLIC        ?C?ULSHR
  -------         ENDMOD        ?C?ULSHR

  -------         MODULE        ?C?LLDXDATA
  C:9814H         PUBLIC        ?C?LLDXDATA
  -------         ENDMOD        ?C?LLDXDATA

  -------         MODULE        ?C?LLDXDATA0
  C:9820H         PUBLIC        ?C?LLDXDATA0
  -------         ENDMOD        ?C?LLDXDATA0

  -------         MODULE        ?C?LSTXDATA
  C:982CH         PUBLIC        ?C?LSTXDATA
  -------         ENDMOD        ?C?LSTXDATA

  -------         MODULE        ?C?LSTKXDATA
  C:9838H         PUBLIC        ?C?LSTKXDATA
  -------         ENDMOD        ?C?LSTKXDATA

  -------         MODULE        ?C?OFFXADD
  C:9869H         PUBLIC        ?C?OFFXADD
  -------         ENDMOD        ?C?OFFXADD

  -------         MODULE        ?C?PLDXDATA
  C:9875H         PUBLIC        ?C?PLDXDATA
  -------         ENDMOD        ?C?PLDXDATA

  -------         MODULE        ?C?PSTXDATA
  C:987EH         PUBLIC        ?C?PSTXDATA
  -------         ENDMOD        ?C?PSTXDATA

  -------         MODULE        ?C?PLDPTR
  C:9887H         PUBLIC        ?C?PLDPTR
  -------         ENDMOD        ?C?PLDPTR

  -------         MODULE        ?C?PSTPTR
BL51 BANKED LINKER/LOCATER V5.03                                                      08/07/2012  16:42:10  PAGE 90


  C:98A7H         PUBLIC        ?C?PSTPTR
  -------         ENDMOD        ?C?PSTPTR

  -------         MODULE        ?C?PLDOPTR
  C:98F6H         PUBLIC        ?C?PLDOPTR
  -------         ENDMOD        ?C?PLDOPTR

  -------         MODULE        ?C?PSTOPTR
  C:9926H         PUBLIC        ?C?PSTOPTR
  -------         ENDMOD        ?C?PSTOPTR

  -------         MODULE        ?C?CCASE
  C:997FH         PUBLIC        ?C?CCASE
  -------         ENDMOD        ?C?CCASE

  -------         MODULE        ?C?ICASE
  C:99A5H         PUBLIC        ?C?ICASE
  -------         ENDMOD        ?C?ICASE

  -------         MODULE        ?C?ICALL
  C:99D2H         PUBLIC        ?C?ICALL
  C:99D6H         PUBLIC        ?C?ICALL2
  -------         ENDMOD        ?C?ICALL

  -------         MODULE        PRINTF
  X:4C43H         PUBLIC        ?_PRINTF517?BYTE
  X:4C43H         PUBLIC        ?_PRINTF?BYTE
  X:4C43H         PUBLIC        ?_SPRINTF517?BYTE
  X:4C43H         PUBLIC        ?_SPRINTF?BYTE
  C:8EFAH         PUBLIC        _PRINTF
  C:8EFAH         PUBLIC        _PRINTF517
  C:8EF4H         PUBLIC        _SPRINTF
  C:8EF4H         PUBLIC        _SPRINTF517
  -------         ENDMOD        PRINTF

  -------         MODULE        ?C?STRCMP
  C:9B60H         PUBLIC        ?C?STRCMP
  -------         ENDMOD        ?C?STRCMP

  -------         MODULE        STRNCMP
  X:4D39H         PUBLIC        ?_strncmp?BYTE
  C:DE1BH         PUBLIC        _strncmp
  -------         ENDMOD        STRNCMP

  -------         MODULE        ?C?STRCPY
  C:9C49H         PUBLIC        ?C?STRCPY
  -------         ENDMOD        ?C?STRCPY

  -------         MODULE        STRLEN
  C:E6D3H         PUBLIC        _STRLEN
  -------         ENDMOD        STRLEN

  -------         MODULE        STRCHR
  C:E653H         PUBLIC        _STRCHR
  -------         ENDMOD        STRCHR

  -------         MODULE        STRCSPN
BL51 BANKED LINKER/LOCATER V5.03                                                      08/07/2012  16:42:10  PAGE 91


  X:4D18H         PUBLIC        ?_strcspn?BYTE
  C:80FEH         PUBLIC        _strcspn
  -------         ENDMOD        STRCSPN

  -------         MODULE        ?C?MEMCMP
  C:9DECH         PUBLIC        ?C?MEMCMP
  -------         ENDMOD        ?C?MEMCMP

  -------         MODULE        ?C?MEMSET
  C:9E10H         PUBLIC        ?C?MEMSET
  -------         ENDMOD        ?C?MEMSET

  -------         MODULE        ?C?PLDIDATA
  C:9E3CH         PUBLIC        ?C?PLDIDATA
  -------         ENDMOD        ?C?PLDIDATA

  -------         MODULE        ?C?PSTIDATA
  C:9E45H         PUBLIC        ?C?PSTIDATA
  -------         ENDMOD        ?C?PSTIDATA

  -------         MODULE        ?C?PLDIXDATA
  C:9E4EH         PUBLIC        ?C?PLDIXDATA
  -------         ENDMOD        ?C?PLDIXDATA

  -------         MODULE        ?C?PLDPDATA
  C:9E65H         PUBLIC        ?C?PLDPDATA
  -------         ENDMOD        ?C?PLDPDATA

  -------         MODULE        ?C?PSTPDATA
  C:9E6EH         PUBLIC        ?C?PSTPDATA
  -------         ENDMOD        ?C?PSTPDATA

  -------         MODULE        ?C?PLDCODE
  C:9E77H         PUBLIC        ?C?PLDCODE
  -------         ENDMOD        ?C?PLDCODE

  -------         MODULE        PUTCHAR
  C:91FFH         PUBLIC        _PUTCHAR
  -------         ENDMOD        PUTCHAR

Program Size: data=114.1 xdata=9675 code=34730
LINK/LOCATE RUN COMPLETE.  0 WARNING(S),  0 ERROR(S)
