BL51 BANKED LINKER/LOCATER V6.00                                                        11/05/2015  16:28:40  PAGE 1


BL51 BANKED LINKER/LOCATER V6.00, INVOKED BY:
C:\KEIL\C51\BIN\BL51.EXE BANK1 {.\obj\main.obj}, BANK1 {.\obj\patch_info.obj}, BANK1 {.\obj\ee_process.obj}, BANK0 {.\ob
>> j\firmware_rev.obj}, COMMON {.\obj\L51_BANK.obj}, COMMON {.\obj\STARTUP.obj}, BANK1 {.\obj\ee_default.obj}, BANK1 {.\
>> obj\dma.obj}, BANK1 {.\obj\eeprom.obj}, BANK1 {.\obj\serial.obj}, BANK1 {.\obj\MACdriver.obj}, BANK1 {.\obj\timer.obj
>> }, BANK1 {.\obj\uart.obj}, BANK1 {.\obj\MDC_MDIO.obj}, BANK1 {.\obj\os_cbk.obj}, BANK1 {.\obj\vtag.obj}, BANK1 {.\obj
>> \fs.obj}, BANK0 {.\obj\htmfiles0.obj}, BANK1 {.\obj\htmfiles1.obj}, BANK2 {.\obj\htmfiles2.obj}, BANK3 {.\obj\htmfile
>> s3.obj}, BANK4 {.\obj\htmfiles4.obj}, BANK5 {.\obj\htmfiles5.obj}, BANK6 {.\obj\htmfiles6.obj}, BANK7 {.\obj\htmfiles
>> 7.obj}, BANK1 {.\obj\uip.obj}, BANK6 {.\obj\uip_arp.obj}, BANK1 {.\obj\muip.obj}, BANK1 {.\obj\cgi.obj}, BANK1 {.\obj
>> \cgiutil.obj}, BANK1 {.\obj\challenge.obj}, BANK1 {.\obj\cookie.obj}, BANK1 {.\obj\httpd.obj}, BANK1 {.\obj\applicati
>> on.obj}, BANK1 {.\obj\httpd_app.obj}, BANK5 {.\obj\checksum.obj}, BANK1 {.\obj\loginCbk.obj}, BANK1 {.\obj\errormsgCb
>> k.obj}, BANK2 {.\obj\uartCbk.obj}, BANK2 {.\obj\telnetCbk.obj}, BANK5 {.\obj\setDefCbk.obj}, BANK1 {.\obj\setIPCbk.ob
>> j}, BANK1 {.\obj\setPASSCbk.obj}, BANK1 {.\obj\statusCbk.obj}, BANK1 {.\obj\smtpCbk.obj}, BANK1 {.\obj\fw_upCbk.obj},
>>  BANK5 {.\obj\adcCbk.obj}, BANK5 {.\obj\udp_telCbk.obj}, BANK1 {.\obj\didoCbk.obj}, BANK6 {.\obj\CommandLine.obj}, BA
>> NK1 {.\obj\utility.obj}, BANK2 {.\obj\udp.obj}, BANK2 {.\obj\dhcpc.obj}, BANK2 {.\obj\gpio.obj}, BANK2 {.\obj\dns.obj
>> }, BANK2 {.\obj\wdg.obj}, BANK2 {.\obj\netuart_ctrl.obj}, BANK5 {.\obj\dido.obj}, BANK2 {..\..\Project\WebCtrl_flash\
>> LIB\NETUART.LIB}, BANK2 {..\..\Project\WebCtrl_flash\LIB\UDP_TEL.LIB}, BANK2 {.\obj\telnet.obj}, BANK5 {.\obj\net_cmd
>> .obj}, BANK2 {.\obj\smtp.obj}, BANK2 {.\obj\base64.obj}, BANK2 {.\obj\cram_md5.obj}, BANK2 {.\obj\snmp_trap.obj} TO .
>> \obj\NetUART BANKAREA (0X5000, 0XFF00) PRINT (.\NetUART.m51) RAMSIZE (256) NOOVERLAY, BANK0 (?CO?HTMFILES0 (0X5000), 
>> ?CO?FIRMWARE_REV (0X6000)) BANK1 (?CO?HTMFILES1 (0X5000)) BANK2 (?CO?HTMFILES2 (0X5000)) BANK3 (?CO?HTMFILES3 (0X5000
>> )) BANK4 (?CO?HTMFILES4 (0X5000)) BANK5 (?CO?HTMFILES5 (0X5000)) BANK6 (?CO?HTMFILES6 (0X5000)) BANK7 (?CO?HTMFILES7 
>> (0X5000)) CODE (0X0000-0X4FFF) XDATA (0X0000-0X3AFF)


MEMORY MODEL: LARGE


INPUT MODULES INCLUDED:
  .\obj\main.obj (MAIN)
  .\obj\patch_info.obj (PATCH_INFO)
  .\obj\ee_process.obj (EE_PROCESS)
  .\obj\firmware_rev.obj (FIRMWARE_REV)
  .\obj\L51_BANK.obj (?BANK?SWITCHING)
  .\obj\STARTUP.obj (?C_STARTUP)
  .\obj\ee_default.obj (EE_DEFAULT)
  .\obj\dma.obj (DMA)
  .\obj\eeprom.obj (EEPROM)
  .\obj\serial.obj (SERIAL)
  .\obj\MACdriver.obj (MACDRIVER)
  .\obj\timer.obj (TIMER)
  .\obj\uart.obj (UART)
  .\obj\MDC_MDIO.obj (MDC_MDIO)
  .\obj\os_cbk.obj (OS_CBK)
  .\obj\vtag.obj (VTAG)
  .\obj\fs.obj (FS)
  .\obj\htmfiles0.obj (HTMFILES0)
  .\obj\htmfiles1.obj (HTMFILES1)
  .\obj\htmfiles2.obj (HTMFILES2)
  .\obj\htmfiles3.obj (HTMFILES3)
  .\obj\htmfiles4.obj (HTMFILES4)
  .\obj\htmfiles5.obj (HTMFILES5)
  .\obj\htmfiles6.obj (HTMFILES6)
  .\obj\htmfiles7.obj (HTMFILES7)
  .\obj\uip.obj (UIP)
  .\obj\uip_arp.obj (UIP_ARP)
  .\obj\muip.obj (MUIP)
  .\obj\cgi.obj (CGI)
  .\obj\cgiutil.obj (CGIUTIL)
  .\obj\challenge.obj (CHALLENGE)
BL51 BANKED LINKER/LOCATER V6.00                                                      11/05/2015  16:28:40  PAGE 2


  .\obj\cookie.obj (COOKIE)
  .\obj\httpd.obj (HTTPD)
  .\obj\application.obj (APPLICATION)
  .\obj\httpd_app.obj (HTTPD_APP)
  .\obj\checksum.obj (CHECKSUM)
  .\obj\loginCbk.obj (LOGINCBK)
  .\obj\errormsgCbk.obj (ERRORMSGCBK)
  .\obj\uartCbk.obj (UARTCBK)
  .\obj\telnetCbk.obj (TELNETCBK)
  .\obj\setDefCbk.obj (SETDEFCBK)
  .\obj\setIPCbk.obj (SETIPCBK)
  .\obj\setPASSCbk.obj (SETPASSCBK)
  .\obj\statusCbk.obj (STATUSCBK)
  .\obj\smtpCbk.obj (SMTPCBK)
  .\obj\fw_upCbk.obj (FW_UPCBK)
  .\obj\adcCbk.obj (ADCCBK)
  .\obj\udp_telCbk.obj (UDP_TELCBK)
  .\obj\didoCbk.obj (DIDOCBK)
  .\obj\CommandLine.obj (COMMANDLINE)
  .\obj\utility.obj (UTILITY)
  .\obj\udp.obj (UDP)
  .\obj\dhcpc.obj (DHCPC)
  .\obj\gpio.obj (GPIO)
  .\obj\dns.obj (DNS)
  .\obj\wdg.obj (WDG)
  .\obj\netuart_ctrl.obj (NETUART_CTRL)
  .\obj\dido.obj (DIDO)
  ..\..\Project\WebCtrl_flash\LIB\NETUART.LIB (NET_UART)
  ..\..\Project\WebCtrl_flash\LIB\UDP_TEL.LIB (UDP_TEL)
  .\obj\telnet.obj (TELNET)
  .\obj\net_cmd.obj (NET_CMD)
  .\obj\smtp.obj (SMTP)
  .\obj\base64.obj (BASE64)
  .\obj\cram_md5.obj (CRAM_MD5)
  .\obj\snmp_trap.obj (SNMP_TRAP)
  C:\KEIL\C51\LIB\C51L.LIB (?C_INIT)
  C:\KEIL\C51\LIB\C51L.LIB (?C?COPY)
  C:\KEIL\C51\LIB\C51L.LIB (?C?CLDPTR)
  C:\KEIL\C51\LIB\C51L.LIB (?C?CLDOPTR)
  C:\KEIL\C51\LIB\C51L.LIB (?C?CLDIOPTR)
  C:\KEIL\C51\LIB\C51L.LIB (?C?CILDPTR)
  C:\KEIL\C51\LIB\C51L.LIB (?C?CILDOPTR)
  C:\KEIL\C51\LIB\C51L.LIB (?C?CSTPTR)
  C:\KEIL\C51\LIB\C51L.LIB (?C?CSTOPTR)
  C:\KEIL\C51\LIB\C51L.LIB (?C?IMUL)
  C:\KEIL\C51\LIB\C51L.LIB (?C?UIDIV)
  C:\KEIL\C51\LIB\C51L.LIB (?C?SIDIV)
  C:\KEIL\C51\LIB\C51L.LIB (?C?IILDX)
  C:\KEIL\C51\LIB\C51L.LIB (?C?ILDIX)
  C:\KEIL\C51\LIB\C51L.LIB (?C?ILDPTR)
  C:\KEIL\C51\LIB\C51L.LIB (?C?ILDOPTR)
  C:\KEIL\C51\LIB\C51L.LIB (?C?IILDPTR)
  C:\KEIL\C51\LIB\C51L.LIB (?C?IILDOPTR)
  C:\KEIL\C51\LIB\C51L.LIB (?C?ISTPTR)
  C:\KEIL\C51\LIB\C51L.LIB (?C?ISTOPTR)
  C:\KEIL\C51\LIB\C51L.LIB (?C?LMUL)
  C:\KEIL\C51\LIB\C51L.LIB (?C?ULDIV)
BL51 BANKED LINKER/LOCATER V6.00                                                      11/05/2015  16:28:40  PAGE 3


  C:\KEIL\C51\LIB\C51L.LIB (?C?LNOT)
  C:\KEIL\C51\LIB\C51L.LIB (?C?SLCMP)
  C:\KEIL\C51\LIB\C51L.LIB (?C?ULCMP)
  C:\KEIL\C51\LIB\C51L.LIB (?C?ULSHR)
  C:\KEIL\C51\LIB\C51L.LIB (?C?LSHL)
  C:\KEIL\C51\LIB\C51L.LIB (?C?LLDPTR)
  C:\KEIL\C51\LIB\C51L.LIB (?C?LLDOPTR)
  C:\KEIL\C51\LIB\C51L.LIB (?C?LSTPTR)
  C:\KEIL\C51\LIB\C51L.LIB (?C?LSTOPTR)
  C:\KEIL\C51\LIB\C51L.LIB (?C?LLDPTR0)
  C:\KEIL\C51\LIB\C51L.LIB (?C?LLDIXDATA)
  C:\KEIL\C51\LIB\C51L.LIB (?C?LSTXDATA)
  C:\KEIL\C51\LIB\C51L.LIB (?C?LSTKXDATA)
  C:\KEIL\C51\LIB\C51L.LIB (?C?LSTKOPTR)
  C:\KEIL\C51\LIB\C51L.LIB (?C?OFFX256)
  C:\KEIL\C51\LIB\C51L.LIB (?C?OFFXADD)
  C:\KEIL\C51\LIB\C51L.LIB (?C?PLDPTR)
  C:\KEIL\C51\LIB\C51L.LIB (?C?PSTPTR)
  C:\KEIL\C51\LIB\C51L.LIB (?C?PLDOPTR)
  C:\KEIL\C51\LIB\C51L.LIB (?C?PSTOPTR)
  C:\KEIL\C51\LIB\C51L.LIB (?C?CCASE)
  C:\KEIL\C51\LIB\C51L.LIB (?C?ICASE)
  C:\KEIL\C51\LIB\C51L.LIB (?C?ICALL)
  C:\KEIL\C51\LIB\C51L.LIB (PRINTF)
  C:\KEIL\C51\LIB\C51L.LIB (RAND)
  C:\KEIL\C51\LIB\C51L.LIB (SCANF)
  C:\KEIL\C51\LIB\C51L.LIB (STRCAT)
  C:\KEIL\C51\LIB\C51L.LIB (?C?STRCMP)
  C:\KEIL\C51\LIB\C51L.LIB (STRNCMP)
  C:\KEIL\C51\LIB\C51L.LIB (?C?STRCPY)
  C:\KEIL\C51\LIB\C51L.LIB (STRLEN)
  C:\KEIL\C51\LIB\C51L.LIB (STRCHR)
  C:\KEIL\C51\LIB\C51L.LIB (STRCSPN)
  C:\KEIL\C51\LIB\C51L.LIB (ATOL)
  C:\KEIL\C51\LIB\C51L.LIB (ATOI)
  C:\KEIL\C51\LIB\C51L.LIB (?C?MEMCMP)
  C:\KEIL\C51\LIB\C51L.LIB (?C?MEMSET)
  C:\KEIL\C51\LIB\C51L.LIB (?C?LNEG)
  C:\KEIL\C51\LIB\C51L.LIB (?C?LLDIDATA)
  C:\KEIL\C51\LIB\C51L.LIB (?C?LLDXDATA)
  C:\KEIL\C51\LIB\C51L.LIB (?C?LLDPDATA)
  C:\KEIL\C51\LIB\C51L.LIB (?C?LLDCODE)
  C:\KEIL\C51\LIB\C51L.LIB (?C?LLDIDATA0)
  C:\KEIL\C51\LIB\C51L.LIB (?C?LLDXDATA0)
  C:\KEIL\C51\LIB\C51L.LIB (?C?LLDPDATA0)
  C:\KEIL\C51\LIB\C51L.LIB (?C?LLDCODE0)
  C:\KEIL\C51\LIB\C51L.LIB (?C?LSTIDATA)
  C:\KEIL\C51\LIB\C51L.LIB (?C?LSTPDATA)
  C:\KEIL\C51\LIB\C51L.LIB (?C?LSTKIDATA)
  C:\KEIL\C51\LIB\C51L.LIB (?C?LSTKPDATA)
  C:\KEIL\C51\LIB\C51L.LIB (?C?PLDIDATA)
  C:\KEIL\C51\LIB\C51L.LIB (?C?PSTIDATA)
  C:\KEIL\C51\LIB\C51L.LIB (?C?PLDXDATA)
  C:\KEIL\C51\LIB\C51L.LIB (?C?PLDIXDATA)
  C:\KEIL\C51\LIB\C51L.LIB (?C?PILDXDATA)
  C:\KEIL\C51\LIB\C51L.LIB (?C?PSTXDATA)
  C:\KEIL\C51\LIB\C51L.LIB (?C?PLDPDATA)
BL51 BANKED LINKER/LOCATER V6.00                                                      11/05/2015  16:28:40  PAGE 4


  C:\KEIL\C51\LIB\C51L.LIB (?C?PSTPDATA)
  C:\KEIL\C51\LIB\C51L.LIB (?C?PLDCODE)
  C:\KEIL\C51\LIB\C51L.LIB (PUTCHAR)
  C:\KEIL\C51\LIB\C51L.LIB (GETCHAR)
  C:\KEIL\C51\LIB\C51L.LIB (UNGETC)
  C:\KEIL\C51\LIB\C51L.LIB (ISDIGIT)
  C:\KEIL\C51\LIB\C51L.LIB (ISSPACE)
  C:\KEIL\C51\LIB\C51L.LIB (_GETKEY)


LINK MAP OF MODULE:  .\obj\NetUART (MAIN)


            TYPE    BASE      LENGTH    RELOCATION   SEGMENT NAME
            -----------------------------------------------------

            * * * * * * *   D A T A   M E M O R Y   * * * * * * *
            REG     0000H     0008H     ABSOLUTE     "REG BANK 0"
            DATA    0008H     0018H     ABSOLUTE     
            BIT     0020H.0   0005H.0   ABSOLUTE     
            BIT     0025H.0   0001H.1   UNIT         ?BI?PRINTF?PRINTF
            BIT     0026H.1   0000H.6   UNIT         ?BI?SCANF?SCANF
            BIT     0026H.7   0000H.1   UNIT         ?BI?_ATOL?ATOL
            BIT     0027H.0   0000H.1   UNIT         ?BI?_ATOI?ATOI
            BIT     0027H.1   0000H.1   UNIT         ?BI?GETCHAR
                    0027H.2   0000H.6                *** GAP ***
            DATA    0028H     0005H     UNIT         ?DT?PRINTF?PRINTF
            DATA    002DH     0001H     UNIT         ?BANK?DATA
                    002EH     0002H                  *** GAP ***
            DATA    0030H     0030H     ABSOLUTE     
            DATA    0060H     0005H     UNIT         ?DT?SCANF?SCANF
            IDATA   0065H     0001H     UNIT         ?STACK

            * * * * * * *  X D A T A   M E M O R Y  * * * * * * *
            XDATA   0000H     0D7FH     UNIT         ?XD?HTTPD
            XDATA   0D7FH     0A7FH     UNIT         ?XD?UIP
            XDATA   17FEH     0720H     UNIT         ?XD?EE_PROCESS
            XDATA   1F1EH     0608H     UNIT         ?XD?MUIP
            XDATA   2526H     0188H     UNIT         ?XD?BASE64
            XDATA   26AEH     0171H     UNIT         ?XD?HTMFILES3
            XDATA   281FH     0155H     UNIT         ?XD?SMTP
            XDATA   2974H     0100H     UNIT         ?XD?UIP_ARP
            XDATA   2A74H     00D7H     UNIT         ?XD?NET_CMD
            XDATA   2B4BH     00AAH     UNIT         ?XD?TELNET
            XDATA   2BF5H     00A5H     UNIT         ?XD?UART
            XDATA   2C9AH     0092H     UNIT         ?XD?NET_UART
            XDATA   2D2CH     007DH     UNIT         ?XD?COM_PORT_OPTION?NET_UART
            XDATA   2DA9H     0073H     UNIT         ?XD?_CGI_SMTP?SMTPCBK
            XDATA   2E1CH     0073H     UNIT         ?XD?CRAM_MD5
            XDATA   2E8FH     0067H     UNIT         ?XD?_SSI_SMTP?SMTPCBK
            XDATA   2EF6H     0067H     UNIT         ?XD?_SMTP_SEND_AUTH_ID_PW?SMTP
            XDATA   2F5DH     005CH     UNIT         ?XD?SMTP_SEND_MAILBODY?SMTP
            XDATA   2FB9H     005AH     UNIT         ?XD?UDP_TEL
            XDATA   3013H     0050H     UNIT         ?XD?FS
            XDATA   3063H     004BH     UNIT         ?XD?COMMAND_SETTING?COMMANDLINE
            XDATA   30AEH     0049H     UNIT         ?XD?COMMANDLINE
            XDATA   30F7H     003DH     UNIT         ?XD?NETCMD?NET_CMD
BL51 BANKED LINKER/LOCATER V6.00                                                      11/05/2015  16:28:40  PAGE 5


            XDATA   3134H     0033H     UNIT         ?XD?APPLICATION
            XDATA   3167H     0033H     UNIT         ?XD?_CGI_LOGIN?LOGINCBK
            XDATA   319AH     0030H     UNIT         ?XD?DIDO_DATA_CONFIG?DIDO
            XDATA   31CAH     002EH     UNIT         ?XD?SCANF?SCANF
            XDATA   31F8H     002AH     UNIT         ?XD?_SSI_UDP_TEL?UDP_TELCBK
            XDATA   3222H     0029H     UNIT         ?XD?DHCPC
            XDATA   324BH     0028H     UNIT         ?XD?PRINTF?PRINTF
            XDATA   3273H     0024H     UNIT         ?XD?_SSI_SETPASS?SETPASSCBK
            XDATA   3297H     0024H     UNIT         ?XD?_DNS_QUERY?DNS
            XDATA   32BBH     001DH     UNIT         ?XD?DHCPCSENDDISCOVER?DHCPC
            XDATA   32D8H     001BH     UNIT         ?XD?_DHCPCSENDREQUEST?DHCPC
            XDATA   32F3H     001AH     UNIT         ?XD?TELNETCBK
            XDATA   330DH     001AH     UNIT         ?XD?COMMAND_INFO?COMMANDLINE
            XDATA   3327H     001AH     UNIT         ?XD?ONLOGINACCOUNT?NET_CMD
            XDATA   3341H     0019H     UNIT         ?XD?UDP
            XDATA   335AH     0017H     UNIT         ?XD?DIDO
            XDATA   3371H     0016H     UNIT         ?XD?_VLAN_TAG_PKT?VTAG
            XDATA   3387H     0016H     UNIT         ?XD?_SSI_STATUS?STATUSCBK
            XDATA   339DH     0012H     UNIT         ?XD?COMMAND_TYPE?COMMANDLINE
            XDATA   33AFH     0011H     UNIT         ?XD?HTTP_SERVER?HTTPD
            XDATA   33C0H     0010H     UNIT         ?XD?_ETHERNETSEND?MACDRIVER
            XDATA   33D0H     0010H     UNIT         ?XD?LOGINCBK
            XDATA   33E0H     0010H     UNIT         ?XD?NUC_PROCESS_CMD?NETUART_CTRL
            XDATA   33F0H     000FH     UNIT         ?XD?KBHIT_EE_LOAD_DEFAULT?MAIN
            XDATA   33FFH     000FH     UNIT         ?XD?UARTCBK
            XDATA   340EH     000FH     UNIT         ?XD?_CGISTRCPY?SMTPCBK
            XDATA   341DH     000FH     UNIT         ?XD?_NUC_SEND?NETUART_CTRL
            XDATA   342CH     000EH     UNIT         ?XD?_SENDTVSETCOMMAND?APPLICATION
            XDATA   343AH     000EH     UNIT         ?XD?_CGI_DIDO?DIDOCBK
            XDATA   3448H     000EH     UNIT         ?XD?_HEX_2_ASC?COMMANDLINE
            XDATA   3456H     000EH     UNIT         ?XD?DIDO_TCP_RX_FUN?DIDO
            XDATA   3464H     000DH     UNIT         ?XD?_ETHERNETRECEIVE?MACDRIVER
            XDATA   3471H     000DH     UNIT         ?XD?_STRFIND?HTTPD_APP
            XDATA   347EH     000DH     UNIT         ?XD?_SENDUARTRX2ETH?TELNET
            XDATA   348BH     000DH     UNIT         ?XD?_CRC?NET_CMD
            XDATA   3498H     000CH     UNIT         ?XD?_SAVEMODULEINFO2EEPROM?EE_PROCESS
            XDATA   34A4H     000CH     UNIT         ?XD?HTTPD_HEADER_INIT?HTTPD_APP
            XDATA   34B0H     000CH     UNIT         ?XD?_CGI_UDP_TEL?UDP_TELCBK
            XDATA   34BCH     000CH     UNIT         ?XD?RE_RORN?COMMANDLINE
            XDATA   34C8H     000CH     UNIT         ?XD?CRC_OPERATION?NET_CMD
            XDATA   34D4H     000CH     UNIT         ?XD?MPPROCESS?NET_CMD
            XDATA   34E0H     000CH     UNIT         ?XD?_B64DEC?BASE64
            XDATA   34ECH     000CH     UNIT         ?XD?_CRAM_MD5?CRAM_MD5
            XDATA   34F8H     000BH     UNIT         ?XD?MACDRIVER
            XDATA   3503H     000BH     UNIT         ?XD?_UIP_CONNECT?UIP
            XDATA   350EH     000BH     UNIT         ?XD?_CGI_SETIP?SETIPCBK
            XDATA   3519H     000BH     UNIT         ?XD?_SSI_DIDO?DIDOCBK
            XDATA   3524H     000BH     UNIT         ?XD?DNS_UDP_RECEIVE?DNS
            XDATA   352FH     000AH     UNIT         ?XD?_UITOS?CGIUTIL
            XDATA   3539H     000AH     UNIT         ?XD?WITH_TAG_PAGE?CGIUTIL
            XDATA   3543H     000AH     UNIT         ?XD?_CGI_UART?UARTCBK
            XDATA   354DH     000AH     UNIT         ?XD?_SSI_SETIP?SETIPCBK
            XDATA   3557H     000AH     UNIT         ?XD?_CGI_ADC?ADCCBK
            XDATA   3561H     000AH     UNIT         ?XD?_B64ENC?BASE64
            XDATA   356BH     0009H     UNIT         ?XD?_IP210_DMA?DMA
            XDATA   3574H     0009H     UNIT         ?XD?OS_CBK
            XDATA   357DH     0009H     UNIT         ?XD?_FS_OPEN?FS
BL51 BANKED LINKER/LOCATER V6.00                                                      11/05/2015  16:28:40  PAGE 6


            XDATA   3586H     0009H     UNIT         ?XD?_UIP_ARP_UPDATE?UIP_ARP
            XDATA   358FH     0009H     UNIT         ?XD?_STOUI?CGIUTIL
            XDATA   3598H     0009H     UNIT         ?XD?CHALLENGE
            XDATA   35A1H     0009H     UNIT         ?XD?COOKIE
            XDATA   35AAH     0009H     UNIT         ?XD?APPLICATION?APPLICATION
            XDATA   35B3H     0009H     UNIT         ?XD?_CGI_TELNET?TELNETCBK
            XDATA   35BCH     0009H     UNIT         ?XD?_REPLACEDOUBLEQUOTES?SMTPCBK
            XDATA   35C5H     0009H     UNIT         ?XD?_UDP_INIT?UDP
            XDATA   35CEH     0009H     UNIT         ?XD?DNS
            XDATA   35D7H     0009H     UNIT         ?XD?_SET_BIT?UDP_TEL
            XDATA   35E0H     0009H     UNIT         ?XD?RESENDUARTRX2ETH?TELNET
            XDATA   35E9H     0009H     UNIT         ?XD?_STRCAT?STRCAT
            XDATA   35F2H     0009H     UNIT         ?XD?_STRCSPN?STRCSPN
            XDATA   35FBH     0008H     UNIT         ?XD?EEPROMLOADDEFAULT?EE_PROCESS
            XDATA   3603H     0008H     UNIT         ?XD?TIMER
            XDATA   360BH     0008H     UNIT         ?XD?FU_CHECK?HTMFILES0
            XDATA   3613H     0008H     UNIT         ?XD?HTTPD_PARSE_COOKIE?COOKIE
            XDATA   361BH     0008H     UNIT         ?XD?_UITOS3DIGITAL?APPLICATION
            XDATA   3623H     0008H     UNIT         ?XD?_CGI_RESET?ERRORMSGCBK
            XDATA   362BH     0008H     UNIT         ?XD?TELNETD?TELNET
            XDATA   3633H     0008H     UNIT         ?XD?CLEARUARTRXBUF?TELNET
            XDATA   363BH     0008H     UNIT         ?XD?CLEARUARTRXBUF_PARITYERROR?TELNET
            XDATA   3643H     0008H     UNIT         ?XD?GENCONNID?NET_CMD
            XDATA   364BH     0008H     UNIT         ?XD?_SENDLOGINRESULT?NET_CMD
            XDATA   3653H     0008H     UNIT         ?XD?_STRCAT_MAIL_TO?SMTP
            XDATA   365BH     0008H     UNIT         ?XD?_B64ENCODE?BASE64
            XDATA   3663H     0008H     UNIT         ?XD?_B64DECODE?BASE64
            XDATA   366BH     0008H     UNIT         ?XD?_STRNCMP?STRNCMP
            XDATA   3673H     0007H     UNIT         ?XD?_CATNETWORKCONFIGMSG?MAIN
            XDATA   367AH     0007H     UNIT         ?XD?_CHECK_PACKET_TYPE?MACDRIVER
            XDATA   3681H     0007H     UNIT         ?XD?_ETHERNETRECEIVELOOKAHEAD?MACDRIVER
            XDATA   3688H     0007H     UNIT         ?XD?CGIUTIL
            XDATA   368FH     0007H     UNIT         ?XD?_CGI_SETPASS?SETPASSCBK
            XDATA   3696H     0007H     UNIT         ?XD?_ASC_TO_HEX?UTILITY
            XDATA   369DH     0007H     UNIT         ?XD?CHECK_RFC2217_SIGNAL?NET_UART
            XDATA   36A4H     0007H     UNIT         ?XD?_UDP_TEL_GETIP?UDP_TEL
            XDATA   36ABH     0007H     UNIT         ?XD?_MODIFYMAIL?SMTP
            XDATA   36B2H     0007H     UNIT         ?XD?_ATOL?ATOL
            XDATA   36B9H     0006H     UNIT         ?XD?_FS_OPEN00?HTMFILES0
            XDATA   36BFH     0006H     UNIT         ?XD?_FS_OPEN01?HTMFILES1
            XDATA   36C5H     0006H     UNIT         ?XD?_FS_OPEN02?HTMFILES2
            XDATA   36CBH     0006H     UNIT         ?XD?_FS_OPEN03?HTMFILES3
            XDATA   36D1H     0006H     UNIT         ?XD?_FS_OPEN04?HTMFILES4
            XDATA   36D7H     0006H     UNIT         ?XD?_FS_OPEN05?HTMFILES5
            XDATA   36DDH     0006H     UNIT         ?XD?_FS_OPEN06?HTMFILES6
            XDATA   36E3H     0006H     UNIT         ?XD?_FS_OPEN07?HTMFILES7
            XDATA   36E9H     0006H     UNIT         ?XD?MUIP_SEND?MUIP
            XDATA   36EFH     0006H     UNIT         ?XD?UDP_RECEIVE?APPLICATION
            XDATA   36F5H     0006H     UNIT         ?XD?_FINDCOOKIE?HTTPD_APP
            XDATA   36FBH     0006H     UNIT         ?XD?_SSI_LOGIN?LOGINCBK
            XDATA   3701H     0006H     UNIT         ?XD?_SSI_TELNET?TELNETCBK
            XDATA   3707H     0006H     UNIT         ?XD?_CGI_STATUS?STATUSCBK
            XDATA   370DH     0006H     UNIT         ?XD?DHCPCCHECKINFO?DHCPC
            XDATA   3713H     0006H     UNIT         ?XD?UDP_TEL_UPDATA_IP_AVAL?UDP_TEL
            XDATA   3719H     0006H     UNIT         ?XD?UDP_TEL_RX?UDP_TEL
            XDATA   371FH     0006H     UNIT         ?XD?SEARCHEMPTYCONNTABLE?NET_CMD
            XDATA   3725H     0006H     UNIT         ?XD?EEP_READ_REQ?NET_CMD
BL51 BANKED LINKER/LOCATER V6.00                                                      11/05/2015  16:28:40  PAGE 7


            XDATA   372BH     0006H     UNIT         ?XD?EEP_WRITE_REQ?NET_CMD
            XDATA   3731H     0006H     UNIT         ?XD?UDP_NET_CMD?NET_CMD
            XDATA   3737H     0006H     UNIT         ?XD?_CRAM_MD5_ENCODE?CRAM_MD5
            XDATA   373DH     0006H     UNIT         ?XD?_CRAM_MD5_DECODE?CRAM_MD5
            XDATA   3743H     0005H     UNIT         ?XD?LOADEEPROM2MODULEINFO?EE_PROCESS
            XDATA   3748H     0005H     UNIT         ?XD?LOADEEPROM2EECONFIG?EE_PROCESS
            XDATA   374DH     0005H     UNIT         ?XD?_UART_TRANSMIT_MULTI?UART
            XDATA   3752H     0005H     UNIT         ?XD?VTAG
            XDATA   3757H     0005H     UNIT         ?XD?NETUART_CTRL
            XDATA   375CH     0005H     UNIT         ?XD?UDP_TEL_SEND_ONE_PKT?UDP_TEL
            XDATA   3761H     0005H     UNIT         ?XD?UDP_GET_DNS?UDP_TEL
            XDATA   3766H     0005H     UNIT         ?XD?TELNET_CONNECT?TELNET
            XDATA   376BH     0005H     UNIT         ?XD?_ATOI?ATOI
            XDATA   3770H     0004H     UNIT         ?XD?_UIP_PROCESS?UIP
            XDATA   3774H     0004H     UNIT         ?XD?FIBER_COVER2?APPLICATION
            XDATA   3778H     0004H     UNIT         ?XD?UIP_UDPCHKSUM?CHECKSUM
            XDATA   377CH     0004H     UNIT         ?XD?UIP_TCPCHKSUM?CHECKSUM
            XDATA   3780H     0004H     UNIT         ?XD?_CGI_SETDEF?SETDEFCBK
            XDATA   3784H     0004H     UNIT         ?XD?_CGI_FW_UP?FW_UPCBK
            XDATA   3788H     0004H     UNIT         ?XD?_CGI_FU_UP?FW_UPCBK
            XDATA   378CH     0004H     UNIT         ?XD?_DHCPCFOUNDTAG?DHCPC
            XDATA   3790H     0004H     UNIT         ?XD?_DNS_RESULT?DNS
            XDATA   3794H     0004H     UNIT         ?XD?WRITEETHRX2UART?TELNET
            XDATA   3798H     0004H     UNIT         ?XD?RESENDUARTRX2UART?TELNET
            XDATA   379CH     0004H     UNIT         ?XD?ONCHANNELREQUEST?NET_CMD
            XDATA   37A0H     0004H     UNIT         ?XD?SMTP?SMTP
            XDATA   37A4H     0004H     UNIT         ?XD?RAND?RAND
            XDATA   37A8H     0003H     UNIT         ?XD?MAIN
            XDATA   37ABH     0003H     UNIT         ?XD?_SETUP_BLUPGRADE?EE_PROCESS
            XDATA   37AEH     0003H     UNIT         ?XD?_EEPROM_READ_BYTE?EEPROM
            XDATA   37B1H     0003H     UNIT         ?XD?_ETHERNETSEND2?MACDRIVER
            XDATA   37B4H     0003H     UNIT         ?XD?_UART_RECEIVE_MULTI?UART
            XDATA   37B7H     0003H     UNIT         ?XD?_DATACPY00?HTMFILES0
            XDATA   37BAH     0003H     UNIT         ?XD?_DATACPY01?HTMFILES1
            XDATA   37BDH     0003H     UNIT         ?XD?_DATACPY02?HTMFILES2
            XDATA   37C0H     0003H     UNIT         ?XD?_DATACPY03?HTMFILES3
            XDATA   37C3H     0003H     UNIT         ?XD?_DATACPY04?HTMFILES4
            XDATA   37C6H     0003H     UNIT         ?XD?_DATACPY05?HTMFILES5
            XDATA   37C9H     0003H     UNIT         ?XD?_DATACPY06?HTMFILES6
            XDATA   37CCH     0003H     UNIT         ?XD?_DATACPY07?HTMFILES7
            XDATA   37CFH     0003H     UNIT         ?XD?_UIP_LOG?UIP
            XDATA   37D2H     0003H     UNIT         ?XD?UIP_ARP_OUT?UIP_ARP
            XDATA   37D5H     0003H     UNIT         ?XD?_HTTPD_CHECK_COOKIE?HTTPD
            XDATA   37D8H     0003H     UNIT         ?XD?_HTTPD_INIT_FILE?HTTPD_APP
            XDATA   37DBH     0003H     UNIT         ?XD?_SSI_ERRORMSG?ERRORMSGCBK
            XDATA   37DEH     0003H     UNIT         ?XD?_SSI_UART?UARTCBK
            XDATA   37E1H     0003H     UNIT         ?XD?_SSI_ADC?ADCCBK
            XDATA   37E4H     0003H     UNIT         ?XD?_UP2LWR?COMMANDLINE
            XDATA   37E7H     0003H     UNIT         ?XD?_UDP_SET_BUF?UDP
            XDATA   37EAH     0003H     UNIT         ?XD?DHCPCCLTPKTINIT?DHCPC
            XDATA   37EDH     0003H     UNIT         ?XD?DHCPC_UDP_RECEIVE?DHCPC
            XDATA   37F0H     0003H     UNIT         ?XD?_NUC_CHK_PW?NETUART_CTRL
            XDATA   37F3H     0003H     UNIT         ?XD?TELNET_RFC?NET_UART
            XDATA   37F6H     0003H     UNIT         ?XD?NEW_BLOCK_INIT?UDP_TEL
            XDATA   37F9H     0003H     UNIT         ?XD?TELNET_CONNECTED_INIT?TELNET
            XDATA   37FCH     0003H     UNIT         ?XD?_FINDSA?NET_CMD
            XDATA   37FFH     0003H     UNIT         ?XD?_SENDLOGINMD5KEY?NET_CMD
BL51 BANKED LINKER/LOCATER V6.00                                                      11/05/2015  16:28:40  PAGE 8


            XDATA   3802H     0003H     UNIT         ?XD?_B64ENCODE_ALLOC?BASE64
            XDATA   3805H     0003H     UNIT         ?XD?_B64DECODE_ALLOC?BASE64
            XDATA   3808H     0002H     UNIT         ?XD?EEPROMCHECKDATAAVAILABLE?EE_PROCESS
            XDATA   380AH     0002H     UNIT         ?XD?_FILL_DMA_SETTING?DMA
            XDATA   380CH     0002H     UNIT         ?XD?ETHERNETRECEIVESKIP?MACDRIVER
            XDATA   380EH     0002H     UNIT         ?XD?_UIP_ADD32?MACDRIVER
            XDATA   3810H     0002H     UNIT         ?XD?MDC_MDIO
            XDATA   3812H     0002H     UNIT         ?XD?HTTPD_SET_COOKIE?COOKIE
            XDATA   3814H     0002H     UNIT         ?XD?QUERYSTR_FUNC?HTTPD_APP
            XDATA   3816H     0002H     UNIT         ?XD?_HTTPD_COPY_DATA?HTTPD_APP
            XDATA   3818H     0002H     UNIT         ?XD?_UIP_CHKSUM?CHECKSUM
            XDATA   381AH     0002H     UNIT         ?XD?ADC_CONVERT?ADCCBK
            XDATA   381CH     0002H     UNIT         ?XD?ADCCBK
            XDATA   381EH     0002H     UNIT         ?XD?_UDP_SEND?UDP
            XDATA   3820H     0002H     UNIT         ?XD?WDG
            XDATA   3822H     0002H     UNIT         ?XD?READETH2UARTTXBUF?TELNET
            XDATA   3824H     0002H     UNIT         ?XD?UART_AUTO_SEND?TELNET
            XDATA   3826H     0002H     UNIT         ?XD?LOCALCMD?NET_CMD
            XDATA   3828H     0002H     UNIT         ?XD?ONLOGINREQUEST?NET_CMD
            XDATA   382AH     0002H     UNIT         ?XD?ONGPIOREQUEST?NET_CMD
            XDATA   382CH     0002H     UNIT         ?XD?SMTP_CHK_MAILTOTOTAL?SMTP
            XDATA   382EH     0001H     UNIT         ?XD?MAIN?MAIN
            XDATA   382FH     0001H     UNIT         ?XD?UART_EMPTY_RX_FIFO?UART
            XDATA   3830H     0001H     UNIT         ?XD?_WRITE_MDC?MDC_MDIO
            XDATA   3831H     0001H     UNIT         ?XD?CHECK_SPEED?OS_CBK
            XDATA   3832H     0001H     UNIT         ?XD?CHECKSUM
            XDATA   3833H     0001H     UNIT         ?XD?ERRORMSGCBK
            XDATA   3834H     0001H     UNIT         ?XD?SETIPCBK
            XDATA   3835H     0001H     UNIT         ?XD?UDP_TELCBK
            XDATA   3836H     0001H     UNIT         ?XD?NUC_ON_TCP_RX?NETUART_CTRL
            XDATA   3837H     0001H     UNIT         ?XD?DIDO_INIT?DIDO
            XDATA   3838H     0001H     UNIT         ?XD?_GET_BIT?UDP_TEL
            XDATA   3839H     0001H     UNIT         ?XD?UDP_TEL_INIT?UDP_TEL
            XDATA   383AH     0001H     UNIT         ?XD?_IP210_ISR_CTRL?TELNET
            XDATA   383BH     0001H     UNIT         ?XD?CHECKCONNID?NET_CMD
            XDATA   383CH     0001H     UNIT         ?XD?LOCALCMDTXPREFIX?NET_CMD
            XDATA   383DH     0001H     UNIT         ?XD?AGINGNETCMDCONNTABLE?NET_CMD
            XDATA   383EH     0001H     UNIT         ?XD?GETCHAR

            * * * * * * *   C O D E   M E M O R Y   * * * * * * *
            CODE    0000H     0003H     ABSOLUTE     
            CODE    0003H     0003H     ABSOLUTE     
            CODE    0006H     0002H     UNIT         ?CO?CGIUTIL
            CODE    0008H     0001H     UNIT         ?CO?CRAM_MD5
                    0009H     0002H                  *** GAP ***
            CODE    000BH     0003H     ABSOLUTE     
            CODE    000EH     003FH     UNIT         ?CO?DHCPC
                    004DH     0003H                  *** GAP ***
            CODE    0050H     0065H     ABSOLUTE     
            CODE    00B5H     0DB8H     UNIT         ?C?LIB_CODE
            CODE    0E6DH     0781H     UNIT         ?CO?EE_DEFAULT
            CODE    15EEH     0652H     UNIT         ?C_INITSEG
            CODE    1C40H     0365H     UNIT         ?PR?PRINTF?PRINTF
            CODE    1FA5H     0057H     UNIT         ?CO?TELNET
                    1FFCH     0004H                  *** GAP ***
            CODE    2000H     0616H     PAGE         ?BANK?SWITCH
            CODE    2616H     03DBH     UNIT         ?CO?COMMANDLINE
BL51 BANKED LINKER/LOCATER V6.00                                                      11/05/2015  16:28:40  PAGE 9


            CODE    29F1H     0322H     UNIT         ?PR?SCANF?SCANF
            CODE    2D13H     017BH     UNIT         ?CO?MAIN
            CODE    2E8EH     0138H     UNIT         ?CO?TELNETCBK
            CODE    2FC6H     0118H     UNIT         ?CO?HTTPD_APP
            CODE    30DEH     0115H     UNIT         ?CO?SMTP
            CODE    31F3H     0113H     UNIT         ?C_C51STARTUP
            CODE    3306H     010CH     UNIT         ?PR?_ATOL?ATOL
            CODE    3412H     00F7H     UNIT         ?CO?ERRORMSGCBK
            CODE    3509H     00E9H     UNIT         ?CO?HTTPD
            CODE    35F2H     00DBH     UNIT         ?PR?_ATOI?ATOI
            CODE    36CDH     00BCH     UNIT         ?CO?DIDO
            CODE    3789H     00A9H     UNIT         ?CO?SMTPCBK
            CODE    3832H     00A0H     UNIT         ?CO?UARTCBK
            CODE    38D2H     0081H     UNIT         ?PR?_STRCSPN?STRCSPN
            CODE    3953H     0076H     UNIT         ?PR?_STRNCMP?STRNCMP
            CODE    39C9H     006EH     UNIT         ?CO?APPLICATION
            CODE    3A37H     006EH     UNIT         ?CO?SETIPCBK
            CODE    3AA5H     006BH     UNIT         ?PR?_STRCAT?STRCAT
            CODE    3B10H     0061H     UNIT         ?CO?UDP_TELCBK
            CODE    3B71H     0052H     UNIT         ?CO?DIDOCBK
            CODE    3BC3H     004DH     UNIT         ?PR?RAND?RAND
            CODE    3C10H     004AH     UNIT         ?CO?NET_CMD
            CODE    3C5AH     0037H     UNIT         ?CO?LOGINCBK
            CODE    3C91H     0033H     UNIT         ?CO?STATUSCBK
            CODE    3CC4H     002BH     UNIT         ?CO?OS_CBK
            CODE    3CEFH     0029H     UNIT         ?BANK?SELECT
            CODE    3D18H     0027H     UNIT         ?PR?PUTCHAR?PUTCHAR
            CODE    3D3FH     0026H     UNIT         ?CO?MACDRIVER
            CODE    3D65H     0026H     UNIT         ?CO?SETPASSCBK
            CODE    3D8BH     001CH     UNIT         ?PR?_STRCHR?STRCHR
            CODE    3DA7H     0019H     UNIT         ?CO?ADCCBK
            CODE    3DC0H     0018H     UNIT         ?CO?NET_UART
            CODE    3DD8H     0015H     UNIT         ?PR?_STRLEN?STRLEN
            CODE    3DEDH     0014H     UNIT         ?CO?EE_PROCESS
            CODE    3E01H     0014H     UNIT         ?PR?GETCHAR?GETCHAR
            CODE    3E15H     0014H     UNIT         ?PR?_ISSPACE?ISSPACE
            CODE    3E29H     0013H     UNIT         ?CO?SETDEFCBK
            CODE    3E3CH     0010H     UNIT         ?CO?VTAG
            CODE    3E4CH     0010H     UNIT         ?CO?DNS
            CODE    3E5CH     000FH     UNIT         ?CO?FW_UPCBK
            CODE    3E6BH     000FH     UNIT         ?PR?_ISDIGIT?ISDIGIT
            CODE    3E7AH     000DH     UNIT         ?CO?COOKIE
            CODE    3E87H     000CH     UNIT         ?CO?UIP
            CODE    3E93H     000AH     UNIT         ?CO?NETUART_CTRL
            CODE    3E9DH     000AH     UNIT         ?PR?_GETKEY?_GETKEY
            CODE    3EA7H     0008H     UNIT         ?CO?UDP_TEL
            CODE    3EAFH     0008H     UNIT         ?PR?GETCHAR?UNGETCHAR
                    3EB7H     C129H                  *** GAP ***
            CODE    FFE0H     001BH     ABSOLUTE     
                    FFFBH     0002H                  *** GAP ***
            CODE    FFFDH     0003H     ABSOLUTE     

            * * * * * * *   C O D E   B A N K   0   * * * * * * *
                    0000H     5000H                  *** GAP ***
            BANK0   5000H     0077H     UNIT         ?CO?HTMFILES0
            BANK0   5077H     0178H     UNIT         ?PR?_FS_OPEN00?HTMFILES0
            BANK0   51EFH     00FCH     UNIT         ?PR?FU_CHECK?HTMFILES0
BL51 BANKED LINKER/LOCATER V6.00                                                      11/05/2015  16:28:40  PAGE 10


            BANK0   52EBH     0048H     UNIT         ?PR?_DATACPY00?HTMFILES0
            BANK0   5333H     0022H     UNIT         ?PR?_GET_TAG00?HTMFILES0
                    5355H     0CABH                  *** GAP ***
            BANK0   6000H     7FE0H     UNIT         ?CO?FIRMWARE_REV

            * * * * * * *   C O D E   B A N K   1   * * * * * * *
                    0000H     5000H                  *** GAP ***
            BANK1   5000H     000FH     UNIT         ?CO?HTMFILES1
            BANK1   500FH     1B19H     UNIT         ?PR?_UIP_PROCESS?UIP
            BANK1   6B28H     0DBDH     UNIT         ?PR?HTTP_SERVER?HTTPD
            BANK1   78E5H     0737H     UNIT         ?PR?WITH_TAG_PAGE?CGIUTIL
            BANK1   801CH     03D2H     UNIT         ?PR?_CGI_DIDO?DIDOCBK
            BANK1   83EEH     03A0H     UNIT         ?PR?APPLICATION?APPLICATION
            BANK1   878EH     0375H     UNIT         ?PR?_ETHERNETSEND?MACDRIVER
            BANK1   8B03H     036EH     UNIT         ?PR?_CGI_SETIP?SETIPCBK
            BANK1   8E71H     0361H     UNIT         ?PR?_CATNETWORKCONFIGMSG?MAIN
            BANK1   91D2H     0317H     UNIT         ?PR?_CGI_SETPASS?SETPASSCBK
            BANK1   94E9H     0307H     UNIT         ?PR?_CGI_LOGIN?LOGINCBK
            BANK1   97F0H     02A8H     UNIT         ?PR?_SSI_ERRORMSG?ERRORMSGCBK
            BANK1   9A98H     02A5H     UNIT         ?PR?MUIP_SEND?MUIP
            BANK1   9D3DH     0249H     UNIT         ?PR?_CGI_SMTP?SMTPCBK
            BANK1   9F86H     0242H     UNIT         ?PR?_SSI_SETIP?SETIPCBK
            BANK1   A1C8H     0241H     UNIT         ?PR?MUIP_PROCESS?MUIP
            BANK1   A409H     0232H     UNIT         ?PR?_SSI_DIDO?DIDOCBK
            BANK1   A63BH     0228H     UNIT         ?PR?_UIP_CONNECT?UIP
            BANK1   A863H     020DH     UNIT         ?PR?_ETHERNETRECEIVE?MACDRIVER
            BANK1   AA70H     020DH     UNIT         ?PR?HTTPD_HEADER_INIT?HTTPD_APP
            BANK1   AC7DH     01DEH     UNIT         ?PR?_FINDCOOKIE?HTTPD_APP
            BANK1   AE5BH     01A3H     UNIT         ?PR?HTTPD_DATA_PROCESSING?CGI
            BANK1   AFFEH     019BH     UNIT         ?PR?_CGISTRCPY?SMTPCBK
            BANK1   B199H     0178H     UNIT         ?PR?_FS_OPEN01?HTMFILES1
            BANK1   B311H     0178H     UNIT         ?PR?QUERYSTR_FUNC?HTTPD_APP
            BANK1   B489H     0162H     UNIT         ?PR?_SENDTVSETCOMMAND?APPLICATION
            BANK1   B5EBH     015BH     UNIT         ?PR?LAST_TAG_PAGE?CGIUTIL
            BANK1   B746H     0144H     UNIT         ?PR?_HTTPD_INIT_FILE?HTTPD_APP
            BANK1   B88AH     0143H     UNIT         ?PR?HTTPD_PARSE_COOKIE?COOKIE
            BANK1   B9CDH     013BH     UNIT         ?PR?_UITOS?CGIUTIL
            BANK1   BB08H     012EH     UNIT         ?PR?_CHECK_PACKET_TYPE?MACDRIVER
            BANK1   BC36H     0123H     UNIT         ?PR?_REPLACEDOUBLEQUOTES?SMTPCBK
            BANK1   BD59H     0112H     UNIT         ?PR?_STRFIND?HTTPD_APP
            BANK1   BE6BH     010BH     UNIT         ?PR?_ASC_TO_HEX?UTILITY
            BANK1   BF76H     00F8H     UNIT         ?PR?NETWORKCONFIG?MAIN
            BANK1   C06EH     00F8H     UNIT         ?PR?NO_TAG_PAGE?CGIUTIL
            BANK1   C166H     00F4H     UNIT         ?PR?_SSI_STATUS?STATUSCBK
            BANK1   C25AH     00F1H     UNIT         ?PR?_CGI_RESET?ERRORMSGCBK
            BANK1   C34BH     00EBH     UNIT         ?PR?_CGI_STATUS?STATUSCBK
            BANK1   C436H     00E6H     UNIT         ?PR?EEPROMLOADDEFAULT?EE_PROCESS
            BANK1   C51CH     00E6H     UNIT         ?PR?_CGI_FW_UP?FW_UPCBK
            BANK1   C602H     00E6H     UNIT         ?PR?_CGI_FU_UP?FW_UPCBK
            BANK1   C6E8H     00E4H     UNIT         ?PR?_FS_OPEN?FS
            BANK1   C7CCH     00DEH     UNIT         ?PR?KBHIT_EE_LOAD_DEFAULT?MAIN
            BANK1   C8AAH     00CCH     UNIT         ?PR?_SSI_SETPASS?SETPASSCBK
            BANK1   C976H     00C6H     UNIT         ?PR?_IP210_DMA?DMA
            BANK1   CA3CH     00C6H     UNIT         ?PR?TAG_ADDRESS_BIGGER_MSS?CGIUTIL
            BANK1   CB02H     00BEH     UNIT         ?PR?ON_TCP_RX?APPLICATION
            BANK1   CBC0H     00BCH     UNIT         ?PR?ETHERNETRECEIVESKIP?MACDRIVER
            BANK1   CC7CH     00B6H     UNIT         ?PR?_UITOS3DIGITAL?APPLICATION
BL51 BANKED LINKER/LOCATER V6.00                                                      11/05/2015  16:28:40  PAGE 11


            BANK1   CD32H     00B4H     UNIT         ?PR?_ETHERNETRECEIVELOOKAHEAD?MACDRIVER
            BANK1   CDE6H     00B0H     UNIT         ?PR?RE_INIT?VTAG
            BANK1   CE96H     00AFH     UNIT         ?PR?_HTTPD_CHECK_COOKIE?HTTPD
            BANK1   CF45H     00ACH     UNIT         ?PR?_VLAN_TAG_PKT?VTAG
            BANK1   CFF1H     00AAH     UNIT         ?PR?_SSI_LOGIN?LOGINCBK
            BANK1   D09BH     00A7H     UNIT         ?PR?CHECKPKTSEND?APPLICATION
            BANK1   D142H     009CH     UNIT         ?PR?_ETHERNETSEND2?MACDRIVER
            BANK1   D1DEH     0095H     UNIT         ?PR?_SAVEMODULEINFO2EEPROM?EE_PROCESS
            BANK1   D273H     0095H     UNIT         ?PR?UART_SET_PROPERTY?UART
            BANK1   D308H     008FH     UNIT         ?PR?HTTPD_SET_COOKIE?COOKIE
            BANK1   D397H     0089H     UNIT         ?PR?_STOUI?CGIUTIL
            BANK1   D420H     0085H     UNIT         ?PR?HTTPD_FILE_NOT_FOUND?HTTPD_APP
            BANK1   D4A5H     007EH     UNIT         ?PR?_UIP_ADD32?MACDRIVER
            BANK1   D523H     007BH     UNIT         ?PR?_SSI_SMTP?SMTPCBK
            BANK1   D59EH     0075H     UNIT         ?PR?EEPROMINIT?EE_PROCESS
            BANK1   D613H     0075H     UNIT         ?PR?LOADDEFAULT?OS_CBK
            BANK1   D688H     0071H     UNIT         ?PR?CHECK_VLAN_TAG?VTAG
            BANK1   D6F9H     0065H     UNIT         ?PR?MAIN?MAIN
            BANK1   D75EH     0064H     UNIT         ?PR?_SETUP_BLUPGRADE?EE_PROCESS
            BANK1   D7C2H     005FH     UNIT         ?PR?HTTPD_COPYDATA?HTTPD
            BANK1   D821H     005EH     UNIT         ?PR?_EEPROM_READ_BYTE?EEPROM
            BANK1   D87FH     005CH     UNIT         ?PR?HTTPD_CHALLENGEERROR?HTTPD_APP
            BANK1   D8DBH     005BH     UNIT         ?PR?_UIP_ADD_RCV_NXT?UIP
            BANK1   D936H     005BH     UNIT         ?PR?_HTTPD_COPY_DATA?HTTPD_APP
            BANK1   D991H     0059H     UNIT         ?PR?CHECK_SPEED?OS_CBK
            BANK1   D9EAH     0059H     UNIT         ?PR?UIP_INIT?UIP
            BANK1   DA43H     0058H     UNIT         ?PR?LOADEEPROM2MODULEINFO?EE_PROCESS
            BANK1   DA9BH     0058H     UNIT         ?PR?LOADEEPROM2EECONFIG?EE_PROCESS
            BANK1   DAF3H     0058H     UNIT         ?PR?FIBER_COVER2?APPLICATION
            BANK1   DB4BH     0056H     UNIT         ?PR?EEPROMCHECKDATAAVAILABLE?EE_PROCESS
            BANK1   DBA1H     0056H     UNIT         ?PR?IP210_WRITE_TIMER_COUNTER?TIMER
            BANK1   DBF7H     004FH     UNIT         ?PR?ETHERNETRECEIVEFREESPACE?MACDRIVER
            BANK1   DC46H     004BH     UNIT         ?PR?CHECK_MAC_STATUS?MACDRIVER
            BANK1   DC91H     004AH     UNIT         ?PR?EEPROMERR?ERRORMSGCBK
            BANK1   DCDBH     0049H     UNIT         ?PR?HTTPD_LOGIN_FAIL?HTTPD_APP
            BANK1   DD24H     0048H     UNIT         ?PR?_DATACPY01?HTMFILES1
            BANK1   DD6CH     0045H     UNIT         ?PR?_WRITE_MDC?MDC_MDIO
            BANK1   DDB1H     0043H     UNIT         ?PR?_UIP_UNLISTEN?UIP
            BANK1   DDF4H     0041H     UNIT         ?PR?_READ_MDC?MDC_MDIO
            BANK1   DE35H     0041H     UNIT         ?PR?HTTPD_LOGIN_PASS?HTTPD_APP
            BANK1   DE76H     0040H     UNIT         ?PR?_EEPROM_WRITE_BYTE?EEPROM
            BANK1   DEB6H     0040H     UNIT         ?PR?_UART_TRANSMIT_MULTI?UART
            BANK1   DEF6H     0040H     UNIT         ?PR?_UIP_LISTEN?UIP
            BANK1   DF36H     003DH     UNIT         ?PR?CHECK_FIRMWAREUPDATE?OS_CBK
            BANK1   DF73H     0030H     UNIT         ?PR?_HEX_TO_ASC?UTILITY
            BANK1   DFA3H     002FH     UNIT         ?PR?_UART_RECEIVE_MULTI?UART
            BANK1   DFD2H     002EH     UNIT         ?PR?_FILL_DMA_SETTING?DMA
            BANK1   E000H     002AH     UNIT         ?PR?MAC_INIT?MACDRIVER
            BANK1   E02AH     002AH     UNIT         ?PR?FIBER_COVER?APPLICATION
            BANK1   E054H     0029H     UNIT         ?PR?ENVLANCHECK?VTAG
            BANK1   E07DH     0028H     UNIT         ?PR?RESTORE_UIP_BUF?UIP
            BANK1   E0A5H     0028H     UNIT         ?PR?HTTPD_INIT?HTTPD
            BANK1   E0CDH     0025H     UNIT         ?PR?TFD_INDEX?MACDRIVER
            BANK1   E0F2H     0024H     UNIT         ?PR?GATEWAY_TIMER?OS_CBK
            BANK1   E116H     0023H     UNIT         ?PR?OS_LOOP_100MS?OS_CBK
            BANK1   E139H     0022H     UNIT         ?PR?_GET_TAG01?HTMFILES1
            BANK1   E15BH     0021H     UNIT         ?PR?MAC_ADDRESS_FILL?MACDRIVER
BL51 BANKED LINKER/LOCATER V6.00                                                      11/05/2015  16:28:40  PAGE 12


            BANK1   E17CH     0021H     UNIT         ?PR?IP_ADDRESS_FILL?MACDRIVER
            BANK1   E19DH     001FH     UNIT         ?PR?TIMER_COUNTER_OVERFLOW?TIMER
            BANK1   E1BCH     001DH     UNIT         ?PR?_RESIZE_RX_BUF?MACDRIVER
            BANK1   E1D9H     001DH     UNIT         ?PR?_CHG_UIP_BUF?UIP
            BANK1   E1F6H     001BH     UNIT         ?PR?WAIT_PACKET_SENT?MACDRIVER
            BANK1   E211H     001BH     UNIT         ?PR?UART_EMPTY_RX_FIFO?UART
            BANK1   E22CH     001AH     UNIT         ?PR?TIMERCOUNTER_INIT?TIMER
            BANK1   E246H     0018H     UNIT         ?PR?IP210_DMA_SET_IDLE?DMA
            BANK1   E25EH     0018H     UNIT         ?PR?_UART_SET_DIVISOR?UART
            BANK1   E276H     0018H     UNIT         ?PR?_GET_SYSTEM_PARAMETER?APPLICATION
            BANK1   E28EH     0017H     UNIT         ?PR?GETDEVICEID?EE_PROCESS
            BANK1   E2A5H     0016H     UNIT         ?PR?_DELAY0?MAIN
            BANK1   E2BBH     0015H     UNIT         ?PR?UDP_RECEIVE?APPLICATION
            BANK1   E2D0H     0014H     UNIT         ?PR?SERIAL_INIT?SERIAL
            BANK1   E2E4H     0013H     UNIT         ?PR?_UART_RECEIVE_BYTE?UART
            BANK1   E2F7H     0013H     UNIT         ?PR?_DELAY?UTILITY
            BANK1   E30AH     0012H     UNIT         ?PR?IP210_DMA_IDLE_RESTORE?DMA
            BANK1   E31CH     0012H     UNIT         ?PR?_SERIAL_CHECK_RX?SERIAL
            BANK1   E32EH     000FH     UNIT         ?PR?OS_LOOP?OS_CBK
            BANK1   E33DH     000FH     UNIT         ?PR?MUIP_INIT?MUIP
            BANK1   E34CH     000FH     UNIT         ?PR?IP210_SWRESET?UTILITY
            BANK1   E35BH     000EH     UNIT         ?PR?TIMER2_INIT?TIMER
            BANK1   E369H     000CH     UNIT         ?PR?TIMER0_INIT?TIMER
            BANK1   E375H     000CH     UNIT         ?PR?_UIP_LOG?UIP
            BANK1   E381H     000BH     UNIT         ?PR?SERIAL_POLLING_RX?SERIAL
            BANK1   E38CH     000BH     UNIT         ?PR?OS_INITIAL?OS_CBK
            BANK1   E397H     000AH     UNIT         ?PR?IP210_WAIT_DMA_COMPLETE?DMA
            BANK1   E3A1H     0008H     UNIT         ?PR?GETCH2?MAIN
            BANK1   E3A9H     0008H     UNIT         ?PR?EEPROM_ENABLE?EEPROM
            BANK1   E3B1H     0008H     UNIT         ?PR?UART_SET_RTS?UART
            BANK1   E3B9H     0008H     UNIT         ?PR?UART_CLEAR_RTS?UART
            BANK1   E3C1H     0008H     UNIT         ?PR?CPUINIT?UTILITY
            BANK1   E3C9H     0006H     UNIT         ?PR?UART_TX_FIFO_STATUS?UART
            BANK1   E3CFH     0006H     UNIT         ?PR?UART_RX_FIFO_STATUS?UART
            BANK1   E3D5H     0006H     UNIT         ?PR?_UART_TRANSMIT_BYTE?UART
            BANK1   E3DBH     0006H     UNIT         ?PR?GETTVSTATE?APPLICATION
            BANK1   E3E1H     0003H     UNIT         ?PR?TIMERCOUNTER0_INIT?TIMER
            BANK1   E3E4H     0001H     UNIT         ?PR?FLASHLED?MAIN
            BANK1   E3E5H     0001H     UNIT         ?PR?UDP_XMIT?UIP

            * * * * * * *   C O D E   B A N K   2   * * * * * * *
                    0000H     5000H                  *** GAP ***
            BANK2   5000H     000FH     UNIT         ?CO?HTMFILES2
            BANK2   500FH     09D3H     UNIT         ?PR?CLEARUARTRXBUF?TELNET
            BANK2   59E2H     096FH     UNIT         ?PR?COM_PORT_OPTION?NET_UART
            BANK2   6351H     08F2H     UNIT         ?PR?_CGI_TELNET?TELNETCBK
            BANK2   6C43H     05D7H     UNIT         ?PR?TELNETD?TELNET
            BANK2   721AH     04A7H     UNIT         ?PR?RESENDUARTRX2ETH?TELNET
            BANK2   76C1H     03B6H     UNIT         ?PR?SMTP_SEND_MAILBODY?SMTP
            BANK2   7A77H     03AEH     UNIT         ?PR?_SSI_TELNET?TELNETCBK
            BANK2   7E25H     0397H     UNIT         ?PR?_SENDUARTRX2ETH?TELNET
            BANK2   81BCH     0347H     UNIT         ?PR?UDP_TEL_SEND_ONE_PKT?UDP_TEL
            BANK2   8503H     033CH     UNIT         ?PR?_DNS_QUERY?DNS
            BANK2   883FH     0336H     UNIT         ?PR?READETH2UARTTXBUF?TELNET
            BANK2   8B75H     0304H     UNIT         ?PR?TELNET_RFC?NET_UART
            BANK2   8E79H     02D0H     UNIT         ?PR?CLEARUARTRXBUF_PARITYERROR?TELNET
            BANK2   9149H     02BCH     UNIT         ?PR?RESENDUARTRX2UART?TELNET
BL51 BANKED LINKER/LOCATER V6.00                                                      11/05/2015  16:28:40  PAGE 13


            BANK2   9405H     02A7H     UNIT         ?PR?UDP_TEL_INIT?UDP_TEL
            BANK2   96ACH     0284H     UNIT         ?PR?UDP_GET_DNS?UDP_TEL
            BANK2   9930H     025BH     UNIT         ?PR?WRITEETHRX2UART?TELNET
            BANK2   9B8BH     0252H     UNIT         ?PR?NUC_PROCESS_CMD?NETUART_CTRL
            BANK2   9DDDH     0250H     UNIT         ?PR?SMTP?SMTP
            BANK2   A02DH     021DH     UNIT         ?PR?UDP_TEL_RX?UDP_TEL
            BANK2   A24AH     01F0H     UNIT         ?PR?_UDP_SEND?UDP
            BANK2   A43AH     01EDH     UNIT         ?PR?_NUC_SEND?NETUART_CTRL
            BANK2   A627H     01E9H     UNIT         ?PR?UDP_TEL_CHK_SEND?UDP_TEL
            BANK2   A810H     01DEH     UNIT         ?PR?TELNET_INIT_COM?TELNET
            BANK2   A9EEH     0178H     UNIT         ?PR?_FS_OPEN02?HTMFILES2
            BANK2   AB66H     014FH     UNIT         ?PR?_UDP_TEL_GETIP?UDP_TEL
            BANK2   ACB5H     014CH     UNIT         ?PR?_B64ENC?BASE64
            BANK2   AE01H     014AH     UNIT         ?PR?DHCPCCHECKINFO?DHCPC
            BANK2   AF4BH     0148H     UNIT         ?PR?_CGI_UART?UARTCBK
            BANK2   B093H     0148H     UNIT         ?PR?_DHCPCSENDREQUEST?DHCPC
            BANK2   B1DBH     0135H     UNIT         ?PR?DHCPCCLTPKTINIT?DHCPC
            BANK2   B310H     0134H     UNIT         ?PR?DNS_UDP_RECEIVE?DNS
            BANK2   B444H     012CH     UNIT         ?PR?_B64DEC?BASE64
            BANK2   B570H     0112H     UNIT         ?PR?_CRAM_MD5?CRAM_MD5
            BANK2   B682H     0109H     UNIT         ?PR?TELNET_CONNECT?TELNET
            BANK2   B78BH     0103H     UNIT         ?PR?UDP_TEL_UPDATA_IP_AVAL?UDP_TEL
            BANK2   B88EH     00FDH     UNIT         ?PR?REVERSE_TELNET_ON_TCP_RX?TELNET
            BANK2   B98BH     00D3H     UNIT         ?PR?CHECK_RFC2217_SIGNAL?NET_UART
            BANK2   BA5EH     00D1H     UNIT         ?PR?NETUARTONTCPRX?NET_UART
            BANK2   BB2FH     00C9H     UNIT         ?PR?DHCPCTIMER?DHCPC
            BANK2   BBF8H     00C9H     UNIT         ?PR?SMTP_TIMER?SMTP
            BANK2   BCC1H     00C1H     UNIT         ?PR?NEW_BLOCK_INIT?UDP_TEL
            BANK2   BD82H     00B6H     UNIT         ?PR?SMTP_CHK_MAILTOTOTAL?SMTP
            BANK2   BE38H     00B1H     UNIT         ?PR?_DHCPCFOUNDTAG?DHCPC
            BANK2   BEE9H     00B1H     UNIT         ?PR?DHCPCSENDDISCOVER?DHCPC
            BANK2   BF9AH     00ADH     UNIT         ?PR?UDP_LEARN_IP?UDP_TEL
            BANK2   C047H     00AAH     UNIT         ?PR?NUC_ON_TCP_RX?NETUART_CTRL
            BANK2   C0F1H     00A9H     UNIT         ?PR?UART_AUTO_SEND?TELNET
            BANK2   C19AH     00A9H     UNIT         ?PR?_SMTP_SEND_AUTH_ID_PW?SMTP
            BANK2   C243H     00A7H     UNIT         ?PR?_STRCAT_MAIL_TO?SMTP
            BANK2   C2EAH     00A3H     UNIT         ?PR?SMTP_SEND_CMD_MAIL?SMTP
            BANK2   C38DH     00A0H     UNIT         ?PR?DHCPC_UDP_RECEIVE?DHCPC
            BANK2   C42DH     009FH     UNIT         ?PR?_SET_BIT?UDP_TEL
            BANK2   C4CCH     009EH     UNIT         ?PR?SMTP_SEND_CMD_HELO?SMTP
            BANK2   C56AH     009DH     UNIT         ?PR?RFC_LOOP?NET_UART
            BANK2   C607H     0093H     UNIT         ?PR?TELNET_SERVER_TIMEOUT?TELNET
            BANK2   C69AH     008FH     UNIT         ?PR?TELNET_CONNECTED_INIT?TELNET
            BANK2   C729H     008CH     UNIT         ?PR?SMTP_SEND_CMD_RCPT?SMTP
            BANK2   C7B5H     007BH     UNIT         ?PR?NETUARTTIMER?NET_UART
            BANK2   C830H     007AH     UNIT         ?PR?_DNS_RESULT?DNS
            BANK2   C8AAH     0079H     UNIT         ?PR?SMTP_SEND_MAILBODY_END?SMTP
            BANK2   C923H     0073H     UNIT         ?PR?SMTP_INIT?SMTP
            BANK2   C996H     0072H     UNIT         ?PR?SMTP_SEND_PACKET?SMTP
            BANK2   CA08H     0071H     UNIT         ?PR?DHCPCAPPLYIP?DHCPC
            BANK2   CA79H     0070H     UNIT         ?PR?_B64ENCODE?BASE64
            BANK2   CAE9H     0070H     UNIT         ?PR?_B64DECODE?BASE64
            BANK2   CB59H     0065H     UNIT         ?PR?_B64ENCODE_ALLOC?BASE64
            BANK2   CBBEH     0064H     UNIT         ?PR?DHCPCRECEIVEACK?DHCPC
            BANK2   CC22H     005DH     UNIT         ?PR?_MODIFYMAIL?SMTP
            BANK2   CC7FH     005DH     UNIT         ?PR?SMTP_SEND_STARTTLS?SMTP
            BANK2   CCDCH     005DH     UNIT         ?PR?SMTP_SEND_CMD_DATA?SMTP
BL51 BANKED LINKER/LOCATER V6.00                                                      11/05/2015  16:28:40  PAGE 14


            BANK2   CD39H     005DH     UNIT         ?PR?SMTP_SEND_CMD_QUIT?SMTP
            BANK2   CD96H     005DH     UNIT         ?PR?SMTP_SEND_CMD_AUTH?SMTP
            BANK2   CDF3H     0057H     UNIT         ?PR?UDP_PROCESS?UDP
            BANK2   CE4AH     0055H     UNIT         ?PR?_CRAM_MD5_DECODE?CRAM_MD5
            BANK2   CE9FH     0051H     UNIT         ?PR?_SSI_UART?UARTCBK
            BANK2   CEF0H     004FH     UNIT         ?PR?_B64DECODE_ALLOC?BASE64
            BANK2   CF3FH     004EH     UNIT         ?PR?_UDP_INIT?UDP
            BANK2   CF8DH     004EH     UNIT         ?PR?SMTP_CHECK_MAIL?SMTP
            BANK2   CFDBH     0048H     UNIT         ?PR?_DATACPY02?HTMFILES2
            BANK2   D023H     0042H     UNIT         ?PR?UDP_TEL_TIMER?UDP_TEL
            BANK2   D065H     0041H     UNIT         ?PR?_UDP_SET_BUF?UDP
            BANK2   D0A6H     0041H     UNIT         ?PR?NETUARTINIT?NET_UART
            BANK2   D0E7H     003EH     UNIT         ?PR?_CRAM_MD5_ENCODE?CRAM_MD5
            BANK2   D125H     0036H     UNIT         ?PR?SMTPONTCPRX?SMTP
            BANK2   D15BH     0031H     UNIT         ?PR?NUC_ON_LOOP?NETUART_CTRL
            BANK2   D18CH     002EH     UNIT         ?PR?DHCPCINIT?DHCPC
            BANK2   D1BAH     002EH     UNIT         ?PR?_SMTP_SEND_MAIL?SMTP
            BANK2   D1E8H     002CH     UNIT         ?PR?_NUC_CHK_PW?NETUART_CTRL
            BANK2   D214H     002BH     UNIT         ?PR?DHCPCRECEIVEOFFER?DHCPC
            BANK2   D23FH     002AH     UNIT         ?PR?TELNETD_LISTEN?TELNET
            BANK2   D269H     0028H     UNIT         ?PR?TELNETD_CLOSE?TELNET
            BANK2   D291H     0022H     UNIT         ?PR?_GET_TAG02?HTMFILES2
            BANK2   D2B3H     0021H     UNIT         ?PR?NETUARTTELNETCLOSE?NET_UART
            BANK2   D2D4H     001EH     UNIT         ?PR?CHECK_SIGNAL_CHANGE_OP?NETUART_CTRL
            BANK2   D2F2H     001DH     UNIT         ?PR?NETUARTLOOP?NET_UART
            BANK2   D30FH     001DH     UNIT         ?PR?SMTP_CONNECT?SMTP
            BANK2   D32CH     001DH     UNIT         ?PR?_B64ENCODE_LEN?BASE64
            BANK2   D349H     0019H     UNIT         ?PR?_B64DECODE_LEN?BASE64
            BANK2   D362H     0017H     UNIT         ?PR?NUC_INIT?NETUART_CTRL
            BANK2   D379H     0016H     UNIT         ?PR?_GET_BIT?UDP_TEL
            BANK2   D38FH     0016H     UNIT         ?PR?CHECK_RS485?TELNET
            BANK2   D3A5H     0011H     UNIT         ?PR?TELNET_CLOSE?TELNET
            BANK2   D3B6H     0010H     UNIT         ?PR?TELNET_INIT?TELNET
            BANK2   D3C6H     000DH     UNIT         ?PR?WATCHDOGTIMERENABLE?WDG
            BANK2   D3D3H     000AH     UNIT         ?PR?CHECK_210?NET_UART
            BANK2   D3DDH     000AH     UNIT         ?PR?UART_RS485_UPDATE_TXCONTROL?TELNET
            BANK2   D3E7H     0007H     UNIT         ?PR?DHCPCRECEIVENACK?DHCPC
            BANK2   D3EEH     0007H     UNIT         ?PR?WATCHDOGTIMERRESET?WDG
            BANK2   D3F5H     0007H     UNIT         ?PR?WATCHDOGTIMERINIT?WDG
            BANK2   D3FCH     0006H     UNIT         ?PR?_IP210_ISR_CTRL?TELNET
            BANK2   D402H     0003H     UNIT         ?PR?WATCHDOGTIMERDISABLE?WDG
            BANK2   D405H     0003H     UNIT         ?PR?TELNETD_INIT?TELNET
            BANK2   D408H     0003H     UNIT         ?PR?TELNET?TELNET
            BANK2   D40BH     0001H     UNIT         ?PR?IP210_UART_ISR_PROCESS?TELNET

            * * * * * * *   C O D E   B A N K   3   * * * * * * *
                    0000H     5000H                  *** GAP ***
            BANK3   5000H     AA07H     UNIT         ?CO?HTMFILES3
            BANK3   FA07H     0178H     UNIT         ?PR?_FS_OPEN03?HTMFILES3
            BANK3   FB7FH     0048H     UNIT         ?PR?_DATACPY03?HTMFILES3
            BANK3   FBC7H     0022H     UNIT         ?PR?_GET_TAG03?HTMFILES3

            * * * * * * *   C O D E   B A N K   4   * * * * * * *
                    0000H     5000H                  *** GAP ***
            BANK4   5000H     0283H     UNIT         ?CO?HTMFILES4
            BANK4   5283H     0178H     UNIT         ?PR?_FS_OPEN04?HTMFILES4
            BANK4   53FBH     0048H     UNIT         ?PR?_DATACPY04?HTMFILES4
BL51 BANKED LINKER/LOCATER V6.00                                                      11/05/2015  16:28:40  PAGE 15


            BANK4   5443H     0022H     UNIT         ?PR?_GET_TAG04?HTMFILES4
            BANK4   5465H     0003H     UNIT         ?PR?FUU_RUN?HTMFILES4

            * * * * * * *   C O D E   B A N K   5   * * * * * * *
                    0000H     5000H                  *** GAP ***
            BANK5   5000H     000FH     UNIT         ?CO?HTMFILES5
            BANK5   500FH     09F6H     UNIT         ?PR?NETCMD?NET_CMD
            BANK5   5A05H     06DBH     UNIT         ?PR?DIDO_DATA_CONFIG?DIDO
            BANK5   60E0H     02C1H     UNIT         ?PR?UIP_TCPCHKSUM?CHECKSUM
            BANK5   63A1H     0283H     UNIT         ?PR?DIDO_TCP_RX_FUN?DIDO
            BANK5   6624H     021CH     UNIT         ?PR?MPPROCESS?NET_CMD
            BANK5   6840H     01F2H     UNIT         ?PR?ONLOGINACCOUNT?NET_CMD
            BANK5   6A32H     01B9H     UNIT         ?PR?UIP_UDPCHKSUM?CHECKSUM
            BANK5   6BEBH     0178H     UNIT         ?PR?_FS_OPEN05?HTMFILES5
            BANK5   6D63H     0146H     UNIT         ?PR?ONLOGINREQUEST?NET_CMD
            BANK5   6EA9H     0134H     UNIT         ?PR?UDP_NET_CMD?NET_CMD
            BANK5   6FDDH     0126H     UNIT         ?PR?_CGI_UDP_TEL?UDP_TELCBK
            BANK5   7103H     011FH     UNIT         ?PR?EEP_READ_REQ?NET_CMD
            BANK5   7222H     0115H     UNIT         ?PR?EEP_WRITE_REQ?NET_CMD
            BANK5   7337H     0104H     UNIT         ?PR?_CGI_ADC?ADCCBK
            BANK5   743BH     00F2H     UNIT         ?PR?_CRC?NET_CMD
            BANK5   752DH     00E0H     UNIT         ?PR?CRC_OPERATION?NET_CMD
            BANK5   760DH     00AAH     UNIT         ?PR?ADC_CONVERT?ADCCBK
            BANK5   76B7H     009FH     UNIT         ?PR?LOCALCMDTXPREFIX?NET_CMD
            BANK5   7756H     0096H     UNIT         ?PR?ONGPIOREQUEST?NET_CMD
            BANK5   77ECH     0094H     UNIT         ?PR?GENCONNID?NET_CMD
            BANK5   7880H     008AH     UNIT         ?PR?AGINGNETCMDCONNTABLE?NET_CMD
            BANK5   790AH     0087H     UNIT         ?PR?_SSI_UDP_TEL?UDP_TELCBK
            BANK5   7991H     0083H     UNIT         ?PR?EN_LOOPBACK?NET_CMD
            BANK5   7A14H     0080H     UNIT         ?PR?NETCMDSEND?NET_CMD
            BANK5   7A94H     0080H     UNIT         ?PR?DIS_LOOPBACK?NET_CMD
            BANK5   7B14H     007DH     UNIT         ?PR?CRC_INFO?NET_CMD
            BANK5   7B91H     007BH     UNIT         ?PR?CHECKCONNID?NET_CMD
            BANK5   7C0CH     0071H     UNIT         ?PR?_UIP_CHKSUM?CHECKSUM
            BANK5   7C7DH     0070H     UNIT         ?PR?_CGI_SETDEF?SETDEFCBK
            BANK5   7CEDH     006AH     UNIT         ?PR?_SENDLOGINRESULT?NET_CMD
            BANK5   7D57H     0065H     UNIT         ?PR?LOCALCMD?NET_CMD
            BANK5   7DBCH     0064H     UNIT         ?PR?_DIDO_READ?DIDO
            BANK5   7E20H     005BH     UNIT         ?PR?_SENDLOGINMD5KEY?NET_CMD
            BANK5   7E7BH     005AH     UNIT         ?PR?ONCHANNELREQUEST?NET_CMD
            BANK5   7ED5H     0055H     UNIT         ?PR?_DIDO_WRITE?DIDO
            BANK5   7F2AH     0055H     UNIT         ?PR?_FINDSA?NET_CMD
            BANK5   7F7FH     0055H     UNIT         ?PR?RESET_DEVICE_REQ?NET_CMD
            BANK5   7FD4H     0052H     UNIT         ?PR?NETCMDONTCPRX?NET_CMD
            BANK5   8026H     004FH     UNIT         ?PR?_SSI_ADC?ADCCBK
            BANK5   8075H     004DH     UNIT         ?PR?DIDO_INIT?DIDO
            BANK5   80C2H     0048H     UNIT         ?PR?_DATACPY05?HTMFILES5
            BANK5   810AH     0038H     UNIT         ?PR?_ONCHANNELREQUESTACK?NET_CMD
            BANK5   8142H     002BH     UNIT         ?PR?NETCMDINIT?NET_CMD
            BANK5   816DH     0027H     UNIT         ?PR?_ONGPIOREQUESTACK?NET_CMD
            BANK5   8194H     0026H     UNIT         ?PR?UIP_IPCHKSUM?CHECKSUM
            BANK5   81BAH     0022H     UNIT         ?PR?_GET_TAG05?HTMFILES5
            BANK5   81DCH     001BH     UNIT         ?PR?SEARCHEMPTYCONNTABLE?NET_CMD
            BANK5   81F7H     0007H     UNIT         ?PR?DIDO_SEND?DIDO
            BANK5   81FEH     0003H     UNIT         ?PR?NETCMDTIMER?NET_CMD
            BANK5   8201H     0001H     UNIT         ?PR?SENDACCESSGPIOACK?NET_CMD
            BANK5   8202H     0001H     UNIT         ?PR?ONACCESSGPIOREQ?NET_CMD
BL51 BANKED LINKER/LOCATER V6.00                                                      11/05/2015  16:28:40  PAGE 16



            * * * * * * *   C O D E   B A N K   6   * * * * * * *
                    0000H     5000H                  *** GAP ***
            BANK6   5000H     000FH     UNIT         ?CO?HTMFILES6
            BANK6   500FH     305BH     UNIT         ?PR?COMMAND_SETTING?COMMANDLINE
            BANK6   806AH     0964H     UNIT         ?PR?COMMAND_TYPE?COMMANDLINE
            BANK6   89CEH     02ECH     UNIT         ?PR?UIP_ARP_OUT?UIP_ARP
            BANK6   8CBAH     029FH     UNIT         ?PR?COMMAND_INFO?COMMANDLINE
            BANK6   8F59H     022CH     UNIT         ?PR?CLI_TIMER?COMMANDLINE
            BANK6   9185H     01E6H     UNIT         ?PR?UIP_ARP_ARPIN?UIP_ARP
            BANK6   936BH     01CEH     UNIT         ?PR?_UIP_ARP_UPDATE?UIP_ARP
            BANK6   9539H     0178H     UNIT         ?PR?_FS_OPEN06?HTMFILES6
            BANK6   96B1H     013CH     UNIT         ?PR?ATD_LOOP?COMMANDLINE
            BANK6   97EDH     013AH     UNIT         ?PR?GATEWAY_MAC_REQ?UIP_ARP
            BANK6   9927H     013AH     UNIT         ?PR?_HEX_2_ASC?COMMANDLINE
            BANK6   9A61H     00AAH     UNIT         ?PR?RE_RORN?COMMANDLINE
            BANK6   9B0BH     00A9H     UNIT         ?PR?UIP_ARP_IPIN?UIP_ARP
            BANK6   9BB4H     0072H     UNIT         ?PR?UIP_ARP_TIMER?UIP_ARP
            BANK6   9C26H     0051H     UNIT         ?PR?CLI_INIT?COMMANDLINE
            BANK6   9C77H     004EH     UNIT         ?PR?_UP2LWR?COMMANDLINE
            BANK6   9CC5H     0048H     UNIT         ?PR?_DATACPY06?HTMFILES6
            BANK6   9D0DH     0037H     UNIT         ?PR?UIP_ARP_INIT?UIP_ARP
            BANK6   9D44H     0022H     UNIT         ?PR?_GET_TAG06?HTMFILES6
            BANK6   9D66H     0001H     UNIT         ?PR?HELP?COMMANDLINE

            * * * * * * *   C O D E   B A N K   7   * * * * * * *
                    0000H     5000H                  *** GAP ***
            BANK7   5000H     000FH     UNIT         ?CO?HTMFILES7
            BANK7   500FH     0178H     UNIT         ?PR?_FS_OPEN07?HTMFILES7
            BANK7   5187H     0048H     UNIT         ?PR?_DATACPY07?HTMFILES7
            BANK7   51CFH     0022H     UNIT         ?PR?_GET_TAG07?HTMFILES7



INTERBANK CALL TABLE OF MODULE:  .\obj\NetUART (MAIN)

ADDRESS    FUNCTION NAME
------------------------
 235EH     NETUARTLOOP
 2363H     WATCHDOGTIMERRESET
 2368H     FU_CHECK
 236DH     IP210_UART_ISR_PROCESS
 2372H     FUU_RUN
 2377H     GATEWAY_MAC_REQ
 237CH     CHECK_RS485
 2381H     CLI_TIMER
 2386H     UDP_TEL_TIMER
 238BH     TELNET_SERVER_TIMEOUT
 2390H     NUC_ON_LOOP
 2395H     RFC_LOOP
 239AH     WRITEETHRX2UART
 239FH     _UDP_INIT
 23A4H     _FS_OPEN00
 23A9H     _DATACPY00
 23AEH     _GET_TAG00
 23B3H     _FS_OPEN01
 23B8H     _DATACPY01
BL51 BANKED LINKER/LOCATER V6.00                                                      11/05/2015  16:28:40  PAGE 17


 23BDH     _GET_TAG01
 23C2H     _FS_OPEN02
 23C7H     _DATACPY02
 23CCH     _GET_TAG02
 23D1H     _FS_OPEN03
 23D6H     _DATACPY03
 23DBH     _GET_TAG03
 23E0H     _FS_OPEN04
 23E5H     _DATACPY04
 23EAH     _GET_TAG04
 23EFH     _FS_OPEN05
 23F4H     _DATACPY05
 23F9H     _GET_TAG05
 23FEH     _FS_OPEN06
 2403H     _DATACPY06
 2408H     _GET_TAG06
 240DH     _FS_OPEN07
 2412H     _DATACPY07
 2417H     _GET_TAG07
 241CH     _SSI_LOGIN
 2421H     _SSI_ERRORMSG
 2426H     _SSI_STATUS
 242BH     _SSI_SETIP
 2430H     _SSI_SETPASS
 2435H     _SSI_UART
 243AH     _SSI_TELNET
 243FH     _SSI_SMTP
 2444H     _SSI_ADC
 2449H     _SSI_UDP_TEL
 244EH     _SSI_DIDO
 2453H     _CGI_LOGIN
 2458H     _CGI_STATUS
 245DH     _CGI_RESET
 2462H     _CGI_SETDEF
 2467H     _CGI_SETIP
 246CH     _CGI_SETPASS
 2471H     _CGI_UART
 2476H     _CGI_TELNET
 247BH     _CGI_SMTP
 2480H     _CGI_ADC
 2485H     _CGI_UDP_TEL
 248AH     _CGI_DIDO
 248FH     _CGI_FW_UP
 2494H     _CGI_FU_UP
 2499H     UIP_TCPCHKSUM
 249EH     UIP_IPCHKSUM
 24A3H     CLEARUARTRXBUF
 24A8H     NETUARTINIT
 24ADH     CHECK_210
 24B2H     UIP_ARP_OUT
 24B7H     DNS_UDP_RECEIVE
 24BCH     DHCPC_UDP_RECEIVE
 24C1H     UDP_TEL_RX
 24C6H     UDP_NET_CMD
 24CBH     NETUARTONTCPRX
 24D0H     NETCMDONTCPRX
 24D5H     SMTPONTCPRX
BL51 BANKED LINKER/LOCATER V6.00                                                      11/05/2015  16:28:40  PAGE 18


 24DAH     NUC_ON_TCP_RX
 24DFH     DIDO_TCP_RX_FUN
 24E4H     UIP_ARP_INIT
 24E9H     DIDO_INIT
 24EEH     DHCPCINIT
 24F3H     SMTP_INIT
 24F8H     NETCMDINIT
 24FDH     NUC_INIT
 2502H     CLI_INIT
 2507H     UART_AUTO_SEND
 250CH     LOCALCMD
 2511H     UIP_ARP_IPIN
 2516H     UIP_ARP_ARPIN
 251BH     UDP_PROCESS
 2520H     NETUARTTIMER
 2525H     NETCMDTIMER
 252AH     SMTP_CHECK_MAIL
 252FH     SMTP_TIMER
 2534H     DHCPCTIMER
 2539H     UIP_ARP_TIMER
 253EH     _SENDTVSETCOMMAND
 2543H     _FS_OPEN
 2548H     _HTTPD_INIT_FILE
 254DH     EEPROMLOADDEFAULT
 2552H     EEPROMERR
 2557H     _DIDO_READ
 255CH     _DIDO_WRITE
 2561H     _UART_TRANSMIT_MULTI
 2566H     _IP210_ISR_CTRL
 256BH     _SAVEMODULEINFO2EEPROM
 2570H     UDP_GET_DNS
 2575H     _EEPROM_WRITE_BYTE
 257AH     _EEPROM_READ_BYTE
 257FH     _HEX_TO_ASC
 2584H     _ASC_TO_HEX
 2589H     UART_SET_PROPERTY
 258EH     UART_CLEAR_RTS
 2593H     WATCHDOGTIMERINIT
 2598H     WATCHDOGTIMERENABLE
 259DH     UDP_RECEIVE
 25A2H     UIP_UDPCHKSUM
 25A7H     _CATNETWORKCONFIGMSG
 25ACH     _STOUI
 25B1H     _UIP_LISTEN
 25B6H     _UP2LWR
 25BBH     _CHG_UIP_BUF
 25C0H     _ETHERNETSEND
 25C5H     RESTORE_UIP_BUF
 25CAH     CHECKPKTSEND
 25CFH     _UIP_UNLISTEN
 25D4H     _UIP_CONNECT
 25D9H     UART_RX_FIFO_STATUS
 25DEH     UART_SET_RTS
 25E3H     _UART_RECEIVE_MULTI
 25E8H     RE_RORN
 25EDH     UART_TX_FIFO_STATUS
 25F2H     COMMAND_TYPE
BL51 BANKED LINKER/LOCATER V6.00                                                      11/05/2015  16:28:40  PAGE 19


 25F7H     _IP210_DMA
 25FCH     _UIP_PROCESS
 2601H     MUIP_SEND
 2606H     _UDP_SEND
 260BH     GETDEVICEID
 2610H     MAIN



SYMBOL TABLE OF MODULE:  .\obj\NetUART (MAIN)

  VALUE           TYPE          NAME
  ----------------------------------

  -------         MODULE        MAIN
  C:0000H         SYMBOL        _ICE_DUMMY_
  D:0080H         PUBLIC        P0
  D:0090H         PUBLIC        P1
 C1:E2A5H         PUBLIC        _Delay0
  D:00A0H         PUBLIC        P2
  D:00B0H         PUBLIC        P3
  D:00E8H         PUBLIC        P4
  B:00D8H.1       PUBLIC        WDTEN
  B:00A8H.7       PUBLIC        EA
  D:00DAH         PUBLIC        OUTPUTEN
  D:00A8H         PUBLIC        IE
  D:00B8H         PUBLIC        IP
  B:0098H.0       PUBLIC        RI
  B:0098H.1       PUBLIC        TI
 C1:D6F9H         PUBLIC        main
 C1:E3E4H         PUBLIC        flashLed
  B:00D8H.3       PUBLIC        WDT_DIS
  D:0099H         PUBLIC        SBUF
  D:0098H         PUBLIC        SCON
  D:0089H         PUBLIC        TMOD
  D:0088H         PUBLIC        TCON
  X:37A8H         PUBLIC        led_status
 C1:E3A1H         PUBLIC        getch2
  C:2E80H         SYMBOL        _?ix1000
  C:2E87H         SYMBOL        _?ix1001
 C1:BF76H         PUBLIC        NetworkConfig
  X:37AAH         PUBLIC        MODE_TYPE
  D:008CH         PUBLIC        TH0
  D:008AH         PUBLIC        TL0
  D:00D8H         PUBLIC        WDTCON
  B:0088H.4       PUBLIC        TR0
  D:00C8H         PUBLIC        T2CON
 C1:C7CCH         PUBLIC        Kbhit_EE_Load_Default
 C1:8E71H         PUBLIC        _CatNetworkConfigMsg
  D:00D0H         PUBLIC        PSW

  -------         PROC BANK=1   _CATNETWORKCONFIGMSG
  X:3673H         SYMBOL        Msg
  X:3676H         SYMBOL        endl
  -------         DO            
  X:3679H         SYMBOL        i
  -------         ENDDO         
BL51 BANKED LINKER/LOCATER V6.00                                                      11/05/2015  16:28:40  PAGE 20


 C1:8E71H         LINE#         60
 C1:8E7CH         LINE#         61
 C1:8E7CH         LINE#         64
 C1:8EC8H         LINE#         65
 C1:8F13H         LINE#         66
 C1:8F18H         LINE#         67
 C1:8F18H         LINE#         68
 C1:8F5DH         LINE#         69
 C1:8F69H         LINE#         71
 C1:8F6CH         LINE#         88
 C1:8FEFH         LINE#         89
 C1:9072H         LINE#         90
 C1:90F5H         LINE#         92
 C1:90F8H         LINE#         97
 C1:917BH         LINE#         98
  -------         ENDPROC       _CATNETWORKCONFIGMSG

  -------         PROC BANK=1   NETWORKCONFIG
  -------         DO            
  D:0006H         SYMBOL        i
  -------         ENDDO         
 C1:BF76H         LINE#         102
 C1:BF76H         LINE#         103
 C1:BF76H         LINE#         106
 C1:BF79H         LINE#         107
 C1:BF79H         LINE#         108
 C1:BF91H         LINE#         109
 C1:BF9CH         LINE#         110
 C1:BFAEH         LINE#         111
 C1:BFC0H         LINE#         112
 C1:BFD2H         LINE#         113
 C1:BFE4H         LINE#         114
 C1:BFF6H         LINE#         115
 C1:C008H         LINE#         116
 C1:C01AH         LINE#         117
 C1:C02CH         LINE#         119
 C1:C044H         LINE#         120
 C1:C060H         LINE#         121
  -------         ENDPROC       NETWORKCONFIG

  -------         PROC BANK=1   _DELAY0
  D:0006H         SYMBOL        H
 C1:E2A5H         LINE#         125
 C1:E2A5H         LINE#         126
 C1:E2A5H         LINE#         127
 C1:E2B4H         LINE#         128
 C1:E2B4H         LINE#         129
 C1:E2B7H         LINE#         130
 C1:E2B7H         LINE#         131
 C1:E2B8H         LINE#         132
 C1:E2BAH         LINE#         133
  -------         ENDPROC       _DELAY0

  -------         PROC BANK=1   GETCH2
  -------         DO            
  D:0007H         SYMBOL        a
  -------         ENDDO         
BL51 BANKED LINKER/LOCATER V6.00                                                      11/05/2015  16:28:40  PAGE 21


 C1:E3A1H         LINE#         134
 C1:E3A1H         LINE#         135
 C1:E3A1H         LINE#         136
 C1:E3A4H         LINE#         137
 C1:E3A6H         LINE#         138
 C1:E3A8H         LINE#         139
 C1:E3A8H         LINE#         140
  -------         ENDPROC       GETCH2

  -------         PROC BANK=1   KBHIT_EE_LOAD_DEFAULT
  -------         DO            
  X:33F0H         SYMBOL        keyword
  X:33F7H         SYMBOL        cur_type
  X:33FEH         SYMBOL        i
  -------         ENDDO         
 C1:C7CCH         LINE#         142
 C1:C7CCH         LINE#         143
 C1:C7CCH         LINE#         144
 C1:C7D3H         LINE#         145
 C1:C7D9H         LINE#         146
 C1:C7D9H         LINE#         147
 C1:C7E8H         LINE#         148
 C1:C7E8H         LINE#         149
 C1:C7E8H         LINE#         150
 C1:C7F1H         LINE#         151
 C1:C7F4H         LINE#         152
 C1:C7F7H         LINE#         153
 C1:C7F7H         LINE#         154
 C1:C7F7H         LINE#         155
 C1:C7F7H         LINE#         156
 C1:C80AH         LINE#         157
 C1:C81DH         LINE#         158
 C1:C823H         LINE#         159
 C1:C838H         LINE#         160
 C1:C838H         LINE#         161
 C1:C838H         LINE#         162
 C1:C84DH         LINE#         163
 C1:C84DH         LINE#         164
 C1:C85CH         LINE#         165
 C1:C862H         LINE#         166
 C1:C862H         LINE#         167
 C1:C871H         LINE#         168
 C1:C887H         LINE#         169
 C1:C897H         LINE#         170
 C1:C897H         LINE#         171
 C1:C897H         LINE#         172
 C1:C8A0H         LINE#         173
 C1:C8A9H         LINE#         174
 C1:C8A9H         LINE#         175
 C1:C8A9H         LINE#         176
 C1:C8A9H         LINE#         177
  -------         ENDPROC       KBHIT_EE_LOAD_DEFAULT

  -------         PROC BANK=1   FLASHLED
 C1:E3E4H         LINE#         186
 C1:E3E4H         LINE#         187
 C1:E3E4H         LINE#         203
BL51 BANKED LINKER/LOCATER V6.00                                                      11/05/2015  16:28:40  PAGE 22


  -------         ENDPROC       FLASHLED

  -------         PROC BANK=1   MAIN
  -------         DO            
  X:382EH         SYMBOL        RXFIFO_START
  -------         ENDDO         
 C1:D6F9H         LINE#         225
 C1:D6F9H         LINE#         226
 C1:D6F9H         LINE#         227
 C1:D6FFH         LINE#         229
 C1:D701H         LINE#         230
 C1:D704H         LINE#         231
 C1:D707H         LINE#         232
 C1:D70AH         LINE#         234
 C1:D70CH         LINE#         235
 C1:D70EH         LINE#         240
 C1:D711H         LINE#         241
 C1:D711H         LINE#         242
 C1:D714H         LINE#         243
 C1:D717H         LINE#         245
 C1:D719H         LINE#         246
 C1:D71BH         LINE#         249
 C1:D71EH         LINE#         250
 C1:D721H         LINE#         252
 C1:D724H         LINE#         256
 C1:D727H         LINE#         257
 C1:D72AH         LINE#         258
 C1:D733H         LINE#         260
 C1:D736H         LINE#         262
 C1:D739H         LINE#         269
 C1:D746H         LINE#         273
 C1:D746H         LINE#         274
 C1:D74DH         LINE#         275
 C1:D74DH         LINE#         278
 C1:D755H         LINE#         280
 C1:D758H         LINE#         289
 C1:D75BH         LINE#         293
  -------         ENDPROC       MAIN
  -------         ENDMOD        MAIN

  -------         MODULE        PATCH_INFO
  N:0100H         SYMBOL        EE_LENGTH
  N:0002H         SYMBOL        SIZE_EEAPP_ID
  N:0002H         SYMBOL        SIZE_EECHIP_ID
  C:FFE0H         SYMBOL        _PATCH_INFO
  -------         ENDMOD        PATCH_INFO

  -------         MODULE        EE_PROCESS
  C:0000H         SYMBOL        _ICE_DUMMY_
  D:0090H         PUBLIC        P1
  D:00B0H         PUBLIC        P3
 C1:E28EH         PUBLIC        GetDeviceID
  D:00A8H         PUBLIC        IE
 C1:C436H         PUBLIC        EEPROMLoadDefault
  D:00B8H         PUBLIC        IP
 C1:D75EH         PUBLIC        _Setup_BLUpgrade
 C1:DB4BH         PUBLIC        EEPROMCheckDataAvailable
BL51 BANKED LINKER/LOCATER V6.00                                                      11/05/2015  16:28:40  PAGE 23


  D:0098H         PUBLIC        SCON
  D:0088H         PUBLIC        TCON
  X:17FEH         PUBLIC        EE_Reserved_0
  X:1806H         PUBLIC        web_def
  D:00D8H         PUBLIC        WDTCON
 C1:D59EH         PUBLIC        EEPROMInit
 C1:DA9BH         SYMBOL        LoadEEPROM2EEConfig
  D:00C8H         PUBLIC        T2CON
 C1:D1DEH         PUBLIC        _SaveModuleInfo2EEPROM
  X:1807H         PUBLIC        need_load_default
  X:1808H         PUBLIC        EE_Result
  X:1809H         PUBLIC        EEConfigInfo
  X:184CH         PUBLIC        ModuleInfo
 C1:DA43H         SYMBOL        LoadEEPROM2ModuleInfo
  D:00D0H         PUBLIC        PSW

  -------         PROC BANK=1   GETDEVICEID
 C1:E28EH         LINE#         71
 C1:E28EH         LINE#         72
 C1:E28EH         LINE#         73
 C1:E2A4H         LINE#         74
  -------         ENDPROC       GETDEVICEID

  -------         PROC BANK=1   LOADEEPROM2MODULEINFO
  -------         DO            
  X:3743H         SYMBOL        i
  X:3745H         SYMBOL        p
  -------         ENDDO         
 C1:DA43H         LINE#         90
 C1:DA43H         LINE#         91
 C1:DA43H         LINE#         96
 C1:DA51H         LINE#         98
 C1:DA58H         LINE#         99
 C1:DA58H         LINE#         100
 C1:DA79H         LINE#         101
 C1:DA79H         LINE#         103
 C1:DA7BH         LINE#         104
 C1:DA7BH         LINE#         105
 C1:DA98H         LINE#         117
 C1:DA9AH         LINE#         118
  -------         ENDPROC       LOADEEPROM2MODULEINFO

  -------         PROC BANK=1   _SAVEMODULEINFO2EEPROM
  X:3498H         SYMBOL        pSubModule
  X:349BH         SYMBOL        size
  -------         DO            
  X:349DH         SYMBOL        i
  X:349FH         SYMBOL        pu8SubMoudle
  X:34A2H         SYMBOL        loc_EESubMoudle
  -------         ENDDO         
 C1:D1DEH         LINE#         135
 C1:D1F1H         LINE#         136
 C1:D1F1H         LINE#         138
 C1:D1FCH         LINE#         139
 C1:D219H         LINE#         140
 C1:D234H         LINE#         141
 C1:D270H         LINE#         142
BL51 BANKED LINKER/LOCATER V6.00                                                      11/05/2015  16:28:40  PAGE 24


 C1:D272H         LINE#         143
  -------         ENDPROC       _SAVEMODULEINFO2EEPROM

  -------         PROC BANK=1   _SETUP_BLUPGRADE
  X:37ABH         SYMBOL        uip_hostaddr
 C1:D75EH         LINE#         146
 C1:D769H         LINE#         147
 C1:D769H         LINE#         148
 C1:D774H         LINE#         149
 C1:D78DH         LINE#         150
 C1:D7A6H         LINE#         151
 C1:D7BFH         LINE#         153
 C1:D7C1H         LINE#         154
  -------         ENDPROC       _SETUP_BLUPGRADE

  -------         PROC BANK=1   LOADEEPROM2EECONFIG
  -------         DO            
  X:3748H         SYMBOL        i
  X:374AH         SYMBOL        p
  -------         ENDDO         
 C1:DA9BH         LINE#         173
 C1:DA9BH         LINE#         174
 C1:DA9BH         LINE#         178
 C1:DAA9H         LINE#         180
 C1:DAB0H         LINE#         181
 C1:DAB0H         LINE#         182
 C1:DAD1H         LINE#         183
 C1:DAD1H         LINE#         185
 C1:DAD3H         LINE#         186
 C1:DAD3H         LINE#         187
 C1:DAF0H         LINE#         249
 C1:DAF2H         LINE#         250
  -------         ENDPROC       LOADEEPROM2EECONFIG

  -------         PROC BANK=1   EEPROMCHECKDATAAVAILABLE
  -------         DO            
  X:3808H         SYMBOL        eebyte
  X:3809H         SYMBOL        i
  -------         ENDDO         
 C1:DB4BH         LINE#         273
 C1:DB4BH         LINE#         274
 C1:DB4BH         LINE#         280
 C1:DB51H         LINE#         307
 C1:DB60H         LINE#         308
 C1:DB60H         LINE#         309
 C1:DB6EH         LINE#         310
 C1:DB6EH         LINE#         312
 C1:DB72H         LINE#         313
 C1:DB74H         LINE#         314
 C1:DB74H         LINE#         316
 C1:DB8AH         LINE#         317
 C1:DB8AH         LINE#         318
 C1:DB93H         LINE#         319
 C1:DB96H         LINE#         320
 C1:DB96H         LINE#         321
 C1:DB9EH         LINE#         324
 C1:DBA0H         LINE#         326
BL51 BANKED LINKER/LOCATER V6.00                                                      11/05/2015  16:28:40  PAGE 25


  -------         ENDPROC       EEPROMCHECKDATAAVAILABLE

  -------         PROC BANK=1   EEPROMLOADDEFAULT
  -------         DO            
  X:35FBH         SYMBOL        i
  X:35FDH         SYMBOL        p
  X:3600H         SYMBOL        pEE_Reserved_0
  -------         ENDDO         
 C1:C436H         LINE#         344
 C1:C436H         LINE#         345
 C1:C436H         LINE#         351
 C1:C444H         LINE#         352
 C1:C452H         LINE#         353
 C1:C46CH         LINE#         354
 C1:C46CH         LINE#         355
 C1:C472H         LINE#         356
 C1:C48BH         LINE#         358
 C1:C4A3H         LINE#         359
 C1:C4B2H         LINE#         360
 C1:C4B2H         LINE#         361
 C1:C4B5H         LINE#         362
 C1:C4D8H         LINE#         363
 C1:C4D8H         LINE#         365
 C1:C4DBH         LINE#         366
 C1:C4DBH         LINE#         367
 C1:C4DBH         LINE#         368
 C1:C4DBH         LINE#         369
 C1:C4DEH         LINE#         370
 C1:C4FFH         LINE#         371
 C1:C4FFH         LINE#         373
 C1:C502H         LINE#         374
 C1:C502H         LINE#         375
 C1:C502H         LINE#         376
 C1:C505H         LINE#         377
[...]
 C2:ADDDH         LINE#         61
 C2:ADDDH         LINE#         62
 C2:AE00H         LINE#         63
BL51 BANKED LINKER/LOCATER V6.00                                                      11/05/2015  16:28:40  PAGE 273


  -------         ENDPROC       _B64ENC

  -------         PROC BANK=2   _B64DEC
  D:0001H         SYMBOL        in
  D:0004H         SYMBOL        inlen
  X:34E5H         SYMBOL        out
  -------         DO            
  X:34E8H         SYMBOL        t0
  X:34E9H         SYMBOL        t1
  X:34EAH         SYMBOL        t2
  X:34EBH         SYMBOL        t3
  -------         ENDDO         
 C2:B444H         LINE#         65
 C2:B444H         LINE#         66
 C2:B444H         LINE#         67
 C2:B468H         LINE#         68
 C2:B48FH         LINE#         69
 C2:B4B6H         LINE#         70
 C2:B4DDH         LINE#         72
 C2:B4EBH         LINE#         73
 C2:B50AH         LINE#         74
 C2:B515H         LINE#         75
 C2:B525H         LINE#         77
 C2:B525H         LINE#         78
 C2:B54BH         LINE#         79
 C2:B556H         LINE#         80
 C2:B55CH         LINE#         82
 C2:B55CH         LINE#         83
 C2:B56FH         LINE#         84
  -------         ENDPROC       _B64DEC

  -------         PROC BANK=2   _B64ENCODE_LEN
  D:0001H         SYMBOL        in
  -------         DO            
  D:0006H         SYMBOL        l
  -------         ENDDO         
 C2:D32CH         LINE#         86
 C2:D32CH         LINE#         87
 C2:D32CH         LINE#         88
 C2:D32FH         LINE#         89
 C2:D348H         LINE#         90
  -------         ENDPROC       _B64ENCODE_LEN

  -------         PROC BANK=2   _B64DECODE_LEN
  D:0001H         SYMBOL        in
  -------         DO            
  D:0006H         SYMBOL        l
  -------         ENDDO         
 C2:D349H         LINE#         92
 C2:D349H         LINE#         93
 C2:D349H         LINE#         94
 C2:D34CH         LINE#         95
 C2:D361H         LINE#         96
  -------         ENDPROC       _B64DECODE_LEN

  -------         PROC BANK=2   _B64ENCODE_ALLOC
  D:0001H         SYMBOL        in
BL51 BANKED LINKER/LOCATER V6.00                                                      11/05/2015  16:28:40  PAGE 274


  -------         DO            
  D:0006H         SYMBOL        l
  X:3802H         SYMBOL        n
  -------         ENDDO         
 C2:CB59H         LINE#         98
 C2:CB59H         LINE#         99
 C2:CB59H         LINE#         100
 C2:CB5CH         LINE#         101
 C2:CB6AH         LINE#         102
 C2:CB78H         LINE#         103
 C2:CB8DH         LINE#         104
 C2:CB95H         LINE#         105
 C2:CBB0H         LINE#         106
 C2:CBB2H         LINE#         107
 C2:CBB2H         LINE#         108
 C2:CBBDH         LINE#         109
  -------         ENDPROC       _B64ENCODE_ALLOC

  -------         PROC BANK=2   _B64ENCODE
  X:365BH         SYMBOL        in
  X:365EH         SYMBOL        out
  -------         DO            
  X:3661H         SYMBOL        inlen
  -------         ENDDO         
 C2:CA79H         LINE#         111
 C2:CA84H         LINE#         112
 C2:CA84H         LINE#         113
 C2:CA8FH         LINE#         114
 C2:CAA1H         LINE#         115
 C2:CAC4H         LINE#         116
 C2:CAD2H         LINE#         117
 C2:CADCH         LINE#         118
 C2:CAE6H         LINE#         119
 C2:CAE8H         LINE#         120
  -------         ENDPROC       _B64ENCODE

  -------         PROC BANK=2   _B64DECODE_ALLOC
  D:0001H         SYMBOL        in
  -------         DO            
  D:0006H         SYMBOL        l
  X:3805H         SYMBOL        n
  -------         ENDDO         
 C2:CEF0H         LINE#         122
 C2:CEF0H         LINE#         123
 C2:CEF0H         LINE#         124
 C2:CEF3H         LINE#         125
 C2:CF01H         LINE#         126
 C2:CF0FH         LINE#         127
 C2:CF17H         LINE#         128
 C2:CF31H         LINE#         129
 C2:CF33H         LINE#         130
 C2:CF33H         LINE#         131
 C2:CF3EH         LINE#         132
  -------         ENDPROC       _B64DECODE_ALLOC

  -------         PROC BANK=2   _B64DECODE
  X:3663H         SYMBOL        in
BL51 BANKED LINKER/LOCATER V6.00                                                      11/05/2015  16:28:40  PAGE 275


  X:3666H         SYMBOL        out
  -------         DO            
  X:3669H         SYMBOL        inlen
  -------         ENDDO         
 C2:CAE9H         LINE#         134
 C2:CAF4H         LINE#         135
 C2:CAFFH         LINE#         136
 C2:CB11H         LINE#         137
 C2:CB34H         LINE#         138
 C2:CB42H         LINE#         139
 C2:CB4CH         LINE#         140
 C2:CB56H         LINE#         141
 C2:CB58H         LINE#         142
  -------         ENDPROC       _B64DECODE
  -------         ENDMOD        BASE64

  -------         MODULE        CRAM_MD5
  C:0000H         SYMBOL        _ICE_DUMMY_
  X:2E1CH         PUBLIC        buf_md5
 C2:CE4AH         PUBLIC        _cram_md5_decode
 C2:D0E7H         PUBLIC        _cram_md5_encode
  X:2E80H         PUBLIC        _cram_md5_param
 C2:B57BH         PUBLIC        _cram_md5
  -------         PROC          L?0004
  -------         ENDPROC       L?0004

  -------         PROC BANK=2   _CRAM_MD5
  X:34ECH         SYMBOL        cram_md5_param
  -------         DO            
  X:34EFH         SYMBOL        challenge
  X:34F2H         SYMBOL        decoded
  X:34F5H         SYMBOL        encoded
  -------         ENDDO         
 C2:B57BH         LINE#         20
 C2:B586H         LINE#         21
 C2:B586H         LINE#         26
 C2:B59AH         LINE#         27
 C2:B5CBH         LINE#         29
 C2:B5EDH         LINE#         31
 C2:B5FBH         LINE#         33
 C2:B623H         LINE#         35
 C2:B63CH         LINE#         36
 C2:B65FH         LINE#         37
 C2:B681H         LINE#         38
  -------         ENDPROC       _CRAM_MD5

  -------         PROC BANK=2   _CRAM_MD5_ENCODE
  D:0001H         SYMBOL        in
  X:373AH         SYMBOL        out
 C2:D0E7H         LINE#         39
 C2:D0E7H         LINE#         40
 C2:D0E7H         LINE#         41
 C2:D0F2H         LINE#         42
 C2:D0FEH         LINE#         43
 C2:D105H         LINE#         44
 C2:D108H         LINE#         45
  -------         ENDPROC       _CRAM_MD5_ENCODE
BL51 BANKED LINKER/LOCATER V6.00                                                      11/05/2015  16:28:40  PAGE 276



  -------         PROC BANK=2   _CRAM_MD5_DECODE
  X:373DH         SYMBOL        in
  X:3740H         SYMBOL        out
 C2:CE4AH         LINE#         48
 C2:CE55H         LINE#         49
 C2:CE55H         LINE#         50
 C2:CE63H         LINE#         51
 C2:CE6FH         LINE#         52
 C2:CE7FH         LINE#         53
 C2:CE82H         LINE#         54
  -------         ENDPROC       _CRAM_MD5_DECODE
  -------         ENDMOD        CRAM_MD5

  -------         MODULE        SNMP_TRAP
  C:0000H         SYMBOL        _ICE_DUMMY_
  -------         ENDMOD        SNMP_TRAP

  -------         MODULE        ?C?COPY
  C:0185H         PUBLIC        ?C?COPY
  -------         ENDMOD        ?C?COPY

  -------         MODULE        ?C?CLDPTR
  C:01ABH         PUBLIC        ?C?CLDPTR
  -------         ENDMOD        ?C?CLDPTR

  -------         MODULE        ?C?CLDOPTR
  C:01C4H         PUBLIC        ?C?CLDOPTR
  -------         ENDMOD        ?C?CLDOPTR

  -------         MODULE        ?C?CLDIOPTR
  C:01F1H         PUBLIC        ?C?CLDIOPTR
  -------         ENDMOD        ?C?CLDIOPTR

  -------         MODULE        ?C?CILDPTR
  C:0228H         PUBLIC        ?C?CILDPTR
  -------         ENDMOD        ?C?CILDPTR

  -------         MODULE        ?C?CILDOPTR
  C:024AH         PUBLIC        ?C?CILDOPTR
  -------         ENDMOD        ?C?CILDOPTR

  -------         MODULE        ?C?CSTPTR
  C:027DH         PUBLIC        ?C?CSTPTR
  -------         ENDMOD        ?C?CSTPTR

  -------         MODULE        ?C?CSTOPTR
  C:028FH         PUBLIC        ?C?CSTOPTR
  -------         ENDMOD        ?C?CSTOPTR

  -------         MODULE        ?C?IMUL
  C:02B1H         PUBLIC        ?C?IMUL
  -------         ENDMOD        ?C?IMUL

  -------         MODULE        ?C?UIDIV
  C:02C3H         PUBLIC        ?C?UIDIV
  -------         ENDMOD        ?C?UIDIV
BL51 BANKED LINKER/LOCATER V6.00                                                      11/05/2015  16:28:40  PAGE 277



  -------         MODULE        ?C?SIDIV
  C:0318H         PUBLIC        ?C?SIDIV
  -------         ENDMOD        ?C?SIDIV

  -------         MODULE        ?C?IILDX
  C:034EH         PUBLIC        ?C?IILDX
  -------         ENDMOD        ?C?IILDX

  -------         MODULE        ?C?ILDIX
  C:0364H         PUBLIC        ?C?ILDIX
  -------         ENDMOD        ?C?ILDIX

  -------         MODULE        ?C?ILDPTR
  C:037AH         PUBLIC        ?C?ILDPTR
  -------         ENDMOD        ?C?ILDPTR

  -------         MODULE        ?C?ILDOPTR
  C:03A5H         PUBLIC        ?C?ILDOPTR
  -------         ENDMOD        ?C?ILDOPTR

  -------         MODULE        ?C?IILDPTR
  C:03DDH         PUBLIC        ?C?IILDPTR
  -------         ENDMOD        ?C?IILDPTR

  -------         MODULE        ?C?IILDOPTR
  C:0415H         PUBLIC        ?C?IILDOPTR
  -------         ENDMOD        ?C?IILDOPTR

  -------         MODULE        ?C?ISTPTR
  C:0462H         PUBLIC        ?C?ISTPTR
  -------         ENDMOD        ?C?ISTPTR

  -------         MODULE        ?C?ISTOPTR
  C:0481H         PUBLIC        ?C?ISTOPTR
  -------         ENDMOD        ?C?ISTOPTR

  -------         MODULE        ?C?LMUL
  C:04AEH         PUBLIC        ?C?LMUL
  -------         ENDMOD        ?C?LMUL

  -------         MODULE        ?C?ULDIV
  C:0539H         PUBLIC        ?C?ULDIV
  -------         ENDMOD        ?C?ULDIV

  -------         MODULE        ?C?LNOT
  C:05CBH         PUBLIC        ?C?LNOT
  -------         ENDMOD        ?C?LNOT

  -------         MODULE        ?C?SLCMP
  C:05D8H         PUBLIC        ?C?SLCMP
  -------         ENDMOD        ?C?SLCMP

  -------         MODULE        ?C?ULCMP
  C:05EEH         PUBLIC        ?C?ULCMP
  -------         ENDMOD        ?C?ULCMP

BL51 BANKED LINKER/LOCATER V6.00                                                      11/05/2015  16:28:40  PAGE 278


  -------         MODULE        ?C?ULSHR
  C:05FFH         PUBLIC        ?C?ULSHR
  -------         ENDMOD        ?C?ULSHR

  -------         MODULE        ?C?LSHL
  C:0612H         PUBLIC        ?C?LSHL
  -------         ENDMOD        ?C?LSHL

  -------         MODULE        ?C?LLDPTR
  C:0625H         PUBLIC        ?C?LLDPTR
  -------         ENDMOD        ?C?LLDPTR

  -------         MODULE        ?C?LLDOPTR
  C:0645H         PUBLIC        ?C?LLDOPTR
  -------         ENDMOD        ?C?LLDOPTR

  -------         MODULE        ?C?LSTPTR
  C:0675H         PUBLIC        ?C?LSTPTR
  -------         ENDMOD        ?C?LSTPTR

  -------         MODULE        ?C?LSTOPTR
  C:068FH         PUBLIC        ?C?LSTOPTR
  -------         ENDMOD        ?C?LSTOPTR

  -------         MODULE        ?C?LLDPTR0
  C:06B3H         PUBLIC        ?C?LLDPTR0
  -------         ENDMOD        ?C?LLDPTR0

  -------         MODULE        ?C?LLDIXDATA
  C:06DCH         PUBLIC        ?C?LLDIXDATA
  C:06D3H         PUBLIC        ?C?LLDIXDATA1
  C:06D5H         PUBLIC        ?C?LLDIXDATA8
  -------         ENDMOD        ?C?LLDIXDATA

  -------         MODULE        ?C?LSTXDATA
  C:0708H         PUBLIC        ?C?LSTXDATA
  -------         ENDMOD        ?C?LSTXDATA

  -------         MODULE        ?C?LSTKXDATA
  C:0714H         PUBLIC        ?C?LSTKXDATA
  -------         ENDMOD        ?C?LSTKXDATA

  -------         MODULE        ?C?LSTKOPTR
  C:0745H         PUBLIC        ?C?LSTKOPTR
  -------         ENDMOD        ?C?LSTKOPTR

  -------         MODULE        ?C?OFFX256
  C:0769H         PUBLIC        ?C?OFFX256
  -------         ENDMOD        ?C?OFFX256

  -------         MODULE        ?C?OFFXADD
  C:077AH         PUBLIC        ?C?OFFXADD
  -------         ENDMOD        ?C?OFFXADD

  -------         MODULE        ?C?PLDPTR
  C:0786H         PUBLIC        ?C?PLDPTR
  -------         ENDMOD        ?C?PLDPTR
BL51 BANKED LINKER/LOCATER V6.00                                                      11/05/2015  16:28:40  PAGE 279



  -------         MODULE        ?C?PSTPTR
  C:07A6H         PUBLIC        ?C?PSTPTR
  -------         ENDMOD        ?C?PSTPTR

  -------         MODULE        ?C?PLDOPTR
  C:07F5H         PUBLIC        ?C?PLDOPTR
  -------         ENDMOD        ?C?PLDOPTR

  -------         MODULE        ?C?PSTOPTR
  C:0825H         PUBLIC        ?C?PSTOPTR
  -------         ENDMOD        ?C?PSTOPTR

  -------         MODULE        ?C?CCASE
  C:087EH         PUBLIC        ?C?CCASE
  -------         ENDMOD        ?C?CCASE

  -------         MODULE        ?C?ICASE
  C:08A4H         PUBLIC        ?C?ICASE
  -------         ENDMOD        ?C?ICASE

  -------         MODULE        ?C?ICALL
  C:08D1H         PUBLIC        ?C?ICALL
  C:08D5H         PUBLIC        ?C?ICALL2
  -------         ENDMOD        ?C?ICALL

  -------         MODULE        PRINTF
  X:324BH         PUBLIC        ?_PRINTF517?BYTE
  X:324BH         PUBLIC        ?_PRINTF?BYTE
  X:324BH         PUBLIC        ?_SPRINTF517?BYTE
  X:324BH         PUBLIC        ?_SPRINTF?BYTE
  C:1CABH         PUBLIC        _PRINTF
  C:1CABH         PUBLIC        _PRINTF517
  C:1CA5H         PUBLIC        _SPRINTF
  C:1CA5H         PUBLIC        _SPRINTF517
  -------         ENDMOD        PRINTF

  -------         MODULE        RAND
  X:37A4H         PUBLIC        ?SRAND?BYTE
  C:3BC3H         PUBLIC        RAND
  C:3C01H         PUBLIC        _SRAND
  -------         ENDMOD        RAND

  -------         MODULE        SCANF
  X:31CAH         PUBLIC        ?_SCANF517?BYTE
  X:31CAH         PUBLIC        ?_SCANF?BYTE
  X:31CAH         PUBLIC        ?_SSCANF517?BYTE
  X:31CAH         PUBLIC        ?_SSCANF?BYTE
  C:2A7EH         PUBLIC        _SCANF
  C:2A7EH         PUBLIC        _SCANF517
  C:2A7AH         PUBLIC        _SSCANF
  C:2A7AH         PUBLIC        _SSCANF517
  -------         ENDMOD        SCANF

  -------         MODULE        STRCAT
  X:35E9H         PUBLIC        ?_strcat?BYTE
  C:3AA5H         PUBLIC        _strcat
BL51 BANKED LINKER/LOCATER V6.00                                                      11/05/2015  16:28:40  PAGE 280


  -------         ENDMOD        STRCAT

  -------         MODULE        ?C?STRCMP
  C:0A5FH         PUBLIC        ?C?STRCMP
  -------         ENDMOD        ?C?STRCMP

  -------         MODULE        STRNCMP
  X:366BH         PUBLIC        ?_strncmp?BYTE
  C:3953H         PUBLIC        _strncmp
  -------         ENDMOD        STRNCMP

  -------         MODULE        ?C?STRCPY
  C:0B48H         PUBLIC        ?C?STRCPY
  -------         ENDMOD        ?C?STRCPY

  -------         MODULE        STRLEN
  C:3DD8H         PUBLIC        _STRLEN
  -------         ENDMOD        STRLEN

  -------         MODULE        STRCHR
  C:3D8BH         PUBLIC        _STRCHR
  -------         ENDMOD        STRCHR

  -------         MODULE        STRCSPN
  X:35F2H         PUBLIC        ?_strcspn?BYTE
  C:38D2H         PUBLIC        _strcspn
  -------         ENDMOD        STRCSPN

  -------         MODULE        ATOL
  C:3306H         PUBLIC        _atol
  -------         ENDMOD        ATOL

  -------         MODULE        ATOI
  C:35F2H         PUBLIC        _atoi
  -------         ENDMOD        ATOI

  -------         MODULE        ?C?MEMCMP
  C:0CEBH         PUBLIC        ?C?MEMCMP
  -------         ENDMOD        ?C?MEMCMP

  -------         MODULE        ?C?MEMSET
  C:0D0FH         PUBLIC        ?C?MEMSET
  -------         ENDMOD        ?C?MEMSET

  -------         MODULE        ?C?LNEG
  C:0D3BH         PUBLIC        ?C?LNEG
  -------         ENDMOD        ?C?LNEG

  -------         MODULE        ?C?LLDIDATA
  C:0D49H         PUBLIC        ?C?LLDIDATA
  -------         ENDMOD        ?C?LLDIDATA

  -------         MODULE        ?C?LLDXDATA
  C:0D55H         PUBLIC        ?C?LLDXDATA
  -------         ENDMOD        ?C?LLDXDATA

  -------         MODULE        ?C?LLDPDATA
BL51 BANKED LINKER/LOCATER V6.00                                                      11/05/2015  16:28:40  PAGE 281


  C:0D61H         PUBLIC        ?C?LLDPDATA
  -------         ENDMOD        ?C?LLDPDATA

  -------         MODULE        ?C?LLDCODE
  C:0D6DH         PUBLIC        ?C?LLDCODE
  -------         ENDMOD        ?C?LLDCODE

  -------         MODULE        ?C?LLDIDATA0
  C:0D7DH         PUBLIC        ?C?LLDIDATA0
  -------         ENDMOD        ?C?LLDIDATA0

  -------         MODULE        ?C?LLDXDATA0
  C:0D8AH         PUBLIC        ?C?LLDXDATA0
  -------         ENDMOD        ?C?LLDXDATA0

  -------         MODULE        ?C?LLDPDATA0
  C:0D96H         PUBLIC        ?C?LLDPDATA0
  -------         ENDMOD        ?C?LLDPDATA0

  -------         MODULE        ?C?LLDCODE0
  C:0DA3H         PUBLIC        ?C?LLDCODE0
  -------         ENDMOD        ?C?LLDCODE0

  -------         MODULE        ?C?LSTIDATA
  C:0DB3H         PUBLIC        ?C?LSTIDATA
  -------         ENDMOD        ?C?LSTIDATA

  -------         MODULE        ?C?LSTPDATA
  C:0DBFH         PUBLIC        ?C?LSTPDATA
  -------         ENDMOD        ?C?LSTPDATA

  -------         MODULE        ?C?LSTKIDATA
  C:0DCBH         PUBLIC        ?C?LSTKIDATA
  -------         ENDMOD        ?C?LSTKIDATA

  -------         MODULE        ?C?LSTKPDATA
  C:0DE4H         PUBLIC        ?C?LSTKPDATA
  -------         ENDMOD        ?C?LSTKPDATA

  -------         MODULE        ?C?PLDIDATA
  C:0DFDH         PUBLIC        ?C?PLDIDATA
  -------         ENDMOD        ?C?PLDIDATA

  -------         MODULE        ?C?PSTIDATA
  C:0E06H         PUBLIC        ?C?PSTIDATA
  -------         ENDMOD        ?C?PSTIDATA

  -------         MODULE        ?C?PLDXDATA
  C:0E0FH         PUBLIC        ?C?PLDXDATA
  -------         ENDMOD        ?C?PLDXDATA

  -------         MODULE        ?C?PLDIXDATA
  C:0E18H         PUBLIC        ?C?PLDIXDATA
  -------         ENDMOD        ?C?PLDIXDATA

  -------         MODULE        ?C?PILDXDATA
  C:0E2FH         PUBLIC        ?C?PILDXDATA
BL51 BANKED LINKER/LOCATER V6.00                                                      11/05/2015  16:28:40  PAGE 282


  -------         ENDMOD        ?C?PILDXDATA

  -------         MODULE        ?C?PSTXDATA
  C:0E46H         PUBLIC        ?C?PSTXDATA
  -------         ENDMOD        ?C?PSTXDATA

  -------         MODULE        ?C?PLDPDATA
  C:0E4FH         PUBLIC        ?C?PLDPDATA
  -------         ENDMOD        ?C?PLDPDATA

  -------         MODULE        ?C?PSTPDATA
  C:0E58H         PUBLIC        ?C?PSTPDATA
  -------         ENDMOD        ?C?PSTPDATA

  -------         MODULE        ?C?PLDCODE
  C:0E61H         PUBLIC        ?C?PLDCODE
  -------         ENDMOD        ?C?PLDCODE

  -------         MODULE        PUTCHAR
  C:3D18H         PUBLIC        _PUTCHAR
  -------         ENDMOD        PUTCHAR

  -------         MODULE        GETCHAR
  B:0027H.1       PUBLIC        ?C?CHARLOADED
  X:383EH         PUBLIC        ?_UNGETCHAR?BYTE
  C:3E01H         PUBLIC        GETCHAR
  -------         ENDMOD        GETCHAR

  -------         MODULE        UNGETC
  C:3EAFH         PUBLIC        _UNGETCHAR
  -------         ENDMOD        UNGETC

  -------         MODULE        ISDIGIT
  C:3E6BH         PUBLIC        _isdigit
  -------         ENDMOD        ISDIGIT

  -------         MODULE        ISSPACE
  C:3E15H         PUBLIC        _isspace
  -------         ENDMOD        ISSPACE

  -------         MODULE        _GETKEY
  C:3E9DH         PUBLIC        _GETKEY
  -------         ENDMOD        _GETKEY

Program Size: data=99.2 xdata=14399 code=199583
LINK/LOCATE RUN COMPLETE.  0 WARNING(S),  0 ERROR(S)
