BL51 BANKED LINKER/LOCATER V6.00                                                        12/11/2015  11:43:23  PAGE 1


BL51 BANKED LINKER/LOCATER V6.00, INVOKED BY:
C:\KEIL\C51\BIN\BL51.EXE .\obj\STARTUP.obj, .\obj\kernelsetting.obj, .\obj\eedefault.obj, .\obj\wdg.obj, .\obj\main.obj,
>>  .\obj\fuu_bootmain.obj, .\obj\ee_process.obj, .\obj\tftpd.obj, .\obj\uip_arp.obj, .\obj\udp.obj, .\obj\dma.obj, .\ob
>> j\MACdriver.obj, .\obj\eeprom.obj, .\obj\serial.obj, .\obj\delay.obj, .\obj\timer.obj, .\obj\flashsum.obj, .\obj\fuu_
>> flash.obj, .\obj\uip.obj, .\obj\httpd.obj, .\obj\httpd_app.obj, .\obj\cgi.obj, .\obj\cgiutil.obj, .\obj\htmfiles.obj,
>>  .\obj\updateCbk.obj, .\obj\fs.obj, .\obj\net_cmd.obj TO .\obj\firmwareUpdate PRINT (.\obj\firmwareUpdate.m51) NOOVER
>> LAY, CODE (0X6000-0XFFFF, ?CO?FUU_FLASH (0X8092), ?PR?*?FUU_FLASH (0X8280), ?PR?PRINTF?PRINTF (0X8D9F), ?PR?PUTCHAR?P
>> UTCHAR (0X9104), ?PR?MAIN?MAIN (0X912D), ?FLASHSUM (0X918C), ?DELAY (0X91DC), ?PR?*?WDG (0X920C), ?C?LIB_CODE (0X9232
>> )) XDATA (0X2000-0X47FF)


MEMORY MODEL: LARGE


INPUT MODULES INCLUDED:
  .\obj\STARTUP.obj (?C_STARTUP)
  .\obj\kernelsetting.obj (KERNELSETTING)
  .\obj\eedefault.obj (EEDEFAULT)
  .\obj\wdg.obj (WDG)
  .\obj\main.obj (MAIN)
  .\obj\fuu_bootmain.obj (FUU_BOOTMAIN)
  .\obj\ee_process.obj (EE_PROCESS)
  .\obj\tftpd.obj (TFTPD)
  .\obj\uip_arp.obj (UIP_ARP)
  .\obj\udp.obj (UDP)
  .\obj\dma.obj (DMA)
  .\obj\MACdriver.obj (MACDRIVER)
  .\obj\eeprom.obj (EEPROM)
  .\obj\serial.obj (SERIAL)
  .\obj\delay.obj (?DELAY_MS)
  .\obj\timer.obj (TIMER)
  .\obj\flashsum.obj (?FLASHSUM)
  .\obj\fuu_flash.obj (FUU_FLASH)
  .\obj\uip.obj (UIP)
  .\obj\httpd.obj (HTTPD)
  .\obj\httpd_app.obj (HTTPD_APP)
  .\obj\cgi.obj (CGI)
  .\obj\cgiutil.obj (CGIUTIL)
  .\obj\htmfiles.obj (HTMFILES)
  .\obj\updateCbk.obj (UPDATECBK)
  .\obj\fs.obj (FS)
  .\obj\net_cmd.obj (NET_CMD)
  C:\KEIL\C51\LIB\C51L.LIB (?C_INIT)
  C:\KEIL\C51\LIB\C51L.LIB (?C?COPY)
  C:\KEIL\C51\LIB\C51L.LIB (?C?CLDPTR)
  C:\KEIL\C51\LIB\C51L.LIB (?C?CLDOPTR)
  C:\KEIL\C51\LIB\C51L.LIB (?C?CLDIOPTR)
  C:\KEIL\C51\LIB\C51L.LIB (?C?CILDOPTR)
  C:\KEIL\C51\LIB\C51L.LIB (?C?CSTPTR)
  C:\KEIL\C51\LIB\C51L.LIB (?C?CSTOPTR)
  C:\KEIL\C51\LIB\C51L.LIB (?C?IMUL)
  C:\KEIL\C51\LIB\C51L.LIB (?C?UIDIV)
  C:\KEIL\C51\LIB\C51L.LIB (?C?SIDIV)
  C:\KEIL\C51\LIB\C51L.LIB (?C?IILDX)
  C:\KEIL\C51\LIB\C51L.LIB (?C?ILDPTR)
  C:\KEIL\C51\LIB\C51L.LIB (?C?ILDOPTR)
  C:\KEIL\C51\LIB\C51L.LIB (?C?IILDOPTR)
  C:\KEIL\C51\LIB\C51L.LIB (?C?ISTPTR)
BL51 BANKED LINKER/LOCATER V6.00                                                      12/11/2015  11:43:23  PAGE 2


  C:\KEIL\C51\LIB\C51L.LIB (?C?ISTOPTR)
  C:\KEIL\C51\LIB\C51L.LIB (?C?LADD)
  C:\KEIL\C51\LIB\C51L.LIB (?C?LMUL)
  C:\KEIL\C51\LIB\C51L.LIB (?C?ULDIV)
  C:\KEIL\C51\LIB\C51L.LIB (?C?LNOT)
  C:\KEIL\C51\LIB\C51L.LIB (?C?SLCMP)
  C:\KEIL\C51\LIB\C51L.LIB (?C?ULCMP)
  C:\KEIL\C51\LIB\C51L.LIB (?C?ULSHR)
  C:\KEIL\C51\LIB\C51L.LIB (?C?LLDXDATA)
  C:\KEIL\C51\LIB\C51L.LIB (?C?LLDXDATA0)
  C:\KEIL\C51\LIB\C51L.LIB (?C?LSTXDATA)
  C:\KEIL\C51\LIB\C51L.LIB (?C?LSTKXDATA)
  C:\KEIL\C51\LIB\C51L.LIB (?C?OFFXADD)
  C:\KEIL\C51\LIB\C51L.LIB (?C?PLDXDATA)
  C:\KEIL\C51\LIB\C51L.LIB (?C?PSTXDATA)
  C:\KEIL\C51\LIB\C51L.LIB (?C?PLDPTR)
  C:\KEIL\C51\LIB\C51L.LIB (?C?PSTPTR)
  C:\KEIL\C51\LIB\C51L.LIB (?C?PLDOPTR)
  C:\KEIL\C51\LIB\C51L.LIB (?C?PSTOPTR)
  C:\KEIL\C51\LIB\C51L.LIB (?C?CCASE)
  C:\KEIL\C51\LIB\C51L.LIB (?C?ICASE)
  C:\KEIL\C51\LIB\C51L.LIB (?C?ICALL)
  C:\KEIL\C51\LIB\C51L.LIB (PRINTF)
  C:\KEIL\C51\LIB\C51L.LIB (?C?STRCMP)
  C:\KEIL\C51\LIB\C51L.LIB (STRNCMP)
  C:\KEIL\C51\LIB\C51L.LIB (?C?STRCPY)
  C:\KEIL\C51\LIB\C51L.LIB (STRLEN)
  C:\KEIL\C51\LIB\C51L.LIB (STRCHR)
  C:\KEIL\C51\LIB\C51L.LIB (STRCSPN)
  C:\KEIL\C51\LIB\C51L.LIB (?C?MEMCMP)
  C:\KEIL\C51\LIB\C51L.LIB (?C?MEMSET)
  C:\KEIL\C51\LIB\C51L.LIB (?C?PLDIDATA)
  C:\KEIL\C51\LIB\C51L.LIB (?C?PSTIDATA)
  C:\KEIL\C51\LIB\C51L.LIB (?C?PLDIXDATA)
  C:\KEIL\C51\LIB\C51L.LIB (?C?PLDPDATA)
  C:\KEIL\C51\LIB\C51L.LIB (?C?PSTPDATA)
  C:\KEIL\C51\LIB\C51L.LIB (?C?PLDCODE)
  C:\KEIL\C51\LIB\C51L.LIB (PUTCHAR)


LINK MAP OF MODULE:  .\obj\firmwareUpdate (?C_STARTUP)


            TYPE    BASE      LENGTH    RELOCATION   SEGMENT NAME
            -----------------------------------------------------

            * * * * * * *   D A T A   M E M O R Y   * * * * * * *
            REG     0000H     0008H     ABSOLUTE     "REG BANK 0"
            DATA    0008H     0018H     ABSOLUTE     
            BIT     0020H.0   000AH.0   ABSOLUTE     
            BIT     002AH.0   0001H.1   UNIT         ?BI?PRINTF?PRINTF
                    002BH.1   0000H.7                *** GAP ***
            DATA    002CH     0003H     UNIT         ?DT?FLASHIDENTIFICATION?FUU_FLASH
                    002FH     0001H                  *** GAP ***
            DATA    0030H     0030H     ABSOLUTE     
            DATA    0060H     0005H     UNIT         ?DT?PRINTF?PRINTF
            DATA    0065H     0002H     UNIT         ?DT?_FLASH_ERASE_SECTOR_MX29LV004CB_BOTTOMSECTOR_WHILE?FUU_FLASH
BL51 BANKED LINKER/LOCATER V6.00                                                      12/11/2015  11:43:23  PAGE 3


            DATA    0067H     0002H     UNIT         ?DT?_FLASH_ERASE_SECTOR_SST39VLF040?FUU_FLASH
            DATA    0069H     0002H     UNIT         ?DT?_FLASH_READ_BYTE?FUU_FLASH
            DATA    006BH     0002H     UNIT         ?DT?_FLASH_WRITE_BYTE?FUU_FLASH
            DATA    006DH     0002H     UNIT         ?DT?_FLASH_ERASE_SECTOR_MX29LV800CB_BOTTOMSECTOR_WHILE?FUU_FLASH
            IDATA   006FH     0001H     UNIT         ?STACK

            * * * * * * *  X D A T A   M E M O R Y  * * * * * * *
                    0000H     2000H                  *** GAP ***
            XDATA   2000H     0FA1H     UNIT         ?XD?UPDATECBK
            XDATA   2FA1H     0A7EH     UNIT         ?XD?UIP
            XDATA   3A1FH     00EAH     UNIT         ?XD?UIP_ARP
            XDATA   3B09H     0081H     UNIT         ?XD?HTMFILES
            XDATA   3B8AH     0057H     UNIT         ?XD?EE_PROCESS
            XDATA   3BE1H     0048H     UNIT         ?XD?HTTPD
            XDATA   3C29H     0028H     UNIT         ?XD?PRINTF?PRINTF
            XDATA   3C51H     0027H     UNIT         ?XD?FUU_BOOTMAIN
            XDATA   3C78H     001AH     UNIT         ?XD?_CGI_FIRMWAREUPDATE?UPDATECBK
            XDATA   3C92H     0019H     UNIT         ?XD?FUU_FLASH
            XDATA   3CABH     0012H     UNIT         ?XD?HTTP_SERVER?HTTPD
            XDATA   3CBDH     0011H     UNIT         ?XD?FS
            XDATA   3CCEH     0010H     UNIT         ?XD?_STRFIND?HTTPD_APP
            XDATA   3CDEH     000DH     UNIT         ?XD?_ETHERNETRECEIVE?MACDRIVER
            XDATA   3CEBH     000BH     UNIT         ?XD?EEWORKAROUNDV135?EE_PROCESS
            XDATA   3CF6H     000BH     UNIT         ?XD?MACDRIVER
            XDATA   3D01H     000BH     UNIT         ?XD?_UIP_CONNECT?UIP
            XDATA   3D0CH     000AH     UNIT         ?XD?_FIRMWAREUPDATEFLASHBANKCHECK?FUU_FLASH
            XDATA   3D16H     000AH     UNIT         ?XD?WITH_TAG_PAGE?CGIUTIL
            XDATA   3D20H     0009H     UNIT         ?XD?_UIP_ARP_UPDATE?UIP_ARP
            XDATA   3D29H     0009H     UNIT         ?XD?_IP210_DMA?DMA
            XDATA   3D32H     0009H     UNIT         ?XD?_STOUI?CGIUTIL
            XDATA   3D3BH     0009H     UNIT         ?XD?_FS_OPEN?FS
            XDATA   3D44H     0009H     UNIT         ?XD?NETCMD?NET_CMD
            XDATA   3D4DH     0009H     UNIT         ?XD?_STRCSPN?STRCSPN
            XDATA   3D56H     0008H     UNIT         ?XD?TIMER
            XDATA   3D5EH     0008H     UNIT         ?XD?_UITOS?CGIUTIL
            XDATA   3D66H     0008H     UNIT         ?XD?_STRNCMP?STRNCMP
            XDATA   3D6EH     0007H     UNIT         ?XD?CHECK_MAC?MAIN
            XDATA   3D75H     0007H     UNIT         ?XD?EEWORKAROUNDV133?EE_PROCESS
            XDATA   3D7CH     0007H     UNIT         ?XD?_ETHERNETRECEIVELOOKAHEAD?MACDRIVER
            XDATA   3D83H     0007H     UNIT         ?XD?_FIRMWAREUPDATEWRITEDATA?FUU_FLASH
            XDATA   3D8AH     0006H     UNIT         ?XD?KERNELSETTING
            XDATA   3D90H     0006H     UNIT         ?XD?_ETHERNETSEND?MACDRIVER
            XDATA   3D96H     0006H     UNIT         ?XD?FIRMWAREUPDATEFLASHCHECK?FUU_FLASH
            XDATA   3D9CH     0006H     UNIT         ?XD?CGIUTIL
            XDATA   3DA2H     0006H     UNIT         ?XD?_FS_OPEN03?HTMFILES
            XDATA   3DA8H     0005H     UNIT         ?XD?_FLASH_WRITE_BYTE?FUU_FLASH
            XDATA   3DADH     0004H     UNIT         ?XD?LOADEEPROM2MEMORY?EE_PROCESS
            XDATA   3DB1H     0004H     UNIT         ?XD?_FLASH_ERASE_SECTOR_SST39VLF040?FUU_FLASH
            XDATA   3DB5H     0004H     UNIT         ?XD?_UIP_PROCESS?UIP
            XDATA   3DB9H     0004H     UNIT         ?XD?_SSI_ERRORMSG?UPDATECBK
            XDATA   3DBDH     0004H     UNIT         ?XD?_CGI_CALLERASE?UPDATECBK
            XDATA   3DC1H     0003H     UNIT         ?XD?BOOTMAIN?FUU_BOOTMAIN
            XDATA   3DC4H     0003H     UNIT         ?XD?EEPROMINIT?EE_PROCESS
            XDATA   3DC7H     0003H     UNIT         ?XD?UIP_ARP_OUT?UIP_ARP
            XDATA   3DCAH     0003H     UNIT         ?XD?_ETHERNETSEND2?MACDRIVER
            XDATA   3DCDH     0003H     UNIT         ?XD?_EEPROM_READ_BYTE?EEPROM
            XDATA   3DD0H     0003H     UNIT         ?XD?_UIP_LOG?UIP
BL51 BANKED LINKER/LOCATER V6.00                                                      12/11/2015  11:43:23  PAGE 4


            XDATA   3DD3H     0003H     UNIT         ?XD?_HTTPD_INIT_FILE?HTTPD_APP
            XDATA   3DD6H     0003H     UNIT         ?XD?_DATACPY03?HTMFILES
            XDATA   3DD9H     0003H     UNIT         ?XD?_SSI_FIRMWAREUPDATE?UPDATECBK
            XDATA   3DDCH     0003H     UNIT         ?XD?_SSI_ERASEFLASH?UPDATECBK
            XDATA   3DDFH     0003H     UNIT         ?XD?_SSI_TFTPINPROGRESS?UPDATECBK
            XDATA   3DE2H     0003H     UNIT         ?XD?_GETPROJECTNAME?NET_CMD
            XDATA   3DE5H     0002H     UNIT         ?XD?WDG
            XDATA   3DE7H     0002H     UNIT         ?XD?EEPROMCHECKDATAAVAILABLE?EE_PROCESS
            XDATA   3DE9H     0002H     UNIT         ?XD?_UDP_SEND?UDP
            XDATA   3DEBH     0002H     UNIT         ?XD?_FILL_DMA_SETTING?DMA
            XDATA   3DEDH     0002H     UNIT         ?XD?ETHERNETRECEIVESKIP?MACDRIVER
            XDATA   3DEFH     0002H     UNIT         ?XD?_UIP_ADD32?MACDRIVER
            XDATA   3DF1H     0002H     UNIT         ?XD?_FLASH_ERASE_SECTOR_AT49BV040B_WHILE?FUU_FLASH
            XDATA   3DF3H     0002H     UNIT         ?XD?_FLASH_ERASE_SECTOR_MX29LV004CB_WHILE?FUU_FLASH
            XDATA   3DF5H     0002H     UNIT         ?XD?_FIRMWAREUPDATMIRRORMODE?FUU_FLASH
            XDATA   3DF7H     0002H     UNIT         ?XD?FIRMWAREUPDATEERASEFLASH_SST39VLF040_WHILE?FUU_FLASH
            XDATA   3DF9H     0002H     UNIT         ?XD?QUERYSTR_FUNC?HTTPD_APP
            XDATA   3DFBH     0002H     UNIT         ?XD?_HTTPD_COPY_DATA?HTTPD_APP
            XDATA   3DFDH     0001H     UNIT         ?XD?MAIN?MAIN
            XDATA   3DFEH     0001H     UNIT         ?XD?BOOT_INIT?FUU_BOOTMAIN
            XDATA   3DFFH     0001H     UNIT         ?XD?_FLASH_ERASE_SECTOR_AT49BV040B_BOTTOMSECTOR_WHILE?FUU_FLASH
            XDATA   3E00H     0001H     UNIT         ?XD?_FLASH_ERASE_SECTOR_MX29LV004CB_BOTTOMSECTOR_WHILE?FUU_FLASH
            XDATA   3E01H     0001H     UNIT         ?XD?_FLASH_ERASE_SECTOR_MX29LV800CB_BOTTOMSECTOR_WHILE?FUU_FLASH
            XDATA   3E02H     0001H     UNIT         ?XD?_FLASH_ERASE_SECTOR_MX29LV800CB_WHILE?FUU_FLASH
            XDATA   3E03H     0001H     UNIT         ?XD?FLASHIDENTIFICATION?FUU_FLASH
            XDATA   3E04H     0001H     UNIT         ?XD?LOCALCMDTXPREFIX?NET_CMD

            * * * * * * *   C O D E   M E M O R Y   * * * * * * *
                    0000H     6000H                  *** GAP ***
            CODE    6000H     162FH     UNIT         ?PR?_UIP_PROCESS?UIP
            CODE    762FH     073CH     UNIT         ?PR?HTTP_SERVER?HTTPD
            CODE    7D6BH     02AEH     UNIT         ?PR?UIP_ARP_OUT?UIP_ARP
            CODE    8019H     006CH     UNIT         ?CO?TFTPD
            CODE    8085H     0002H     UNIT         ?CO?CGIUTIL
            CODE    8087H     0006H     ABSOLUTE     
            CODE    808DH     0002H     ABSOLUTE     
            CODE    808FH     0003H     ABSOLUTE     
            CODE    8092H     009EH     UNIT         ?CO?FUU_FLASH
            CODE    8130H     014EH     UNIT         ?PR?HTTPD_DATA_PROCESSING?CGI
            CODE    827EH     0001H     UNIT         ?PR?UDP_XMIT?UIP
                    827FH     0001H                  *** GAP ***
            CODE    8280H     000EH     UNIT         ?PR?_START_MIRROR_MODE?FUU_FLASH
            CODE    828EH     0012H     UNIT         ?PR?STOP_MIRROR_MODE?FUU_FLASH
            CODE    82A0H     0006H     UNIT         ?PR?FLASH_ACCESS_ENABLE?FUU_FLASH
            CODE    82A6H     002CH     UNIT         ?PR?FLASH_ACCESS_DISABLE?FUU_FLASH
            CODE    82D2H     0021H     UNIT         ?PR?_FLASH_ERASE_SECTOR_AT49BV040B_WHILE?FUU_FLASH
            CODE    82F3H     005FH     UNIT         ?PR?_FLASH_ERASE_SECTOR_AT49BV040B_BOTTOMSECTOR_WHILE?FUU_FLASH
            CODE    8352H     0021H     UNIT         ?PR?_FLASH_ERASE_SECTOR_MX29LV004CB_WHILE?FUU_FLASH
            CODE    8373H     005FH     UNIT         ?PR?_FLASH_ERASE_SECTOR_MX29LV004CB_BOTTOMSECTOR_WHILE?FUU_FLASH
            CODE    83D2H     006CH     UNIT         ?PR?_FLASH_ERASE_SECTOR_SST39VLF040?FUU_FLASH
            CODE    843EH     001AH     UNIT         ?PR?_FLASH_READ_BYTE?FUU_FLASH
            CODE    8458H     0117H     UNIT         ?PR?_FLASH_WRITE_BYTE?FUU_FLASH
            CODE    856FH     0018H     UNIT         ?PR?_FLASH_SWITCH_BANK?FUU_FLASH
            CODE    8587H     0026H     UNIT         ?PR?_FIRMWAREUPDATMIRRORMODE?FUU_FLASH
            CODE    85ADH     0073H     UNIT         ?PR?FIRMWAREUPDATEERASEFLASH_AT49BV040B_WHILE?FUU_FLASH
            CODE    8620H     0071H     UNIT         ?PR?FIRMWAREUPDATEERASEFLASH_MX29LV004CB_WHILE?FUU_FLASH
            CODE    8691H     0032H     UNIT         ?PR?MX_TOGGLE?FUU_FLASH
BL51 BANKED LINKER/LOCATER V6.00                                                      12/11/2015  11:43:23  PAGE 5


            CODE    86C3H     0052H     UNIT         ?PR?_FLASH_ERASE_SECTOR_MX29LV800CB_BOTTOMSECTOR_WHILE?FUU_FLASH
            CODE    8715H     003AH     UNIT         ?PR?_FLASH_ERASE_SECTOR_MX29LV800CB_WHILE?FUU_FLASH
            CODE    874FH     0088H     UNIT         ?PR?FIRMWAREUPDATEERASEFLASH_MX29LV800CB_WHILE?FUU_FLASH
            CODE    87D7H     0078H     UNIT         ?PR?FIRMWAREUPDATEERASEFLASH_SST39VLF040_WHILE?FUU_FLASH
            CODE    884FH     00BCH     UNIT         ?PR?_FIRMWAREUPDATEWRITEDATA?FUU_FLASH
            CODE    890BH     0086H     UNIT         ?PR?_FIRMWAREUPDATEFLASHBANKCHECK?FUU_FLASH
            CODE    8991H     0001H     UNIT         ?PR?NOP?FUU_FLASH
            CODE    8992H     0043H     UNIT         ?PR?_DELAY_10MS?FUU_FLASH
            CODE    89D5H     002DH     UNIT         ?PR?FLASH_CHECK_SIZE?FUU_FLASH
            CODE    8A02H     01F6H     UNIT         ?PR?FLASHIDENTIFICATION?FUU_FLASH
            CODE    8BF8H     00D0H     UNIT         ?PR?FIRMWAREUPDATEFLASHCHECK?FUU_FLASH
            CODE    8CC8H     00D0H     UNIT         ?PR?FIRMWAREUPDATEERASEFLASH_WHILE?FUU_FLASH
            CODE    8D98H     0007H     UNIT         ?PR?HTTPD_INIT?HTTPD
            CODE    8D9FH     0365H     UNIT         ?PR?PRINTF?PRINTF
            CODE    9104H     0027H     UNIT         ?PR?PUTCHAR?PUTCHAR
                    912BH     0002H                  *** GAP ***
            CODE    912DH     0039H     UNIT         ?PR?MAIN?MAIN
            CODE    9166H     0021H     UNIT         ?PR?MAC_ADDRESS_FILL?MACDRIVER
            CODE    9187H     0005H     UNIT         ?PR?GETDEVICEID?NET_CMD
            CODE    918CH     0044H     UNIT         ?FLASHSUM
            CODE    91D0H     000CH     UNIT         ?PR?BOOT_PROC?MAIN
            CODE    91DCH     001BH     UNIT         ?DELAY
            CODE    91F7H     0015H     UNIT         ?PR?_STRLEN?STRLEN
            CODE    920CH     000DH     UNIT         ?PR?WATCHDOGTIMERENABLE?WDG
            CODE    9219H     0003H     UNIT         ?PR?WATCHDOGTIMERDISABLE?WDG
            CODE    921CH     0007H     UNIT         ?PR?WATCHDOGTIMERRESET?WDG
            CODE    9223H     0007H     UNIT         ?PR?WATCHDOGTIMERINIT?WDG
            CODE    922AH     0008H     UNIT         ?PR?EEPROM_ENABLE?EEPROM
            CODE    9232H     0B69H     UNIT         ?C?LIB_CODE
            CODE    9D9BH     0B49H     UNIT         ?CO?HTMFILES
            CODE    A8E4H     060CH     UNIT         ?PR?WITH_TAG_PAGE?CGIUTIL
            CODE    AEF0H     0478H     UNIT         ?PR?_CGI_FIRMWAREUPDATE?UPDATECBK
            CODE    B368H     028AH     UNIT         ?PR?BOOTMAIN?FUU_BOOTMAIN
            CODE    B5F2H     01FDH     UNIT         ?PR?_ETHERNETRECEIVE?MACDRIVER
            CODE    B7EFH     01F5H     UNIT         ?PR?BOOT_INIT?FUU_BOOTMAIN
            CODE    B9E4H     01DBH     UNIT         ?PR?_UIP_CONNECT?UIP
            CODE    BBBFH     01CDH     UNIT         ?PR?EEWORKAROUNDV133?EE_PROCESS
            CODE    BD8CH     01C9H     UNIT         ?PR?TFTP_PROCESS?TFTPD
            CODE    BF55H     01C3H     UNIT         ?PR?UIP_ARP_ARPIN?UIP_ARP
            CODE    C118H     01B9H     UNIT         ?PR?EEWORKAROUNDV135?EE_PROCESS
            CODE    C2D1H     0196H     UNIT         ?PR?EEPROMINIT?EE_PROCESS
            CODE    C467H     0196H     UNIT         ?PR?NETCMD?NET_CMD
            CODE    C5FDH     0174H     UNIT         ?PR?_UIP_ARP_UPDATE?UIP_ARP
            CODE    C771H     0140H     UNIT         ?PR?_FS_OPEN03?HTMFILES
            CODE    C8B1H     0135H     UNIT         ?PR?QUERYSTR_FUNC?HTTPD_APP
            CODE    C9E6H     012DH     UNIT         ?PR?LAST_TAG_PAGE?CGIUTIL
            CODE    CB13H     0114H     UNIT         ?C_INITSEG
            CODE    CC27H     0114H     UNIT         ?PR?HTTPD_HEADER_INIT?HTTPD_APP
            CODE    CD3BH     010DH     UNIT         ?PR?_HTTPD_INIT_FILE?HTTPD_APP
            CODE    CE48H     0107H     UNIT         ?CO?FUU_BOOTMAIN
            CODE    CF4FH     00F7H     UNIT         ?PR?_UITOS?CGIUTIL
            CODE    D046H     00F3H     UNIT         ?PR?_STRFIND?HTTPD_APP
            CODE    D139H     00E5H     UNIT         ?PR?_UDP_SEND?UDP
            CODE    D21EH     00D3H     UNIT         ?PR?NO_TAG_PAGE?CGIUTIL
            CODE    D2F1H     00BCH     UNIT         ?PR?ETHERNETRECEIVESKIP?MACDRIVER
            CODE    D3ADH     00BBH     UNIT         ?PR?_FS_OPEN?FS
            CODE    D468H     00B9H     UNIT         ?PR?_IP210_DMA?DMA
BL51 BANKED LINKER/LOCATER V6.00                                                      12/11/2015  11:43:23  PAGE 6


            CODE    D521H     00B6H     UNIT         ?CO?UPDATECBK
            CODE    D5D7H     00ABH     UNIT         ?PR?_ETHERNETRECEIVELOOKAHEAD?MACDRIVER
            CODE    D682H     00A6H     UNIT         ?PR?TAG_ADDRESS_BIGGER_MSS?CGIUTIL
            CODE    D728H     00A4H     UNIT         ?C_C51STARTUP
            CODE    D7CCH     00A3H     UNIT         ?PR?_ETHERNETSEND?MACDRIVER
            CODE    D86FH     0099H     UNIT         ?PR?CHECK_MAC?MAIN
            CODE    D908H     0093H     UNIT         ?PR?UIP_ARP_IPIN?UIP_ARP
            CODE    D99BH     008AH     UNIT         ?PR?_ETHERNETSEND2?MACDRIVER
            CODE    DA25H     0081H     UNIT         ?PR?_STRCSPN?STRCSPN
            CODE    DAA6H     007EH     UNIT         ?PR?_UIP_ADD32?MACDRIVER
            CODE    DB24H     007BH     UNIT         ?PR?_STOUI?CGIUTIL
            CODE    DB9FH     0078H     UNIT         ?PR?_SSI_ERASEFLASH?UPDATECBK
            CODE    DC17H     0076H     UNIT         ?PR?_STRNCMP?STRNCMP
            CODE    DC8DH     0070H     UNIT         ?PR?EEPROMCHECKDATAAVAILABLE?EE_PROCESS
            CODE    DCFDH     006FH     UNIT         ?PR?LOCALCMDTXPREFIX?NET_CMD
            CODE    DD6CH     0061H     UNIT         ?PR?UIP_ARP_TIMER?UIP_ARP
            CODE    DDCDH     0054H     UNIT         ?CO?EE_PROCESS
            CODE    DE21H     0054H     UNIT         ?PR?_EEPROM_READ_BYTE?EEPROM
            CODE    DE75H     0054H     UNIT         ?PR?UIP_INIT?UIP
            CODE    DEC9H     0053H     UNIT         ?PR?_UIP_ADD_RCV_NXT?UIP
            CODE    DF1CH     0051H     UNIT         ?PR?_HTTPD_COPY_DATA?HTTPD_APP
            CODE    DF6DH     004FH     UNIT         ?PR?_CHECK_PACKET_TYPE?MACDRIVER
            CODE    DFBCH     004FH     UNIT         ?PR?ETHERNETRECEIVEFREESPACE?MACDRIVER
            CODE    E00BH     004FH     UNIT         ?PR?_SSI_FIRMWAREUPDATE?UPDATECBK
            CODE    E05AH     004EH     UNIT         ?CO?HTTPD_APP
            CODE    E0A8H     0043H     UNIT         ?CO?EEDEFAULT
            CODE    E0EBH     0043H     UNIT         ?PR?_UIP_UNLISTEN?UIP
            CODE    E12EH     0043H     UNIT         ?CO?HTTPD
            CODE    E171H     0040H     UNIT         ?PR?_EEPROM_WRITE_BYTE?EEPROM
            CODE    E1B1H     0040H     UNIT         ?PR?_UIP_LISTEN?UIP
            CODE    E1F1H     003EH     UNIT         ?PR?LOADEEPROM2MEMORY?EE_PROCESS
            CODE    E22FH     003CH     UNIT         ?PR?IP210_WRITE_TIMER_COUNTER?TIMER
            CODE    E26BH     003CH     UNIT         ?PR?_SSI_TFTPINPROGRESS?UPDATECBK
            CODE    E2A7H     0039H     UNIT         ?PR?_DATACPY03?HTMFILES
            CODE    E2E0H     0037H     UNIT         ?PR?UIP_ARP_INIT?UIP_ARP
            CODE    E317H     0037H     UNIT         ?PR?TFD_INDEX?MACDRIVER
            CODE    E34EH     002FH     UNIT         ?PR?LOCALCMD?NET_CMD
            CODE    E37DH     002EH     UNIT         ?PR?_FILL_DMA_SETTING?DMA
            CODE    E3ABH     002BH     UNIT         ?PR?CHECKPKTSEND?FUU_BOOTMAIN
            CODE    E3D6H     002AH     UNIT         ?PR?MAC_INIT?MACDRIVER
            CODE    E400H     0028H     UNIT         ?CO?MAIN
            CODE    E428H     0021H     UNIT         ?PR?IP_ADDRESS_FILL?MACDRIVER
            CODE    E449H     001FH     UNIT         ?PR?_GET_TAG03?HTMFILES
            CODE    E468H     001DH     UNIT         ?PR?KERNELSETTINGINIT?KERNELSETTING
            CODE    E485H     001DH     UNIT         ?PR?_RESIZE_RX_BUF?MACDRIVER
            CODE    E4A2H     001DH     UNIT         ?PR?_CGI_CALLERASE?UPDATECBK
            CODE    E4BFH     001CH     UNIT         ?CO?NET_CMD
            CODE    E4DBH     001CH     UNIT         ?PR?_STRCHR?STRCHR
            CODE    E4F7H     001BH     UNIT         ?PR?WAIT_PACKET_SENT?MACDRIVER
            CODE    E512H     001BH     UNIT         ?PR?_GETPROJECTNAME?NET_CMD
            CODE    E52DH     001AH     UNIT         ?PR?TIMERCOUNTER_INIT?TIMER
            CODE    E547H     0019H     UNIT         ?PR?EEMEMORYINIT?EE_PROCESS
            CODE    E560H     0019H     UNIT         ?PR?TIMER_COUNTER_OVERFLOW?TIMER
            CODE    E579H     0019H     UNIT         ?PR?RESTORE_UIP_BUF?UIP
            CODE    E592H     0018H     UNIT         ?PR?IP210_DMA_SET_IDLE?DMA
            CODE    E5AAH     0016H     UNIT         ?PR?CBK_FLASH_SIZE_CHECK?UPDATECBK
            CODE    E5C0H     0014H     UNIT         ?PR?SERIAL_INIT?SERIAL
BL51 BANKED LINKER/LOCATER V6.00                                                      12/11/2015  11:43:23  PAGE 7


            CODE    E5D4H     0013H     UNIT         ?PR?_CHG_UIP_BUF?UIP
            CODE    E5E7H     0012H     UNIT         ?PR?IP210_DMA_IDLE_RESTORE?DMA
            CODE    E5F9H     0012H     UNIT         ?PR?_SERIAL_CHECK_RX?SERIAL
            CODE    E60BH     000FH     UNIT         ?PR?IP210_SWRESET?MAIN
            CODE    E61AH     000EH     UNIT         ?PR?TIMER2_INIT?TIMER
            CODE    E628H     000CH     UNIT         ?PR?TIMER0_INIT?TIMER
            CODE    E634H     000CH     UNIT         ?PR?_SSI_ERRORMSG?UPDATECBK
            CODE    E640H     000BH     UNIT         ?PR?SERIAL_POLLING_RX?SERIAL
            CODE    E64BH     000AH     UNIT         ?PR?IP210_WAIT_DMA_COMPLETE?DMA
            CODE    E655H     0006H     UNIT         ?PR?_UIP_LOG?UIP
            CODE    E65BH     0003H     UNIT         ?PR?TIMERCOUNTER0_INIT?TIMER
                    E65EH     199FH                  *** GAP ***
            CODE    FFFDH     0003H     ABSOLUTE     



SYMBOL TABLE OF MODULE:  .\obj\firmwareUpdate (?C_STARTUP)

  VALUE           TYPE          NAME
  ----------------------------------

  -------         MODULE        ?C_STARTUP
  C:D728H         SEGMENT       ?C_C51STARTUP
  I:006FH         SEGMENT       ?STACK
  C:808FH         PUBLIC        ?C_STARTUP
  C:D746H         PUBLIC        CPU_GOTO_0000H
  C:D749H         PUBLIC        CPU_GOTO_FFFDH
  C:D749H         PUBLIC        CPU_REBOOT
  B:00D0H.6       SYMBOL        AC
  D:00E0H         SYMBOL        ACC
  D:00F0H         SYMBOL        B
  B:0020H.0       SYMBOL        BITADDR
  B:00C8H.0       SYMBOL        CP_RL2
  B:00D0H.7       SYMBOL        CY
  B:00C8H.1       SYMBOL        C_T2
  D:0083H         SYMBOL        DPH
  D:0082H         SYMBOL        DPL
  B:00A8H.7       SYMBOL        EA
  C:D728H         SYMBOL        END_POINT
  B:00A8H.4       SYMBOL        ES
  B:00A8H.1       SYMBOL        ET0
  B:00A8H.3       SYMBOL        ET1
  B:00A8H.5       SYMBOL        ET2
  B:00A8H.0       SYMBOL        EX0
  B:00A8H.2       SYMBOL        EX1
  B:00C8H.3       SYMBOL        EXEN2
  B:00C8H.6       SYMBOL        EXF2
  B:00D0H.5       SYMBOL        F0
  N:0000H         SYMBOL        IBPSTACK
  N:0100H         SYMBOL        IBPSTACKTOP
  N:0080H         SYMBOL        IDATALEN
  C:D72DH         SYMBOL        IDATALOOP
  D:00A8H         SYMBOL        IE
  B:0088H.1       SYMBOL        IE0
  B:0088H.3       SYMBOL        IE1
  B:00B0H.2       SYMBOL        INT0
  B:00B0H.3       SYMBOL        INT1
BL51 BANKED LINKER/LOCATER V6.00                                                      12/11/2015  11:43:23  PAGE 8


  D:00B8H         SYMBOL        IP
  B:0088H.0       SYMBOL        IT0
  B:0088H.2       SYMBOL        IT1
  B:00D0H.2       SYMBOL        OV
  B:00D0H.0       SYMBOL        P
  D:0080H         SYMBOL        P0
  D:0090H         SYMBOL        P1
  D:00A0H         SYMBOL        P2
  D:00B0H         SYMBOL        P3
  N:0000H         SYMBOL        PBPSTACK
  N:0000H         SYMBOL        PBPSTACKTOP
  D:0087H         SYMBOL        PCON
  N:0000H         SYMBOL        PDATALEN
  N:0000H         SYMBOL        PDATASTART
  N:0000H         SYMBOL        PPAGE
  N:0000H         SYMBOL        PPAGEENABLE
  D:00A0H         SYMBOL        PPAGE_SFR
  B:00B8H.4       SYMBOL        PS
  D:00D0H         SYMBOL        PSW
  B:00B8H.1       SYMBOL        PT0
  B:00B8H.3       SYMBOL        PT1
  B:00B8H.5       SYMBOL        PT2
  B:00B8H.0       SYMBOL        PX0
  B:00B8H.2       SYMBOL        PX1
  B:0098H.2       SYMBOL        RB8
  D:00CBH         SYMBOL        RCAP2H
  D:00CAH         SYMBOL        RCAP2L
  B:00C8H.5       SYMBOL        RCLK
  B:00B0H.7       SYMBOL        RD
  B:0098H.4       SYMBOL        REN
  D:0030H         SYMBOL        RESERVED_DATA
  B:0098H.0       SYMBOL        RI
  B:00D0H.3       SYMBOL        RS0
  B:00D0H.4       SYMBOL        RS1
  B:00B0H.0       SYMBOL        RXD
  D:0099H         SYMBOL        SBUF
  D:0098H         SYMBOL        SCON
  B:0098H.7       SYMBOL        SM0
  B:0098H.6       SYMBOL        SM1
  B:0098H.5       SYMBOL        SM2
  D:0081H         SYMBOL        SP
  I:006FH         SYMBOL        STACK_LABEL
  C:D72AH         SYMBOL        STARTUP1
  C:D730H         SYMBOL        STARTUPF7
  B:00B0H.4       SYMBOL        T0
  B:00B0H.5       SYMBOL        T1
  B:0090H.0       SYMBOL        T2
  D:00C8H         SYMBOL        T2CON
  B:0090H.1       SYMBOL        T2EX
  B:0098H.3       SYMBOL        TB8
  B:00C8H.4       SYMBOL        TCLK
  D:0088H         SYMBOL        TCON
  B:0088H.5       SYMBOL        TF0
  B:0088H.7       SYMBOL        TF1
  B:00C8H.7       SYMBOL        TF2
  D:008CH         SYMBOL        TH0
  D:008DH         SYMBOL        TH1
BL51 BANKED LINKER/LOCATER V6.00                                                      12/11/2015  11:43:23  PAGE 9


  D:00CDH         SYMBOL        TH2
  B:0098H.1       SYMBOL        TI
  D:008AH         SYMBOL        TL0
  D:008BH         SYMBOL        TL1
  D:00CCH         SYMBOL        TL2
  D:0089H         SYMBOL        TMOD
  B:0088H.4       SYMBOL        TR0
  B:0088H.6       SYMBOL        TR1
  B:00C8H.2       SYMBOL        TR2
  B:00B0H.1       SYMBOL        TXD
  B:00B0H.6       SYMBOL        WR
  N:0000H         SYMBOL        XBPSTACK
  N:0000H         SYMBOL        XBPSTACKTOP
  N:7FFEH         SYMBOL        XDATALEN
  C:D738H         SYMBOL        XDATALOOP
  N:0000H         SYMBOL        XDATASTART
  C:8087H         LINE#         91
  C:808AH         LINE#         92
  C:808DH         LINE#         98
  C:808FH         LINE#         105
  C:D728H         LINE#         110
  C:D72AH         LINE#         114
  C:D72CH         LINE#         115
  C:D72DH         LINE#         116
  C:D72EH         LINE#         117
  C:D730H         LINE#         124
  C:D733H         LINE#         125
  C:D735H         LINE#         127
  C:D737H         LINE#         131
  C:D738H         LINE#         132
  C:D739H         LINE#         133
  C:D73AH         LINE#         134
  C:D73CH         LINE#         135
  C:D73EH         LINE#         171
  C:D741H         LINE#         173
  C:D744H         LINE#         174
  C:D746H         LINE#         179
  C:D749H         LINE#         184
  C:FFFDH         LINE#         186
  -------         ENDMOD        ?C_STARTUP

  -------         MODULE        KERNELSETTING
  C:0000H         SYMBOL        _ICE_DUMMY_
  D:00E8H         PUBLIC        P4
  X:3D8AH         PUBLIC        KSetting_Info
  C:E468H         PUBLIC        KernelSettingInit
  -------         PROC          KERNELSETTINGINIT
  C:E468H         LINE#         21
  C:E468H         LINE#         22
  C:E468H         LINE#         23
  C:E46EH         LINE#         24
  C:E470H         LINE#         25
  C:E472H         LINE#         26
  -------         ENDPROC       KERNELSETTINGINIT
  -------         ENDMOD        KERNELSETTING

  -------         MODULE        EEDEFAULT
BL51 BANKED LINKER/LOCATER V6.00                                                      12/11/2015  11:43:23  PAGE 10


  C:0000H         SYMBOL        _ICE_DUMMY_
  C:E0A8H         PUBLIC        EE_Default
  -------         ENDMOD        EEDEFAULT

  -------         MODULE        WDG
  C:0000H         SYMBOL        _ICE_DUMMY_
  D:0090H         PUBLIC        P1
  D:00B0H         PUBLIC        P3
  B:00D8H.1       PUBLIC        WDTEN
  D:00E8H         PUBLIC        P4
  X:3DE5H         PUBLIC        wdtwcyc
  D:00A8H         PUBLIC        IE
  X:3DE6H         PUBLIC        wdt_Setting
  D:00B8H         PUBLIC        IP
  C:921CH         PUBLIC        WatchDogTimerReset
  D:00EFH         PUBLIC        WDTWCYC
  C:9223H         PUBLIC        WatchDogTimerInit
  D:0098H         PUBLIC        SCON
  D:0088H         PUBLIC        TCON
  D:00D8H         PUBLIC        WDTCON
  B:00D8H.2       PUBLIC        WDTCLR
  C:9219H         PUBLIC        WatchDogTimerDisable
  C:920CH         PUBLIC        WatchDogTimerEnable
  D:00C8H         PUBLIC        T2CON
  B:00D8H.0       PUBLIC        WDTRST
  D:008EH         PUBLIC        CKCON
  D:00D0H         PUBLIC        PSW
  -------         PROC          WATCHDOGTIMERENABLE
  C:920CH         LINE#         17
  C:920CH         LINE#         18
  C:920CH         LINE#         19
  C:9213H         LINE#         20
  C:9213H         LINE#         21
  C:9215H         LINE#         22
  C:9216H         LINE#         24
  C:9216H         LINE#         25
  C:9218H         LINE#         26
  C:9218H         LINE#         27
  -------         ENDPROC       WATCHDOGTIMERENABLE
  -------         PROC          WATCHDOGTIMERDISABLE
  C:9219H         LINE#         40
  C:9219H         LINE#         41
  C:9219H         LINE#         42
  C:921BH         LINE#         43
  -------         ENDPROC       WATCHDOGTIMERDISABLE
  -------         PROC          WATCHDOGTIMERRESET
  C:921CH         LINE#         55
  C:921CH         LINE#         56
  C:921CH         LINE#         57
  C:921EH         LINE#         58
  C:9222H         LINE#         59
  -------         ENDPROC       WATCHDOGTIMERRESET
  -------         PROC          WATCHDOGTIMERINIT
  C:9223H         LINE#         71
  C:9223H         LINE#         72
  C:9223H         LINE#         74
  C:9226H         LINE#         77
BL51 BANKED LINKER/LOCATER V6.00                                                      12/11/2015  11:43:23  PAGE 11


  C:9229H         LINE#         78
  -------         ENDPROC       WATCHDOGTIMERINIT
  -------         ENDMOD        WDG

  -------         MODULE        MAIN
  C:0000H         SYMBOL        _ICE_DUMMY_
  D:0090H         PUBLIC        P1
  D:00B0H         PUBLIC        P3
  B:00D8H.1       PUBLIC        WDTEN
  D:00E8H         PUBLIC        P4
  D:00A8H         PUBLIC        IE
  C:D86FH         PUBLIC        Check_MAC
  D:00B8H         PUBLIC        IP
  C:912DH         PUBLIC        main
  B:00D8H.3       PUBLIC        WDT_DIS
  D:0098H         PUBLIC        SCON
  D:0088H         PUBLIC        TCON
  C:E60BH         PUBLIC        IP210_SWReset
  C:91D0H         PUBLIC        boot_proc
  D:00D8H         PUBLIC        WDTCON
  D:00C8H         PUBLIC        T2CON
  D:00D0H         PUBLIC        PSW
  -------         PROC          CHECK_MAC
  -------         DO            
  X:3D6EH         SYMBOL        AllF_buf
  X:3D74H         SYMBOL        valid_flag
  -------         ENDDO         
  C:D86FH         LINE#         40
  C:D86FH         LINE#         41
  C:D86FH         LINE#         44
  C:D875H         LINE#         45
  C:D883H         LINE#         46
  C:D89FH         LINE#         47
  C:D89FH         LINE#         48
  C:D8A3H         LINE#         49
  C:D8A3H         LINE#         50
  C:D8B2H         LINE#         51
  C:D8CEH         LINE#         52
  C:D8CEH         LINE#         53
  C:D8D2H         LINE#         54
  C:D8D2H         LINE#         55
  C:D8DEH         LINE#         56
  C:D8DEH         LINE#         57
  C:D8E3H         LINE#         58
  C:D8E3H         LINE#         59
  C:D8E9H         LINE#         60
  C:D8E9H         LINE#         61
  C:D902H         LINE#         62
  C:D902H         LINE#         63
  C:D907H         LINE#         64
  -------         ENDPROC       CHECK_MAC
  -------         PROC          BOOT_PROC
  C:91D0H         LINE#         77
  C:91D0H         LINE#         78
  C:91D0H         LINE#         79
  C:91D3H         LINE#         80
  C:91D6H         LINE#         82
BL51 BANKED LINKER/LOCATER V6.00                                                      12/11/2015  11:43:23  PAGE 12


  C:91D9H         LINE#         84
  -------         ENDPROC       BOOT_PROC
  -------         PROC          IP210_SWRESET
  -------         DO            
  D:0007H         SYMBOL        i
  -------         ENDDO         
  C:E60BH         LINE#         98
  C:E60BH         LINE#         99
  C:E60BH         LINE#         102
  C:E611H         LINE#         104
  C:E613H         LINE#         105
  C:E619H         LINE#         107
  -------         ENDPROC       IP210_SWRESET
  -------         PROC          MAIN
  -------         DO            
  X:3DFDH         SYMBOL        chk_tmp
  -------         ENDDO         
  C:912DH         LINE#         119
  C:912DH         LINE#         120
  C:912DH         LINE#         126
  C:912FH         LINE#         128
  C:9132H         LINE#         130
  C:9134H         LINE#         132
  C:9137H         LINE#         134
  C:9140H         LINE#         135
  C:9147H         LINE#         139
  C:9154H         LINE#         140
  C:9157H         LINE#         143
  C:915AH         LINE#         148
  C:915DH         LINE#         149
  -------         ENDPROC       MAIN
  -------         ENDMOD        MAIN

  -------         MODULE        FUU_BOOTMAIN
  C:0000H         SYMBOL        _ICE_DUMMY_
  D:0090H         PUBLIC        P1
  D:00B0H         PUBLIC        P3
  D:00E8H         PUBLIC        P4
  X:3C51H         SYMBOL        current
  D:00A8H         PUBLIC        IE
  X:3C55H         PUBLIC        icp_netinfo
  D:00B8H         PUBLIC        IP
  C:E3ABH         PUBLIC        CheckPktSend
  X:3C67H         PUBLIC        tftp_counter
  X:3C6BH         SYMBOL        start
  D:0098H         PUBLIC        SCON
  D:0088H         PUBLIC        TCON
  X:3C6FH         PUBLIC        Global_flag_restart
  X:3C70H         PUBLIC        Global_suspend_count
  C:B7EFH         PUBLIC        boot_init
  X:3C71H         PUBLIC        tftp_start_flag
  X:3C72H         PUBLIC        Global_flag_firmwareupdate_inprogress
  D:00D8H         PUBLIC        WDTCON
  X:3C73H         PUBLIC        tftp_last_flag
  X:3C74H         PUBLIC        blok_num
  C:B368H         PUBLIC        bootmain
  D:00C8H         PUBLIC        T2CON
BL51 BANKED LINKER/LOCATER V6.00                                                      12/11/2015  11:43:23  PAGE 13


  X:3C76H         PUBLIC        Rx_data_len
  D:00D0H         PUBLIC        PSW
  -------         PROC          CHECKPKTSEND
  C:E3ABH         LINE#         47
  C:E3ABH         LINE#         48
  C:E3ABH         LINE#         49
  C:E3BAH         LINE#         50
  C:E3BAH         LINE#         51
  C:E3BDH         LINE#         52
  C:E3CEH         LINE#         53
  C:E3D5H         LINE#         54
  C:E3D5H         LINE#         55
  -------         ENDPROC       CHECKPKTSEND
  -------         PROC          BOOT_INIT
  -------         DO            
  X:3DFEH         SYMBOL        i
  -------         ENDDO         
  C:B7EFH         LINE#         69
  C:B7EFH         LINE#         70
  C:B7EFH         LINE#         72
  C:B7F8H         LINE#         73
  C:B807H         LINE#         74
  C:B807H         LINE#         75
  C:B821H         LINE#         76
  C:B83DH         LINE#         77
  C:B85AH         LINE#         78
  C:B862H         LINE#         79
  C:B87FH         LINE#         80
  C:B89BH         LINE#         81
  C:B8BBH         LINE#         83
  C:B8C4H         LINE#         84
  C:B8D3H         LINE#         85
  C:B8D3H         LINE#         86
  C:B8EDH         LINE#         87
  C:B90AH         LINE#         88
  C:B912H         LINE#         89
  C:B92FH         LINE#         90
  C:B94FH         LINE#         91
  C:B958H         LINE#         93
  C:B96AH         LINE#         94
  C:B97CH         LINE#         96
  C:B98EH         LINE#         97
  C:B9A0H         LINE#         98
  C:B9B2H         LINE#         99
  C:B9C4H         LINE#         101
  C:B9CBH         LINE#         103
  C:B9CFH         LINE#         105
  C:B9D3H         LINE#         107
  C:B9D9H         LINE#         109
  C:B9E3H         LINE#         110
  -------         ENDPROC       BOOT_INIT
  -------         PROC          BOOTMAIN
  -------         DO            
  X:3DC1H         SYMBOL        i
  X:3DC2H         SYMBOL        uip_len_tmp
  -------         ENDDO         
  C:B368H         LINE#         124
BL51 BANKED LINKER/LOCATER V6.00                                                      12/11/2015  11:43:23  PAGE 14


  C:B368H         LINE#         125
  C:B368H         LINE#         129
  C:B36BH         LINE#         130
  C:B36EH         LINE#         131
  C:B371H         LINE#         132
  C:B374H         LINE#         133
  C:B37DH         LINE#         134
  C:B37DH         LINE#         135
  C:B37DH         LINE#         136
  C:B386H         LINE#         137
  C:B389H         LINE#         138
  C:B38CH         LINE#         140
  C:B39DH         LINE#         141
  C:B3ACH         LINE#         142
  C:B3BEH         LINE#         143
  C:B3BEH         LINE#         144
  C:B3C1H         LINE#         145
  C:B3D0H         LINE#         146
  C:B3DEH         LINE#         147
  C:B3DEH         LINE#         148
  C:B3E1H         LINE#         149
  C:B3F0H         LINE#         150
  C:B3F0H         LINE#         151
  C:B3F0H         LINE#         152
  C:B3F0H         LINE#         153
  C:B3F2H         LINE#         154
  C:B3F2H         LINE#         155
  C:B401H         LINE#         156
  C:B404H         LINE#         157
  C:B416H         LINE#         158
  C:B416H         LINE#         159
  C:B424H         LINE#         160
  C:B42BH         LINE#         162
  C:B42BH         LINE#         163
  C:B42EH         LINE#         164
  C:B42EH         LINE#         165
  C:B43AH         LINE#         166
  C:B43AH         LINE#         167
  C:B442H         LINE#         168
  C:B442H         LINE#         169
  C:B445H         LINE#         170
  C:B457H         LINE#         171
  C:B457H         LINE#         172
  C:B46BH         LINE#         173
  C:B46BH         LINE#         174
  C:B472H         LINE#         175
  C:B47BH         LINE#         176
  C:B47BH         LINE#         177
  C:B482H         LINE#         178
  C:B487H         LINE#         179
  C:B48BH         LINE#         183
  C:B48EH         LINE#         184
  C:B48EH         LINE#         185
  C:B48EH         LINE#         186
  C:B48EH         LINE#         187
  C:B491H         LINE#         188
  C:B491H         LINE#         190
BL51 BANKED LINKER/LOCATER V6.00                                                      12/11/2015  11:43:23  PAGE 15


  C:B491H         LINE#         191
  C:B496H         LINE#         192
  C:B499H         LINE#         193
  C:B499H         LINE#         194
  C:B499H         LINE#         195
  C:B499H         LINE#         196
  C:B4BFH         LINE#         197
  C:B4EDH         LINE#         198
  C:B4EDH         LINE#         199
  C:B4F5H         LINE#         200
  C:B4F5H         LINE#         201
  C:B507H         LINE#         202
  C:B507H         LINE#         203
  C:B50DH         LINE#         204
  C:B50FH         LINE#         205
  C:B521H         LINE#         206
  C:B521H         LINE#         207
  C:B52DH         LINE#         208
  C:B532H         LINE#         209
  C:B534H         LINE#         211
  C:B534H         LINE#         212
  C:B53DH         LINE#         213
  C:B53DH         LINE#         214
  C:B547H         LINE#         215
  C:B547H         LINE#         216
  C:B54DH         LINE#         217
  C:B552H         LINE#         218
  C:B562H         LINE#         219
  C:B562H         LINE#         220
  C:B562H         LINE#         222
  C:B568H         LINE#         223
  C:B56AH         LINE#         224
  C:B579H         LINE#         225
  C:B579H         LINE#         226
  C:B58EH         LINE#         227
  C:B593H         LINE#         228
  C:B596H         LINE#         229
  C:B59EH         LINE#         230
  C:B5AAH         LINE#         231
  C:B5AAH         LINE#         232
  C:B5B3H         LINE#         233
  C:B5B3H         LINE#         234
  C:B5CCH         LINE#         235
  C:B5E3H         LINE#         236
  C:B5E3H         LINE#         241
  C:B5ECH         LINE#         242
  C:B5EFH         LINE#         243
  C:B5EFH         LINE#         244
  C:B5EFH         LINE#         245
  -------         ENDPROC       BOOTMAIN
  -------         ENDMOD        FUU_BOOTMAIN

  -------         MODULE        EE_PROCESS
  C:0000H         SYMBOL        _ICE_DUMMY_
  D:0090H         PUBLIC        P1
  D:00B0H         PUBLIC        P3
  D:00E8H         PUBLIC        P4
BL51 BANKED LINKER/LOCATER V6.00                                                      12/11/2015  11:43:23  PAGE 16


  C:BBBFH         PUBLIC        EEWorkAroundV133
  X:3B8AH         PUBLIC        EE_result
  D:00A8H         PUBLIC        IE
  C:C118H         PUBLIC        EEWorkAroundV135
  D:00B8H         PUBLIC        IP
  C:E547H         PUBLIC        EEMemoryInit
  X:3B8BH         PUBLIC        ptr_EE_Info
  C:DC8DH         PUBLIC        EEPROMCheckDataAvailable
  D:0098H         PUBLIC        SCON
  D:0088H         PUBLIC        TCON
  X:3B8EH         PUBLIC        EE_Reserved_0
  C:DE15H         SYMBOL        _?ix1000
  C:DE19H         SYMBOL        _?ix1001
  D:00D8H         PUBLIC        WDTCON
  C:E1F1H         SYMBOL        LoadEEPROM2MEMORY
  C:C2D1H         PUBLIC        EEPROMInit
  D:00C8H         PUBLIC        T2CON
  X:3B9EH         PUBLIC        EEConfigInfo
  D:00D0H         PUBLIC        PSW
  -------         PROC          LOADEEPROM2MEMORY
  -------         DO            
  X:3DADH         SYMBOL        i
  X:3DAEH         SYMBOL        p
  -------         ENDDO         
  C:E1F1H         LINE#         72
  C:E1F1H         LINE#         73
  C:E1F1H         LINE#         77
  C:E1FDH         LINE#         79
  C:E202H         LINE#         80
  C:E202H         LINE#         81
  C:E21EH         LINE#         82
  C:E21EH         LINE#         85
  C:E220H         LINE#         86
  C:E220H         LINE#         88
  C:E22CH         LINE#         89
  C:E22EH         LINE#         90
  -------         ENDPROC       LOADEEPROM2MEMORY
  -------         PROC          EEPROMCHECKDATAAVAILABLE
  -------         DO            
  X:3DE7H         SYMBOL        eebyte
  X:3DE8H         SYMBOL        i
  -------         ENDDO         
  C:DC8DH         LINE#         114
  C:DC8DH         LINE#         115
  C:DC8DH         LINE#         119
  C:DC9CH         LINE#         120
  C:DC9CH         LINE#         121
  C:DCB0H         LINE#         122
  C:DCB0H         LINE#         123
  C:DCBEH         LINE#         124
  C:DCBEH         LINE#         126
  C:DCC2H         LINE#         127
  C:DCC4H         LINE#         128
  C:DCC4H         LINE#         130
  C:DCE4H         LINE#         131
  C:DCE4H         LINE#         132
  C:DCEAH         LINE#         133
BL51 BANKED LINKER/LOCATER V6.00                                                      12/11/2015  11:43:23  PAGE 17


  C:DCEDH         LINE#         134
  C:DCEDH         LINE#         135
  C:DCF5H         LINE#         136
  C:DCFBH         LINE#         138
  C:DCFCH         LINE#         140
  -------         ENDPROC       EEPROMCHECKDATAAVAILABLE
  -------         PROC          EEWORKAROUNDV133
  -------         DO            
  X:3D75H         SYMBOL        i
  X:3D76H         SYMBOL        eebyte
  X:3D77H         SYMBOL        IS_V133
  X:3D78H         SYMBOL        EE_ID_V133
  -------         ENDDO         
  C:BBBFH         LINE#         143
  C:BBBFH         LINE#         144
  C:BBBFH         LINE#         146
  C:BBC5H         LINE#         147
  C:BBD7H         LINE#         151
  C:BBE6H         LINE#         152
  C:BBE6H         LINE#         153
  C:BBF4H         LINE#         154
  C:BBF4H         LINE#         156
  C:BBF8H         LINE#         157
  C:BBF8H         LINE#         159
  C:BC0EH         LINE#         160
  C:BC0EH         LINE#         161
  C:BC11H         LINE#         162
  C:BC11H         LINE#         163
  C:BC19H         LINE#         165
  C:BC28H         LINE#         166
  C:BC28H         LINE#         167
  C:BC3AH         LINE#         168
  C:BC3AH         LINE#         170
  C:BC3EH         LINE#         171
  C:BC3EH         LINE#         173
  C:BC45H         LINE#         174
  C:BC45H         LINE#         175
  C:BC48H         LINE#         176
  C:BC48H         LINE#         177
  C:BC50H         LINE#         179
  C:BC5BH         LINE#         180
  C:BC5BH         LINE#         181
  C:BC64H         LINE#         183
  C:BC73H         LINE#         184
  C:BC73H         LINE#         185
  C:BC82H         LINE#         186
  C:BC96H         LINE#         187
  C:BC9EH         LINE#         189
  C:BCADH         LINE#         190
  C:BCADH         LINE#         191
  C:BCBCH         LINE#         192
  C:BCD0H         LINE#         193
  C:BCD8H         LINE#         195
  C:BCE7H         LINE#         196
  C:BCE7H         LINE#         197
  C:BCF6H         LINE#         198
  C:BD0AH         LINE#         199
BL51 BANKED LINKER/LOCATER V6.00                                                      12/11/2015  11:43:23  PAGE 18


  C:BD12H         LINE#         201
  C:BD21H         LINE#         202
  C:BD21H         LINE#         203
  C:BD30H         LINE#         204
  C:BD44H         LINE#         205
  C:BD4CH         LINE#         207
  C:BD5BH         LINE#         208
  C:BD5BH         LINE#         209
  C:BD6AH         LINE#         210
  C:BD7EH         LINE#         211
  C:BD86H         LINE#         212
  C:BD86H         LINE#         214
  C:BD8BH         LINE#         215
  -------         ENDPROC       EEWORKAROUNDV133
  -------         PROC          EEWORKAROUNDV135
  -------         DO            
  X:3CEBH         SYMBOL        i
  X:3CECH         SYMBOL        eebyte
  X:3CEDH         SYMBOL        IS_V135
  X:3CEEH         SYMBOL        EE_ID_V135
  -------         ENDDO         
  C:C118H         LINE#         218
  C:C118H         LINE#         219
  C:C118H         LINE#         221
  C:C11EH         LINE#         222
  C:C130H         LINE#         226
  C:C13FH         LINE#         227
  C:C13FH         LINE#         228
  C:C14DH         LINE#         229
  C:C14DH         LINE#         231
  C:C151H         LINE#         232
  C:C151H         LINE#         233
  C:C174H         LINE#         234
  C:C18AH         LINE#         235
  C:C18AH         LINE#         236
  C:C18DH         LINE#         237
  C:C18DH         LINE#         238
  C:C195H         LINE#         241
  C:C1A0H         LINE#         242
  C:C1A0H         LINE#         243
  C:C1A9H         LINE#         245
  C:C1B8H         LINE#         246
  C:C1B8H         LINE#         247
  C:C1C7H         LINE#         248
  C:C1DBH         LINE#         249
  C:C1E3H         LINE#         251
  C:C1F2H         LINE#         252
  C:C1F2H         LINE#         253
  C:C201H         LINE#         254
  C:C215H         LINE#         255
  C:C21DH         LINE#         257
  C:C22CH         LINE#         258
  C:C22CH         LINE#         259
  C:C23BH         LINE#         260
  C:C24FH         LINE#         261
  C:C257H         LINE#         263
  C:C266H         LINE#         264
BL51 BANKED LINKER/LOCATER V6.00                                                      12/11/2015  11:43:23  PAGE 19


  C:C266H         LINE#         265
  C:C275H         LINE#         266
  C:C289H         LINE#         267
  C:C291H         LINE#         269
  C:C2A0H         LINE#         270
  C:C2A0H         LINE#         271
  C:C2AFH         LINE#         272
  C:C2C3H         LINE#         273
  C:C2CBH         LINE#         274
  C:C2CBH         LINE#         276
  C:C2D0H         LINE#         277
  -------         ENDPROC       EEWORKAROUNDV135
  -------         PROC          EEMEMORYINIT
  C:E547H         LINE#         290
  C:E547H         LINE#         291
  C:E547H         LINE#         292
  -------         ENDPROC       EEMEMORYINIT
  -------         PROC          EEPROMINIT
  -------         DO            
  X:3DC4H         SYMBOL        i
  X:3DC6H         SYMBOL        eebyte
  -------         ENDDO         
  C:C2D1H         LINE#         313
  C:C2D1H         LINE#         314
  C:C2D1H         LINE#         315
  C:C2D8H         LINE#         316
  C:C2DAH         LINE#         320
  C:C2DDH         LINE#         322
  C:C2E0H         LINE#         324
  C:C2E9H         LINE#         325
  C:C2E9H         LINE#         327
  C:C2F2H         LINE#         329
  C:C309H         LINE#         330
  C:C309H         LINE#         331
  C:C319H         LINE#         332
  C:C32EH         LINE#         333
  C:C33AH         LINE#         335
  C:C351H         LINE#         336
  C:C351H         LINE#         337
  C:C361H         LINE#         338
  C:C376H         LINE#         339
  C:C382H         LINE#         341
  C:C399H         LINE#         342
  C:C399H         LINE#         343
  C:C3A9H         LINE#         344
  C:C3BEH         LINE#         345
  C:C3CAH         LINE#         347
  C:C3E1H         LINE#         348
  C:C3E1H         LINE#         349
  C:C3F1H         LINE#         350
  C:C406H         LINE#         351
  C:C412H         LINE#         353
  C:C429H         LINE#         354
  C:C429H         LINE#         355
  C:C439H         LINE#         356
  C:C44EH         LINE#         357
  C:C45AH         LINE#         382
BL51 BANKED LINKER/LOCATER V6.00                                                      12/11/2015  11:43:23  PAGE 20


  C:C45AH         LINE#         384
  C:C45AH         LINE#         385
  C:C463H         LINE#         387
  C:C466H         LINE#         388
  C:C466H         LINE#         389
  -------         ENDPROC       EEPROMINIT
  -------         ENDMOD        EE_PROCESS

  -------         MODULE        TFTPD
  C:0000H         SYMBOL        _ICE_DUMMY_
  D:0090H         PUBLIC        P1
  D:00B0H         PUBLIC        P3
  C:BD8CH         PUBLIC        TFTP_Process
  D:00E8H         PUBLIC        P4
  D:00A8H         PUBLIC        IE
  D:00B8H         PUBLIC        IP
  D:0098H         PUBLIC        SCON
  D:0088H         PUBLIC        TCON
  D:00D8H         PUBLIC        WDTCON
  D:00C8H         PUBLIC        T2CON
  D:00D0H         PUBLIC        PSW
  -------         PROC          TFTP_PROCESS
  C:BD8CH         LINE#         30
  C:BD8CH         LINE#         31
  C:BD8CH         LINE#         32
  C:BD9BH         LINE#         33
  C:BD9BH         LINE#         34
  C:BD9FH         LINE#         36
  C:BD9FH         LINE#         37
  C:BDA6H         LINE#         38
  C:BDB5H         LINE#         39
  C:BDB5H         LINE#         40
  C:BDDEH         LINE#         41
  C:BDDEH         LINE#         42
  C:BDDEH         LINE#         44
  C:BDE2H         LINE#         45
  C:BDE5H         LINE#         46
  C:BDE5H         LINE#         48
  C:BDEBH         LINE#         49
  C:BDEBH         LINE#         52
  C:BDEEH         LINE#         54
  C:BDF7H         LINE#         55
  C:BDFAH         LINE#         56
  C:BDFAH         LINE#         57
  C:BE03H         LINE#         58
  C:BE0AH         LINE#         59
  C:BE10H         LINE#         61
  C:BE17H         LINE#         62
  C:BE17H         LINE#         63
  C:BE1DH         LINE#         64
  C:BE1FH         LINE#         65
  C:BE1FH         LINE#         66
  C:BE25H         LINE#         68
  C:BE2AH         LINE#         69
  C:BE31H         LINE#         70
  C:BE3AH         LINE#         71
  C:BE3AH         LINE#         72
BL51 BANKED LINKER/LOCATER V6.00                                                      12/11/2015  11:43:23  PAGE 21


  C:BE3AH         LINE#         74
  C:BE43H         LINE#         75
  C:BE43H         LINE#         76
  C:BE4DH         LINE#         77
  C:BE57H         LINE#         80
  C:BE6EH         LINE#         81
  C:BE6EH         LINE#         83
  C:BE82H         LINE#         85
  C:BE97H         LINE#         87
  C:BEA1H         LINE#         88
  C:BEA1H         LINE#         90
  C:BEAAH         LINE#         91
  C:BEB9H         LINE#         92
  C:BEC0H         LINE#         95
  C:BED8H         LINE#         96
  C:BEE1H         LINE#         97
  C:BEE1H         LINE#         98
  C:BEEAH         LINE#         100
  C:BEF0H         LINE#         101
  C:BEF0H         LINE#         102
  C:BEF1H         LINE#         104
  C:BEF1H         LINE#         105
  C:BEF8H         LINE#         107
  C:BF01H         LINE#         110
  C:BF04H         LINE#         112
  C:BF0DH         LINE#         113
  C:BF10H         LINE#         115
  C:BF10H         LINE#         116
  C:BF10H         LINE#         118
  C:BF10H         LINE#         119
  C:BF25H         LINE#         120
  C:BF25H         LINE#         121
  C:BF2EH         LINE#         123
  C:BF34H         LINE#         124
  C:BF36H         LINE#         126
  C:BF36H         LINE#         127
  C:BF3DH         LINE#         128
  C:BF3DH         LINE#         129
  C:BF47H         LINE#         130
  C:BF47H         LINE#         131
  C:BF47H         LINE#         133
  C:BF47H         LINE#         134
  C:BF4BH         LINE#         135
  C:BF4BH         LINE#         136
  C:BF4DH         LINE#         137
  C:BF4DH         LINE#         138
  C:BF51H         LINE#         140
  C:BF51H         LINE#         141
  C:BF54H         LINE#         144
  C:BF54H         LINE#         145
  C:BF54H         LINE#         146
  C:BF54H         LINE#         147
  C:BF54H         LINE#         148
  C:BF54H         LINE#         149
  -------         ENDPROC       TFTP_PROCESS
  -------         ENDMOD        TFTPD

BL51 BANKED LINKER/LOCATER V6.00                                                      12/11/2015  11:43:23  PAGE 22


  -------         MODULE        UIP_ARP
  C:0000H         SYMBOL        _ICE_DUMMY_
  X:3A1FH         SYMBOL        tmpage
  C:D908H         PUBLIC        uip_arp_ipin
  C:E2E0H         PUBLIC        uip_arp_init
  X:3A20H         PUBLIC        uip_ethaddr
  C:7D6BH         PUBLIC        uip_arp_out
  X:3A26H         PUBLIC        arp_table
  C:C5FDH         SYMBOL        _uip_arp_update
  X:3B02H         SYMBOL        c
  X:3B03H         SYMBOL        i
  C:BF55H         PUBLIC        uip_arp_arpin
  X:3B04H         SYMBOL        arptime
  X:3B05H         SYMBOL        ipaddr
  C:DD6CH         PUBLIC        uip_arp_timer
  -------         PROC          UIP_ARP_INIT
  C:E2E0H         LINE#         176
  C:E2E0H         LINE#         177
  C:E2E0H         LINE#         185
  C:E2EFH         LINE#         186
  C:E30EH         LINE#         187
  C:E316H         LINE#         188
  -------         ENDPROC       UIP_ARP_INIT
  -------         PROC          UIP_ARP_TIMER
  -------         DO            
  D:0001H         SYMBOL        tabptr
  -------         ENDDO         
  C:DD6CH         LINE#         200
  C:DD6CH         LINE#         201
  C:DD6CH         LINE#         204
  C:DD72H         LINE#         205
  C:DD81H         LINE#         206
  C:DD90H         LINE#         207
  C:DDBBH         LINE#         208
  C:DDBBH         LINE#         209
  C:DDC4H         LINE#         210
  C:DDC4H         LINE#         211
  C:DDCCH         LINE#         213
  -------         ENDPROC       UIP_ARP_TIMER
  -------         PROC          _UIP_ARP_UPDATE
  X:3D20H         SYMBOL        ipaddr
  X:3D23H         SYMBOL        ethaddr
  -------         DO            
  X:3D26H         SYMBOL        tabptr
  -------         ENDDO         
  C:C5FDH         LINE#         216
  C:C603H         LINE#         217
  C:C603H         LINE#         222
  C:C612H         LINE#         224
  C:C627H         LINE#         226
  C:C63EH         LINE#         227
  C:C63EH         LINE#         231
  C:C678H         LINE#         232
  C:C678H         LINE#         235
  C:C678H         LINE#         236
  C:C67BH         LINE#         239
  C:C67BH         LINE#         240
BL51 BANKED LINKER/LOCATER V6.00                                                      12/11/2015  11:43:23  PAGE 23


  C:C67BH         LINE#         241
  C:C683H         LINE#         247
  C:C692H         LINE#         248
  C:C6A7H         LINE#         249
  C:C6BEH         LINE#         250
  C:C6BEH         LINE#         251
  C:C6BEH         LINE#         252
  C:C6BEH         LINE#         253
  C:C6C6H         LINE#         257
  C:C6CEH         LINE#         258
  C:C6D2H         LINE#         259
  C:C6D6H         LINE#         260
  C:C6E2H         LINE#         261
  C:C6F7H         LINE#         262
  C:C70FH         LINE#         263
  C:C711H         LINE#         264
  C:C719H         LINE#         265
  C:C719H         LINE#         266
  C:C721H         LINE#         267
  C:C727H         LINE#         268
  C:C727H         LINE#         272
  C:C740H         LINE#         273
  C:C75EH         LINE#         274
  C:C770H         LINE#         275
  -------         ENDPROC       _UIP_ARP_UPDATE
  -------         PROC          UIP_ARP_IPIN
  C:D908H         LINE#         291
  C:D908H         LINE#         292
  C:D908H         LINE#         293
  C:D913H         LINE#         297
  C:D93FH         LINE#         298
  C:D93FH         LINE#         300
  C:D93FH         LINE#         301
  C:D96BH         LINE#         302
  C:D96BH         LINE#         304
  C:D96BH         LINE#         305
  C:D99AH         LINE#         308
  -------         ENDPROC       UIP_ARP_IPIN
  -------         PROC          UIP_ARP_ARPIN
  C:BF55H         LINE#         333
  C:BF55H         LINE#         334
  C:BF55H         LINE#         336
  C:BF64H         LINE#         337
  C:BF69H         LINE#         339
  C:BF69H         LINE#         341
  C:BF70H         LINE#         343
  C:BF94H         LINE#         344
  C:BF94H         LINE#         348
  C:BFC2H         LINE#         350
  C:BFD2H         LINE#         352
  C:BFFDH         LINE#         353
  C:C01BH         LINE#         354
  C:C039H         LINE#         355
  C:C065H         LINE#         357
  C:C07CH         LINE#         358
  C:C08DH         LINE#         359
  C:C09DH         LINE#         360
BL51 BANKED LINKER/LOCATER V6.00                                                      12/11/2015  11:43:23  PAGE 24


  C:C0ADH         LINE#         362
  C:C0B8H         LINE#         363
  C:C0C1H         LINE#         364
  C:C0C1H         LINE#         365
  C:C0C2H         LINE#         366
  C:C0C2H         LINE#         387
  C:C0EEH         LINE#         389
  C:C117H         LINE#         390
  C:C117H         LINE#         392
  C:C117H         LINE#         393
  C:C117H         LINE#         396
  -------         ENDPROC       UIP_ARP_ARPIN
  -------         PROC          UIP_ARP_OUT
  -------         DO            
  X:3DC7H         SYMBOL        tabptr
  -------         ENDDO         
  C:7D6BH         LINE#         426
  C:7D6BH         LINE#         427
  C:7D6BH         LINE#         445
  C:7DC3H         LINE#         446
  C:7DC3H         LINE#         452
  C:7DD2H         LINE#         453
  C:7DDDH         LINE#         463
  C:7DDFH         LINE#         465
  C:7DF5H         LINE#         466
  C:7E05H         LINE#         467
  C:7E05H         LINE#         468
  C:7E14H         LINE#         469
  C:7E29H         LINE#         470
  C:7E53H         LINE#         472
  C:7E53H         LINE#         473
  C:7E5BH         LINE#         474
  C:7E81H         LINE#         478
  C:7E8CH         LINE#         483
  C:7E9AH         LINE#         484
  C:7EB0H         LINE#         485
  C:7ECEH         LINE#         486
  C:7EECH         LINE#         488
  C:7F03H         LINE#         489
  C:7F13H         LINE#         490
  C:7F23H         LINE#         491
  C:7F33H         LINE#         492
  C:7F3DH         LINE#         493
  C:7F47H         LINE#         494
  C:7F52H         LINE#         495
  C:7F5AH         LINE#         496
  C:7F62H         LINE#         497
  C:7F6DH         LINE#         499
  C:7F7AH         LINE#         500
  C:7F84H         LINE#         502
  C:7F84H         LINE#         505
  C:7FA8H         LINE#         506
  C:7FA8H         LINE#         507
  C:7FB1H         LINE#         508
  C:7FB3H         LINE#         510
  C:7FB3H         LINE#         517
  C:7FDFH         LINE#         519
BL51 BANKED LINKER/LOCATER V6.00                                                      12/11/2015  11:43:23  PAGE 25


  C:7FDFH         LINE#         520
  C:7FFDH         LINE#         521
  C:800EH         LINE#         522
  C:8018H         LINE#         526
  -------         ENDPROC       UIP_ARP_OUT
  -------         ENDMOD        UIP_ARP

  -------         MODULE        UDP
  C:0000H         SYMBOL        _ICE_DUMMY_
  D:0090H         PUBLIC        P1
  D:00B0H         PUBLIC        P3
  D:00E8H         PUBLIC        P4
  D:00A8H         PUBLIC        IE
  D:00B8H         PUBLIC        IP
  D:0098H         PUBLIC        SCON
  D:0088H         PUBLIC        TCON
  C:D139H         PUBLIC        _udp_send
  D:00D8H         PUBLIC        WDTCON
  D:00C8H         PUBLIC        T2CON
  D:00D0H         PUBLIC        PSW
  -------         PROC          _UDP_SEND
  X:3DE9H         SYMBOL        length
  C:D139H         LINE#         65
  C:D141H         LINE#         66
  C:D141H         LINE#         67
  C:D144H         LINE#         68
  C:D144H         LINE#         69
  C:D14BH         LINE#         71
  C:D14BH         LINE#         74
  C:D15EH         LINE#         76
  C:D171H         LINE#         82
  C:D184H         LINE#         84
  C:D193H         LINE#         85
  C:D1A2H         LINE#         87
  C:D1ACH         LINE#         88
  C:D1B9H         LINE#         89
  C:D1BCH         LINE#         91
  C:D1D0H         LINE#         93
  C:D1D7H         LINE#         96
  C:D1E4H         LINE#         98
  C:D1EDH         LINE#         100
  C:D1FAH         LINE#         101
  C:D1FFH         LINE#         104
  C:D201H         LINE#         105
  C:D209H         LINE#         106
  C:D209H         LINE#         107
  C:D21DH         LINE#         109
  -------         ENDPROC       _UDP_SEND
  -------         ENDMOD        UDP

  -------         MODULE        DMA
  C:0000H         SYMBOL        _ICE_DUMMY_
  D:0090H         PUBLIC        P1
  D:00B0H         PUBLIC        P3
  B:00A8H.7       PUBLIC        EA
  C:E5E7H         PUBLIC        IP210_DMA_Idle_Restore
  D:00A8H         PUBLIC        IE
BL51 BANKED LINKER/LOCATER V6.00                                                      12/11/2015  11:43:23  PAGE 26


  D:00B8H         PUBLIC        IP
  D:0087H         PUBLIC        PCON
  D:0098H         PUBLIC        SCON
  D:0088H         PUBLIC        TCON
  C:D468H         PUBLIC        _IP210_DMA
  B:00A8H.0       PUBLIC        EX0
  C:E592H         PUBLIC        IP210_DMA_Set_Idle
  D:00D8H         PUBLIC        WDTCON
  C:E37DH         PUBLIC        _Fill_DMA_Setting
  D:00C8H         PUBLIC        T2CON
  D:00E1H         PUBLIC        PDCON
  C:E64BH         PUBLIC        IP210_Wait_DMA_Complete
  D:00D0H         PUBLIC        PSW
  -------         PROC          IP210_DMA_SET_IDLE
  -------         DO            
  D:0007H         SYMBOL        temp_ier
  -------         ENDDO         
  C:E592H         LINE#         27
  C:E592H         LINE#         28
  C:E592H         LINE#         34
  C:E596H         LINE#         36
  C:E59AH         LINE#         37
  C:E59CH         LINE#         38
  C:E59FH         LINE#         39
  C:E5A2H         LINE#         41
  C:E5A4H         LINE#         42
  C:E5A6H         LINE#         44
  C:E5A9H         LINE#         45
  -------         ENDPROC       IP210_DMA_SET_IDLE
  -------         PROC          IP210_DMA_IDLE_RESTORE
  -------         DO            
  D:0007H         SYMBOL        temp_ier
  -------         ENDDO         
  C:E5E7H         LINE#         58
  C:E5E7H         LINE#         59
  C:E5E7H         LINE#         64
  C:E5ECH         LINE#         66
  C:E5F0H         LINE#         67
  C:E5F2H         LINE#         68
  C:E5F5H         LINE#         69
  C:E5F8H         LINE#         71
  -------         ENDPROC       IP210_DMA_IDLE_RESTORE
  -------         PROC          _FILL_DMA_SETTING
  X:3DEBH         SYMBOL        src_addr
  D:0004H         SYMBOL        des_addr
  D:0002H         SYMBOL        length
  C:E37DH         LINE#         87
  C:E385H         LINE#         88
  C:E385H         LINE#         90
  C:E38DH         LINE#         91
  C:E396H         LINE#         93
  C:E39BH         LINE#         94
  C:E3A0H         LINE#         96
  C:E3A5H         LINE#         97
  C:E3AAH         LINE#         98
  -------         ENDPROC       _FILL_DMA_SETTING
  -------         PROC          IP210_WAIT_DMA_COMPLETE
BL51 BANKED LINKER/LOCATER V6.00                                                      12/11/2015  11:43:23  PAGE 27


  -------         DO            
  D:0007H         SYMBOL        b
  -------         ENDDO         
  C:E64BH         LINE#         111
  C:E64BH         LINE#         112
  C:E64BH         LINE#         117
  C:E64BH         LINE#         118
  C:E650H         LINE#         119
  C:E654H         LINE#         122
  -------         ENDPROC       IP210_WAIT_DMA_COMPLETE
  -------         PROC          _IP210_DMA
  X:3D29H         SYMBOL        src_addr
  X:3D2BH         SYMBOL        des_addr
  X:3D2DH         SYMBOL        length
  X:3D2FH         SYMBOL        cmd
  -------         DO            
  D:0001H         SYMBOL        i
  X:3D30H         SYMBOL        loop_count
  X:3D31H         SYMBOL        mode
  -------         ENDDO         
  C:D468H         LINE#         138
  C:D47CH         LINE#         139
  C:D47CH         LINE#         144
  C:D484H         LINE#         145
  C:D48CH         LINE#         146
  C:D48CH         LINE#         149
  C:D48FH         LINE#         150
  C:D48FH         LINE#         152
  C:D49DH         LINE#         153
  C:D4A9H         LINE#         154
  C:D4A9H         LINE#         155
  C:D4B4H         LINE#         156
  C:D4B4H         LINE#         157
  C:D4BCH         LINE#         158
  C:D4C9H         LINE#         160
  C:D4DBH         LINE#         162
  C:D4E3H         LINE#         164
  C:D4EAH         LINE#         165
  C:D4EAH         LINE#         166
  C:D4EDH         LINE#         168
  C:D4EDH         LINE#         170
  C:D4F0H         LINE#         171
  C:D4F7H         LINE#         172
  C:D4FAH         LINE#         174
  C:D505H         LINE#         175
  C:D510H         LINE#         176
  C:D51BH         LINE#         177
  C:D51EH         LINE#         180
  C:D520H         LINE#         181
  -------         ENDPROC       _IP210_DMA
  -------         ENDMOD        DMA

  -------         MODULE        MACDRIVER
  C:0000H         SYMBOL        _ICE_DUMMY_
  D:0090H         PUBLIC        P1
  C:DFBCH         PUBLIC        EthernetReceiveFreeSpace
  D:00B0H         PUBLIC        P3
BL51 BANKED LINKER/LOCATER V6.00                                                      12/11/2015  11:43:23  PAGE 28


  X:3CF6H         PUBLIC        RWmismatch
  C:9166H         PUBLIC        MAC_Address_fill
  D:00A8H         PUBLIC        IE
  X:3CF8H         PUBLIC        Tx_Current
  D:00B8H         PUBLIC        IP
  C:DAA6H         PUBLIC        _uip_add32
  C:D2F1H         PUBLIC        EthernetReceiveSkip
  C:E4F7H         PUBLIC        wait_packet_sent
  C:D7CCH         PUBLIC        _EthernetSend
  D:0098H         PUBLIC        SCON
  D:0088H         PUBLIC        TCON
  X:3CF9H         PUBLIC        turn_around
  C:E428H         PUBLIC        IP_Address_fill
  D:00D8H         PUBLIC        WDTCON
  C:E33CH         PUBLIC        TFD_index
  C:D5D7H         PUBLIC        _EthernetReceiveLookAhead
  X:3CFAH         PUBLIC        Tx_bak
  X:3CFBH         PUBLIC        TxTime
  C:E485H         PUBLIC        _Resize_RX_Buf
  C:DF6DH         PUBLIC        _check_packet_type
  C:D99BH         PUBLIC        _EthernetSend2
  D:00C8H         PUBLIC        T2CON
  C:E3D6H         PUBLIC        MAC_init
  X:3CFFH         PUBLIC        Read_Point
  C:B5F2H         PUBLIC        _EthernetReceive
  D:00D0H         PUBLIC        PSW
  -------         PROC          MAC_ADDRESS_FILL
  -------         DO            
  D:0007H         SYMBOL        i
  -------         ENDDO         
  C:9166H         LINE#         68
  C:9166H         LINE#         69
  C:9166H         LINE#         70
  C:9168H         LINE#         71
  C:9186H         LINE#         72
  -------         ENDPROC       MAC_ADDRESS_FILL
  -------         PROC          IP_ADDRESS_FILL
  -------         DO            
  D:0007H         SYMBOL        i
  -------         ENDDO         
  C:E428H         LINE#         86
  C:E428H         LINE#         87
  C:E428H         LINE#         88
  C:E42AH         LINE#         89
  C:E448H         LINE#         90
  -------         ENDPROC       IP_ADDRESS_FILL
  -------         PROC          _RESIZE_RX_BUF
  D:0007H         SYMBOL        rx_start
  -------         DO            
  D:0005H         SYMBOL        MAC_Setting
  -------         ENDDO         
  C:E485H         LINE#         104
  C:E485H         LINE#         105
  C:E48AH         LINE#         107
  C:E48DH         LINE#         108
  C:E492H         LINE#         109
  C:E49AH         LINE#         110
BL51 BANKED LINKER/LOCATER V6.00                                                      12/11/2015  11:43:23  PAGE 29


  C:E4A1H         LINE#         111
  -------         ENDPROC       _RESIZE_RX_BUF
  -------         PROC          MAC_INIT
  -------         DO            
  D:0007H         SYMBOL        reg_value
  -------         ENDDO         
  C:E3D6H         LINE#         124
  C:E3D6H         LINE#         125
  C:E3D6H         LINE#         128
  C:E3DCH         LINE#         131
  C:E3E2H         LINE#         132
  C:E3E5H         LINE#         133
  C:E3E9H         LINE#         134
  C:E3EEH         LINE#         135
  C:E3EFH         LINE#         136
  C:E3FAH         LINE#         138
  C:E3FDH         LINE#         139
  -------         ENDPROC       MAC_INIT
  -------         PROC          L?0072
  -------         ENDPROC       L?0072
  -------         PROC          TFD_INDEX
  C:E33CH         LINE#         156
  C:E33CH         LINE#         157
  C:E33CH         LINE#         158
  C:E344H         LINE#         159
  C:E349H         LINE#         160
  C:E34DH         LINE#         161
  -------         ENDPROC       TFD_INDEX
  -------         PROC          _CHECK_PACKET_TYPE
  D:0001H         SYMBOL        tx_buf
  C:DF6DH         LINE#         244
  C:DF6DH         LINE#         245
  C:DF6DH         LINE#         246
  C:DF73H         LINE#         247
  C:DF76H         LINE#         249
  C:DF89H         LINE#         250
  C:DF89H         LINE#         251
  C:DF93H         LINE#         252
  C:DF96H         LINE#         253
  C:DF9AH         LINE#         254
  C:DF9DH         LINE#         255
  C:DFA6H         LINE#         256
  C:DFA9H         LINE#         257
  C:DFA9H         LINE#         258
  C:DFB6H         LINE#         259
  C:DFB9H         LINE#         260
  C:DFBBH         LINE#         261
  -------         ENDPROC       _CHECK_PACKET_TYPE
  -------         PROC          _ETHERNETSEND
  X:3D90H         SYMBOL        tx_buf
  X:3D93H         SYMBOL        plen
  -------         DO            
  X:3D95H         SYMBOL        ptype
  D:0007H         SYMBOL        chr
  -------         ENDDO         
  C:D7CCH         LINE#         388
  C:D7DAH         LINE#         389
BL51 BANKED LINKER/LOCATER V6.00                                                      12/11/2015  11:43:23  PAGE 30


  C:D7DAH         LINE#         390
  C:D7F1H         LINE#         391
  C:D7F4H         LINE#         392
  C:D805H         LINE#         393
  C:D808H         LINE#         394
  C:D816H         LINE#         395
  C:D833H         LINE#         396
  C:D84FH         LINE#         398
  C:D862H         LINE#         399
  C:D866H         LINE#         400
  C:D866H         LINE#         401
  C:D869H         LINE#         402
  C:D869H         LINE#         403
  C:D869H         LINE#         407
  C:D86CH         LINE#         408
  C:D86EH         LINE#         409
  -------         ENDPROC       _ETHERNETSEND
  -------         PROC          _ETHERNETSEND2
  D:0001H         SYMBOL        tx_buf
  X:3DCAH         SYMBOL        plen
  -------         DO            
  X:3DCCH         SYMBOL        ptype
  D:0007H         SYMBOL        chr
  -------         ENDDO         
  C:D99BH         LINE#         413
  C:D9A3H         LINE#         414
  C:D9A6H         LINE#         415
  C:D9BDH         LINE#         416
  C:D9C0H         LINE#         417
  C:D9D1H         LINE#         418
  C:D9D4H         LINE#         420
  C:D9EBH         LINE#         421
  C:DA05H         LINE#         423
  C:DA18H         LINE#         424
  C:DA1CH         LINE#         425
  C:DA1CH         LINE#         426
  C:DA1FH         LINE#         427
  C:DA1FH         LINE#         428
  C:DA1FH         LINE#         432
  C:DA22H         LINE#         433
  C:DA24H         LINE#         434
  -------         ENDPROC       _ETHERNETSEND2
  -------         PROC          _ETHERNETRECEIVELOOKAHEAD
  X:3D7CH         SYMBOL        len
  -------         DO            
  X:3D7FH         SYMBOL        pkt_addr
  X:3D81H         SYMBOL        packet_len
  -------         ENDDO         
  C:D5D7H         LINE#         491
  C:D5DDH         LINE#         492
  C:D5ECH         LINE#         493
  C:D5F3H         LINE#         495
  C:D602H         LINE#         496
  C:D618H         LINE#         497
  C:D622H         LINE#         498
  C:D62BH         LINE#         499
  C:D634H         LINE#         500
BL51 BANKED LINKER/LOCATER V6.00                                                      12/11/2015  11:43:23  PAGE 31


  C:D647H         LINE#         502
  C:D65BH         LINE#         503
  C:D66FH         LINE#         504
  C:D681H         LINE#         505
  C:D681H         LINE#         506
  -------         ENDPROC       _ETHERNETRECEIVELOOKAHEAD
  -------         PROC          _ETHERNETRECEIVE
  X:3CDEH         SYMBOL        rx_buf
  -------         DO            
  X:3CE1H         SYMBOL        packet_len
  X:3CE3H         SYMBOL        pkt_addr
  X:3CE5H         SYMBOL        p_type
  -------         DO            
  X:3CE6H         SYMBOL        fst_len
  X:3CE8H         SYMBOL        sec_len
  X:3CEAH         SYMBOL        offset
  -------         ENDDO         
  -------         ENDDO         
  C:B5F2H         LINE#         540
  C:B5F8H         LINE#         541
  C:B5F8H         LINE#         543
  C:B607H         LINE#         544
  C:B607H         LINE#         545
  C:B60BH         LINE#         546
  C:B60BH         LINE#         547
  C:B612H         LINE#         549
  C:B621H         LINE#         550
  C:B637H         LINE#         551
  C:B650H         LINE#         552
  C:B65CH         LINE#         553
  C:B665H         LINE#         554
  C:B66EH         LINE#         555
  C:B681H         LINE#         557
  C:B695H         LINE#         559
  C:B69FH         LINE#         561
  C:B6BEH         LINE#         562
  C:B6CCH         LINE#         563
  C:B6D1H         LINE#         564
  C:B6E0H         LINE#         565
  C:B6FBH         LINE#         566
  C:B702H         LINE#         567
  C:B724H         LINE#         569
  C:B72AH         LINE#         570
  C:B750H         LINE#         571
  C:B752H         LINE#         573
  C:B775H         LINE#         576
  C:B784H         LINE#         577
  C:B794H         LINE#         578
  C:B794H         LINE#         579
  C:B7AEH         LINE#         580
  C:B7B8H         LINE#         581
  C:B7B8H         LINE#         583
  C:B7C8H         LINE#         584
  C:B7CEH         LINE#         585
  C:B7D8H         LINE#         586
  C:B7E6H         LINE#         588
  C:B7EEH         LINE#         589
BL51 BANKED LINKER/LOCATER V6.00                                                      12/11/2015  11:43:23  PAGE 32


  -------         ENDPROC       _ETHERNETRECEIVE
[...]
  C:AF4BH         LINE#         72
  C:AF5AH         LINE#         73
  C:AF69H         LINE#         74
  C:AF69H         LINE#         75
  C:AF77H         LINE#         77
  C:AF7EH         LINE#         78
  C:AF7EH         LINE#         79
  C:AF84H         LINE#         80
  C:AF87H         LINE#         81
  C:AF87H         LINE#         82
  C:AF9FH         LINE#         83
  C:AF9FH         LINE#         84
  C:AFCFH         LINE#         85
  C:B00AH         LINE#         86
  C:B025H         LINE#         87
  C:B02CH         LINE#         88
  C:B02CH         LINE#         89
  C:B047H         LINE#         90
  C:B04EH         LINE#         91
  C:B04EH         LINE#         92
  C:B07DH         LINE#         93
  C:B07DH         LINE#         94
  C:B087H         LINE#         95
BL51 BANKED LINKER/LOCATER V6.00                                                      12/11/2015  11:43:23  PAGE 83


  C:B091H         LINE#         96
  C:B097H         LINE#         97
  C:B0A7H         LINE#         98
  C:B0BCH         LINE#         99
  C:B0DBH         LINE#         100
  C:B0F9H         LINE#         101
  C:B10CH         LINE#         102
  C:B11BH         LINE#         103
  C:B11DH         LINE#         105
  C:B11DH         LINE#         106
  C:B126H         LINE#         107
  C:B12CH         LINE#         108
  C:B12CH         LINE#         109
  C:B12EH         LINE#         116
  C:B12EH         LINE#         117
  C:B134H         LINE#         118
  C:B134H         LINE#         119
  C:B140H         LINE#         120
  C:B140H         LINE#         121
  C:B179H         LINE#         122
  C:B179H         LINE#         123
  C:B189H         LINE#         124
  C:B189H         LINE#         125
  C:B19AH         LINE#         126
  C:B1A1H         LINE#         127
  C:B1A3H         LINE#         129
  C:B1A3H         LINE#         130
  C:B1B2H         LINE#         131
  C:B1C1H         LINE#         132
  C:B206H         LINE#         133
  C:B216H         LINE#         134
  C:B216H         LINE#         135
  C:B219H         LINE#         136
  C:B219H         LINE#         138
  C:B219H         LINE#         139
  C:B21CH         LINE#         140
  C:B228H         LINE#         141
  C:B22BH         LINE#         142
  C:B22BH         LINE#         143
  C:B22BH         LINE#         144
  C:B22BH         LINE#         146
  C:B22BH         LINE#         147
  C:B24BH         LINE#         148
  C:B24BH         LINE#         149
  C:B268H         LINE#         150
  C:B26AH         LINE#         152
  C:B26AH         LINE#         153
  C:B279H         LINE#         154
  C:B279H         LINE#         155
  C:B279H         LINE#         156
  C:B287H         LINE#         157
  C:B287H         LINE#         158
  C:B29CH         LINE#         159
  C:B29CH         LINE#         160
  C:B2B6H         LINE#         161
  C:B2D4H         LINE#         162
  C:B2ECH         LINE#         163
BL51 BANKED LINKER/LOCATER V6.00                                                      12/11/2015  11:43:23  PAGE 84


  C:B2ECH         LINE#         164
  C:B2EEH         LINE#         166
  C:B2EEH         LINE#         167
  C:B305H         LINE#         168
  C:B317H         LINE#         169
  C:B317H         LINE#         170
  C:B31BH         LINE#         171
  C:B340H         LINE#         172
  C:B34CH         LINE#         173
  C:B352H         LINE#         174
  C:B357H         LINE#         175
  C:B357H         LINE#         176
  C:B359H         LINE#         178
  C:B359H         LINE#         179
  C:B362H         LINE#         180
  C:B365H         LINE#         181
  C:B365H         LINE#         182
  C:B365H         LINE#         183
  C:B367H         LINE#         184
  -------         ENDPROC       _CGI_FIRMWAREUPDATE
  -------         PROC          _SSI_FIRMWAREUPDATE
  D:0007H         SYMBOL        varid
  X:3DD9H         SYMBOL        vp
  C:E00BH         LINE#         185
  C:E011H         LINE#         186
  C:E011H         LINE#         187
  C:E018H         LINE#         188
  C:E018H         LINE#         189
  C:E018H         LINE#         190
  C:E018H         LINE#         191
  C:E018H         LINE#         192
  C:E018H         LINE#         193
  C:E03AH         LINE#         194
  C:E03CH         LINE#         195
  C:E03CH         LINE#         196
  C:E049H         LINE#         197
  C:E049H         LINE#         198
  C:E049H         LINE#         199
  C:E057H         LINE#         200
  C:E059H         LINE#         201
  -------         ENDPROC       _SSI_FIRMWAREUPDATE
  -------         PROC          _SSI_ERRORMSG
  X:3DB9H         SYMBOL        varid
  X:3DBAH         SYMBOL        vp
  C:E634H         LINE#         213
  C:E63DH         LINE#         214
  C:E63DH         LINE#         215
  C:E63FH         LINE#         216
  -------         ENDPROC       _SSI_ERRORMSG
  -------         PROC          _SSI_ERASEFLASH
  D:0007H         SYMBOL        varid
  X:3DDCH         SYMBOL        vp
  C:DB9FH         LINE#         218
  C:DBA5H         LINE#         219
  C:DBA5H         LINE#         220
  C:DBB2H         LINE#         221
  C:DBB2H         LINE#         222
BL51 BANKED LINKER/LOCATER V6.00                                                      12/11/2015  11:43:23  PAGE 85


  C:DBB2H         LINE#         223
  C:DBC6H         LINE#         224
  C:DBC8H         LINE#         225
  C:DBC8H         LINE#         226
  C:DBC8H         LINE#         227
  C:DBC8H         LINE#         228
  C:DBC8H         LINE#         229
  C:DBE4H         LINE#         230
  C:DBE6H         LINE#         231
  C:DBE6H         LINE#         232
  C:DBF7H         LINE#         233
  C:DBF9H         LINE#         234
  C:DBF9H         LINE#         235
  C:DC06H         LINE#         236
  C:DC06H         LINE#         237
  C:DC06H         LINE#         238
  C:DC14H         LINE#         239
  C:DC16H         LINE#         241
  -------         ENDPROC       _SSI_ERASEFLASH
  -------         PROC          _SSI_TFTPINPROGRESS
  D:0007H         SYMBOL        varid
  X:3DDFH         SYMBOL        vp
  C:E26BH         LINE#         270
  C:E271H         LINE#         271
  C:E271H         LINE#         272
  C:E296H         LINE#         294
  C:E2A4H         LINE#         295
  C:E2A6H         LINE#         296
  -------         ENDPROC       _SSI_TFTPINPROGRESS
  -------         PROC          _CGI_CALLERASE
  X:3DBDH         SYMBOL        cnt
  D:0001H         SYMBOL        vptr
  -------         DO            
  X:3DBEH         SYMBOL        vp
  -------         ENDDO         
  C:E4A2H         LINE#         299
  C:E4A7H         LINE#         300
  C:E4A7H         LINE#         301
  C:E4ABH         LINE#         302
  C:E4B0H         LINE#         303
  C:E4BCH         LINE#         304
  C:E4BEH         LINE#         305
  -------         ENDPROC       _CGI_CALLERASE
  -------         PROC          CBK_FLASH_SIZE_CHECK
  C:E5AAH         LINE#         307
  C:E5AAH         LINE#         308
  C:E5AAH         LINE#         309
  C:E5B7H         LINE#         310
  C:E5BAH         LINE#         311
  C:E5BDH         LINE#         312
  C:E5BFH         LINE#         313
  -------         ENDPROC       CBK_FLASH_SIZE_CHECK
  -------         ENDMOD        UPDATECBK

  -------         MODULE        FS
  C:0000H         SYMBOL        _ICE_DUMMY_
  X:3CBDH         PUBLIC        fsop
BL51 BANKED LINKER/LOCATER V6.00                                                      12/11/2015  11:43:23  PAGE 86


  C:D3ADH         PUBLIC        _fs_open
  X:3CC6H         PUBLIC        indata
  -------         PROC          _FS_OPEN
  X:3D3BH         SYMBOL        name
  X:3D3EH         SYMBOL        fsop_idx
  -------         DO            
  X:3D41H         SYMBOL        ptr
  -------         ENDDO         
  C:D3ADH         LINE#         84
  C:D3B3H         LINE#         85
  C:D3B3H         LINE#         87
  C:D3BDH         LINE#         88
  C:D3EAH         LINE#         89
  C:D3EAH         LINE#         90
  C:D41AH         LINE#         91
  C:D425H         LINE#         92
  C:D425H         LINE#         93
  C:D443H         LINE#         94
  C:D449H         LINE#         95
  C:D449H         LINE#         96
  C:D461H         LINE#         97
  C:D467H         LINE#         98
  -------         ENDPROC       _FS_OPEN
  -------         ENDMOD        FS

  -------         MODULE        NET_CMD
  C:0000H         SYMBOL        _ICE_DUMMY_
  D:0090H         PUBLIC        P1
  D:00B0H         PUBLIC        P3
  C:9187H         PUBLIC        GetDeviceID
  C:E34EH         PUBLIC        LocalCmd
  D:00E8H         PUBLIC        P4
  D:00A8H         PUBLIC        IE
  D:00B8H         PUBLIC        IP
  D:0098H         PUBLIC        SCON
  D:0088H         PUBLIC        TCON
  C:C467H         PUBLIC        NetCmd
  C:DCFDH         PUBLIC        LocalCmdTxPrefix
  D:00D8H         PUBLIC        WDTCON
  C:E512H         PUBLIC        _GetProjectName
  D:00C8H         PUBLIC        T2CON
  D:00D0H         PUBLIC        PSW
  -------         PROC          LOCALCMD
  C:E34EH         LINE#         24
  C:E34EH         LINE#         25
  C:E34EH         LINE#         27
  C:E355H         LINE#         31
  C:E361H         LINE#         35
  C:E36DH         LINE#         39
  C:E379H         LINE#         43
  C:E37CH         LINE#         44
  -------         ENDPROC       LOCALCMD
  -------         PROC          LOCALCMDTXPREFIX
  -------         DO            
  X:3E04H         SYMBOL        i
  -------         ENDDO         
  C:DCFDH         LINE#         56
BL51 BANKED LINKER/LOCATER V6.00                                                      12/11/2015  11:43:23  PAGE 87


  C:DCFDH         LINE#         57
  C:DCFDH         LINE#         59
  C:DD02H         LINE#         60
  C:DD02H         LINE#         61
  C:DD23H         LINE#         62
  C:DD3EH         LINE#         63
  C:DD48H         LINE#         64
  C:DD52H         LINE#         65
  C:DD5BH         LINE#         66
  C:DD62H         LINE#         68
  C:DD6BH         LINE#         69
  -------         ENDPROC       LOCALCMDTXPREFIX
  -------         PROC          NETCMD
  -------         DO            
  X:3D44H         SYMBOL        ProjectName
  X:3D47H         SYMBOL        option
  D:0007H         SYMBOL        i
  X:3D4AH         SYMBOL        SearchDevAck
  -------         ENDDO         
  C:C467H         LINE#         82
  C:C467H         LINE#         83
  C:C467H         LINE#         86
  C:C476H         LINE#         87
  C:C476H         LINE#         88
  C:C479H         LINE#         90
  C:C485H         LINE#         91
  C:C48EH         LINE#         92
  C:C493H         LINE#         93
  C:C496H         LINE#         94
  C:C4A5H         LINE#         95
  C:C4D1H         LINE#         96
  C:C4E8H         LINE#         97
  C:C4F8H         LINE#         98
  C:C508H         LINE#         99
  C:C518H         LINE#         100
  C:C528H         LINE#         101
  C:C538H         LINE#         102
  C:C542H         LINE#         103
  C:C55CH         LINE#         104
  C:C57AH         LINE#         105
  C:C5A3H         LINE#         106
  C:C5A6H         LINE#         107
  C:C5BDH         LINE#         108
  C:C5DFH         LINE#         109
  C:C5E0H         LINE#         110
  C:C5E8H         LINE#         111
  C:C5FCH         LINE#         112
  C:C5FCH         LINE#         113
  -------         ENDPROC       NETCMD
  -------         PROC          _GETPROJECTNAME
  X:3DE2H         SYMBOL        ProjectName
  C:E512H         LINE#         114
  C:E518H         LINE#         115
  C:E518H         LINE#         116
  -------         ENDPROC       _GETPROJECTNAME
  -------         PROC          GETDEVICEID
  C:9187H         LINE#         118
BL51 BANKED LINKER/LOCATER V6.00                                                      12/11/2015  11:43:23  PAGE 88


  C:9187H         LINE#         119
  C:9187H         LINE#         120
  C:918BH         LINE#         121
  -------         ENDPROC       GETDEVICEID
  -------         ENDMOD        NET_CMD

  -------         MODULE        ?C?COPY
  C:9302H         PUBLIC        ?C?COPY
  -------         ENDMOD        ?C?COPY

  -------         MODULE        ?C?CLDPTR
  C:9328H         PUBLIC        ?C?CLDPTR
  -------         ENDMOD        ?C?CLDPTR

  -------         MODULE        ?C?CLDOPTR
  C:9341H         PUBLIC        ?C?CLDOPTR
  -------         ENDMOD        ?C?CLDOPTR

  -------         MODULE        ?C?CLDIOPTR
  C:936EH         PUBLIC        ?C?CLDIOPTR
  -------         ENDMOD        ?C?CLDIOPTR

  -------         MODULE        ?C?CILDOPTR
  C:93A5H         PUBLIC        ?C?CILDOPTR
  -------         ENDMOD        ?C?CILDOPTR

  -------         MODULE        ?C?CSTPTR
  C:93D8H         PUBLIC        ?C?CSTPTR
  -------         ENDMOD        ?C?CSTPTR

  -------         MODULE        ?C?CSTOPTR
  C:93EAH         PUBLIC        ?C?CSTOPTR
  -------         ENDMOD        ?C?CSTOPTR

  -------         MODULE        ?C?IMUL
  C:940CH         PUBLIC        ?C?IMUL
  -------         ENDMOD        ?C?IMUL

  -------         MODULE        ?C?UIDIV
  C:941EH         PUBLIC        ?C?UIDIV
  -------         ENDMOD        ?C?UIDIV

  -------         MODULE        ?C?SIDIV
  C:9473H         PUBLIC        ?C?SIDIV
  -------         ENDMOD        ?C?SIDIV

  -------         MODULE        ?C?IILDX
  C:94A9H         PUBLIC        ?C?IILDX
  -------         ENDMOD        ?C?IILDX

  -------         MODULE        ?C?ILDPTR
  C:94BFH         PUBLIC        ?C?ILDPTR
  -------         ENDMOD        ?C?ILDPTR

  -------         MODULE        ?C?ILDOPTR
  C:94EAH         PUBLIC        ?C?ILDOPTR
  -------         ENDMOD        ?C?ILDOPTR
BL51 BANKED LINKER/LOCATER V6.00                                                      12/11/2015  11:43:23  PAGE 89



  -------         MODULE        ?C?IILDOPTR
  C:9522H         PUBLIC        ?C?IILDOPTR
  -------         ENDMOD        ?C?IILDOPTR

  -------         MODULE        ?C?ISTPTR
  C:956FH         PUBLIC        ?C?ISTPTR
  -------         ENDMOD        ?C?ISTPTR

  -------         MODULE        ?C?ISTOPTR
  C:958EH         PUBLIC        ?C?ISTOPTR
  -------         ENDMOD        ?C?ISTOPTR

  -------         MODULE        ?C?LADD
  C:95BBH         PUBLIC        ?C?LADD
  -------         ENDMOD        ?C?LADD

  -------         MODULE        ?C?LMUL
  C:95C8H         PUBLIC        ?C?LMUL
  -------         ENDMOD        ?C?LMUL

  -------         MODULE        ?C?ULDIV
  C:9653H         PUBLIC        ?C?ULDIV
  -------         ENDMOD        ?C?ULDIV

  -------         MODULE        ?C?LNOT
  C:96E5H         PUBLIC        ?C?LNOT
  -------         ENDMOD        ?C?LNOT

  -------         MODULE        ?C?SLCMP
  C:96F2H         PUBLIC        ?C?SLCMP
  -------         ENDMOD        ?C?SLCMP

  -------         MODULE        ?C?ULCMP
  C:9708H         PUBLIC        ?C?ULCMP
  -------         ENDMOD        ?C?ULCMP

  -------         MODULE        ?C?ULSHR
  C:9719H         PUBLIC        ?C?ULSHR
  -------         ENDMOD        ?C?ULSHR

  -------         MODULE        ?C?LLDXDATA
  C:972CH         PUBLIC        ?C?LLDXDATA
  -------         ENDMOD        ?C?LLDXDATA

  -------         MODULE        ?C?LLDXDATA0
  C:9738H         PUBLIC        ?C?LLDXDATA0
  -------         ENDMOD        ?C?LLDXDATA0

  -------         MODULE        ?C?LSTXDATA
  C:9744H         PUBLIC        ?C?LSTXDATA
  -------         ENDMOD        ?C?LSTXDATA

  -------         MODULE        ?C?LSTKXDATA
  C:9750H         PUBLIC        ?C?LSTKXDATA
  -------         ENDMOD        ?C?LSTKXDATA

BL51 BANKED LINKER/LOCATER V6.00                                                      12/11/2015  11:43:23  PAGE 90


  -------         MODULE        ?C?OFFXADD
  C:9781H         PUBLIC        ?C?OFFXADD
  -------         ENDMOD        ?C?OFFXADD

  -------         MODULE        ?C?PLDXDATA
  C:978DH         PUBLIC        ?C?PLDXDATA
  -------         ENDMOD        ?C?PLDXDATA

  -------         MODULE        ?C?PSTXDATA
  C:9796H         PUBLIC        ?C?PSTXDATA
  -------         ENDMOD        ?C?PSTXDATA

  -------         MODULE        ?C?PLDPTR
  C:979FH         PUBLIC        ?C?PLDPTR
  -------         ENDMOD        ?C?PLDPTR

  -------         MODULE        ?C?PSTPTR
  C:97BFH         PUBLIC        ?C?PSTPTR
  -------         ENDMOD        ?C?PSTPTR

  -------         MODULE        ?C?PLDOPTR
  C:980EH         PUBLIC        ?C?PLDOPTR
  -------         ENDMOD        ?C?PLDOPTR

  -------         MODULE        ?C?PSTOPTR
  C:983EH         PUBLIC        ?C?PSTOPTR
  -------         ENDMOD        ?C?PSTOPTR

  -------         MODULE        ?C?CCASE
  C:9897H         PUBLIC        ?C?CCASE
  -------         ENDMOD        ?C?CCASE

  -------         MODULE        ?C?ICASE
  C:98BDH         PUBLIC        ?C?ICASE
  -------         ENDMOD        ?C?ICASE

  -------         MODULE        ?C?ICALL
  C:98EAH         PUBLIC        ?C?ICALL
  C:98EEH         PUBLIC        ?C?ICALL2
  -------         ENDMOD        ?C?ICALL

  -------         MODULE        PRINTF
  X:3C29H         PUBLIC        ?_PRINTF517?BYTE
  X:3C29H         PUBLIC        ?_PRINTF?BYTE
  X:3C29H         PUBLIC        ?_SPRINTF517?BYTE
  X:3C29H         PUBLIC        ?_SPRINTF?BYTE
  C:8E0AH         PUBLIC        _PRINTF
  C:8E0AH         PUBLIC        _PRINTF517
  C:8E04H         PUBLIC        _SPRINTF
  C:8E04H         PUBLIC        _SPRINTF517
  -------         ENDMOD        PRINTF

  -------         MODULE        ?C?STRCMP
  C:9A78H         PUBLIC        ?C?STRCMP
  -------         ENDMOD        ?C?STRCMP

  -------         MODULE        STRNCMP
BL51 BANKED LINKER/LOCATER V6.00                                                      12/11/2015  11:43:23  PAGE 91


  X:3D66H         PUBLIC        ?_strncmp?BYTE
  C:DC17H         PUBLIC        _strncmp
  -------         ENDMOD        STRNCMP

  -------         MODULE        ?C?STRCPY
  C:9B61H         PUBLIC        ?C?STRCPY
  -------         ENDMOD        ?C?STRCPY

  -------         MODULE        STRLEN
  C:91F7H         PUBLIC        _STRLEN
  -------         ENDMOD        STRLEN

  -------         MODULE        STRCHR
  C:E4DBH         PUBLIC        _STRCHR
  -------         ENDMOD        STRCHR

  -------         MODULE        STRCSPN
  X:3D4DH         PUBLIC        ?_strcspn?BYTE
  C:DA25H         PUBLIC        _strcspn
  -------         ENDMOD        STRCSPN

  -------         MODULE        ?C?MEMCMP
  C:9D04H         PUBLIC        ?C?MEMCMP
  -------         ENDMOD        ?C?MEMCMP

  -------         MODULE        ?C?MEMSET
  C:9D28H         PUBLIC        ?C?MEMSET
  -------         ENDMOD        ?C?MEMSET

  -------         MODULE        ?C?PLDIDATA
  C:9D54H         PUBLIC        ?C?PLDIDATA
  -------         ENDMOD        ?C?PLDIDATA

  -------         MODULE        ?C?PSTIDATA
  C:9D5DH         PUBLIC        ?C?PSTIDATA
  -------         ENDMOD        ?C?PSTIDATA

  -------         MODULE        ?C?PLDIXDATA
  C:9D66H         PUBLIC        ?C?PLDIXDATA
  -------         ENDMOD        ?C?PLDIXDATA

  -------         MODULE        ?C?PLDPDATA
  C:9D7DH         PUBLIC        ?C?PLDPDATA
  -------         ENDMOD        ?C?PLDPDATA

  -------         MODULE        ?C?PSTPDATA
  C:9D86H         PUBLIC        ?C?PSTPDATA
  -------         ENDMOD        ?C?PSTPDATA

  -------         MODULE        ?C?PLDCODE
  C:9D8FH         PUBLIC        ?C?PLDCODE
  -------         ENDMOD        ?C?PLDCODE

  -------         MODULE        PUTCHAR
  C:9104H         PUBLIC        _PUTCHAR
  -------         ENDMOD        PUTCHAR

BL51 BANKED LINKER/LOCATER V6.00                                                      12/11/2015  11:43:23  PAGE 92


Program Size: data=110.1 xdata=7685 code=34398
LINK/LOCATE RUN COMPLETE.  0 WARNING(S),  0 ERROR(S)
